15:55:00.162 [INBOX_POOL_ERROR] Connection terminated unexpectedly
15:55:00.162 [INBOX_POOL_ERROR] Connection terminated unexpectedly
15:55:00.162 [INBOX_POOL_ERROR] Connection terminated unexpectedly
15:55:00.162 [INBOX_CLIENT_ERROR] Connection terminated unexpectedly
15:55:00.164 [INBOX_STORE_FAILED] complete item=t-ldmubferkd-20 Error: Connection terminated unexpectedly
15:55:00.165 [INBOX_CLIENT_ERROR] Connection terminated unexpectedly
15:55:00.165 [INBOX_STORE_FAILED] complete item=t-ldmubferkd-22 Error: Connection terminated unexpectedly
15:55:00.165 [INBOX_CLIENT_ERROR] Connection terminated unexpectedly
15:55:00.166 [INBOX_STORE_FAILED] complete item=t-ldmubferkd-18 Error: Connection terminated unexpectedly
15:55:00.166 [INBOX_CLIENT_ERROR] Connection terminated unexpectedly
15:55:00.166 [INBOX_STORE_FAILED] complete item=t-ldmubferkd-21 Error: Connection terminated unexpectedly
15:55:00.166 [INBOX_CLIENT_ERROR] Connection terminated unexpectedly
15:55:00.167 [INBOX_STORE_FAILED] complete item=t-ldmubferkd-19 Error: Connection terminated unexpectedly
15:55:00.167 [INBOX_CLIENT_ERROR] Connection terminated unexpectedly
15:55:00.167 [INBOX_STORE_FAILED] complete item=t-ldmubferkd-1 Error: Connection terminated unexpectedly
15:55:00.168 [INBOX_CLIENT_ERROR] Connection terminated unexpectedly
15:55:00.168 [INBOX_STORE_FAILED] complete item=t-ldmubferkd-2 Error: Connection terminated unexpectedly
15:55:00.168 [INBOX_CLIENT_ERROR] Connection terminated unexpectedly
15:55:00.168 [INBOX_STORE_FAILED] complete item=t-ldmubferkd-0 Error: Connection terminated unexpectedly
15:55:00.168 [INBOX_CLIENT_ERROR] Connection terminated unexpectedly
15:55:00.169 [INBOX_STORE_FAILED] complete item=t-ldmubferkd-17 Error: Connection terminated unexpectedly
15:55:00.169 [INBOX_CLIENT_ERROR] Connection terminated unexpectedly
15:55:00.169 [INBOX_STORE_FAILED] complete item=t-ldmubferkd-27 Error: Connection terminated unexpectedly
15:55:00.253 [INBOX_STORE_FAILED] complete item=t-ldmubferkd-39 error: database "flowsbiz_inbox_test_gw" is not currently accepting connections
15:55:00.264 [INBOX_STORE_FAILED] complete item=t-ldmubferkd-23 error: database "flowsbiz_inbox_test_gw" is not currently accepting connections
15:55:00.273 [INBOX_STORE_FAILED] complete item=t-ldmubferkd-24 error: database "flowsbiz_inbox_test_gw" is not currently accepting connections
15:55:00.276 [INBOX_STORE_FAILED] complete item=t-ldmubferkd-38 error: database "flowsbiz_inbox_test_gw" is not currently accepting connections
15:55:00.284 [INBOX_STORE_FAILED] complete item=t-ldmubferkd-25 error: database "flowsbiz_inbox_test_gw" is not currently accepting connections
15:55:00.286 [INBOX_STORE_FAILED] complete item=t-ldmubferkd-29 error: database "flowsbiz_inbox_test_gw" is not currently accepting connections
15:55:00.287 [INBOX_STORE_FAILED] complete item=t-ldmubferkd-37 error: database "flowsbiz_inbox_test_gw" is not currently accepting connections
15:55:00.306 [INBOX_STORE_FAILED] complete item=t-ldmubferkd-28 error: database "flowsbiz_inbox_test_gw" is not currently accepting connections
15:55:00.307 [INBOX_STORE_FAILED] complete item=t-ldmubferkd-31 error: database "flowsbiz_inbox_test_gw" is not currently accepting connections
15:55:00.308 [INBOX_STORE_FAILED] complete item=t-ldmubferkd-26 error: database "flowsbiz_inbox_test_gw" is not currently accepting connections
15:55:00.332 [INBOX_STORE_FAILED] complete item=t-ldmubferkd-30 error: database "flowsbiz_inbox_test_gw" is not currently accepting connections
15:55:00.339 [INBOX_STORE_FAILED] complete item=t-ldmubferkd-32 error: database "flowsbiz_inbox_test_gw" is not currently accepting connections
15:55:00.355 [INBOX_STORE_FAILED] complete item=t-ldmubferkd-33 error: database "flowsbiz_inbox_test_gw" is not currently accepting connections
15:55:00.365 [INBOX_STORE_FAILED] complete item=t-ldmubferkd-34 error: database "flowsbiz_inbox_test_gw" is not currently accepting connections
15:55:00.367 [INBOX_STORE_FAILED] complete item=t-ldmubferkd-10 error: database "flowsbiz_inbox_test_gw" is not currently accepting connections
15:55:00.380 [INBOX_STORE_FAILED] complete item=t-ldmubferkd-15 error: database "flowsbiz_inbox_test_gw" is not currently accepting connections
15:55:00.381 [INBOX_STORE_FAILED] complete item=t-ldmubferkd-13 error: database "flowsbiz_inbox_test_gw" is not currently accepting connections
15:55:00.390 [INBOX_STORE_FAILED] complete item=t-ldmubferkd-14 error: database "flowsbiz_inbox_test_gw" is not currently accepting connections
15:55:00.396 [INBOX_STORE_FAILED] complete item=t-ldmubferkd-12 error: database "flowsbiz_inbox_test_gw" is not currently accepting connections
15:55:00.398 [INBOX_STORE_FAILED] complete item=t-ldmubferkd-16 error: database "flowsbiz_inbox_test_gw" is not currently accepting connections
15:55:00.411 [INBOX_STORE_FAILED] complete item=t-ldmubferkd-35 error: database "flowsbiz_inbox_test_gw" is not currently accepting connections
15:55:00.421 [INBOX_STORE_FAILED] complete item=t-ldmubferkd-36 error: database "flowsbiz_inbox_test_gw" is not currently accepting connections
15:55:00.435 [INBOX_STORE_FAILED] complete item=t-ldmubferkd-40 error: database "flowsbiz_inbox_test_gw" is not currently accepting connections
15:55:00.448 [INBOX_STORE_FAILED] complete item=t-ldmubferkd-41 error: database "flowsbiz_inbox_test_gw" is not currently accepting connections
15:55:00.449 [INBOX_STORE_FAILED] complete item=t-ldmubferkd-3 error: database "flowsbiz_inbox_test_gw" is not currently accepting connections
15:55:00.465 [INBOX_STORE_FAILED] complete item=t-ldmubferkd-43 error: database "flowsbiz_inbox_test_gw" is not currently accepting connections
15:55:00.466 [INBOX_STORE_FAILED] complete item=t-ldmubferkd-42 error: database "flowsbiz_inbox_test_gw" is not currently accepting connections
15:55:00.474 [INBOX_STORE_FAILED] complete item=t-ldmubferkd-44 error: database "flowsbiz_inbox_test_gw" is not currently accepting connections
15:55:00.489 [INBOX_STORE_FAILED] complete item=t-ldmubferkd-47 error: database "flowsbiz_inbox_test_gw" is not currently accepting connections
15:55:00.489 [INBOX_STORE_FAILED] complete item=t-ldmubferkd-4 error: database "flowsbiz_inbox_test_gw" is not currently accepting connections
15:55:00.504 [INBOX_STORE_FAILED] complete item=t-ldmubferkd-48 error: database "flowsbiz_inbox_test_gw" is not currently accepting connections
15:55:00.514 [INBOX_STORE_FAILED] complete item=t-ldmubferkd-7 error: database "flowsbiz_inbox_test_gw" is not currently accepting connections
15:55:00.532 [INBOX_STORE_FAILED] complete item=t-ldmubferkd-5 error: database "flowsbiz_inbox_test_gw" is not currently accepting connections
15:55:00.532 [INBOX_STORE_FAILED] complete item=t-ldmubferkd-6 error: database "flowsbiz_inbox_test_gw" is not currently accepting connections
15:55:00.540 [META_CLIENT_INBOX_DRAIN_FAILED] error: database "flowsbiz_inbox_test_gw" is not currently accepting connections
15:55:00.544 [INBOX_STORE_FAILED] complete item=t-ldmubferkd-46 error: database "flowsbiz_inbox_test_gw" is not currently accepting connections
15:55:00.551 [INBOX_STORE_FAILED] complete item=t-ldmubferkd-45 error: database "flowsbiz_inbox_test_gw" is not currently accepting connections
15:55:00.552 [INBOX_STORE_FAILED] complete item=t-ldmubferkd-11 error: database "flowsbiz_inbox_test_gw" is not currently accepting connections
15:55:00.559 [INBOX_STORE_FAILED] complete item=t-ldmubferkd-51 error: database "flowsbiz_inbox_test_gw" is not currently accepting connections
15:55:00.560 [INBOX_STORE_FAILED] complete item=t-ldmubferkd-50 error: database "flowsbiz_inbox_test_gw" is not currently accepting connections
15:55:00.568 [META_GATEWAY_INBOX_DRAIN_FAILED] error: database "flowsbiz_inbox_test_gw" is not currently accepting connections
15:55:00.574 [INBOX_STORE_FAILED] complete item=t-ldmubferkd-49 error: database "flowsbiz_inbox_test_gw" is not currently accepting connections
15:55:00.994 [META_GATEWAY_INBOX_DRAIN_FAILED] error: database "flowsbiz_inbox_test_gw" is not currently accepting connections
15:55:00.994 [META_CLIENT_INBOX_DRAIN_FAILED] error: database "flowsbiz_inbox_test_gw" is not currently accepting connections
15:55:01.496 [META_GATEWAY_INBOX_DRAIN_FAILED] error: database "flowsbiz_inbox_test_gw" is not currently accepting connections
15:55:01.496 [META_CLIENT_INBOX_DRAIN_FAILED] error: database "flowsbiz_inbox_test_gw" is not currently accepting connections
15:55:01.846 [META_GATEWAY_INBOX_PERSIST_FAILED] a-ldmubferkd-19 error: database "flowsbiz_inbox_test_gw" is not currently accepting connections
15:55:01.847 [META_GATEWAY_INBOX_PERSIST_FAILED] a-ldmubferkd-18 error: database "flowsbiz_inbox_test_gw" is not currently accepting connections
15:55:01.852 [META_GATEWAY_INBOX_PERSIST_FAILED] a-ldmubferkd-39 error: database "flowsbiz_inbox_test_gw" is not currently accepting connections
15:55:01.951 [META_GATEWAY_INBOX_PERSIST_FAILED] a-ldmubferkd-29 error: database "flowsbiz_inbox_test_gw" is not currently accepting connections
15:55:02.011 [META_CLIENT_INBOX_DRAIN_FAILED] error: database "flowsbiz_inbox_test_gw" is not currently accepting connections
15:55:02.011 [META_GATEWAY_INBOX_DRAIN_FAILED] error: database "flowsbiz_inbox_test_gw" is not currently accepting connections
15:55:02.388 [META_GATEWAY_INBOX_PERSIST_FAILED] a-ldmubferkd-2 error: database "flowsbiz_inbox_test_gw" is not currently accepting connections
15:55:02.396 [META_GATEWAY_INBOX_PERSIST_FAILED] a-ldmubferkd-3 error: database "flowsbiz_inbox_test_gw" is not currently accepting connections
15:55:02.401 [META_GATEWAY_INBOX_PERSIST_FAILED] a-ldmubferkd-4 error: database "flowsbiz_inbox_test_gw" is not currently accepting connections
15:55:02.407 [META_GATEWAY_INBOX_PERSIST_FAILED] a-ldmubferkd-5 error: database "flowsbiz_inbox_test_gw" is not currently accepting connections
15:55:02.415 [META_GATEWAY_INBOX_PERSIST_FAILED] a-ldmubferkd-10 error: database "flowsbiz_inbox_test_gw" is not currently accepting connections
15:55:02.417 [META_GATEWAY_INBOX_PERSIST_FAILED] a-ldmubferkd-13 error: database "flowsbiz_inbox_test_gw" is not currently accepting connections
15:55:02.425 [META_GATEWAY_INBOX_PERSIST_FAILED] a-ldmubferkd-14 error: database "flowsbiz_inbox_test_gw" is not currently accepting connections
15:55:02.431 [META_GATEWAY_INBOX_PERSIST_FAILED] a-ldmubferkd-15 error: database "flowsbiz_inbox_test_gw" is not currently accepting connections
15:55:02.440 [META_GATEWAY_INBOX_PERSIST_FAILED] a-ldmubferkd-20 error: database "flowsbiz_inbox_test_gw" is not currently accepting connections
15:55:02.441 [META_GATEWAY_INBOX_PERSIST_FAILED] a-ldmubferkd-21 error: database "flowsbiz_inbox_test_gw" is not currently accepting connections
15:55:02.461 [META_GATEWAY_INBOX_PERSIST_FAILED] a-ldmubferkd-23 error: database "flowsbiz_inbox_test_gw" is not currently accepting connections
15:55:02.471 [META_GATEWAY_INBOX_PERSIST_FAILED] a-ldmubferkd-24 error: database "flowsbiz_inbox_test_gw" is not currently accepting connections
15:55:02.478 [META_GATEWAY_INBOX_PERSIST_FAILED] a-ldmubferkd-25 error: database "flowsbiz_inbox_test_gw" is not currently accepting connections
15:55:02.486 [META_GATEWAY_INBOX_PERSIST_FAILED] a-ldmubferkd-26 error: database "flowsbiz_inbox_test_gw" is not currently accepting connections
15:55:02.489 [META_GATEWAY_INBOX_PERSIST_FAILED] a-ldmubferkd-30 error: database "flowsbiz_inbox_test_gw" is not currently accepting connections
15:55:02.503 [META_GATEWAY_INBOX_PERSIST_FAILED] a-ldmubferkd-34 error: database "flowsbiz_inbox_test_gw" is not currently accepting connections
15:55:02.510 [META_GATEWAY_INBOX_PERSIST_FAILED] a-ldmubferkd-35 error: database "flowsbiz_inbox_test_gw" is not currently accepting connections
15:55:02.523 [META_GATEWAY_INBOX_PERSIST_FAILED] a-ldmubferkd-40 error: database "flowsbiz_inbox_test_gw" is not currently accepting connections
15:55:02.524 [META_GATEWAY_INBOX_PERSIST_FAILED] a-ldmubferkd-36 error: database "flowsbiz_inbox_test_gw" is not currently accepting connections
15:55:02.543 [META_GATEWAY_INBOX_PERSIST_FAILED] a-ldmubferkd-41 error: database "flowsbiz_inbox_test_gw" is not currently accepting connections
15:55:02.548 [META_GATEWAY_INBOX_PERSIST_FAILED] a-ldmubferkd-42 error: database "flowsbiz_inbox_test_gw" is not currently accepting connections
15:55:02.554 [META_CLIENT_INBOX_DRAIN_FAILED] error: database "flowsbiz_inbox_test_gw" is not currently accepting connections
15:55:02.558 [META_GATEWAY_INBOX_PERSIST_FAILED] a-ldmubferkd-44 error: database "flowsbiz_inbox_test_gw" is not currently accepting connections
15:55:02.562 [META_GATEWAY_INBOX_PERSIST_FAILED] a-ldmubferkd-45 error: database "flowsbiz_inbox_test_gw" is not currently accepting connections
15:55:02.565 [META_GATEWAY_INBOX_PERSIST_FAILED] a-ldmubferkd-46 error: database "flowsbiz_inbox_test_gw" is not currently accepting connections
15:55:02.569 [META_GATEWAY_INBOX_PERSIST_FAILED] a-ldmubferkd-47 error: database "flowsbiz_inbox_test_gw" is not currently accepting connections
15:55:02.574 [META_GATEWAY_INBOX_PERSIST_FAILED] a-ldmubferkd-50 error: database "flowsbiz_inbox_test_gw" is not currently accepting connections
15:55:02.581 [META_GATEWAY_INBOX_DRAIN_FAILED] error: database "flowsbiz_inbox_test_gw" is not currently accepting connections
15:55:02.583 [META_GATEWAY_INBOX_PERSIST_FAILED] a-ldmubferkd-31 error: database "flowsbiz_inbox_test_gw" is not currently accepting connections
15:55:02.665 [META_GATEWAY_INBOX_PERSIST_FAILED] a-ldmubferkd-51 error: database "flowsbiz_inbox_test_gw" is not currently accepting connections
15:55:02.900 [META_GATEWAY_INBOX_PERSIST_FAILED] a-ldmubferkd-19 error: database "flowsbiz_inbox_test_gw" is not currently accepting connections
15:55:02.901 [META_GATEWAY_INBOX_PERSIST_FAILED] a-ldmubferkd-18 error: database "flowsbiz_inbox_test_gw" is not currently accepting connections
15:55:02.902 [META_GATEWAY_INBOX_PERSIST_FAILED] a-ldmubferkd-39 error: database "flowsbiz_inbox_test_gw" is not currently accepting connections
15:55:02.968 [INBOX_HEALTH_REFRESH_FAILED] database "flowsbiz_inbox_test_gw" is not currently accepting connections
15:55:02.995 [META_GATEWAY_INBOX_PERSIST_FAILED] a-ldmubferkd-29 error: database "flowsbiz_inbox_test_gw" is not currently accepting connections
15:55:03.023 [META_GATEWAY_INBOX_DRAIN_FAILED] error: database "flowsbiz_inbox_test_gw" is not currently accepting connections
15:55:03.023 [META_CLIENT_INBOX_DRAIN_FAILED] error: database "flowsbiz_inbox_test_gw" is not currently accepting connections
15:55:03.442 [META_GATEWAY_INBOX_PERSIST_FAILED] a-ldmubferkd-2 error: database "flowsbiz_inbox_test_gw" is not currently accepting connections
15:55:03.469 [META_GATEWAY_INBOX_PERSIST_FAILED] a-ldmubferkd-3 error: database "flowsbiz_inbox_test_gw" is not currently accepting connections
15:55:03.471 [META_GATEWAY_INBOX_PERSIST_FAILED] a-ldmubferkd-4 error: database "flowsbiz_inbox_test_gw" is not currently accepting connections
15:55:03.480 [META_GATEWAY_INBOX_PERSIST_FAILED] a-ldmubferkd-5 error: database "flowsbiz_inbox_test_gw" is not currently accepting connections
15:55:03.496 [META_GATEWAY_INBOX_PERSIST_FAILED] a-ldmubferkd-10 error: database "flowsbiz_inbox_test_gw" is not currently accepting connections
15:55:03.498 [META_GATEWAY_INBOX_PERSIST_FAILED] a-ldmubferkd-13 error: database "flowsbiz_inbox_test_gw" is not currently accepting connections
15:55:03.511 [META_GATEWAY_INBOX_PERSIST_FAILED] a-ldmubferkd-14 error: database "flowsbiz_inbox_test_gw" is not currently accepting connections
15:55:03.521 [META_GATEWAY_INBOX_PERSIST_FAILED] a-ldmubferkd-15 error: database "flowsbiz_inbox_test_gw" is not currently accepting connections
15:55:03.527 [META_GATEWAY_INBOX_PERSIST_FAILED] a-ldmubferkd-20 error: database "flowsbiz_inbox_test_gw" is not currently accepting connections
15:55:03.528 [META_GATEWAY_INBOX_PERSIST_FAILED] a-ldmubferkd-21 error: database "flowsbiz_inbox_test_gw" is not currently accepting connections
15:55:03.549 [META_GATEWAY_INBOX_PERSIST_FAILED] a-ldmubferkd-23 error: database "flowsbiz_inbox_test_gw" is not currently accepting connections
15:55:03.556 [META_GATEWAY_INBOX_PERSIST_FAILED] a-ldmubferkd-24 error: database "flowsbiz_inbox_test_gw" is not currently accepting connections
15:55:03.561 [META_GATEWAY_INBOX_DRAIN_FAILED] error: database "flowsbiz_inbox_test_gw" is not currently accepting connections
15:55:03.571 [META_GATEWAY_INBOX_PERSIST_FAILED] a-ldmubferkd-25 error: database "flowsbiz_inbox_test_gw" is not currently accepting connections
15:55:03.580 [META_GATEWAY_INBOX_PERSIST_FAILED] a-ldmubferkd-26 error: database "flowsbiz_inbox_test_gw" is not currently accepting connections
15:55:03.581 [META_GATEWAY_INBOX_PERSIST_FAILED] a-ldmubferkd-30 error: database "flowsbiz_inbox_test_gw" is not currently accepting connections
15:55:03.593 [META_GATEWAY_INBOX_PERSIST_FAILED] a-ldmubferkd-34 error: database "flowsbiz_inbox_test_gw" is not currently accepting connections
15:55:03.602 [META_GATEWAY_INBOX_PERSIST_FAILED] a-ldmubferkd-35 error: database "flowsbiz_inbox_test_gw" is not currently accepting connections
15:55:03.605 [META_GATEWAY_INBOX_PERSIST_FAILED] a-ldmubferkd-40 error: database "flowsbiz_inbox_test_gw" is not currently accepting connections
15:55:03.610 [META_GATEWAY_INBOX_PERSIST_FAILED] a-ldmubferkd-36 error: database "flowsbiz_inbox_test_gw" is not currently accepting connections
15:55:03.623 [META_GATEWAY_INBOX_PERSIST_FAILED] a-ldmubferkd-41 error: database "flowsbiz_inbox_test_gw" is not currently accepting connections
15:55:03.627 [META_GATEWAY_INBOX_PERSIST_FAILED] a-ldmubferkd-42 error: database "flowsbiz_inbox_test_gw" is not currently accepting connections
15:55:03.638 [META_GATEWAY_INBOX_PERSIST_FAILED] a-ldmubferkd-45 error: database "flowsbiz_inbox_test_gw" is not currently accepting connections
15:55:03.644 [META_GATEWAY_INBOX_PERSIST_FAILED] a-ldmubferkd-46 error: database "flowsbiz_inbox_test_gw" is not currently accepting connections
15:55:03.646 [META_GATEWAY_INBOX_PERSIST_FAILED] a-ldmubferkd-47 error: database "flowsbiz_inbox_test_gw" is not currently accepting connections
15:55:03.651 [META_GATEWAY_INBOX_PERSIST_FAILED] a-ldmubferkd-50 error: database "flowsbiz_inbox_test_gw" is not currently accepting connections
15:55:03.654 [META_CLIENT_INBOX_DRAIN_FAILED] error: database "flowsbiz_inbox_test_gw" is not currently accepting connections
15:55:03.654 [META_GATEWAY_INBOX_PERSIST_FAILED] a-ldmubferkd-31 error: database "flowsbiz_inbox_test_gw" is not currently accepting connections
15:55:03.714 [META_GATEWAY_INBOX_PERSIST_FAILED] a-ldmubferkd-44 error: database "flowsbiz_inbox_test_gw" is not currently accepting connections
15:55:03.827 [META_GATEWAY_INBOX_PERSIST_FAILED] a-ldmubferkd-51 error: database "flowsbiz_inbox_test_gw" is not currently accepting connections
15:55:04.022 [META_GATEWAY_INBOX_DRAIN_FAILED] error: database "flowsbiz_inbox_test_gw" is not currently accepting connections
15:55:04.022 [META_CLIENT_INBOX_DRAIN_FAILED] error: database "flowsbiz_inbox_test_gw" is not currently accepting connections
15:55:04.539 [META_GATEWAY_INBOX_DRAIN_FAILED] error: database "flowsbiz_inbox_test_gw" is not currently accepting connections
15:55:04.540 [META_CLIENT_INBOX_DRAIN_FAILED] error: database "flowsbiz_inbox_test_gw" is not currently accepting connections
15:55:04.944 [META_GATEWAY_INBOX_PERSIST_FAILED] a-ldmubferkd-19 error: database "flowsbiz_inbox_test_gw" is not currently accepting connections
15:55:04.947 [META_GATEWAY_INBOX_PERSIST_FAILED] a-ldmubferkd-18 error: database "flowsbiz_inbox_test_gw" is not currently accepting connections
15:55:04.948 [META_GATEWAY_INBOX_PERSIST_FAILED] a-ldmubferkd-39 error: database "flowsbiz_inbox_test_gw" is not currently accepting connections
15:55:05.039 [META_GATEWAY_INBOX_PERSIST_FAILED] a-ldmubferkd-29 error: database "flowsbiz_inbox_test_gw" is not currently accepting connections
15:55:05.040 [META_GATEWAY_INBOX_DRAIN_FAILED] error: database "flowsbiz_inbox_test_gw" is not currently accepting connections
15:55:05.042 [META_CLIENT_INBOX_DRAIN_FAILED] error: database "flowsbiz_inbox_test_gw" is not currently accepting connections
15:55:05.487 [META_GATEWAY_INBOX_PERSIST_FAILED] a-ldmubferkd-2 error: database "flowsbiz_inbox_test_gw" is not currently accepting connections
15:55:05.531 [META_GATEWAY_INBOX_PERSIST_FAILED] a-ldmubferkd-3 error: database "flowsbiz_inbox_test_gw" is not currently accepting connections
15:55:05.540 [META_GATEWAY_INBOX_PERSIST_FAILED] a-ldmubferkd-4 error: database "flowsbiz_inbox_test_gw" is not currently accepting connections
15:55:05.541 [META_GATEWAY_INBOX_PERSIST_FAILED] a-ldmubferkd-5 error: database "flowsbiz_inbox_test_gw" is not currently accepting connections
15:55:05.559 [META_GATEWAY_INBOX_PERSIST_FAILED] a-ldmubferkd-10 error: database "flowsbiz_inbox_test_gw" is not currently accepting connections
15:55:05.565 [META_GATEWAY_INBOX_PERSIST_FAILED] a-ldmubferkd-13 error: database "flowsbiz_inbox_test_gw" is not currently accepting connections
15:55:05.579 [META_GATEWAY_INBOX_DRAIN_FAILED] error: database "flowsbiz_inbox_test_gw" is not currently accepting connections
15:55:05.580 [META_CLIENT_INBOX_DRAIN_FAILED] error: database "flowsbiz_inbox_test_gw" is not currently accepting connections
15:55:05.589 [META_GATEWAY_INBOX_PERSIST_FAILED] a-ldmubferkd-14 error: database "flowsbiz_inbox_test_gw" is not currently accepting connections
15:55:05.596 [META_GATEWAY_INBOX_PERSIST_FAILED] a-ldmubferkd-15 error: database "flowsbiz_inbox_test_gw" is not currently accepting connections
15:55:05.597 [META_GATEWAY_INBOX_PERSIST_FAILED] a-ldmubferkd-20 error: database "flowsbiz_inbox_test_gw" is not currently accepting connections
15:55:05.614 [META_GATEWAY_INBOX_PERSIST_FAILED] a-ldmubferkd-23 error: database "flowsbiz_inbox_test_gw" is not currently accepting connections
15:55:05.620 [META_GATEWAY_INBOX_PERSIST_FAILED] a-ldmubferkd-24 error: database "flowsbiz_inbox_test_gw" is not currently accepting connections
15:55:05.634 [META_GATEWAY_INBOX_PERSIST_FAILED] a-ldmubferkd-25 error: database "flowsbiz_inbox_test_gw" is not currently accepting connections
15:55:05.647 [META_GATEWAY_INBOX_PERSIST_FAILED] a-ldmubferkd-26 error: database "flowsbiz_inbox_test_gw" is not currently accepting connections
15:55:05.656 [META_GATEWAY_INBOX_PERSIST_FAILED] a-ldmubferkd-30 error: database "flowsbiz_inbox_test_gw" is not currently accepting connections
15:55:05.662 [META_GATEWAY_INBOX_PERSIST_FAILED] a-ldmubferkd-34 error: database "flowsbiz_inbox_test_gw" is not currently accepting connections
15:55:05.678 [META_GATEWAY_INBOX_PERSIST_FAILED] a-ldmubferkd-35 error: database "flowsbiz_inbox_test_gw" is not currently accepting connections
15:55:05.687 [META_GATEWAY_INBOX_PERSIST_FAILED] a-ldmubferkd-40 error: database "flowsbiz_inbox_test_gw" is not currently accepting connections
15:55:05.694 [META_GATEWAY_INBOX_PERSIST_FAILED] a-ldmubferkd-36 error: database "flowsbiz_inbox_test_gw" is not currently accepting connections
15:55:05.700 [META_GATEWAY_INBOX_PERSIST_FAILED] a-ldmubferkd-41 error: database "flowsbiz_inbox_test_gw" is not currently accepting connections
15:55:05.703 [META_GATEWAY_INBOX_PERSIST_FAILED] a-ldmubferkd-42 error: database "flowsbiz_inbox_test_gw" is not currently accepting connections
15:55:05.707 [META_GATEWAY_INBOX_PERSIST_FAILED] a-ldmubferkd-21 error: database "flowsbiz_inbox_test_gw" is not currently accepting connections
15:55:05.708 [META_GATEWAY_INBOX_PERSIST_FAILED] a-ldmubferkd-45 error: database "flowsbiz_inbox_test_gw" is not currently accepting connections
15:55:05.713 [META_GATEWAY_INBOX_PERSIST_FAILED] a-ldmubferkd-46 error: database "flowsbiz_inbox_test_gw" is not currently accepting connections
15:55:05.716 [META_GATEWAY_INBOX_PERSIST_FAILED] a-ldmubferkd-47 error: database "flowsbiz_inbox_test_gw" is not currently accepting connections
15:55:05.721 [META_GATEWAY_INBOX_PERSIST_FAILED] a-ldmubferkd-50 error: database "flowsbiz_inbox_test_gw" is not currently accepting connections
15:55:05.726 [META_GATEWAY_INBOX_PERSIST_FAILED] a-ldmubferkd-31 error: database "flowsbiz_inbox_test_gw" is not currently accepting connections
15:55:05.749 [META_GATEWAY_INBOX_PERSIST_FAILED] a-ldmubferkd-44 error: database "flowsbiz_inbox_test_gw" is not currently accepting connections
15:55:05.873 [META_GATEWAY_INBOX_PERSIST_FAILED] a-ldmubferkd-51 error: database "flowsbiz_inbox_test_gw" is not currently accepting connections
15:55:06.067 [META_GATEWAY_INBOX_DRAIN_FAILED] error: database "flowsbiz_inbox_test_gw" is not currently accepting connections
15:55:06.068 [META_CLIENT_INBOX_DRAIN_FAILED] error: database "flowsbiz_inbox_test_gw" is not currently accepting connections
15:55:06.575 [META_GATEWAY_INBOX_DRAIN_FAILED] error: database "flowsbiz_inbox_test_gw" is not currently accepting connections
15:55:06.575 [META_CLIENT_INBOX_DRAIN_FAILED] error: database "flowsbiz_inbox_test_gw" is not currently accepting connections
15:55:07.078 [META_CLIENT_INBOX_DRAIN_FAILED] error: database "flowsbiz_inbox_test_gw" is not currently accepting connections
15:55:07.079 [META_GATEWAY_INBOX_DRAIN_FAILED] error: database "flowsbiz_inbox_test_gw" is not currently accepting connections
15:55:07.593 [META_GATEWAY_INBOX_DRAIN_FAILED] error: database "flowsbiz_inbox_test_gw" is not currently accepting connections
15:55:07.593 [META_CLIENT_INBOX_DRAIN_FAILED] error: database "flowsbiz_inbox_test_gw" is not currently accepting connections
15:55:07.975 [INBOX_HEALTH_REFRESH_FAILED] database "flowsbiz_inbox_test_gw" is not currently accepting connections
15:55:08.108 [META_CLIENT_INBOX_DRAIN_FAILED] error: database "flowsbiz_inbox_test_gw" is not currently accepting connections
15:55:08.108 [META_GATEWAY_INBOX_DRAIN_FAILED] error: database "flowsbiz_inbox_test_gw" is not currently accepting connections
15:55:08.622 [META_GATEWAY_INBOX_DRAIN_FAILED] error: database "flowsbiz_inbox_test_gw" is not currently accepting connections
15:55:08.622 [META_CLIENT_INBOX_DRAIN_FAILED] error: database "flowsbiz_inbox_test_gw" is not currently accepting connections
15:55:08.992 [META_GATEWAY_INBOX_PERSIST_FAILED] a-ldmubferkd-18 error: database "flowsbiz_inbox_test_gw" is not currently accepting connections
15:55:08.993 [META_GATEWAY_INBOX_PERSIST_FAILED] a-ldmubferkd-19 error: database "flowsbiz_inbox_test_gw" is not currently accepting connections
15:55:08.996 [META_GATEWAY_INBOX_PERSIST_FAILED] a-ldmubferkd-39 error: database "flowsbiz_inbox_test_gw" is not currently accepting connections
15:55:09.080 [META_GATEWAY_INBOX_PERSIST_FAILED] a-ldmubferkd-29 error: database "flowsbiz_inbox_test_gw" is not currently accepting connections
15:55:09.116 [META_GATEWAY_INBOX_DRAIN_FAILED] error: database "flowsbiz_inbox_test_gw" is not currently accepting connections
15:55:09.120 [META_CLIENT_INBOX_DRAIN_FAILED] error: database "flowsbiz_inbox_test_gw" is not currently accepting connections
15:55:09.531 [META_GATEWAY_INBOX_PERSIST_FAILED] a-ldmubferkd-2 error: database "flowsbiz_inbox_test_gw" is not currently accepting connections
15:55:09.572 [META_GATEWAY_INBOX_PERSIST_FAILED] a-ldmubferkd-3 error: database "flowsbiz_inbox_test_gw" is not currently accepting connections
15:55:09.591 [META_GATEWAY_INBOX_PERSIST_FAILED] a-ldmubferkd-5 error: database "flowsbiz_inbox_test_gw" is not currently accepting connections
15:55:09.592 [META_GATEWAY_INBOX_PERSIST_FAILED] a-ldmubferkd-4 error: database "flowsbiz_inbox_test_gw" is not currently accepting connections
15:55:09.607 [META_GATEWAY_INBOX_PERSIST_FAILED] a-ldmubferkd-10 error: database "flowsbiz_inbox_test_gw" is not currently accepting connections
15:55:09.623 [META_GATEWAY_INBOX_PERSIST_FAILED] a-ldmubferkd-13 error: database "flowsbiz_inbox_test_gw" is not currently accepting connections
15:55:09.642 [META_GATEWAY_INBOX_DRAIN_FAILED] error: database "flowsbiz_inbox_test_gw" is not currently accepting connections
15:55:09.648 [META_CLIENT_INBOX_DRAIN_FAILED] error: database "flowsbiz_inbox_test_gw" is not currently accepting connections
15:55:09.652 [META_GATEWAY_INBOX_PERSIST_FAILED] a-ldmubferkd-14 error: database "flowsbiz_inbox_test_gw" is not currently accepting connections
15:55:09.668 [META_GATEWAY_INBOX_PERSIST_FAILED] a-ldmubferkd-15 error: database "flowsbiz_inbox_test_gw" is not currently accepting connections
15:55:09.669 [META_GATEWAY_INBOX_PERSIST_FAILED] a-ldmubferkd-20 error: database "flowsbiz_inbox_test_gw" is not currently accepting connections
15:55:09.684 [META_GATEWAY_INBOX_PERSIST_FAILED] a-ldmubferkd-23 error: database "flowsbiz_inbox_test_gw" is not currently accepting connections
15:55:09.685 [META_GATEWAY_INBOX_PERSIST_FAILED] a-ldmubferkd-24 error: database "flowsbiz_inbox_test_gw" is not currently accepting connections
15:55:09.700 [META_GATEWAY_INBOX_PERSIST_FAILED] a-ldmubferkd-25 error: database "flowsbiz_inbox_test_gw" is not currently accepting connections
15:55:09.711 [META_GATEWAY_INBOX_PERSIST_FAILED] a-ldmubferkd-26 error: database "flowsbiz_inbox_test_gw" is not currently accepting connections
15:55:09.714 [META_GATEWAY_INBOX_PERSIST_FAILED] a-ldmubferkd-30 error: database "flowsbiz_inbox_test_gw" is not currently accepting connections
15:55:09.724 [META_GATEWAY_INBOX_PERSIST_FAILED] a-ldmubferkd-34 error: database "flowsbiz_inbox_test_gw" is not currently accepting connections
15:55:09.744 [META_GATEWAY_INBOX_PERSIST_FAILED] a-ldmubferkd-35 error: database "flowsbiz_inbox_test_gw" is not currently accepting connections
15:55:09.770 [META_GATEWAY_INBOX_PERSIST_FAILED] a-ldmubferkd-40 error: database "flowsbiz_inbox_test_gw" is not currently accepting connections
15:55:09.777 [META_GATEWAY_INBOX_PERSIST_FAILED] a-ldmubferkd-41 error: database "flowsbiz_inbox_test_gw" is not currently accepting connections
15:55:09.781 [META_GATEWAY_INBOX_PERSIST_FAILED] a-ldmubferkd-42 error: database "flowsbiz_inbox_test_gw" is not currently accepting connections
15:55:09.788 [META_GATEWAY_INBOX_PERSIST_FAILED] a-ldmubferkd-21 error: database "flowsbiz_inbox_test_gw" is not currently accepting connections
15:55:09.791 [META_GATEWAY_INBOX_PERSIST_FAILED] a-ldmubferkd-45 error: database "flowsbiz_inbox_test_gw" is not currently accepting connections
15:55:09.792 [META_GATEWAY_INBOX_PERSIST_FAILED] a-ldmubferkd-46 error: database "flowsbiz_inbox_test_gw" is not currently accepting connections
15:55:09.797 [META_GATEWAY_INBOX_PERSIST_FAILED] a-ldmubferkd-47 error: database "flowsbiz_inbox_test_gw" is not currently accepting connections
15:55:09.798 [META_GATEWAY_INBOX_PERSIST_FAILED] a-ldmubferkd-50 error: database "flowsbiz_inbox_test_gw" is not currently accepting connections
15:55:09.811 [META_GATEWAY_INBOX_PERSIST_FAILED] a-ldmubferkd-44 error: database "flowsbiz_inbox_test_gw" is not currently accepting connections
15:55:09.851 [META_GATEWAY_INBOX_PERSIST_FAILED] a-ldmubferkd-36 error: database "flowsbiz_inbox_test_gw" is not currently accepting connections
15:55:09.882 [META_GATEWAY_INBOX_PERSIST_FAILED] a-ldmubferkd-31 error: database "flowsbiz_inbox_test_gw" is not currently accepting connections
15:55:09.905 [META_GATEWAY_INBOX_PERSIST_FAILED] a-ldmubferkd-51 error: database "flowsbiz_inbox_test_gw" is not currently accepting connections
15:55:10.128 [META_CLIENT_INBOX_DRAIN_FAILED] error: database "flowsbiz_inbox_test_gw" is not currently accepting connections
15:55:10.129 [META_GATEWAY_INBOX_DRAIN_FAILED] error: database "flowsbiz_inbox_test_gw" is not currently accepting connections
15:55:10.646 [META_GATEWAY_INBOX_DRAIN_FAILED] error: database "flowsbiz_inbox_test_gw" is not currently accepting connections
15:55:10.646 [META_CLIENT_INBOX_DRAIN_FAILED] error: database "flowsbiz_inbox_test_gw" is not currently accepting connections
15:55:11.151 [META_GATEWAY_INBOX_DRAIN_FAILED] error: database "flowsbiz_inbox_test_gw" is not currently accepting connections
15:55:11.152 [META_CLIENT_INBOX_DRAIN_FAILED] error: database "flowsbiz_inbox_test_gw" is not currently accepting connections
15:55:11.662 [META_GATEWAY_INBOX_DRAIN_FAILED] error: database "flowsbiz_inbox_test_gw" is not currently accepting connections
15:55:11.663 [META_CLIENT_INBOX_DRAIN_FAILED] error: database "flowsbiz_inbox_test_gw" is not currently accepting connections
15:55:12.173 [META_GATEWAY_INBOX_DRAIN_FAILED] error: database "flowsbiz_inbox_test_gw" is not currently accepting connections
15:55:12.173 [META_CLIENT_INBOX_DRAIN_FAILED] error: database "flowsbiz_inbox_test_gw" is not currently accepting connections
15:55:12.712 [META_CLIENT_INBOX_DRAIN_FAILED] error: database "flowsbiz_inbox_test_gw" is not currently accepting connections
15:55:12.712 [META_GATEWAY_INBOX_DRAIN_FAILED] error: database "flowsbiz_inbox_test_gw" is not currently accepting connections
15:55:12.972 [INBOX_HEALTH_REFRESH_FAILED] database "flowsbiz_inbox_test_gw" is not currently accepting connections
15:55:13.185 [META_GATEWAY_INBOX_DRAIN_FAILED] error: database "flowsbiz_inbox_test_gw" is not currently accepting connections
15:55:13.186 [META_CLIENT_INBOX_DRAIN_FAILED] error: database "flowsbiz_inbox_test_gw" is not currently accepting connections
15:55:13.698 [META_CLIENT_INBOX_DRAIN_FAILED] error: database "flowsbiz_inbox_test_gw" is not currently accepting connections
15:55:13.698 [META_GATEWAY_INBOX_DRAIN_FAILED] error: database "flowsbiz_inbox_test_gw" is not currently accepting connections
15:55:14.199 [META_GATEWAY_INBOX_DRAIN_FAILED] error: database "flowsbiz_inbox_test_gw" is not currently accepting connections
15:55:14.200 [META_CLIENT_INBOX_DRAIN_FAILED] error: database "flowsbiz_inbox_test_gw" is not currently accepting connections
15:55:14.706 [META_GATEWAY_INBOX_DRAIN_FAILED] error: database "flowsbiz_inbox_test_gw" is not currently accepting connections
15:55:14.706 [META_CLIENT_INBOX_DRAIN_FAILED] error: database "flowsbiz_inbox_test_gw" is not currently accepting connections
15:55:15.208 [META_GATEWAY_INBOX_DRAIN_FAILED] error: database "flowsbiz_inbox_test_gw" is not currently accepting connections
15:55:15.208 [META_CLIENT_INBOX_DRAIN_FAILED] error: database "flowsbiz_inbox_test_gw" is not currently accepting connections
15:55:15.721 [META_CLIENT_INBOX_DRAIN_FAILED] error: database "flowsbiz_inbox_test_gw" is not currently accepting connections
15:55:15.721 [META_GATEWAY_INBOX_DRAIN_FAILED] error: database "flowsbiz_inbox_test_gw" is not currently accepting connections
15:55:16.229 [META_GATEWAY_INBOX_DRAIN_FAILED] error: database "flowsbiz_inbox_test_gw" is not currently accepting connections
15:55:16.229 [META_CLIENT_INBOX_DRAIN_FAILED] error: database "flowsbiz_inbox_test_gw" is not currently accepting connections
15:55:16.740 [META_GATEWAY_INBOX_DRAIN_FAILED] error: database "flowsbiz_inbox_test_gw" is not currently accepting connections
15:55:16.741 [META_CLIENT_INBOX_DRAIN_FAILED] error: database "flowsbiz_inbox_test_gw" is not currently accepting connections
15:55:17.036 [META_GATEWAY_INBOX_PERSIST_FAILED] a-ldmubferkd-18 error: database "flowsbiz_inbox_test_gw" is not currently accepting connections
15:55:17.038 [META_GATEWAY_INBOX_PERSIST_FAILED] a-ldmubferkd-19 error: database "flowsbiz_inbox_test_gw" is not currently accepting connections
15:55:17.040 [META_GATEWAY_INBOX_PERSIST_FAILED] a-ldmubferkd-39 error: database "flowsbiz_inbox_test_gw" is not currently accepting connections
15:55:17.124 [META_GATEWAY_INBOX_PERSIST_FAILED] a-ldmubferkd-29 error: database "flowsbiz_inbox_test_gw" is not currently accepting connections
15:55:17.246 [META_GATEWAY_INBOX_DRAIN_FAILED] error: database "flowsbiz_inbox_test_gw" is not currently accepting connections
15:55:17.246 [META_CLIENT_INBOX_DRAIN_FAILED] error: database "flowsbiz_inbox_test_gw" is not currently accepting connections
15:55:17.572 [META_GATEWAY_INBOX_PERSIST_FAILED] a-ldmubferkd-2 error: database "flowsbiz_inbox_test_gw" is not currently accepting connections
15:55:17.607 [META_GATEWAY_INBOX_PERSIST_FAILED] a-ldmubferkd-3 error: database "flowsbiz_inbox_test_gw" is not currently accepting connections
15:55:17.641 [META_GATEWAY_INBOX_PERSIST_FAILED] a-ldmubferkd-5 error: database "flowsbiz_inbox_test_gw" is not currently accepting connections
15:55:17.642 [META_GATEWAY_INBOX_PERSIST_FAILED] a-ldmubferkd-4 error: database "flowsbiz_inbox_test_gw" is not currently accepting connections
15:55:17.654 [META_GATEWAY_INBOX_PERSIST_FAILED] a-ldmubferkd-10 error: database "flowsbiz_inbox_test_gw" is not currently accepting connections
15:55:17.668 [META_GATEWAY_INBOX_PERSIST_FAILED] a-ldmubferkd-13 error: database "flowsbiz_inbox_test_gw" is not currently accepting connections
15:55:17.689 [META_GATEWAY_INBOX_PERSIST_FAILED] a-ldmubferkd-14 error: database "flowsbiz_inbox_test_gw" is not currently accepting connections
15:55:17.707 [META_GATEWAY_INBOX_PERSIST_FAILED] a-ldmubferkd-15 error: database "flowsbiz_inbox_test_gw" is not currently accepting connections
15:55:17.711 [META_GATEWAY_INBOX_PERSIST_FAILED] a-ldmubferkd-20 error: database "flowsbiz_inbox_test_gw" is not currently accepting connections
15:55:17.738 [META_GATEWAY_INBOX_PERSIST_FAILED] a-ldmubferkd-23 error: database "flowsbiz_inbox_test_gw" is not currently accepting connections
15:55:17.740 [META_GATEWAY_INBOX_PERSIST_FAILED] a-ldmubferkd-24 error: database "flowsbiz_inbox_test_gw" is not currently accepting connections
15:55:17.760 [META_GATEWAY_INBOX_PERSIST_FAILED] a-ldmubferkd-25 error: database "flowsbiz_inbox_test_gw" is not currently accepting connections
15:55:17.765 [META_GATEWAY_INBOX_DRAIN_FAILED] error: database "flowsbiz_inbox_test_gw" is not currently accepting connections
15:55:17.766 [META_CLIENT_INBOX_DRAIN_FAILED] error: database "flowsbiz_inbox_test_gw" is not currently accepting connections
15:55:17.779 [META_GATEWAY_INBOX_PERSIST_FAILED] a-ldmubferkd-26 error: database "flowsbiz_inbox_test_gw" is not currently accepting connections
15:55:17.780 [META_GATEWAY_INBOX_PERSIST_FAILED] a-ldmubferkd-30 error: database "flowsbiz_inbox_test_gw" is not currently accepting connections
15:55:17.784 [META_GATEWAY_INBOX_PERSIST_FAILED] a-ldmubferkd-34 error: database "flowsbiz_inbox_test_gw" is not currently accepting connections
15:55:17.803 [META_GATEWAY_INBOX_PERSIST_FAILED] a-ldmubferkd-35 error: database "flowsbiz_inbox_test_gw" is not currently accepting connections
15:55:17.825 [META_GATEWAY_INBOX_PERSIST_FAILED] a-ldmubferkd-40 error: database "flowsbiz_inbox_test_gw" is not currently accepting connections
15:55:17.833 [META_GATEWAY_INBOX_PERSIST_FAILED] a-ldmubferkd-41 error: database "flowsbiz_inbox_test_gw" is not currently accepting connections
15:55:17.843 [META_GATEWAY_INBOX_PERSIST_FAILED] a-ldmubferkd-42 error: database "flowsbiz_inbox_test_gw" is not currently accepting connections
15:55:17.845 [META_GATEWAY_INBOX_PERSIST_FAILED] a-ldmubferkd-21 error: database "flowsbiz_inbox_test_gw" is not currently accepting connections
15:55:17.859 [META_GATEWAY_INBOX_PERSIST_FAILED] a-ldmubferkd-45 error: database "flowsbiz_inbox_test_gw" is not currently accepting connections
15:55:17.860 [META_GATEWAY_INBOX_PERSIST_FAILED] a-ldmubferkd-46 error: database "flowsbiz_inbox_test_gw" is not currently accepting connections
15:55:17.867 [META_GATEWAY_INBOX_PERSIST_FAILED] a-ldmubferkd-47 error: database "flowsbiz_inbox_test_gw" is not currently accepting connections
15:55:17.867 [META_GATEWAY_INBOX_PERSIST_FAILED] a-ldmubferkd-50 error: database "flowsbiz_inbox_test_gw" is not currently accepting connections
15:55:17.872 [META_GATEWAY_INBOX_PERSIST_FAILED] a-ldmubferkd-44 error: database "flowsbiz_inbox_test_gw" is not currently accepting connections
15:55:17.894 [META_GATEWAY_INBOX_PERSIST_FAILED] a-ldmubferkd-36 error: database "flowsbiz_inbox_test_gw" is not currently accepting connections
15:55:17.925 [META_GATEWAY_INBOX_PERSIST_FAILED] a-ldmubferkd-31 error: database "flowsbiz_inbox_test_gw" is not currently accepting connections
15:55:17.946 [META_GATEWAY_INBOX_PERSIST_FAILED] a-ldmubferkd-51 error: database "flowsbiz_inbox_test_gw" is not currently accepting connections
15:55:17.983 [INBOX_HEALTH_REFRESH_FAILED] database "flowsbiz_inbox_test_gw" is not currently accepting connections
15:55:18.263 [META_GATEWAY_INBOX_DRAIN_FAILED] error: database "flowsbiz_inbox_test_gw" is not currently accepting connections
15:55:18.263 [META_CLIENT_INBOX_DRAIN_FAILED] error: database "flowsbiz_inbox_test_gw" is not currently accepting connections
15:55:18.762 [META_GATEWAY_INBOX_DRAIN_FAILED] error: database "flowsbiz_inbox_test_gw" is not currently accepting connections
15:55:18.762 [META_CLIENT_INBOX_DRAIN_FAILED] error: database "flowsbiz_inbox_test_gw" is not currently accepting connections
15:55:19.273 [META_CLIENT_INBOX_DRAIN_FAILED] error: database "flowsbiz_inbox_test_gw" is not currently accepting connections
15:55:19.273 [META_GATEWAY_INBOX_DRAIN_FAILED] error: database "flowsbiz_inbox_test_gw" is not currently accepting connections
15:55:19.776 [META_CLIENT_INBOX_DRAIN_FAILED] error: database "flowsbiz_inbox_test_gw" is not currently accepting connections
15:55:19.776 [META_GATEWAY_INBOX_DRAIN_FAILED] error: database "flowsbiz_inbox_test_gw" is not currently accepting connections
15:55:20.278 [META_GATEWAY_INBOX_DRAIN_FAILED] error: database "flowsbiz_inbox_test_gw" is not currently accepting connections
15:55:20.278 [META_CLIENT_INBOX_DRAIN_FAILED] error: database "flowsbiz_inbox_test_gw" is not currently accepting connections
15:55:20.782 [META_GATEWAY_INBOX_DRAIN_FAILED] error: database "flowsbiz_inbox_test_gw" is not currently accepting connections
15:55:20.782 [META_CLIENT_INBOX_DRAIN_FAILED] error: database "flowsbiz_inbox_test_gw" is not currently accepting connections
15:55:21.281 [META_GATEWAY_INBOX_DRAIN_FAILED] error: database "flowsbiz_inbox_test_gw" is not currently accepting connections
15:55:21.282 [META_CLIENT_INBOX_DRAIN_FAILED] error: database "flowsbiz_inbox_test_gw" is not currently accepting connections
15:55:21.786 [META_CLIENT_INBOX_DRAIN_FAILED] error: database "flowsbiz_inbox_test_gw" is not currently accepting connections
15:55:21.787 [META_GATEWAY_INBOX_DRAIN_FAILED] error: database "flowsbiz_inbox_test_gw" is not currently accepting connections
15:55:22.289 [META_GATEWAY_INBOX_DRAIN_FAILED] error: database "flowsbiz_inbox_test_gw" is not currently accepting connections
15:55:22.289 [META_CLIENT_INBOX_DRAIN_FAILED] error: database "flowsbiz_inbox_test_gw" is not currently accepting connections
15:55:22.789 [META_GATEWAY_INBOX_DRAIN_FAILED] error: database "flowsbiz_inbox_test_gw" is not currently accepting connections
15:55:22.790 [META_CLIENT_INBOX_DRAIN_FAILED] error: database "flowsbiz_inbox_test_gw" is not currently accepting connections
15:55:22.987 [INBOX_HEALTH_REFRESH_FAILED] database "flowsbiz_inbox_test_gw" is not currently accepting connections
15:55:23.291 [META_GATEWAY_INBOX_DRAIN_FAILED] error: database "flowsbiz_inbox_test_gw" is not currently accepting connections
15:55:23.292 [META_CLIENT_INBOX_DRAIN_FAILED] error: database "flowsbiz_inbox_test_gw" is not currently accepting connections
15:55:23.804 [META_GATEWAY_INBOX_DRAIN_FAILED] error: database "flowsbiz_inbox_test_gw" is not currently accepting connections
15:55:23.805 [META_CLIENT_INBOX_DRAIN_FAILED] error: database "flowsbiz_inbox_test_gw" is not currently accepting connections
15:55:24.306 [META_GATEWAY_INBOX_DRAIN_FAILED] error: database "flowsbiz_inbox_test_gw" is not currently accepting connections
15:55:24.406 [META_CLIENT_INBOX_DRAIN_FAILED] error: database "flowsbiz_inbox_test_gw" is not currently accepting connections
15:55:24.806 [META_GATEWAY_INBOX_DRAIN_FAILED] error: database "flowsbiz_inbox_test_gw" is not currently accepting connections
15:55:24.806 [META_CLIENT_INBOX_DRAIN_FAILED] error: database "flowsbiz_inbox_test_gw" is not currently accepting connections
15:55:25.089 [META_GATEWAY_INBOX_PERSIST_FAILED] a-ldmubferkd-18 error: database "flowsbiz_inbox_test_gw" is not currently accepting connections
15:55:25.092 [META_GATEWAY_INBOX_PERSIST_FAILED] a-ldmubferkd-39 error: database "flowsbiz_inbox_test_gw" is not currently accepting connections
15:55:25.162 [META_GATEWAY_INBOX_PERSIST_FAILED] a-ldmubferkd-29 error: database "flowsbiz_inbox_test_gw" is not currently accepting connections
15:55:25.195 [META_GATEWAY_INBOX_PERSIST_FAILED] a-ldmubferkd-19 error: database "flowsbiz_inbox_test_gw" is not currently accepting connections
15:55:25.319 [META_GATEWAY_INBOX_DRAIN_FAILED] error: database "flowsbiz_inbox_test_gw" is not currently accepting connections
15:55:25.319 [META_CLIENT_INBOX_DRAIN_FAILED] error: database "flowsbiz_inbox_test_gw" is not currently accepting connections
15:55:25.614 [META_GATEWAY_INBOX_PERSIST_FAILED] a-ldmubferkd-2 error: database "flowsbiz_inbox_test_gw" is not currently accepting connections
15:55:25.643 [META_GATEWAY_INBOX_PERSIST_FAILED] a-ldmubferkd-3 error: database "flowsbiz_inbox_test_gw" is not currently accepting connections
15:55:25.683 [META_GATEWAY_INBOX_PERSIST_FAILED] a-ldmubferkd-5 error: database "flowsbiz_inbox_test_gw" is not currently accepting connections
15:55:25.684 [META_GATEWAY_INBOX_PERSIST_FAILED] a-ldmubferkd-4 error: database "flowsbiz_inbox_test_gw" is not currently accepting connections
15:55:25.698 [META_GATEWAY_INBOX_PERSIST_FAILED] a-ldmubferkd-10 error: database "flowsbiz_inbox_test_gw" is not currently accepting connections
15:55:25.713 [META_GATEWAY_INBOX_PERSIST_FAILED] a-ldmubferkd-13 error: database "flowsbiz_inbox_test_gw" is not currently accepting connections
15:55:25.737 [META_GATEWAY_INBOX_PERSIST_FAILED] a-ldmubferkd-14 error: database "flowsbiz_inbox_test_gw" is not currently accepting connections
15:55:25.752 [META_GATEWAY_INBOX_PERSIST_FAILED] a-ldmubferkd-15 error: database "flowsbiz_inbox_test_gw" is not currently accepting connections
15:55:25.753 [META_GATEWAY_INBOX_PERSIST_FAILED] a-ldmubferkd-20 error: database "flowsbiz_inbox_test_gw" is not currently accepting connections
15:55:25.798 [META_GATEWAY_INBOX_PERSIST_FAILED] a-ldmubferkd-23 error: database "flowsbiz_inbox_test_gw" is not currently accepting connections
15:55:25.799 [META_GATEWAY_INBOX_PERSIST_FAILED] a-ldmubferkd-24 error: database "flowsbiz_inbox_test_gw" is not currently accepting connections
15:55:25.817 [META_GATEWAY_INBOX_PERSIST_FAILED] a-ldmubferkd-25 error: database "flowsbiz_inbox_test_gw" is not currently accepting connections
15:55:25.836 [META_GATEWAY_INBOX_DRAIN_FAILED] error: database "flowsbiz_inbox_test_gw" is not currently accepting connections
15:55:25.844 [META_GATEWAY_INBOX_PERSIST_FAILED] a-ldmubferkd-26 error: database "flowsbiz_inbox_test_gw" is not currently accepting connections
15:55:25.845 [META_CLIENT_INBOX_DRAIN_FAILED] error: database "flowsbiz_inbox_test_gw" is not currently accepting connections
15:55:25.853 [META_GATEWAY_INBOX_PERSIST_FAILED] a-ldmubferkd-34 error: database "flowsbiz_inbox_test_gw" is not currently accepting connections
15:55:25.867 [META_GATEWAY_INBOX_PERSIST_FAILED] a-ldmubferkd-35 error: database "flowsbiz_inbox_test_gw" is not currently accepting connections
15:55:25.884 [META_GATEWAY_INBOX_PERSIST_FAILED] a-ldmubferkd-40 error: database "flowsbiz_inbox_test_gw" is not currently accepting connections
15:55:25.903 [META_GATEWAY_INBOX_PERSIST_FAILED] a-ldmubferkd-42 error: database "flowsbiz_inbox_test_gw" is not currently accepting connections
15:55:25.909 [META_GATEWAY_INBOX_PERSIST_FAILED] a-ldmubferkd-21 error: database "flowsbiz_inbox_test_gw" is not currently accepting connections
15:55:25.919 [META_GATEWAY_INBOX_PERSIST_FAILED] a-ldmubferkd-45 error: database "flowsbiz_inbox_test_gw" is not currently accepting connections
15:55:25.924 [META_GATEWAY_INBOX_PERSIST_FAILED] a-ldmubferkd-46 error: database "flowsbiz_inbox_test_gw" is not currently accepting connections
15:55:25.929 [META_GATEWAY_INBOX_PERSIST_FAILED] a-ldmubferkd-47 error: database "flowsbiz_inbox_test_gw" is not currently accepting connections
15:55:25.933 [META_GATEWAY_INBOX_PERSIST_FAILED] a-ldmubferkd-44 error: database "flowsbiz_inbox_test_gw" is not currently accepting connections
15:55:25.935 [META_GATEWAY_INBOX_PERSIST_FAILED] a-ldmubferkd-50 error: database "flowsbiz_inbox_test_gw" is not currently accepting connections
15:55:25.946 [META_GATEWAY_INBOX_PERSIST_FAILED] a-ldmubferkd-30 error: database "flowsbiz_inbox_test_gw" is not currently accepting connections
15:55:25.951 [META_GATEWAY_INBOX_PERSIST_FAILED] a-ldmubferkd-36 error: database "flowsbiz_inbox_test_gw" is not currently accepting connections
15:55:25.971 [META_GATEWAY_INBOX_PERSIST_FAILED] a-ldmubferkd-31 error: database "flowsbiz_inbox_test_gw" is not currently accepting connections
15:55:25.983 [META_GATEWAY_INBOX_PERSIST_FAILED] a-ldmubferkd-41 error: database "flowsbiz_inbox_test_gw" is not currently accepting connections
15:55:25.985 [META_GATEWAY_INBOX_PERSIST_FAILED] a-ldmubferkd-51 error: database "flowsbiz_inbox_test_gw" is not currently accepting connections
15:55:26.335 [META_CLIENT_INBOX_DRAIN_FAILED] error: database "flowsbiz_inbox_test_gw" is not currently accepting connections
15:55:26.335 [META_GATEWAY_INBOX_DRAIN_FAILED] error: database "flowsbiz_inbox_test_gw" is not currently accepting connections
15:55:26.834 [META_GATEWAY_INBOX_DRAIN_FAILED] error: database "flowsbiz_inbox_test_gw" is not currently accepting connections
15:55:26.835 [META_CLIENT_INBOX_DRAIN_FAILED] error: database "flowsbiz_inbox_test_gw" is not currently accepting connections
15:55:27.337 [META_GATEWAY_INBOX_DRAIN_FAILED] error: database "flowsbiz_inbox_test_gw" is not currently accepting connections
15:55:27.338 [META_CLIENT_INBOX_DRAIN_FAILED] error: database "flowsbiz_inbox_test_gw" is not currently accepting connections
15:55:27.842 [META_GATEWAY_INBOX_DRAIN_FAILED] error: database "flowsbiz_inbox_test_gw" is not currently accepting connections
15:55:27.842 [META_CLIENT_INBOX_DRAIN_FAILED] error: database "flowsbiz_inbox_test_gw" is not currently accepting connections
15:55:27.990 [INBOX_HEALTH_REFRESH_FAILED] database "flowsbiz_inbox_test_gw" is not currently accepting connections
15:55:28.358 [META_GATEWAY_INBOX_DRAIN_FAILED] error: database "flowsbiz_inbox_test_gw" is not currently accepting connections
15:55:28.358 [META_CLIENT_INBOX_DRAIN_FAILED] error: database "flowsbiz_inbox_test_gw" is not currently accepting connections
15:55:28.857 [META_GATEWAY_INBOX_DRAIN_FAILED] error: database "flowsbiz_inbox_test_gw" is not currently accepting connections
15:55:28.858 [META_CLIENT_INBOX_DRAIN_FAILED] error: database "flowsbiz_inbox_test_gw" is not currently accepting connections
15:55:29.358 [META_GATEWAY_INBOX_DRAIN_FAILED] error: database "flowsbiz_inbox_test_gw" is not currently accepting connections
15:55:29.358 [META_CLIENT_INBOX_DRAIN_FAILED] error: database "flowsbiz_inbox_test_gw" is not currently accepting connections
15:55:29.868 [META_GATEWAY_INBOX_DRAIN_FAILED] error: database "flowsbiz_inbox_test_gw" is not currently accepting connections
15:55:29.983 [META_CLIENT_INBOX_DRAIN_FAILED] error: database "flowsbiz_inbox_test_gw" is not currently accepting connections
15:55:30.384 [META_GATEWAY_INBOX_DRAIN_FAILED] error: database "flowsbiz_inbox_test_gw" is not currently accepting connections
15:55:30.384 [META_CLIENT_INBOX_DRAIN_FAILED] error: database "flowsbiz_inbox_test_gw" is not currently accepting connections
15:55:30.887 [META_GATEWAY_INBOX_DRAIN_FAILED] error: database "flowsbiz_inbox_test_gw" is not currently accepting connections
15:55:30.887 [META_CLIENT_INBOX_DRAIN_FAILED] error: database "flowsbiz_inbox_test_gw" is not currently accepting connections
15:55:31.395 [META_CLIENT_INBOX_DRAIN_FAILED] error: database "flowsbiz_inbox_test_gw" is not currently accepting connections
15:55:31.395 [META_GATEWAY_INBOX_DRAIN_FAILED] error: database "flowsbiz_inbox_test_gw" is not currently accepting connections
15:55:31.893 [META_CLIENT_INBOX_DRAIN_FAILED] error: database "flowsbiz_inbox_test_gw" is not currently accepting connections
15:55:31.893 [META_GATEWAY_INBOX_DRAIN_FAILED] error: database "flowsbiz_inbox_test_gw" is not currently accepting connections
15:55:32.410 [META_GATEWAY_INBOX_DRAIN_FAILED] error: database "flowsbiz_inbox_test_gw" is not currently accepting connections
15:55:32.411 [META_CLIENT_INBOX_DRAIN_FAILED] error: database "flowsbiz_inbox_test_gw" is not currently accepting connections
15:55:32.912 [META_CLIENT_INBOX_DRAIN_FAILED] error: database "flowsbiz_inbox_test_gw" is not currently accepting connections
15:55:32.998 [INBOX_HEALTH_REFRESH_FAILED] database "flowsbiz_inbox_test_gw" is not currently accepting connections
15:55:33.012 [META_GATEWAY_INBOX_DRAIN_FAILED] error: database "flowsbiz_inbox_test_gw" is not currently accepting connections
15:55:33.129 [META_GATEWAY_INBOX_PERSIST_FAILED] a-ldmubferkd-18 error: database "flowsbiz_inbox_test_gw" is not currently accepting connections
15:55:33.130 [META_GATEWAY_INBOX_PERSIST_FAILED] a-ldmubferkd-39 error: database "flowsbiz_inbox_test_gw" is not currently accepting connections
15:55:33.203 [META_GATEWAY_INBOX_PERSIST_FAILED] a-ldmubferkd-29 error: database "flowsbiz_inbox_test_gw" is not currently accepting connections
15:55:33.231 [META_GATEWAY_INBOX_PERSIST_FAILED] a-ldmubferkd-19 error: database "flowsbiz_inbox_test_gw" is not currently accepting connections
15:55:33.424 [META_GATEWAY_INBOX_DRAIN_FAILED] error: database "flowsbiz_inbox_test_gw" is not currently accepting connections
15:55:33.424 [META_CLIENT_INBOX_DRAIN_FAILED] error: database "flowsbiz_inbox_test_gw" is not currently accepting connections
15:55:33.658 [META_GATEWAY_INBOX_PERSIST_FAILED] a-ldmubferkd-2 error: database "flowsbiz_inbox_test_gw" is not currently accepting connections
15:55:33.685 [META_GATEWAY_INBOX_PERSIST_FAILED] a-ldmubferkd-3 error: database "flowsbiz_inbox_test_gw" is not currently accepting connections