15:59:41.709 [INBOX_CLIENT_ERROR] terminating connection due to administrator command
15:59:41.712 [INBOX_STORE_FAILED] complete item=t-ldmubfksl4-38 Error: Client has encountered a connection error and is not queryable
15:59:41.713 [INBOX_CLIENT_ERROR] terminating connection due to administrator command
15:59:41.715 [INBOX_STORE_FAILED] complete item=t-ldmubfksl4-25 Error: Client has encountered a connection error and is not queryable
15:59:41.720 [INBOX_CLIENT_ERROR] Connection terminated unexpectedly
15:59:41.721 [INBOX_STORE_FAILED] complete item=t-ldmubfksl4-26 Error: Connection terminated unexpectedly
15:59:41.727 [INBOX_CLIENT_ERROR] Connection terminated unexpectedly
15:59:41.728 [INBOX_STORE_FAILED] complete item=t-ldmubfksl4-24 Error: Connection terminated unexpectedly
15:59:41.728 [INBOX_POOL_ERROR] Connection terminated unexpectedly
15:59:41.729 [INBOX_CLIENT_ERROR] Connection terminated unexpectedly
15:59:41.729 [INBOX_STORE_FAILED] complete item=t-ldmubfksl4-23 Error: Connection terminated unexpectedly
15:59:41.729 [INBOX_CLIENT_ERROR] Connection terminated unexpectedly
15:59:41.730 [INBOX_STORE_FAILED] complete item=t-ldmubfksl4-37 Error: Connection terminated unexpectedly
15:59:41.730 [INBOX_CLIENT_ERROR] Connection terminated unexpectedly
15:59:41.730 [INBOX_STORE_FAILED] complete item=t-ldmubfksl4-22 Error: Connection terminated unexpectedly
15:59:41.731 [INBOX_CLIENT_ERROR] Connection terminated unexpectedly
15:59:41.731 [INBOX_STORE_FAILED] complete item=t-ldmubfksl4-28 Error: Connection terminated unexpectedly
15:59:41.731 [INBOX_POOL_ERROR] Connection terminated unexpectedly
15:59:41.731 [INBOX_POOL_ERROR] Connection terminated unexpectedly
15:59:41.731 [INBOX_CLIENT_ERROR] Connection terminated unexpectedly
15:59:41.732 [INBOX_STORE_FAILED] complete item=t-ldmubfksl4-30 Error: Connection terminated unexpectedly
15:59:41.732 [INBOX_CLIENT_ERROR] Connection terminated unexpectedly
15:59:41.733 [INBOX_STORE_FAILED] complete item=t-ldmubfksl4-39 Error: Connection terminated unexpectedly
15:59:41.800 [INBOX_STORE_FAILED] complete item=t-ldmubfksl4-32 error: database "flowsbiz_inbox_test_gw" is not currently accepting connections
15:59:41.808 [INBOX_STORE_FAILED] complete item=t-ldmubfksl4-47 error: database "flowsbiz_inbox_test_gw" is not currently accepting connections
15:59:41.812 [INBOX_STORE_FAILED] complete item=t-ldmubfksl4-33 error: database "flowsbiz_inbox_test_gw" is not currently accepting connections
15:59:41.820 [INBOX_STORE_FAILED] complete item=t-ldmubfksl4-48 error: database "flowsbiz_inbox_test_gw" is not currently accepting connections
15:59:41.834 [INBOX_STORE_FAILED] complete item=t-ldmubfksl4-34 error: database "flowsbiz_inbox_test_gw" is not currently accepting connections
15:59:41.840 [INBOX_STORE_FAILED] complete item=t-ldmubfksl4-31 error: database "flowsbiz_inbox_test_gw" is not currently accepting connections
15:59:41.852 [INBOX_STORE_FAILED] complete item=t-ldmubfksl4-49 error: database "flowsbiz_inbox_test_gw" is not currently accepting connections
15:59:41.852 [INBOX_STORE_FAILED] complete item=t-ldmubfksl4-7 error: database "flowsbiz_inbox_test_gw" is not currently accepting connections
15:59:41.862 [INBOX_STORE_FAILED] complete item=t-ldmubfksl4-8 error: database "flowsbiz_inbox_test_gw" is not currently accepting connections
15:59:41.863 [INBOX_STORE_FAILED] complete item=t-ldmubfksl4-35 error: database "flowsbiz_inbox_test_gw" is not currently accepting connections
15:59:41.893 [INBOX_STORE_FAILED] complete item=t-ldmubfksl4-36 error: database "flowsbiz_inbox_test_gw" is not currently accepting connections
15:59:41.893 [INBOX_STORE_FAILED] complete item=t-ldmubfksl4-12 error: database "flowsbiz_inbox_test_gw" is not currently accepting connections
15:59:41.916 [INBOX_STORE_FAILED] complete item=t-ldmubfksl4-3 error: database "flowsbiz_inbox_test_gw" is not currently accepting connections
15:59:41.916 [INBOX_STORE_FAILED] complete item=t-ldmubfksl4-10 error: database "flowsbiz_inbox_test_gw" is not currently accepting connections
15:59:41.925 [INBOX_STORE_FAILED] complete item=t-ldmubfksl4-14 error: database "flowsbiz_inbox_test_gw" is not currently accepting connections
15:59:41.926 [INBOX_STORE_FAILED] complete item=t-ldmubfksl4-13 error: database "flowsbiz_inbox_test_gw" is not currently accepting connections
15:59:41.936 [INBOX_STORE_FAILED] complete item=t-ldmubfksl4-15 error: database "flowsbiz_inbox_test_gw" is not currently accepting connections
15:59:41.943 [INBOX_STORE_FAILED] complete item=t-ldmubfksl4-40 error: database "flowsbiz_inbox_test_gw" is not currently accepting connections
15:59:41.944 [INBOX_STORE_FAILED] complete item=t-ldmubfksl4-16 error: database "flowsbiz_inbox_test_gw" is not currently accepting connections
15:59:41.951 [INBOX_STORE_FAILED] complete item=t-ldmubfksl4-41 error: database "flowsbiz_inbox_test_gw" is not currently accepting connections
15:59:41.966 [INBOX_STORE_FAILED] complete item=t-ldmubfksl4-5 error: database "flowsbiz_inbox_test_gw" is not currently accepting connections
15:59:41.973 [INBOX_STORE_FAILED] complete item=t-ldmubfksl4-42 error: database "flowsbiz_inbox_test_gw" is not currently accepting connections
15:59:41.996 [INBOX_STORE_FAILED] complete item=t-ldmubfksl4-44 error: database "flowsbiz_inbox_test_gw" is not currently accepting connections
15:59:41.999 [INBOX_STORE_FAILED] complete item=t-ldmubfksl4-6 error: database "flowsbiz_inbox_test_gw" is not currently accepting connections
15:59:42.003 [INBOX_STORE_FAILED] complete item=t-ldmubfksl4-45 error: database "flowsbiz_inbox_test_gw" is not currently accepting connections
15:59:42.008 [INBOX_STORE_FAILED] complete item=t-ldmubfksl4-46 error: database "flowsbiz_inbox_test_gw" is not currently accepting connections
15:59:42.008 [INBOX_STORE_FAILED] complete item=t-ldmubfksl4-50 error: database "flowsbiz_inbox_test_gw" is not currently accepting connections
15:59:42.015 [INBOX_STORE_FAILED] complete item=t-ldmubfksl4-11 error: database "flowsbiz_inbox_test_gw" is not currently accepting connections
15:59:42.067 [META_GATEWAY_INBOX_DRAIN_FAILED] error: database "flowsbiz_inbox_test_gw" is not currently accepting connections
15:59:42.071 [META_CLIENT_INBOX_DRAIN_FAILED] error: database "flowsbiz_inbox_test_gw" is not currently accepting connections
15:59:42.072 [INBOX_STORE_FAILED] complete item=t-ldmubfksl4-43 error: database "flowsbiz_inbox_test_gw" is not currently accepting connections
15:59:42.096 [INBOX_STORE_FAILED] complete item=t-ldmubfksl4-51 error: database "flowsbiz_inbox_test_gw" is not currently accepting connections
15:59:42.565 [META_GATEWAY_INBOX_DRAIN_FAILED] error: database "flowsbiz_inbox_test_gw" is not currently accepting connections
15:59:42.566 [META_CLIENT_INBOX_DRAIN_FAILED] error: database "flowsbiz_inbox_test_gw" is not currently accepting connections
15:59:43.065 [META_GATEWAY_INBOX_DRAIN_FAILED] error: database "flowsbiz_inbox_test_gw" is not currently accepting connections
15:59:43.065 [META_CLIENT_INBOX_DRAIN_FAILED] error: database "flowsbiz_inbox_test_gw" is not currently accepting connections
15:59:43.331 [META_GATEWAY_INBOX_PERSIST_FAILED] a-ldmubfksl4-18 error: database "flowsbiz_inbox_test_gw" is not currently accepting connections
15:59:43.568 [META_GATEWAY_INBOX_DRAIN_FAILED] error: database "flowsbiz_inbox_test_gw" is not currently accepting connections
15:59:43.568 [META_CLIENT_INBOX_DRAIN_FAILED] error: database "flowsbiz_inbox_test_gw" is not currently accepting connections
15:59:43.881 [META_GATEWAY_INBOX_PERSIST_FAILED] a-ldmubfksl4-2 error: database "flowsbiz_inbox_test_gw" is not currently accepting connections
15:59:43.882 [META_GATEWAY_INBOX_PERSIST_FAILED] a-ldmubfksl4-3 error: database "flowsbiz_inbox_test_gw" is not currently accepting connections
15:59:43.888 [META_GATEWAY_INBOX_PERSIST_FAILED] a-ldmubfksl4-5 error: database "flowsbiz_inbox_test_gw" is not currently accepting connections
15:59:43.890 [META_GATEWAY_INBOX_PERSIST_FAILED] a-ldmubfksl4-8 error: database "flowsbiz_inbox_test_gw" is not currently accepting connections
15:59:43.897 [META_GATEWAY_INBOX_PERSIST_FAILED] a-ldmubfksl4-10 error: database "flowsbiz_inbox_test_gw" is not currently accepting connections
15:59:43.899 [META_GATEWAY_INBOX_PERSIST_FAILED] a-ldmubfksl4-13 error: database "flowsbiz_inbox_test_gw" is not currently accepting connections
15:59:43.906 [META_GATEWAY_INBOX_PERSIST_FAILED] a-ldmubfksl4-14 error: database "flowsbiz_inbox_test_gw" is not currently accepting connections
15:59:43.907 [META_GATEWAY_INBOX_PERSIST_FAILED] a-ldmubfksl4-15 error: database "flowsbiz_inbox_test_gw" is not currently accepting connections
15:59:43.944 [META_GATEWAY_INBOX_PERSIST_FAILED] a-ldmubfksl4-21 error: database "flowsbiz_inbox_test_gw" is not currently accepting connections
15:59:43.948 [META_GATEWAY_INBOX_PERSIST_FAILED] a-ldmubfksl4-23 error: database "flowsbiz_inbox_test_gw" is not currently accepting connections
15:59:43.951 [META_GATEWAY_INBOX_PERSIST_FAILED] a-ldmubfksl4-24 error: database "flowsbiz_inbox_test_gw" is not currently accepting connections
15:59:43.957 [META_GATEWAY_INBOX_PERSIST_FAILED] a-ldmubfksl4-25 error: database "flowsbiz_inbox_test_gw" is not currently accepting connections
15:59:43.965 [META_GATEWAY_INBOX_PERSIST_FAILED] a-ldmubfksl4-29 error: database "flowsbiz_inbox_test_gw" is not currently accepting connections
15:59:43.967 [META_GATEWAY_INBOX_PERSIST_FAILED] a-ldmubfksl4-26 error: database "flowsbiz_inbox_test_gw" is not currently accepting connections
15:59:43.975 [META_GATEWAY_INBOX_PERSIST_FAILED] a-ldmubfksl4-30 error: database "flowsbiz_inbox_test_gw" is not currently accepting connections
15:59:43.982 [META_GATEWAY_INBOX_PERSIST_FAILED] a-ldmubfksl4-31 error: database "flowsbiz_inbox_test_gw" is not currently accepting connections
15:59:44.010 [META_GATEWAY_INBOX_PERSIST_FAILED] a-ldmubfksl4-34 error: database "flowsbiz_inbox_test_gw" is not currently accepting connections
15:59:44.017 [META_GATEWAY_INBOX_PERSIST_FAILED] a-ldmubfksl4-35 error: database "flowsbiz_inbox_test_gw" is not currently accepting connections
15:59:44.024 [META_GATEWAY_INBOX_PERSIST_FAILED] a-ldmubfksl4-19 error: database "flowsbiz_inbox_test_gw" is not currently accepting connections
15:59:44.026 [META_GATEWAY_INBOX_PERSIST_FAILED] a-ldmubfksl4-20 error: database "flowsbiz_inbox_test_gw" is not currently accepting connections
15:59:44.028 [META_GATEWAY_INBOX_PERSIST_FAILED] a-ldmubfksl4-36 error: database "flowsbiz_inbox_test_gw" is not currently accepting connections
15:59:44.029 [META_GATEWAY_INBOX_PERSIST_FAILED] a-ldmubfksl4-39 error: database "flowsbiz_inbox_test_gw" is not currently accepting connections
15:59:44.038 [META_GATEWAY_INBOX_PERSIST_FAILED] a-ldmubfksl4-40 error: database "flowsbiz_inbox_test_gw" is not currently accepting connections
15:59:44.040 [META_GATEWAY_INBOX_PERSIST_FAILED] a-ldmubfksl4-41 error: database "flowsbiz_inbox_test_gw" is not currently accepting connections
15:59:44.048 [META_GATEWAY_INBOX_PERSIST_FAILED] a-ldmubfksl4-42 error: database "flowsbiz_inbox_test_gw" is not currently accepting connections
15:59:44.048 [META_GATEWAY_INBOX_PERSIST_FAILED] a-ldmubfksl4-44 error: database "flowsbiz_inbox_test_gw" is not currently accepting connections
15:59:44.071 [META_GATEWAY_INBOX_PERSIST_FAILED] a-ldmubfksl4-45 error: database "flowsbiz_inbox_test_gw" is not currently accepting connections
15:59:44.078 [META_GATEWAY_INBOX_PERSIST_FAILED] a-ldmubfksl4-46 error: database "flowsbiz_inbox_test_gw" is not currently accepting connections
15:59:44.083 [META_GATEWAY_INBOX_PERSIST_FAILED] a-ldmubfksl4-47 error: database "flowsbiz_inbox_test_gw" is not currently accepting connections
15:59:44.087 [META_GATEWAY_INBOX_PERSIST_FAILED] a-ldmubfksl4-50 error: database "flowsbiz_inbox_test_gw" is not currently accepting connections
15:59:44.088 [META_GATEWAY_INBOX_PERSIST_FAILED] a-ldmubfksl4-51 error: database "flowsbiz_inbox_test_gw" is not currently accepting connections
15:59:44.091 [META_GATEWAY_INBOX_DRAIN_FAILED] error: database "flowsbiz_inbox_test_gw" is not currently accepting connections
15:59:44.091 [META_CLIENT_INBOX_DRAIN_FAILED] error: database "flowsbiz_inbox_test_gw" is not currently accepting connections
15:59:44.372 [META_GATEWAY_INBOX_PERSIST_FAILED] a-ldmubfksl4-18 error: database "flowsbiz_inbox_test_gw" is not currently accepting connections
15:59:44.522 [INBOX_HEALTH_REFRESH_FAILED] database "flowsbiz_inbox_test_gw" is not currently accepting connections
15:59:44.568 [META_GATEWAY_INBOX_DRAIN_FAILED] error: database "flowsbiz_inbox_test_gw" is not currently accepting connections
15:59:44.569 [META_CLIENT_INBOX_DRAIN_FAILED] error: database "flowsbiz_inbox_test_gw" is not currently accepting connections
15:59:44.958 [META_GATEWAY_INBOX_PERSIST_FAILED] a-ldmubfksl4-3 error: database "flowsbiz_inbox_test_gw" is not currently accepting connections
15:59:44.959 [META_GATEWAY_INBOX_PERSIST_FAILED] a-ldmubfksl4-2 error: database "flowsbiz_inbox_test_gw" is not currently accepting connections
15:59:44.968 [META_GATEWAY_INBOX_PERSIST_FAILED] a-ldmubfksl4-5 error: database "flowsbiz_inbox_test_gw" is not currently accepting connections
15:59:44.970 [META_GATEWAY_INBOX_PERSIST_FAILED] a-ldmubfksl4-8 error: database "flowsbiz_inbox_test_gw" is not currently accepting connections
15:59:44.975 [META_GATEWAY_INBOX_PERSIST_FAILED] a-ldmubfksl4-10 error: database "flowsbiz_inbox_test_gw" is not currently accepting connections
15:59:44.979 [META_GATEWAY_INBOX_PERSIST_FAILED] a-ldmubfksl4-13 error: database "flowsbiz_inbox_test_gw" is not currently accepting connections
15:59:44.985 [META_GATEWAY_INBOX_PERSIST_FAILED] a-ldmubfksl4-14 error: database "flowsbiz_inbox_test_gw" is not currently accepting connections
15:59:44.987 [META_GATEWAY_INBOX_PERSIST_FAILED] a-ldmubfksl4-15 error: database "flowsbiz_inbox_test_gw" is not currently accepting connections
15:59:45.028 [META_GATEWAY_INBOX_PERSIST_FAILED] a-ldmubfksl4-21 error: database "flowsbiz_inbox_test_gw" is not currently accepting connections
15:59:45.030 [META_GATEWAY_INBOX_PERSIST_FAILED] a-ldmubfksl4-23 error: database "flowsbiz_inbox_test_gw" is not currently accepting connections
15:59:45.041 [META_GATEWAY_INBOX_PERSIST_FAILED] a-ldmubfksl4-24 error: database "flowsbiz_inbox_test_gw" is not currently accepting connections
15:59:45.043 [META_GATEWAY_INBOX_PERSIST_FAILED] a-ldmubfksl4-25 error: database "flowsbiz_inbox_test_gw" is not currently accepting connections
15:59:45.052 [META_GATEWAY_INBOX_PERSIST_FAILED] a-ldmubfksl4-29 error: database "flowsbiz_inbox_test_gw" is not currently accepting connections
15:59:45.053 [META_GATEWAY_INBOX_PERSIST_FAILED] a-ldmubfksl4-26 error: database "flowsbiz_inbox_test_gw" is not currently accepting connections
15:59:45.058 [META_GATEWAY_INBOX_PERSIST_FAILED] a-ldmubfksl4-30 error: database "flowsbiz_inbox_test_gw" is not currently accepting connections
15:59:45.061 [META_GATEWAY_INBOX_PERSIST_FAILED] a-ldmubfksl4-31 error: database "flowsbiz_inbox_test_gw" is not currently accepting connections
15:59:45.092 [META_GATEWAY_INBOX_PERSIST_FAILED] a-ldmubfksl4-34 error: database "flowsbiz_inbox_test_gw" is not currently accepting connections
15:59:45.099 [META_GATEWAY_INBOX_PERSIST_FAILED] a-ldmubfksl4-35 error: database "flowsbiz_inbox_test_gw" is not currently accepting connections
15:59:45.107 [META_GATEWAY_INBOX_PERSIST_FAILED] a-ldmubfksl4-19 error: database "flowsbiz_inbox_test_gw" is not currently accepting connections
15:59:45.108 [META_GATEWAY_INBOX_PERSIST_FAILED] a-ldmubfksl4-20 error: database "flowsbiz_inbox_test_gw" is not currently accepting connections
15:59:45.119 [META_GATEWAY_INBOX_PERSIST_FAILED] a-ldmubfksl4-36 error: database "flowsbiz_inbox_test_gw" is not currently accepting connections
15:59:45.125 [META_GATEWAY_INBOX_PERSIST_FAILED] a-ldmubfksl4-39 error: database "flowsbiz_inbox_test_gw" is not currently accepting connections
15:59:45.127 [META_GATEWAY_INBOX_DRAIN_FAILED] error: database "flowsbiz_inbox_test_gw" is not currently accepting connections
15:59:45.136 [META_GATEWAY_INBOX_PERSIST_FAILED] a-ldmubfksl4-41 error: database "flowsbiz_inbox_test_gw" is not currently accepting connections
15:59:45.138 [META_GATEWAY_INBOX_PERSIST_FAILED] a-ldmubfksl4-42 error: database "flowsbiz_inbox_test_gw" is not currently accepting connections
15:59:45.152 [META_GATEWAY_INBOX_PERSIST_FAILED] a-ldmubfksl4-44 error: database "flowsbiz_inbox_test_gw" is not currently accepting connections
15:59:45.156 [META_GATEWAY_INBOX_PERSIST_FAILED] a-ldmubfksl4-45 error: database "flowsbiz_inbox_test_gw" is not currently accepting connections
15:59:45.161 [META_GATEWAY_INBOX_PERSIST_FAILED] a-ldmubfksl4-46 error: database "flowsbiz_inbox_test_gw" is not currently accepting connections
15:59:45.166 [META_GATEWAY_INBOX_PERSIST_FAILED] a-ldmubfksl4-47 error: database "flowsbiz_inbox_test_gw" is not currently accepting connections
15:59:45.169 [META_GATEWAY_INBOX_PERSIST_FAILED] a-ldmubfksl4-50 error: database "flowsbiz_inbox_test_gw" is not currently accepting connections
15:59:45.172 [META_GATEWAY_INBOX_PERSIST_FAILED] a-ldmubfksl4-51 error: database "flowsbiz_inbox_test_gw" is not currently accepting connections
15:59:45.186 [META_CLIENT_INBOX_DRAIN_FAILED] error: database "flowsbiz_inbox_test_gw" is not currently accepting connections
15:59:45.199 [META_GATEWAY_INBOX_PERSIST_FAILED] a-ldmubfksl4-40 error: database "flowsbiz_inbox_test_gw" is not currently accepting connections
15:59:45.586 [META_CLIENT_INBOX_DRAIN_FAILED] error: database "flowsbiz_inbox_test_gw" is not currently accepting connections
15:59:45.586 [META_GATEWAY_INBOX_DRAIN_FAILED] error: database "flowsbiz_inbox_test_gw" is not currently accepting connections
15:59:46.075 [META_GATEWAY_INBOX_DRAIN_FAILED] error: database "flowsbiz_inbox_test_gw" is not currently accepting connections
15:59:46.075 [META_CLIENT_INBOX_DRAIN_FAILED] error: database "flowsbiz_inbox_test_gw" is not currently accepting connections
15:59:46.413 [META_GATEWAY_INBOX_PERSIST_FAILED] a-ldmubfksl4-18 error: database "flowsbiz_inbox_test_gw" is not currently accepting connections
15:59:46.587 [META_CLIENT_INBOX_DRAIN_FAILED] error: database "flowsbiz_inbox_test_gw" is not currently accepting connections
15:59:46.587 [META_GATEWAY_INBOX_DRAIN_FAILED] error: database "flowsbiz_inbox_test_gw" is not currently accepting connections
15:59:47.031 [META_GATEWAY_INBOX_PERSIST_FAILED] a-ldmubfksl4-3 error: database "flowsbiz_inbox_test_gw" is not currently accepting connections
15:59:47.032 [META_GATEWAY_INBOX_PERSIST_FAILED] a-ldmubfksl4-2 error: database "flowsbiz_inbox_test_gw" is not currently accepting connections
15:59:47.039 [META_GATEWAY_INBOX_PERSIST_FAILED] a-ldmubfksl4-5 error: database "flowsbiz_inbox_test_gw" is not currently accepting connections
15:59:47.040 [META_GATEWAY_INBOX_PERSIST_FAILED] a-ldmubfksl4-8 error: database "flowsbiz_inbox_test_gw" is not currently accepting connections
15:59:47.045 [META_GATEWAY_INBOX_PERSIST_FAILED] a-ldmubfksl4-10 error: database "flowsbiz_inbox_test_gw" is not currently accepting connections
15:59:47.055 [META_GATEWAY_INBOX_PERSIST_FAILED] a-ldmubfksl4-13 error: database "flowsbiz_inbox_test_gw" is not currently accepting connections
15:59:47.060 [META_GATEWAY_INBOX_PERSIST_FAILED] a-ldmubfksl4-14 error: database "flowsbiz_inbox_test_gw" is not currently accepting connections
15:59:47.064 [META_GATEWAY_INBOX_PERSIST_FAILED] a-ldmubfksl4-15 error: database "flowsbiz_inbox_test_gw" is not currently accepting connections
15:59:47.095 [META_GATEWAY_INBOX_PERSIST_FAILED] a-ldmubfksl4-21 error: database "flowsbiz_inbox_test_gw" is not currently accepting connections
15:59:47.103 [META_GATEWAY_INBOX_PERSIST_FAILED] a-ldmubfksl4-23 error: database "flowsbiz_inbox_test_gw" is not currently accepting connections
15:59:47.114 [META_GATEWAY_INBOX_PERSIST_FAILED] a-ldmubfksl4-24 error: database "flowsbiz_inbox_test_gw" is not currently accepting connections
15:59:47.119 [META_GATEWAY_INBOX_PERSIST_FAILED] a-ldmubfksl4-25 error: database "flowsbiz_inbox_test_gw" is not currently accepting connections
15:59:47.127 [META_GATEWAY_INBOX_DRAIN_FAILED] error: database "flowsbiz_inbox_test_gw" is not currently accepting connections
15:59:47.129 [META_CLIENT_INBOX_DRAIN_FAILED] error: database "flowsbiz_inbox_test_gw" is not currently accepting connections
15:59:47.136 [META_GATEWAY_INBOX_PERSIST_FAILED] a-ldmubfksl4-29 error: database "flowsbiz_inbox_test_gw" is not currently accepting connections
15:59:47.138 [META_GATEWAY_INBOX_PERSIST_FAILED] a-ldmubfksl4-26 error: database "flowsbiz_inbox_test_gw" is not currently accepting connections
15:59:47.149 [META_GATEWAY_INBOX_PERSIST_FAILED] a-ldmubfksl4-31 error: database "flowsbiz_inbox_test_gw" is not currently accepting connections
15:59:47.164 [META_GATEWAY_INBOX_PERSIST_FAILED] a-ldmubfksl4-34 error: database "flowsbiz_inbox_test_gw" is not currently accepting connections
15:59:47.174 [META_GATEWAY_INBOX_PERSIST_FAILED] a-ldmubfksl4-35 error: database "flowsbiz_inbox_test_gw" is not currently accepting connections
15:59:47.183 [META_GATEWAY_INBOX_PERSIST_FAILED] a-ldmubfksl4-19 error: database "flowsbiz_inbox_test_gw" is not currently accepting connections
15:59:47.191 [META_GATEWAY_INBOX_PERSIST_FAILED] a-ldmubfksl4-20 error: database "flowsbiz_inbox_test_gw" is not currently accepting connections
15:59:47.193 [META_GATEWAY_INBOX_PERSIST_FAILED] a-ldmubfksl4-36 error: database "flowsbiz_inbox_test_gw" is not currently accepting connections
15:59:47.200 [META_GATEWAY_INBOX_PERSIST_FAILED] a-ldmubfksl4-39 error: database "flowsbiz_inbox_test_gw" is not currently accepting connections
15:59:47.206 [META_GATEWAY_INBOX_PERSIST_FAILED] a-ldmubfksl4-41 error: database "flowsbiz_inbox_test_gw" is not currently accepting connections
15:59:47.210 [META_GATEWAY_INBOX_PERSIST_FAILED] a-ldmubfksl4-42 error: database "flowsbiz_inbox_test_gw" is not currently accepting connections
15:59:47.221 [META_GATEWAY_INBOX_PERSIST_FAILED] a-ldmubfksl4-44 error: database "flowsbiz_inbox_test_gw" is not currently accepting connections
15:59:47.227 [META_GATEWAY_INBOX_PERSIST_FAILED] a-ldmubfksl4-45 error: database "flowsbiz_inbox_test_gw" is not currently accepting connections
15:59:47.233 [META_GATEWAY_INBOX_PERSIST_FAILED] a-ldmubfksl4-46 error: database "flowsbiz_inbox_test_gw" is not currently accepting connections
15:59:47.235 [META_GATEWAY_INBOX_PERSIST_FAILED] a-ldmubfksl4-30 error: database "flowsbiz_inbox_test_gw" is not currently accepting connections
15:59:47.243 [META_GATEWAY_INBOX_PERSIST_FAILED] a-ldmubfksl4-50 error: database "flowsbiz_inbox_test_gw" is not currently accepting connections
15:59:47.249 [META_GATEWAY_INBOX_PERSIST_FAILED] a-ldmubfksl4-40 error: database "flowsbiz_inbox_test_gw" is not currently accepting connections
15:59:47.323 [META_GATEWAY_INBOX_PERSIST_FAILED] a-ldmubfksl4-47 error: database "flowsbiz_inbox_test_gw" is not currently accepting connections
15:59:47.334 [META_GATEWAY_INBOX_PERSIST_FAILED] a-ldmubfksl4-51 error: database "flowsbiz_inbox_test_gw" is not currently accepting connections
15:59:47.598 [META_GATEWAY_INBOX_DRAIN_FAILED] error: database "flowsbiz_inbox_test_gw" is not currently accepting connections
15:59:47.708 [META_CLIENT_INBOX_DRAIN_FAILED] error: database "flowsbiz_inbox_test_gw" is not currently accepting connections
15:59:48.110 [META_GATEWAY_INBOX_DRAIN_FAILED] error: database "flowsbiz_inbox_test_gw" is not currently accepting connections
15:59:48.111 [META_CLIENT_INBOX_DRAIN_FAILED] error: database "flowsbiz_inbox_test_gw" is not currently accepting connections
15:59:48.615 [META_GATEWAY_INBOX_DRAIN_FAILED] error: database "flowsbiz_inbox_test_gw" is not currently accepting connections
15:59:48.615 [META_CLIENT_INBOX_DRAIN_FAILED] error: database "flowsbiz_inbox_test_gw" is not currently accepting connections
15:59:49.130 [META_GATEWAY_INBOX_DRAIN_FAILED] error: database "flowsbiz_inbox_test_gw" is not currently accepting connections
15:59:49.131 [META_CLIENT_INBOX_DRAIN_FAILED] error: database "flowsbiz_inbox_test_gw" is not currently accepting connections
15:59:49.527 [INBOX_HEALTH_REFRESH_FAILED] database "flowsbiz_inbox_test_gw" is not currently accepting connections
15:59:49.634 [META_GATEWAY_INBOX_DRAIN_FAILED] error: database "flowsbiz_inbox_test_gw" is not currently accepting connections
15:59:49.634 [META_CLIENT_INBOX_DRAIN_FAILED] error: database "flowsbiz_inbox_test_gw" is not currently accepting connections
15:59:50.134 [META_GATEWAY_INBOX_DRAIN_FAILED] error: database "flowsbiz_inbox_test_gw" is not currently accepting connections
15:59:50.135 [META_CLIENT_INBOX_DRAIN_FAILED] error: database "flowsbiz_inbox_test_gw" is not currently accepting connections
15:59:50.571 [META_GATEWAY_INBOX_PERSIST_FAILED] a-ldmubfksl4-18 error: database "flowsbiz_inbox_test_gw" is not currently accepting connections
15:59:50.629 [META_GATEWAY_INBOX_DRAIN_FAILED] error: database "flowsbiz_inbox_test_gw" is not currently accepting connections
15:59:50.629 [META_CLIENT_INBOX_DRAIN_FAILED] error: database "flowsbiz_inbox_test_gw" is not currently accepting connections
15:59:51.103 [META_GATEWAY_INBOX_PERSIST_FAILED] a-ldmubfksl4-3 error: database "flowsbiz_inbox_test_gw" is not currently accepting connections
15:59:51.104 [META_GATEWAY_INBOX_PERSIST_FAILED] a-ldmubfksl4-2 error: database "flowsbiz_inbox_test_gw" is not currently accepting connections
15:59:51.113 [META_GATEWAY_INBOX_PERSIST_FAILED] a-ldmubfksl4-8 error: database "flowsbiz_inbox_test_gw" is not currently accepting connections
15:59:51.114 [META_GATEWAY_INBOX_PERSIST_FAILED] a-ldmubfksl4-5 error: database "flowsbiz_inbox_test_gw" is not currently accepting connections
15:59:51.116 [META_GATEWAY_INBOX_PERSIST_FAILED] a-ldmubfksl4-10 error: database "flowsbiz_inbox_test_gw" is not currently accepting connections
15:59:51.121 [META_GATEWAY_INBOX_PERSIST_FAILED] a-ldmubfksl4-13 error: database "flowsbiz_inbox_test_gw" is not currently accepting connections
15:59:51.137 [META_GATEWAY_INBOX_PERSIST_FAILED] a-ldmubfksl4-15 error: database "flowsbiz_inbox_test_gw" is not currently accepting connections
15:59:51.160 [META_GATEWAY_INBOX_DRAIN_FAILED] error: database "flowsbiz_inbox_test_gw" is not currently accepting connections
15:59:51.167 [META_CLIENT_INBOX_DRAIN_FAILED] error: database "flowsbiz_inbox_test_gw" is not currently accepting connections
15:59:51.168 [META_GATEWAY_INBOX_PERSIST_FAILED] a-ldmubfksl4-21 error: database "flowsbiz_inbox_test_gw" is not currently accepting connections
15:59:51.174 [META_GATEWAY_INBOX_PERSIST_FAILED] a-ldmubfksl4-23 error: database "flowsbiz_inbox_test_gw" is not currently accepting connections
15:59:51.177 [META_GATEWAY_INBOX_PERSIST_FAILED] a-ldmubfksl4-24 error: database "flowsbiz_inbox_test_gw" is not currently accepting connections
15:59:51.183 [META_GATEWAY_INBOX_PERSIST_FAILED] a-ldmubfksl4-25 error: database "flowsbiz_inbox_test_gw" is not currently accepting connections
15:59:51.195 [META_GATEWAY_INBOX_PERSIST_FAILED] a-ldmubfksl4-29 error: database "flowsbiz_inbox_test_gw" is not currently accepting connections
15:59:51.203 [META_GATEWAY_INBOX_PERSIST_FAILED] a-ldmubfksl4-26 error: database "flowsbiz_inbox_test_gw" is not currently accepting connections
15:59:51.211 [META_GATEWAY_INBOX_PERSIST_FAILED] a-ldmubfksl4-31 error: database "flowsbiz_inbox_test_gw" is not currently accepting connections
15:59:51.228 [META_GATEWAY_INBOX_PERSIST_FAILED] a-ldmubfksl4-34 error: database "flowsbiz_inbox_test_gw" is not currently accepting connections
15:59:51.235 [META_GATEWAY_INBOX_PERSIST_FAILED] a-ldmubfksl4-14 error: database "flowsbiz_inbox_test_gw" is not currently accepting connections
15:59:51.241 [META_GATEWAY_INBOX_PERSIST_FAILED] a-ldmubfksl4-35 error: database "flowsbiz_inbox_test_gw" is not currently accepting connections
15:59:51.249 [META_GATEWAY_INBOX_PERSIST_FAILED] a-ldmubfksl4-19 error: database "flowsbiz_inbox_test_gw" is not currently accepting connections
15:59:51.262 [META_GATEWAY_INBOX_PERSIST_FAILED] a-ldmubfksl4-20 error: database "flowsbiz_inbox_test_gw" is not currently accepting connections
15:59:51.267 [META_GATEWAY_INBOX_PERSIST_FAILED] a-ldmubfksl4-36 error: database "flowsbiz_inbox_test_gw" is not currently accepting connections
15:59:51.271 [META_GATEWAY_INBOX_PERSIST_FAILED] a-ldmubfksl4-39 error: database "flowsbiz_inbox_test_gw" is not currently accepting connections
15:59:51.277 [META_GATEWAY_INBOX_PERSIST_FAILED] a-ldmubfksl4-41 error: database "flowsbiz_inbox_test_gw" is not currently accepting connections
15:59:51.287 [META_GATEWAY_INBOX_PERSIST_FAILED] a-ldmubfksl4-44 error: database "flowsbiz_inbox_test_gw" is not currently accepting connections
15:59:51.291 [META_GATEWAY_INBOX_PERSIST_FAILED] a-ldmubfksl4-46 error: database "flowsbiz_inbox_test_gw" is not currently accepting connections
15:59:51.292 [META_GATEWAY_INBOX_PERSIST_FAILED] a-ldmubfksl4-30 error: database "flowsbiz_inbox_test_gw" is not currently accepting connections
15:59:51.302 [META_GATEWAY_INBOX_PERSIST_FAILED] a-ldmubfksl4-40 error: database "flowsbiz_inbox_test_gw" is not currently accepting connections
15:59:51.362 [META_GATEWAY_INBOX_PERSIST_FAILED] a-ldmubfksl4-47 error: database "flowsbiz_inbox_test_gw" is not currently accepting connections
15:59:51.368 [META_GATEWAY_INBOX_PERSIST_FAILED] a-ldmubfksl4-42 error: database "flowsbiz_inbox_test_gw" is not currently accepting connections
15:59:51.377 [META_GATEWAY_INBOX_PERSIST_FAILED] a-ldmubfksl4-51 error: database "flowsbiz_inbox_test_gw" is not currently accepting connections
15:59:51.383 [META_GATEWAY_INBOX_PERSIST_FAILED] a-ldmubfksl4-45 error: database "flowsbiz_inbox_test_gw" is not currently accepting connections
15:59:51.395 [META_GATEWAY_INBOX_PERSIST_FAILED] a-ldmubfksl4-50 error: database "flowsbiz_inbox_test_gw" is not currently accepting connections
15:59:51.641 [META_GATEWAY_INBOX_DRAIN_FAILED] error: database "flowsbiz_inbox_test_gw" is not currently accepting connections
15:59:51.641 [META_CLIENT_INBOX_DRAIN_FAILED] error: database "flowsbiz_inbox_test_gw" is not currently accepting connections
15:59:52.141 [META_GATEWAY_INBOX_DRAIN_FAILED] error: database "flowsbiz_inbox_test_gw" is not currently accepting connections
15:59:52.142 [META_CLIENT_INBOX_DRAIN_FAILED] error: database "flowsbiz_inbox_test_gw" is not currently accepting connections
15:59:52.657 [META_GATEWAY_INBOX_DRAIN_FAILED] error: database "flowsbiz_inbox_test_gw" is not currently accepting connections
15:59:52.657 [META_CLIENT_INBOX_DRAIN_FAILED] error: database "flowsbiz_inbox_test_gw" is not currently accepting connections
15:59:53.161 [META_GATEWAY_INBOX_DRAIN_FAILED] error: database "flowsbiz_inbox_test_gw" is not currently accepting connections
15:59:53.161 [META_CLIENT_INBOX_DRAIN_FAILED] error: database "flowsbiz_inbox_test_gw" is not currently accepting connections
15:59:53.673 [META_CLIENT_INBOX_DRAIN_FAILED] error: database "flowsbiz_inbox_test_gw" is not currently accepting connections
15:59:53.673 [META_GATEWAY_INBOX_DRAIN_FAILED] error: database "flowsbiz_inbox_test_gw" is not currently accepting connections
15:59:54.186 [META_GATEWAY_INBOX_DRAIN_FAILED] error: database "flowsbiz_inbox_test_gw" is not currently accepting connections
15:59:54.187 [META_CLIENT_INBOX_DRAIN_FAILED] error: database "flowsbiz_inbox_test_gw" is not currently accepting connections
15:59:54.535 [INBOX_HEALTH_REFRESH_FAILED] database "flowsbiz_inbox_test_gw" is not currently accepting connections
15:59:54.699 [META_GATEWAY_INBOX_DRAIN_FAILED] error: database "flowsbiz_inbox_test_gw" is not currently accepting connections
15:59:54.699 [META_CLIENT_INBOX_DRAIN_FAILED] error: database "flowsbiz_inbox_test_gw" is not currently accepting connections
15:59:55.200 [META_GATEWAY_INBOX_DRAIN_FAILED] error: database "flowsbiz_inbox_test_gw" is not currently accepting connections
15:59:55.201 [META_CLIENT_INBOX_DRAIN_FAILED] error: database "flowsbiz_inbox_test_gw" is not currently accepting connections
15:59:55.705 [META_CLIENT_INBOX_DRAIN_FAILED] error: database "flowsbiz_inbox_test_gw" is not currently accepting connections
15:59:55.807 [META_GATEWAY_INBOX_DRAIN_FAILED] error: database "flowsbiz_inbox_test_gw" is not currently accepting connections
15:59:56.204 [META_GATEWAY_INBOX_DRAIN_FAILED] error: database "flowsbiz_inbox_test_gw" is not currently accepting connections
15:59:56.204 [META_CLIENT_INBOX_DRAIN_FAILED] error: database "flowsbiz_inbox_test_gw" is not currently accepting connections
15:59:56.705 [META_CLIENT_INBOX_DRAIN_FAILED] error: database "flowsbiz_inbox_test_gw" is not currently accepting connections
15:59:56.706 [META_GATEWAY_INBOX_DRAIN_FAILED] error: database "flowsbiz_inbox_test_gw" is not currently accepting connections
15:59:57.218 [META_CLIENT_INBOX_DRAIN_FAILED] error: database "flowsbiz_inbox_test_gw" is not currently accepting connections
15:59:57.219 [META_GATEWAY_INBOX_DRAIN_FAILED] error: database "flowsbiz_inbox_test_gw" is not currently accepting connections
15:59:57.731 [META_CLIENT_INBOX_DRAIN_FAILED] error: database "flowsbiz_inbox_test_gw" is not currently accepting connections
15:59:57.731 [META_GATEWAY_INBOX_DRAIN_FAILED] error: database "flowsbiz_inbox_test_gw" is not currently accepting connections
15:59:58.232 [META_GATEWAY_INBOX_DRAIN_FAILED] error: database "flowsbiz_inbox_test_gw" is not currently accepting connections
15:59:58.232 [META_CLIENT_INBOX_DRAIN_FAILED] error: database "flowsbiz_inbox_test_gw" is not currently accepting connections
15:59:58.622 [META_GATEWAY_INBOX_PERSIST_FAILED] a-ldmubfksl4-18 error: database "flowsbiz_inbox_test_gw" is not currently accepting connections
15:59:58.732 [META_GATEWAY_INBOX_DRAIN_FAILED] error: database "flowsbiz_inbox_test_gw" is not currently accepting connections
15:59:58.733 [META_CLIENT_INBOX_DRAIN_FAILED] error: database "flowsbiz_inbox_test_gw" is not currently accepting connections
15:59:59.163 [META_GATEWAY_INBOX_PERSIST_FAILED] a-ldmubfksl4-3 error: database "flowsbiz_inbox_test_gw" is not currently accepting connections
15:59:59.169 [META_GATEWAY_INBOX_PERSIST_FAILED] a-ldmubfksl4-2 error: database "flowsbiz_inbox_test_gw" is not currently accepting connections
15:59:59.170 [META_GATEWAY_INBOX_PERSIST_FAILED] a-ldmubfksl4-8 error: database "flowsbiz_inbox_test_gw" is not currently accepting connections
15:59:59.177 [META_GATEWAY_INBOX_PERSIST_FAILED] a-ldmubfksl4-10 error: database "flowsbiz_inbox_test_gw" is not currently accepting connections
15:59:59.184 [META_GATEWAY_INBOX_PERSIST_FAILED] a-ldmubfksl4-13 error: database "flowsbiz_inbox_test_gw" is not currently accepting connections
15:59:59.192 [META_GATEWAY_INBOX_PERSIST_FAILED] a-ldmubfksl4-15 error: database "flowsbiz_inbox_test_gw" is not currently accepting connections
15:59:59.221 [META_GATEWAY_INBOX_PERSIST_FAILED] a-ldmubfksl4-21 error: database "flowsbiz_inbox_test_gw" is not currently accepting connections
15:59:59.232 [META_GATEWAY_INBOX_PERSIST_FAILED] a-ldmubfksl4-23 error: database "flowsbiz_inbox_test_gw" is not currently accepting connections
15:59:59.240 [META_GATEWAY_INBOX_PERSIST_FAILED] a-ldmubfksl4-24 error: database "flowsbiz_inbox_test_gw" is not currently accepting connections
15:59:59.249 [META_GATEWAY_INBOX_PERSIST_FAILED] a-ldmubfksl4-25 error: database "flowsbiz_inbox_test_gw" is not currently accepting connections
15:59:59.258 [META_CLIENT_INBOX_DRAIN_FAILED] error: database "flowsbiz_inbox_test_gw" is not currently accepting connections
15:59:59.258 [META_GATEWAY_INBOX_DRAIN_FAILED] error: database "flowsbiz_inbox_test_gw" is not currently accepting connections
15:59:59.279 [META_GATEWAY_INBOX_PERSIST_FAILED] a-ldmubfksl4-29 error: database "flowsbiz_inbox_test_gw" is not currently accepting connections
15:59:59.286 [META_GATEWAY_INBOX_PERSIST_FAILED] a-ldmubfksl4-26 error: database "flowsbiz_inbox_test_gw" is not currently accepting connections
15:59:59.287 [META_GATEWAY_INBOX_PERSIST_FAILED] a-ldmubfksl4-31 error: database "flowsbiz_inbox_test_gw" is not currently accepting connections
15:59:59.289 [META_GATEWAY_INBOX_PERSIST_FAILED] a-ldmubfksl4-5 error: database "flowsbiz_inbox_test_gw" is not currently accepting connections
15:59:59.299 [META_GATEWAY_INBOX_PERSIST_FAILED] a-ldmubfksl4-34 error: database "flowsbiz_inbox_test_gw" is not currently accepting connections
15:59:59.311 [META_GATEWAY_INBOX_PERSIST_FAILED] a-ldmubfksl4-35 error: database "flowsbiz_inbox_test_gw" is not currently accepting connections
15:59:59.312 [META_GATEWAY_INBOX_PERSIST_FAILED] a-ldmubfksl4-14 error: database "flowsbiz_inbox_test_gw" is not currently accepting connections
15:59:59.320 [META_GATEWAY_INBOX_PERSIST_FAILED] a-ldmubfksl4-19 error: database "flowsbiz_inbox_test_gw" is not currently accepting connections
15:59:59.338 [META_GATEWAY_INBOX_PERSIST_FAILED] a-ldmubfksl4-20 error: database "flowsbiz_inbox_test_gw" is not currently accepting connections
15:59:59.343 [META_GATEWAY_INBOX_PERSIST_FAILED] a-ldmubfksl4-36 error: database "flowsbiz_inbox_test_gw" is not currently accepting connections
15:59:59.346 [META_GATEWAY_INBOX_PERSIST_FAILED] a-ldmubfksl4-39 error: database "flowsbiz_inbox_test_gw" is not currently accepting connections
15:59:59.349 [META_GATEWAY_INBOX_PERSIST_FAILED] a-ldmubfksl4-41 error: database "flowsbiz_inbox_test_gw" is not currently accepting connections
15:59:59.352 [META_GATEWAY_INBOX_PERSIST_FAILED] a-ldmubfksl4-44 error: database "flowsbiz_inbox_test_gw" is not currently accepting connections
15:59:59.358 [META_GATEWAY_INBOX_PERSIST_FAILED] a-ldmubfksl4-30 error: database "flowsbiz_inbox_test_gw" is not currently accepting connections
15:59:59.359 [META_GATEWAY_INBOX_PERSIST_FAILED] a-ldmubfksl4-40 error: database "flowsbiz_inbox_test_gw" is not currently accepting connections
15:59:59.403 [META_GATEWAY_INBOX_PERSIST_FAILED] a-ldmubfksl4-47 error: database "flowsbiz_inbox_test_gw" is not currently accepting connections
15:59:59.424 [META_GATEWAY_INBOX_PERSIST_FAILED] a-ldmubfksl4-42 error: database "flowsbiz_inbox_test_gw" is not currently accepting connections
15:59:59.425 [META_GATEWAY_INBOX_PERSIST_FAILED] a-ldmubfksl4-51 error: database "flowsbiz_inbox_test_gw" is not currently accepting connections
15:59:59.440 [META_GATEWAY_INBOX_PERSIST_FAILED] a-ldmubfksl4-45 error: database "flowsbiz_inbox_test_gw" is not currently accepting connections
15:59:59.444 [META_GATEWAY_INBOX_PERSIST_FAILED] a-ldmubfksl4-50 error: database "flowsbiz_inbox_test_gw" is not currently accepting connections
15:59:59.445 [META_GATEWAY_INBOX_PERSIST_FAILED] a-ldmubfksl4-46 error: database "flowsbiz_inbox_test_gw" is not currently accepting connections
15:59:59.533 [INBOX_HEALTH_REFRESH_FAILED] database "flowsbiz_inbox_test_gw" is not currently accepting connections
15:59:59.743 [META_CLIENT_INBOX_DRAIN_FAILED] error: database "flowsbiz_inbox_test_gw" is not currently accepting connections
15:59:59.858 [META_GATEWAY_INBOX_DRAIN_FAILED] error: database "flowsbiz_inbox_test_gw" is not currently accepting connections
16:00:00.261 [META_GATEWAY_INBOX_DRAIN_FAILED] error: database "flowsbiz_inbox_test_gw" is not currently accepting connections
16:00:00.262 [META_CLIENT_INBOX_DRAIN_FAILED] error: database "flowsbiz_inbox_test_gw" is not currently accepting connections
16:00:00.762 [META_GATEWAY_INBOX_DRAIN_FAILED] error: database "flowsbiz_inbox_test_gw" is not currently accepting connections
16:00:00.762 [META_CLIENT_INBOX_DRAIN_FAILED] error: database "flowsbiz_inbox_test_gw" is not currently accepting connections
16:00:01.264 [META_CLIENT_INBOX_DRAIN_FAILED] error: database "flowsbiz_inbox_test_gw" is not currently accepting connections
16:00:01.364 [META_GATEWAY_INBOX_DRAIN_FAILED] error: database "flowsbiz_inbox_test_gw" is not currently accepting connections
16:00:01.769 [META_CLIENT_INBOX_DRAIN_FAILED] error: database "flowsbiz_inbox_test_gw" is not currently accepting connections
16:00:01.769 [META_GATEWAY_INBOX_DRAIN_FAILED] error: database "flowsbiz_inbox_test_gw" is not currently accepting connections
16:00:02.285 [META_GATEWAY_INBOX_DRAIN_FAILED] error: database "flowsbiz_inbox_test_gw" is not currently accepting connections
16:00:02.285 [META_CLIENT_INBOX_DRAIN_FAILED] error: database "flowsbiz_inbox_test_gw" is not currently accepting connections
16:00:02.789 [META_GATEWAY_INBOX_DRAIN_FAILED] error: database "flowsbiz_inbox_test_gw" is not currently accepting connections
16:00:02.789 [META_CLIENT_INBOX_DRAIN_FAILED] error: database "flowsbiz_inbox_test_gw" is not currently accepting connections
16:00:03.300 [META_CLIENT_INBOX_DRAIN_FAILED] error: database "flowsbiz_inbox_test_gw" is not currently accepting connections
16:00:03.300 [META_GATEWAY_INBOX_DRAIN_FAILED] error: database "flowsbiz_inbox_test_gw" is not currently accepting connections
16:00:03.804 [META_CLIENT_INBOX_DRAIN_FAILED] error: database "flowsbiz_inbox_test_gw" is not currently accepting connections
16:00:03.805 [META_GATEWAY_INBOX_DRAIN_FAILED] error: database "flowsbiz_inbox_test_gw" is not currently accepting connections
16:00:04.305 [META_CLIENT_INBOX_DRAIN_FAILED] error: database "flowsbiz_inbox_test_gw" is not currently accepting connections
16:00:04.305 [META_GATEWAY_INBOX_DRAIN_FAILED] error: database "flowsbiz_inbox_test_gw" is not currently accepting connections
16:00:04.542 [INBOX_HEALTH_REFRESH_FAILED] database "flowsbiz_inbox_test_gw" is not currently accepting connections
16:00:04.820 [META_GATEWAY_INBOX_DRAIN_FAILED] error: database "flowsbiz_inbox_test_gw" is not currently accepting connections
16:00:04.820 [META_CLIENT_INBOX_DRAIN_FAILED] error: database "flowsbiz_inbox_test_gw" is not currently accepting connections
16:00:05.320 [META_CLIENT_INBOX_DRAIN_FAILED] error: database "flowsbiz_inbox_test_gw" is not currently accepting connections
16:00:05.321 [META_GATEWAY_INBOX_DRAIN_FAILED] error: database "flowsbiz_inbox_test_gw" is not currently accepting connections
16:00:05.832 [META_GATEWAY_INBOX_DRAIN_FAILED] error: database "flowsbiz_inbox_test_gw" is not currently accepting connections
16:00:05.833 [META_CLIENT_INBOX_DRAIN_FAILED] error: database "flowsbiz_inbox_test_gw" is not currently accepting connections
16:00:06.336 [META_GATEWAY_INBOX_DRAIN_FAILED] error: database "flowsbiz_inbox_test_gw" is not currently accepting connections
16:00:06.336 [META_CLIENT_INBOX_DRAIN_FAILED] error: database "flowsbiz_inbox_test_gw" is not currently accepting connections
16:00:06.661 [META_GATEWAY_INBOX_PERSIST_FAILED] a-ldmubfksl4-18 error: database "flowsbiz_inbox_test_gw" is not currently accepting connections
16:00:06.836 [META_CLIENT_INBOX_DRAIN_FAILED] error: database "flowsbiz_inbox_test_gw" is not currently accepting connections
16:00:06.837 [META_GATEWAY_INBOX_DRAIN_FAILED] error: database "flowsbiz_inbox_test_gw" is not currently accepting connections
16:00:07.228 [META_GATEWAY_INBOX_PERSIST_FAILED] a-ldmubfksl4-3 error: database "flowsbiz_inbox_test_gw" is not currently accepting connections
16:00:07.230 [META_GATEWAY_INBOX_PERSIST_FAILED] a-ldmubfksl4-2 error: database "flowsbiz_inbox_test_gw" is not currently accepting connections
16:00:07.234 [META_GATEWAY_INBOX_PERSIST_FAILED] a-ldmubfksl4-8 error: database "flowsbiz_inbox_test_gw" is not currently accepting connections
16:00:07.242 [META_GATEWAY_INBOX_PERSIST_FAILED] a-ldmubfksl4-10 error: database "flowsbiz_inbox_test_gw" is not currently accepting connections
16:00:07.248 [META_GATEWAY_INBOX_PERSIST_FAILED] a-ldmubfksl4-13 error: database "flowsbiz_inbox_test_gw" is not currently accepting connections
16:00:07.249 [META_GATEWAY_INBOX_PERSIST_FAILED] a-ldmubfksl4-15 error: database "flowsbiz_inbox_test_gw" is not currently accepting connections
16:00:07.277 [META_GATEWAY_INBOX_PERSIST_FAILED] a-ldmubfksl4-21 error: database "flowsbiz_inbox_test_gw" is not currently accepting connections
16:00:07.280 [META_GATEWAY_INBOX_PERSIST_FAILED] a-ldmubfksl4-23 error: database "flowsbiz_inbox_test_gw" is not currently accepting connections
16:00:07.288 [META_GATEWAY_INBOX_PERSIST_FAILED] a-ldmubfksl4-24 error: database "flowsbiz_inbox_test_gw" is not currently accepting connections
16:00:07.293 [META_GATEWAY_INBOX_PERSIST_FAILED] a-ldmubfksl4-25 error: database "flowsbiz_inbox_test_gw" is not currently accepting connections
16:00:07.330 [META_GATEWAY_INBOX_PERSIST_FAILED] a-ldmubfksl4-29 error: database "flowsbiz_inbox_test_gw" is not currently accepting connections
16:00:07.347 [META_GATEWAY_INBOX_PERSIST_FAILED] a-ldmubfksl4-26 error: database "flowsbiz_inbox_test_gw" is not currently accepting connections
16:00:07.349 [META_GATEWAY_INBOX_PERSIST_FAILED] a-ldmubfksl4-31 error: database "flowsbiz_inbox_test_gw" is not currently accepting connections
16:00:07.362 [META_GATEWAY_INBOX_PERSIST_FAILED] a-ldmubfksl4-5 error: database "flowsbiz_inbox_test_gw" is not currently accepting connections
16:00:07.390 [META_GATEWAY_INBOX_DRAIN_FAILED] error: database "flowsbiz_inbox_test_gw" is not currently accepting connections
16:00:07.396 [META_CLIENT_INBOX_DRAIN_FAILED] error: database "flowsbiz_inbox_test_gw" is not currently accepting connections
16:00:07.398 [META_GATEWAY_INBOX_PERSIST_FAILED] a-ldmubfksl4-34 error: database "flowsbiz_inbox_test_gw" is not currently accepting connections
16:00:07.404 [META_GATEWAY_INBOX_PERSIST_FAILED] a-ldmubfksl4-35 error: database "flowsbiz_inbox_test_gw" is not currently accepting connections
16:00:07.411 [META_GATEWAY_INBOX_PERSIST_FAILED] a-ldmubfksl4-14 error: database "flowsbiz_inbox_test_gw" is not currently accepting connections
16:00:07.416 [META_GATEWAY_INBOX_PERSIST_FAILED] a-ldmubfksl4-19 error: database "flowsbiz_inbox_test_gw" is not currently accepting connections
16:00:07.422 [META_GATEWAY_INBOX_PERSIST_FAILED] a-ldmubfksl4-20 error: database "flowsbiz_inbox_test_gw" is not currently accepting connections
16:00:07.427 [META_GATEWAY_INBOX_PERSIST_FAILED] a-ldmubfksl4-39 error: database "flowsbiz_inbox_test_gw" is not currently accepting connections
16:00:07.435 [META_GATEWAY_INBOX_PERSIST_FAILED] a-ldmubfksl4-41 error: database "flowsbiz_inbox_test_gw" is not currently accepting connections
16:00:07.435 [META_GATEWAY_INBOX_PERSIST_FAILED] a-ldmubfksl4-44 error: database "flowsbiz_inbox_test_gw" is not currently accepting connections
16:00:07.447 [META_GATEWAY_INBOX_PERSIST_FAILED] a-ldmubfksl4-30 error: database "flowsbiz_inbox_test_gw" is not currently accepting connections
16:00:07.456 [META_GATEWAY_INBOX_PERSIST_FAILED] a-ldmubfksl4-40 error: database "flowsbiz_inbox_test_gw" is not currently accepting connections
16:00:07.465 [META_GATEWAY_INBOX_PERSIST_FAILED] a-ldmubfksl4-47 error: database "flowsbiz_inbox_test_gw" is not currently accepting connections
16:00:07.484 [META_GATEWAY_INBOX_PERSIST_FAILED] a-ldmubfksl4-42 error: database "flowsbiz_inbox_test_gw" is not currently accepting connections
16:00:07.484 [META_GATEWAY_INBOX_PERSIST_FAILED] a-ldmubfksl4-51 error: database "flowsbiz_inbox_test_gw" is not currently accepting connections
16:00:07.496 [META_GATEWAY_INBOX_PERSIST_FAILED] a-ldmubfksl4-45 error: database "flowsbiz_inbox_test_gw" is not currently accepting connections
16:00:07.504 [META_GATEWAY_INBOX_PERSIST_FAILED] a-ldmubfksl4-50 error: database "flowsbiz_inbox_test_gw" is not currently accepting connections
16:00:07.505 [META_GATEWAY_INBOX_PERSIST_FAILED] a-ldmubfksl4-36 error: database "flowsbiz_inbox_test_gw" is not currently accepting connections
16:00:07.505 [META_GATEWAY_INBOX_PERSIST_FAILED] a-ldmubfksl4-46 error: database "flowsbiz_inbox_test_gw" is not currently accepting connections
16:00:07.865 [META_CLIENT_INBOX_DRAIN_FAILED] error: database "flowsbiz_inbox_test_gw" is not currently accepting connections
16:00:07.865 [META_GATEWAY_INBOX_DRAIN_FAILED] error: database "flowsbiz_inbox_test_gw" is not currently accepting connections
16:00:08.378 [META_CLIENT_INBOX_DRAIN_FAILED] error: database "flowsbiz_inbox_test_gw" is not currently accepting connections
16:00:08.379 [META_GATEWAY_INBOX_DRAIN_FAILED] error: database "flowsbiz_inbox_test_gw" is not currently accepting connections
16:00:08.892 [META_CLIENT_INBOX_DRAIN_FAILED] error: database "flowsbiz_inbox_test_gw" is not currently accepting connections
16:00:08.892 [META_GATEWAY_INBOX_DRAIN_FAILED] error: database "flowsbiz_inbox_test_gw" is not currently accepting connections
16:00:09.395 [META_GATEWAY_INBOX_DRAIN_FAILED] error: database "flowsbiz_inbox_test_gw" is not currently accepting connections
16:00:09.395 [META_CLIENT_INBOX_DRAIN_FAILED] error: database "flowsbiz_inbox_test_gw" is not currently accepting connections
16:00:09.559 [INBOX_HEALTH_REFRESH_FAILED] database "flowsbiz_inbox_test_gw" is not currently accepting connections
16:00:09.896 [META_CLIENT_INBOX_DRAIN_FAILED] error: database "flowsbiz_inbox_test_gw" is not currently accepting connections
16:00:09.897 [META_GATEWAY_INBOX_DRAIN_FAILED] error: database "flowsbiz_inbox_test_gw" is not currently accepting connections
16:00:10.398 [META_CLIENT_INBOX_DRAIN_FAILED] error: database "flowsbiz_inbox_test_gw" is not currently accepting connections
16:00:10.398 [META_GATEWAY_INBOX_DRAIN_FAILED] error: database "flowsbiz_inbox_test_gw" is not currently accepting connections
16:00:10.911 [META_CLIENT_INBOX_DRAIN_FAILED] error: database "flowsbiz_inbox_test_gw" is not currently accepting connections
16:00:10.912 [META_GATEWAY_INBOX_DRAIN_FAILED] error: database "flowsbiz_inbox_test_gw" is not currently accepting connections
16:00:11.422 [META_CLIENT_INBOX_DRAIN_FAILED] error: database "flowsbiz_inbox_test_gw" is not currently accepting connections
16:00:11.514 [META_GATEWAY_INBOX_DRAIN_FAILED] error: database "flowsbiz_inbox_test_gw" is not currently accepting connections
16:00:11.933 [META_GATEWAY_INBOX_DRAIN_FAILED] error: database "flowsbiz_inbox_test_gw" is not currently accepting connections
16:00:11.933 [META_CLIENT_INBOX_DRAIN_FAILED] error: database "flowsbiz_inbox_test_gw" is not currently accepting connections
16:00:12.445 [META_GATEWAY_INBOX_DRAIN_FAILED] error: database "flowsbiz_inbox_test_gw" is not currently accepting connections
16:00:12.445 [META_CLIENT_INBOX_DRAIN_FAILED] error: database "flowsbiz_inbox_test_gw" is not currently accepting connections
16:00:12.950 [META_GATEWAY_INBOX_DRAIN_FAILED] error: database "flowsbiz_inbox_test_gw" is not currently accepting connections
16:00:12.950 [META_CLIENT_INBOX_DRAIN_FAILED] error: database "flowsbiz_inbox_test_gw" is not currently accepting connections
16:00:13.447 [META_GATEWAY_INBOX_DRAIN_FAILED] error: database "flowsbiz_inbox_test_gw" is not currently accepting connections
16:00:13.447 [META_CLIENT_INBOX_DRAIN_FAILED] error: database "flowsbiz_inbox_test_gw" is not currently accepting connections
16:00:13.948 [META_CLIENT_INBOX_DRAIN_FAILED] error: database "flowsbiz_inbox_test_gw" is not currently accepting connections
16:00:14.065 [META_GATEWAY_INBOX_DRAIN_FAILED] error: database "flowsbiz_inbox_test_gw" is not currently accepting connections
16:00:14.464 [META_CLIENT_INBOX_DRAIN_FAILED] error: database "flowsbiz_inbox_test_gw" is not currently accepting connections
16:00:14.464 [META_GATEWAY_INBOX_DRAIN_FAILED] error: database "flowsbiz_inbox_test_gw" is not currently accepting connections
16:00:14.563 [INBOX_HEALTH_REFRESH_FAILED] database "flowsbiz_inbox_test_gw" is not currently accepting connections
16:00:14.712 [META_GATEWAY_INBOX_PERSIST_FAILED] a-ldmubfksl4-18 error: database "flowsbiz_inbox_test_gw" is not currently accepting connections
16:00:14.976 [META_CLIENT_INBOX_DRAIN_FAILED] error: database "flowsbiz_inbox_test_gw" is not currently accepting connections
16:00:15.077 [META_GATEWAY_INBOX_DRAIN_FAILED] error: database "flowsbiz_inbox_test_gw" is not currently accepting connections
16:00:15.283 [META_GATEWAY_INBOX_PERSIST_FAILED] a-ldmubfksl4-3 error: database "flowsbiz_inbox_test_gw" is not currently accepting connections
16:00:15.290 [META_GATEWAY_INBOX_PERSIST_FAILED] a-ldmubfksl4-8 error: database "flowsbiz_inbox_test_gw" is not currently accepting connections
16:00:15.291 [META_GATEWAY_INBOX_PERSIST_FAILED] a-ldmubfksl4-2 error: database "flowsbiz_inbox_test_gw" is not currently accepting connections
16:00:15.305 [META_GATEWAY_INBOX_PERSIST_FAILED] a-ldmubfksl4-10 error: database "flowsbiz_inbox_test_gw" is not currently accepting connections
16:00:15.307 [META_GATEWAY_INBOX_PERSIST_FAILED] a-ldmubfksl4-13 error: database "flowsbiz_inbox_test_gw" is not currently accepting connections
16:00:15.328 [META_GATEWAY_INBOX_PERSIST_FAILED] a-ldmubfksl4-23 error: database "flowsbiz_inbox_test_gw" is not currently accepting connections
16:00:15.331 [META_GATEWAY_INBOX_PERSIST_FAILED] a-ldmubfksl4-24 error: database "flowsbiz_inbox_test_gw" is not currently accepting connections
16:00:15.337 [META_GATEWAY_INBOX_PERSIST_FAILED] a-ldmubfksl4-25 error: database "flowsbiz_inbox_test_gw" is not currently accepting connections
16:00:15.363 [META_GATEWAY_INBOX_PERSIST_FAILED] a-ldmubfksl4-29 error: database "flowsbiz_inbox_test_gw" is not currently accepting connections
16:00:15.385 [META_GATEWAY_INBOX_PERSIST_FAILED] a-ldmubfksl4-26 error: database "flowsbiz_inbox_test_gw" is not currently accepting connections
16:00:15.401 [META_GATEWAY_INBOX_PERSIST_FAILED] a-ldmubfksl4-31 error: database "flowsbiz_inbox_test_gw" is not currently accepting connections
16:00:15.403 [META_GATEWAY_INBOX_PERSIST_FAILED] a-ldmubfksl4-5 error: database "flowsbiz_inbox_test_gw" is not currently accepting connections
16:00:15.408 [META_GATEWAY_INBOX_PERSIST_FAILED] a-ldmubfksl4-15 error: database "flowsbiz_inbox_test_gw" is not currently accepting connections
16:00:15.425 [META_GATEWAY_INBOX_PERSIST_FAILED] a-ldmubfksl4-21 error: database "flowsbiz_inbox_test_gw" is not currently accepting connections
16:00:15.445 [META_GATEWAY_INBOX_PERSIST_FAILED] a-ldmubfksl4-34 error: database "flowsbiz_inbox_test_gw" is not currently accepting connections