17:25:33.132 [harness] SIGTERM sent
17:25:33.136 [client] SIGTERM received, draining…
17:25:33.136 [client] @@STAGE server.close called 1790011533136
17:25:33.136 [client] @@STAGE at close: {"requestsInFlight":["POST /internal/meta/whatsapp age=142ms","POST /internal/meta/whatsapp age=139ms","POST /internal/meta/whatsapp age=136ms","POST /internal/meta/whatsapp age=132ms","POST /internal/meta/whatsapp age=129ms","POST /internal/meta/whatsapp age=127ms","POST /internal
17:25:33.138 [client] @@STAGE sockets at close: ["remote=::ffff:127.0.0.1:64282 local=63414 bytesRead=1268 idleSinceLastReadOrWrite=?","remote=::ffff:127.0.0.1:64308 local=63414 bytesRead=1008 idleSinceLastReadOrWrite=?","remote=::ffff:127.0.0.1:64309 local=63414 bytesRead=1009 idleSinceLastReadOrWrite=?","remote=::ffff:
17:25:33.219 [META_GATEWAY_RETRY] client-0 attempt=1 network_error [TypeError: fetch failed] {
17:25:33.220 [META_GATEWAY_RETRY] client-0 attempt=1 network_error [TypeError: fetch failed] {
17:25:33.220 [META_GATEWAY_RETRY] client-0 attempt=1 network_error [TypeError: fetch failed] {
17:25:33.221 [META_GATEWAY_RETRY] client-0 attempt=1 network_error [TypeError: fetch failed] {
17:25:33.221 [META_GATEWAY_RETRY] client-0 attempt=1 network_error [TypeError: fetch failed] {
17:25:33.222 [META_GATEWAY_RETRY] client-0 attempt=1 network_error [TypeError: fetch failed] {
17:25:33.222 [META_GATEWAY_RETRY] client-0 attempt=1 network_error [TypeError: fetch failed] {
17:25:33.223 [META_GATEWAY_RETRY] client-0 attempt=1 network_error [TypeError: fetch failed] {
17:25:33.223 [META_GATEWAY_RETRY] client-0 attempt=1 network_error [TypeError: fetch failed] {
17:25:33.323 [META_GATEWAY_PENDING_CHECK_FAILED] client-0 [TypeError: fetch failed] {
17:25:33.331 [META_GATEWAY_PENDING_CHECK_FAILED] client-0 [TypeError: fetch failed] {
17:25:33.333 [META_GATEWAY_PENDING_CHECK_FAILED] client-0 [TypeError: fetch failed] {
17:25:33.336 [META_GATEWAY_PENDING_CHECK_FAILED] client-0 [TypeError: fetch failed] {
17:25:33.338 [META_GATEWAY_PENDING_CHECK_FAILED] client-0 [TypeError: fetch failed] {
17:25:33.340 [META_GATEWAY_PENDING_CHECK_FAILED] client-0 [TypeError: fetch failed] {
17:25:33.346 [META_GATEWAY_RETRY] client-0 attempt=1 network_error [TypeError: fetch failed] {
17:25:33.347 [META_GATEWAY_RETRY] client-0 attempt=1 network_error [TypeError: fetch failed] {
17:25:33.347 [META_GATEWAY_RETRY] client-0 attempt=1 network_error [TypeError: fetch failed] {
17:25:33.350 [META_GATEWAY_CLEAR_PENDING_FAILED] client-0 [TypeError: fetch failed] {
17:25:33.352 [META_GATEWAY_RETRY] client-0 attempt=1 network_error [TypeError: fetch failed] {
17:25:33.352 [META_GATEWAY_RETRY] client-0 attempt=1 network_error [TypeError: fetch failed] {
17:25:33.353 [META_GATEWAY_RETRY] client-0 attempt=1 network_error [TypeError: fetch failed] {
17:25:33.383 [META_GATEWAY_INBOX_RETRY] t-ldmubin4rt-47 attempt=1 [TypeError: fetch failed] {
17:25:33.867 [META_GATEWAY_RETRY] client-0 attempt=1 network_error [TypeError: fetch failed] {
17:25:33.868 [META_GATEWAY_RETRY] client-0 attempt=1 network_error [TypeError: fetch failed] {
17:25:33.868 [META_GATEWAY_PENDING_CHECK_FAILED] client-0 [TypeError: fetch failed] {
17:25:33.869 [META_GATEWAY_PENDING_CHECK_FAILED] client-0 [TypeError: fetch failed] {
17:25:33.870 [META_GATEWAY_PENDING_CHECK_FAILED] client-0 [TypeError: fetch failed] {
17:25:33.872 [META_GATEWAY_PENDING_CHECK_FAILED] client-0 [TypeError: fetch failed] {
17:25:33.873 [META_GATEWAY_PENDING_CHECK_FAILED] client-0 [TypeError: fetch failed] {
17:25:33.873 [META_GATEWAY_PENDING_CHECK_FAILED] client-0 [TypeError: fetch failed] {
17:25:33.875 [META_GATEWAY_PENDING_CHECK_FAILED] client-0 [TypeError: fetch failed] {
17:25:33.876 [META_GATEWAY_PENDING_CHECK_FAILED] client-0 [TypeError: fetch failed] {
17:25:33.877 [META_GATEWAY_PENDING_CHECK_FAILED] client-0 [TypeError: fetch failed] {
17:25:33.878 [META_GATEWAY_PENDING_CHECK_FAILED] client-0 [TypeError: fetch failed] {
17:25:33.879 [META_GATEWAY_PENDING_CHECK_FAILED] client-0 [TypeError: fetch failed] {
17:25:33.880 [META_GATEWAY_PENDING_CHECK_FAILED] client-0 [TypeError: fetch failed] {
17:25:33.882 [META_GATEWAY_PENDING_CHECK_FAILED] client-0 [TypeError: fetch failed] {
17:25:33.883 [META_GATEWAY_PENDING_CHECK_FAILED] client-0 [TypeError: fetch failed] {
17:25:33.885 [META_GATEWAY_PENDING_CHECK_FAILED] client-0 [TypeError: fetch failed] {
17:25:33.886 [META_GATEWAY_PENDING_CHECK_FAILED] client-0 [TypeError: fetch failed] {
17:25:33.895 [META_GATEWAY_CLEAR_PENDING_FAILED] client-0 [TypeError: fetch failed] {
17:25:33.895 [META_GATEWAY_RETRY] client-0 attempt=1 network_error [TypeError: fetch failed] {
17:25:33.896 [META_GATEWAY_RETRY] client-0 attempt=1 network_error [TypeError: fetch failed] {
17:25:33.896 [META_GATEWAY_RETRY] client-0 attempt=1 network_error [TypeError: fetch failed] {
17:25:33.897 [META_GATEWAY_RETRY] client-0 attempt=1 network_error [TypeError: fetch failed] {
17:25:33.897 [META_GATEWAY_RETRY] client-0 attempt=1 network_error [TypeError: fetch failed] {
17:25:33.898 [META_GATEWAY_CLEAR_PENDING_FAILED] client-0 [TypeError: fetch failed] {
17:25:33.898 [META_GATEWAY_RETRY] client-0 attempt=1 network_error [TypeError: fetch failed] {
17:25:33.900 [META_GATEWAY_CLEAR_PENDING_FAILED] client-0 [TypeError: fetch failed] {
17:25:33.902 [META_GATEWAY_CLEAR_PENDING_FAILED] client-0 [TypeError: fetch failed] {
17:25:33.903 [META_GATEWAY_CLEAR_PENDING_FAILED] client-0 [TypeError: fetch failed] {
17:25:34.008 [META_GATEWAY_RETRY] client-0 attempt=1 network_error [TypeError: fetch failed] {
17:25:34.009 [META_GATEWAY_RETRY] client-0 attempt=1 network_error [TypeError: fetch failed] {
17:25:34.009 [META_GATEWAY_RETRY] client-0 attempt=1 network_error [TypeError: fetch failed] {
17:25:34.010 [META_GATEWAY_RETRY] client-0 attempt=1 network_error [TypeError: fetch failed] {
17:25:34.010 [META_GATEWAY_RETRY] client-0 attempt=1 network_error [TypeError: fetch failed] {
17:25:34.011 [META_GATEWAY_RETRY] client-0 attempt=1 network_error [TypeError: fetch failed] {
17:25:34.011 [META_GATEWAY_PENDING_CHECK_FAILED] client-0 [TypeError: fetch failed] {
17:25:34.013 [META_GATEWAY_PENDING_CHECK_FAILED] client-0 [TypeError: fetch failed] {
17:25:34.014 [META_GATEWAY_RETRY] client-0 attempt=1 network_error [TypeError: fetch failed] {
17:25:34.015 [META_GATEWAY_PENDING_CHECK_FAILED] client-0 [TypeError: fetch failed] {
17:25:34.016 [META_GATEWAY_RETRY] client-0 attempt=1 network_error [TypeError: fetch failed] {
17:25:34.023 [META_GATEWAY_INBOX_RETRY] t-ldmubin4rt-59 attempt=1 [TypeError: fetch failed] {
17:25:34.023 [META_GATEWAY_INBOX_RETRY] t-ldmubin4rt-9 attempt=1 [TypeError: fetch failed] {
17:25:34.026 [META_GATEWAY_INBOX_RETRY] t-ldmubin4rt-7 attempt=1 [TypeError: fetch failed] {
17:25:34.032 [META_GATEWAY_INBOX_RETRY] t-ldmubin4rt-8 attempt=1 [TypeError: fetch failed] {
17:25:34.032 [META_GATEWAY_INBOX_RETRY] t-ldmubin4rt-68 attempt=1 [TypeError: fetch failed] {
17:25:34.084 [META_GATEWAY_RETRY] client-0 attempt=1 network_error [TypeError: fetch failed] {
17:25:34.169 [META_GATEWAY_RETRY] client-0 attempt=1 network_error [TypeError: fetch failed] {
17:25:34.171 [META_GATEWAY_RETRY] client-0 attempt=1 network_error [TypeError: fetch failed] {
17:25:34.171 [META_GATEWAY_RETRY] client-0 attempt=1 network_error [TypeError: fetch failed] {
17:25:34.172 [META_GATEWAY_RETRY] client-0 attempt=1 network_error [TypeError: fetch failed] {
17:25:34.172 [META_GATEWAY_RETRY] client-0 attempt=1 network_error [TypeError: fetch failed] {
17:25:34.173 [META_GATEWAY_RETRY] client-0 attempt=1 network_error [TypeError: fetch failed] {
17:25:34.339 [META_GATEWAY_RETRY] client-0 attempt=1 network_error [TypeError: fetch failed] {
17:25:34.339 [META_GATEWAY_RETRY] client-0 attempt=1 network_error [TypeError: fetch failed] {
17:25:34.341 [META_GATEWAY_RETRY] client-0 attempt=1 network_error [TypeError: fetch failed] {
17:25:34.342 [META_GATEWAY_RETRY] client-0 attempt=1 network_error [TypeError: fetch failed] {
17:25:34.342 [META_GATEWAY_RETRY] client-0 attempt=1 network_error [TypeError: fetch failed] {
17:25:34.344 [META_GATEWAY_PENDING_CHECK_FAILED] client-0 [TypeError: fetch failed] {
17:25:34.345 [META_GATEWAY_PENDING_CHECK_FAILED] client-0 [TypeError: fetch failed] {
17:25:34.346 [META_GATEWAY_PENDING_CHECK_FAILED] client-0 [TypeError: fetch failed] {
17:25:34.347 [META_GATEWAY_PENDING_CHECK_FAILED] client-0 [TypeError: fetch failed] {
17:25:34.349 [META_GATEWAY_PENDING_CHECK_FAILED] client-0 [TypeError: fetch failed] {
17:25:34.350 [META_GATEWAY_PENDING_CHECK_FAILED] client-0 [TypeError: fetch failed] {
17:25:34.351 [META_GATEWAY_PENDING_CHECK_FAILED] client-0 [TypeError: fetch failed] {
17:25:34.401 [META_GATEWAY_RETRY] client-0 attempt=2 network_error [TypeError: fetch failed] {
17:25:34.406 [META_GATEWAY_RETRY] client-0 attempt=1 network_error [TypeError: fetch failed] {
17:25:34.408 [META_GATEWAY_RETRY] client-0 attempt=1 network_error [TypeError: fetch failed] {
17:25:34.409 [META_GATEWAY_RETRY] client-0 attempt=1 network_error [TypeError: fetch failed] {
17:25:34.409 [META_GATEWAY_PENDING_CHECK_FAILED] client-0 [TypeError: fetch failed] {
17:25:34.494 [META_GATEWAY_RETRY] client-0 attempt=1 network_error [TypeError: fetch failed] {
17:25:34.585 [META_GATEWAY_RETRY] client-0 attempt=2 network_error [TypeError: fetch failed] {
17:25:34.586 [META_GATEWAY_RETRY] client-0 attempt=2 network_error [TypeError: fetch failed] {
17:25:34.586 [META_GATEWAY_RETRY] client-0 attempt=2 network_error [TypeError: fetch failed] {
17:25:34.587 [META_GATEWAY_RETRY] client-0 attempt=2 network_error [TypeError: fetch failed] {
17:25:34.587 [META_GATEWAY_RETRY] client-0 attempt=2 network_error [TypeError: fetch failed] {
17:25:34.588 [META_GATEWAY_RETRY] client-0 attempt=2 network_error [TypeError: fetch failed] {
17:25:34.588 [META_GATEWAY_RETRY] client-0 attempt=2 network_error [TypeError: fetch failed] {
17:25:34.588 [META_GATEWAY_RETRY] client-0 attempt=2 network_error [TypeError: fetch failed] {
17:25:34.593 [META_GATEWAY_PENDING_CHECK_FAILED] client-0 [TypeError: fetch failed] {
17:25:34.594 [META_GATEWAY_RETRY] client-0 attempt=1 network_error [TypeError: fetch failed] {
17:25:34.595 [META_GATEWAY_PENDING_CHECK_FAILED] client-0 [TypeError: fetch failed] {
17:25:34.597 [META_GATEWAY_PENDING_CHECK_FAILED] client-0 [TypeError: fetch failed] {
17:25:34.598 [META_GATEWAY_RETRY] client-0 attempt=1 network_error [TypeError: fetch failed] {
17:25:34.599 [META_GATEWAY_PENDING_CHECK_FAILED] client-0 [TypeError: fetch failed] {
17:25:34.600 [META_GATEWAY_PENDING_CHECK_FAILED] client-0 [TypeError: fetch failed] {
17:25:34.601 [META_GATEWAY_RETRY] client-0 attempt=1 network_error [TypeError: fetch failed] {
17:25:35.141 [client] @@STAGE close still pending after 2s: {"requestsInFlight":[],"n":0} sockets=["remote=::ffff:127.0.0.1:64282 local=63414 bytesRead=14620 idleSinceLastReadOrWrite=?","remote=::ffff:127.0.0.1:64311 local=63414 bytesRead=12267 idleSinceLastReadOrWrite=?","remote=::ffff:127.0.0.1:64312 local=63414 bytesR
17:25:35.201 [META_GATEWAY_RETRY] client-0 attempt=1 network_error [TypeError: fetch failed] {
17:25:35.203 [META_GATEWAY_RETRY] client-0 attempt=1 network_error [TypeError: fetch failed] {
17:25:35.263 [META_GATEWAY_RETRY] client-0 attempt=1 network_error [TypeError: fetch failed] {
17:25:35.265 [META_GATEWAY_RETRY] client-0 attempt=1 network_error [TypeError: fetch failed] {
17:25:35.712 [META_GATEWAY_RETRY] client-0 attempt=1 network_error [TypeError: fetch failed] {
17:25:35.714 [META_GATEWAY_RETRY] client-0 attempt=1 network_error [TypeError: fetch failed] {
17:25:35.715 [META_GATEWAY_RETRY] client-0 attempt=1 network_error [TypeError: fetch failed] {
17:25:35.715 [META_GATEWAY_RETRY] client-0 attempt=1 network_error [TypeError: fetch failed] {
17:25:36.313 [META_GATEWAY_RETRY] client-0 attempt=1 network_error [TypeError: fetch failed] {
17:25:36.313 [META_GATEWAY_RETRY] client-0 attempt=1 network_error [TypeError: fetch failed] {
17:25:36.314 [META_GATEWAY_RETRY] client-0 attempt=1 network_error [TypeError: fetch failed] {
17:25:36.315 [META_GATEWAY_RETRY] client-0 attempt=1 network_error [TypeError: fetch failed] {
17:25:36.315 [META_GATEWAY_RETRY] client-0 attempt=1 network_error [TypeError: fetch failed] {
17:25:36.315 [META_GATEWAY_RETRY] client-0 attempt=1 network_error [TypeError: fetch failed] {
17:25:36.316 [META_GATEWAY_PENDING_CHECK_FAILED] client-0 [TypeError: fetch failed] {
17:25:36.317 [META_GATEWAY_PENDING_CHECK_FAILED] client-0 [TypeError: fetch failed] {
17:25:36.318 [META_GATEWAY_PENDING_CHECK_FAILED] client-0 [TypeError: fetch failed] {
17:25:36.319 [META_GATEWAY_PENDING_CHECK_FAILED] client-0 [TypeError: fetch failed] {
17:25:36.319 [META_GATEWAY_PENDING_CHECK_FAILED] client-0 [TypeError: fetch failed] {
17:25:36.320 [META_GATEWAY_PENDING_CHECK_FAILED] client-0 [TypeError: fetch failed] {
17:25:36.320 [META_GATEWAY_PENDING_CHECK_FAILED] client-0 [TypeError: fetch failed] {
17:25:36.321 [META_GATEWAY_PENDING_CHECK_FAILED] client-0 [TypeError: fetch failed] {
17:25:36.321 [META_GATEWAY_PENDING_CHECK_FAILED] client-0 [TypeError: fetch failed] {
17:25:36.322 [META_GATEWAY_PENDING_CHECK_FAILED] client-0 [TypeError: fetch failed] {
17:25:36.322 [META_GATEWAY_PENDING_CHECK_FAILED] client-0 [TypeError: fetch failed] {
17:25:36.323 [META_GATEWAY_PENDING_CHECK_FAILED] client-0 [TypeError: fetch failed] {
17:25:36.334 [META_GATEWAY_INBOX_RETRY] a-ldmubin4rt-66 attempt=1 Error: Pending Meta routing incomplete for 1 client(s); refusing unsafe fallback
17:25:36.335 [META_GATEWAY_INBOX_RETRY] a-ldmubin4rt-88 attempt=1 Error: Pending Meta routing incomplete for 1 client(s); refusing unsafe fallback
17:25:36.335 [META_GATEWAY_INBOX_RETRY] a-ldmubin4rt-61 attempt=1 Error: Pending Meta routing incomplete for 1 client(s); refusing unsafe fallback
17:25:36.337 [META_GATEWAY_INBOX_RETRY] a-ldmubin4rt-98 attempt=1 Error: Pending Meta routing incomplete for 1 client(s); refusing unsafe fallback
17:25:36.370 [META_GATEWAY_INBOX_RETRY] a-ldmubin4rt-4 attempt=1 Error: Pending Meta routing incomplete for 1 client(s); refusing unsafe fallback
17:25:36.378 [META_GATEWAY_INBOX_RETRY] a-ldmubin4rt-97 attempt=1 Error: Pending Meta routing incomplete for 1 client(s); refusing unsafe fallback
17:25:36.378 [META_GATEWAY_INBOX_RETRY] a-ldmubin4rt-62 attempt=1 Error: Pending Meta routing incomplete for 1 client(s); refusing unsafe fallback
17:25:36.378 [META_GATEWAY_INBOX_RETRY] a-ldmubin4rt-87 attempt=1 Error: Pending Meta routing incomplete for 1 client(s); refusing unsafe fallback
17:25:36.386 [META_GATEWAY_INBOX_RETRY] a-ldmubin4rt-99 attempt=1 Error: Pending Meta routing incomplete for 1 client(s); refusing unsafe fallback
17:25:36.387 [META_GATEWAY_INBOX_RETRY] a-ldmubin4rt-77 attempt=1 Error: Pending Meta routing incomplete for 1 client(s); refusing unsafe fallback
17:25:36.387 [META_GATEWAY_INBOX_RETRY] a-ldmubin4rt-71 attempt=1 Error: Pending Meta routing incomplete for 1 client(s); refusing unsafe fallback
17:25:36.388 [META_GATEWAY_INBOX_RETRY] a-ldmubin4rt-108 attempt=1 Error: Pending Meta routing incomplete for 1 client(s); refusing unsafe fallback
17:25:36.784 [META_GATEWAY_RETRY] client-0 attempt=1 network_error [TypeError: fetch failed] {
17:25:36.784 [META_GATEWAY_RETRY] client-0 attempt=1 network_error [TypeError: fetch failed] {
17:25:36.785 [META_GATEWAY_RETRY] client-0 attempt=1 network_error [TypeError: fetch failed] {
17:25:36.785 [META_GATEWAY_RETRY] client-0 attempt=1 network_error [TypeError: fetch failed] {
17:25:36.785 [META_GATEWAY_RETRY] client-0 attempt=1 network_error [TypeError: fetch failed] {
17:25:36.786 [META_GATEWAY_RETRY] client-0 attempt=1 network_error [TypeError: fetch failed] {
17:25:36.786 [META_GATEWAY_RETRY] client-0 attempt=1 network_error [TypeError: fetch failed] {
17:25:36.788 [META_GATEWAY_RETRY] client-0 attempt=1 network_error [TypeError: fetch failed] {
17:25:36.788 [META_GATEWAY_RETRY] client-0 attempt=1 network_error [TypeError: fetch failed] {
17:25:36.788 [META_GATEWAY_PENDING_CHECK_FAILED] client-0 [TypeError: fetch failed] {
17:25:36.789 [META_GATEWAY_PENDING_CHECK_FAILED] client-0 [TypeError: fetch failed] {
17:25:36.790 [META_GATEWAY_RETRY] client-0 attempt=1 network_error [TypeError: fetch failed] {
17:25:36.790 [META_GATEWAY_PENDING_CHECK_FAILED] client-0 [TypeError: fetch failed] {
17:25:36.791 [META_GATEWAY_PENDING_CHECK_FAILED] client-0 [TypeError: fetch failed] {
17:25:36.791 [META_GATEWAY_PENDING_CHECK_FAILED] client-0 [TypeError: fetch failed] {
17:25:36.792 [META_GATEWAY_PENDING_CHECK_FAILED] client-0 [TypeError: fetch failed] {
17:25:36.793 [META_GATEWAY_PENDING_CHECK_FAILED] client-0 [TypeError: fetch failed] {
17:25:36.793 [META_GATEWAY_PENDING_CHECK_FAILED] client-0 [TypeError: fetch failed] {
17:25:36.807 [META_GATEWAY_INBOX_RETRY] a-ldmubin4rt-8 attempt=1 Error: Pending Meta routing incomplete for 1 client(s); refusing unsafe fallback
17:25:36.811 [META_GATEWAY_INBOX_RETRY] a-ldmubin4rt-94 attempt=1 Error: Pending Meta routing incomplete for 1 client(s); refusing unsafe fallback
17:25:36.813 [META_GATEWAY_INBOX_RETRY] a-ldmubin4rt-135 attempt=1 Error: Pending Meta routing incomplete for 1 client(s); refusing unsafe fallback
17:25:36.813 [META_GATEWAY_INBOX_RETRY] a-ldmubin4rt-93 attempt=1 Error: Pending Meta routing incomplete for 1 client(s); refusing unsafe fallback
17:25:36.813 [META_GATEWAY_INBOX_RETRY] a-ldmubin4rt-121 attempt=1 Error: Pending Meta routing incomplete for 1 client(s); refusing unsafe fallback
17:25:36.813 [META_GATEWAY_INBOX_RETRY] a-ldmubin4rt-68 attempt=1 Error: Pending Meta routing incomplete for 1 client(s); refusing unsafe fallback
17:25:36.813 [META_GATEWAY_INBOX_RETRY] a-ldmubin4rt-126 attempt=1 Error: Pending Meta routing incomplete for 1 client(s); refusing unsafe fallback
17:25:36.814 [META_GATEWAY_INBOX_RETRY] a-ldmubin4rt-139 attempt=1 Error: Pending Meta routing incomplete for 1 client(s); refusing unsafe fallback
17:25:37.278 [META_GATEWAY_RETRY] client-0 attempt=1 network_error [TypeError: fetch failed] {
17:25:37.278 [META_GATEWAY_RETRY] client-0 attempt=1 network_error [TypeError: fetch failed] {
17:25:37.278 [META_GATEWAY_RETRY] client-0 attempt=1 network_error [TypeError: fetch failed] {
17:25:37.278 [META_GATEWAY_RETRY] client-0 attempt=1 network_error [TypeError: fetch failed] {
17:25:37.279 [META_GATEWAY_RETRY] client-0 attempt=1 network_error [TypeError: fetch failed] {
17:25:37.300 [META_GATEWAY_PENDING_CHECK_FAILED] client-0 [TypeError: fetch failed] {
17:25:37.301 [META_GATEWAY_PENDING_CHECK_FAILED] client-0 [TypeError: fetch failed] {
17:25:37.302 [META_GATEWAY_RETRY] client-0 attempt=1 network_error [TypeError: fetch failed] {
17:25:37.302 [META_GATEWAY_RETRY] client-0 attempt=1 network_error [TypeError: fetch failed] {
17:25:37.302 [META_GATEWAY_PENDING_CHECK_FAILED] client-0 [TypeError: fetch failed] {
17:25:37.304 [META_GATEWAY_PENDING_CHECK_FAILED] client-0 [TypeError: fetch failed] {
17:25:37.327 [META_GATEWAY_INBOX_RETRY] a-ldmubin4rt-108 attempt=2 Error: Pending Meta routing incomplete for 1 client(s); refusing unsafe fallback
17:25:37.329 [META_GATEWAY_INBOX_RETRY] a-ldmubin4rt-88 attempt=2 Error: Pending Meta routing incomplete for 1 client(s); refusing unsafe fallback
17:25:37.330 [META_GATEWAY_INBOX_RETRY] a-ldmubin4rt-142 attempt=1 Error: Pending Meta routing incomplete for 1 client(s); refusing unsafe fallback
17:25:37.330 [META_GATEWAY_INBOX_RETRY] a-ldmubin4rt-136 attempt=1 Error: Pending Meta routing incomplete for 1 client(s); refusing unsafe fallback
17:25:41.140 [client] Shutdown grace period exceeded, forcing exit. undefined
17:25:41.211 [client] EXIT code=1 signal=null
17:25:44.651 [META_ROUTES_CACHE_REFRESH_FAILED] client-0 [TypeError: fetch failed] {