18:00:46.928 [harness] SIGTERM sent
18:00:46.930 [client] SIGTERM received, draining…
18:00:46.931 [client] @@STAGE server.close called 1790013646930
18:00:46.931 [client] @@STAGE at close: {"requestsInFlight":["POST /internal/meta/whatsapp age=2ms"],"n":1}
18:00:46.932 [client] @@STAGE sockets at close: ["remote=::ffff:127.0.0.1:61356 local=59508 bytesRead=6312 idleSinceLastReadOrWrite=?","remote=::ffff:127.0.0.1:61362 local=59508 bytesRead=6056 idleSinceLastReadOrWrite=?","remote=::ffff:127.0.0.1:61363 local=59508 bytesRead=5356 idleSinceLastReadOrWrite=?","remote=::ffff:
18:00:46.948 [META_GATEWAY_RETRY] client-0 attempt=1 network_error [TypeError: fetch failed] {
18:00:46.949 [META_GATEWAY_RETRY] client-0 attempt=1 network_error [TypeError: fetch failed] {
18:00:46.949 [META_GATEWAY_RETRY] client-0 attempt=1 network_error [TypeError: fetch failed] {
18:00:46.967 [META_GATEWAY_RETRY] client-0 attempt=1 network_error [TypeError: fetch failed] {
18:00:46.967 [META_GATEWAY_RETRY] client-0 attempt=1 network_error [TypeError: fetch failed] {
18:00:47.031 [client] @@STAGE server.close done +100ms
18:00:47.045 [META_GATEWAY_RETRY] client-0 attempt=1 network_error [TypeError: fetch failed] {
18:00:47.045 [META_GATEWAY_PENDING_CHECK_FAILED] client-0 [TypeError: fetch failed] {
18:00:47.046 [META_GATEWAY_PENDING_CHECK_FAILED] client-0 [TypeError: fetch failed] {
18:00:47.047 [META_GATEWAY_PENDING_CHECK_FAILED] client-0 [TypeError: fetch failed] {
18:00:47.048 [META_GATEWAY_PENDING_CHECK_FAILED] client-0 [TypeError: fetch failed] {
18:00:47.049 [META_GATEWAY_PENDING_CHECK_FAILED] client-0 [TypeError: fetch failed] {
18:00:47.051 [META_GATEWAY_PENDING_CHECK_FAILED] client-0 [TypeError: fetch failed] {
18:00:47.052 [META_GATEWAY_PENDING_CHECK_FAILED] client-0 [TypeError: fetch failed] {
18:00:47.053 [META_GATEWAY_PENDING_CHECK_FAILED] client-0 [TypeError: fetch failed] {
18:00:47.055 [META_GATEWAY_PENDING_CHECK_FAILED] client-0 [TypeError: fetch failed] {
18:00:47.056 [META_GATEWAY_PENDING_CHECK_FAILED] client-0 [TypeError: fetch failed] {
18:00:47.057 [META_GATEWAY_PENDING_CHECK_FAILED] client-0 [TypeError: fetch failed] {
18:00:47.059 [META_GATEWAY_PENDING_CHECK_FAILED] client-0 [TypeError: fetch failed] {
18:00:47.060 [META_GATEWAY_PENDING_CHECK_FAILED] client-0 [TypeError: fetch failed] {
18:00:47.062 [META_GATEWAY_PENDING_CHECK_FAILED] client-0 [TypeError: fetch failed] {
18:00:47.063 [META_GATEWAY_PENDING_CHECK_FAILED] client-0 [TypeError: fetch failed] {
18:00:47.066 [META_GATEWAY_RETRY] client-0 attempt=1 network_error [TypeError: fetch failed] {
18:00:47.067 [META_GATEWAY_CLEAR_PENDING_FAILED] client-0 [TypeError: fetch failed] {
18:00:47.068 [META_GATEWAY_CLEAR_PENDING_FAILED] client-0 [TypeError: fetch failed] {
18:00:47.068 [META_GATEWAY_RETRY] client-0 attempt=1 network_error [TypeError: fetch failed] {
18:00:47.069 [META_GATEWAY_RETRY] client-0 attempt=1 network_error [TypeError: fetch failed] {
18:00:47.070 [META_GATEWAY_RETRY] client-0 attempt=1 network_error [TypeError: fetch failed] {
18:00:47.070 [META_GATEWAY_RETRY] client-0 attempt=1 network_error [TypeError: fetch failed] {
18:00:47.070 [META_GATEWAY_RETRY] client-0 attempt=1 network_error [TypeError: fetch failed] {
18:00:47.071 [META_GATEWAY_CLEAR_PENDING_FAILED] client-0 [TypeError: fetch failed] {
18:00:47.071 [META_GATEWAY_RETRY] client-0 attempt=1 network_error [TypeError: fetch failed] {
18:00:47.072 [META_GATEWAY_RETRY] client-0 attempt=1 network_error [TypeError: fetch failed] {
18:00:47.072 [META_GATEWAY_CLEAR_PENDING_FAILED] client-0 [TypeError: fetch failed] {
18:00:47.072 [META_GATEWAY_CLEAR_PENDING_FAILED] client-0 [TypeError: fetch failed] {
18:00:47.073 [META_GATEWAY_RETRY] client-0 attempt=1 network_error [TypeError: fetch failed] {
18:00:47.073 [META_GATEWAY_RETRY] client-0 attempt=1 network_error [TypeError: fetch failed] {
18:00:47.090 [META_GATEWAY_INBOX_RETRY] t-ldmubjwf97-129 attempt=1 [TypeError: fetch failed] {
18:00:47.091 [META_GATEWAY_INBOX_RETRY] t-ldmubjwf97-139 attempt=1 [TypeError: fetch failed] {
18:00:47.091 [META_GATEWAY_INBOX_RETRY] t-ldmubjwf97-137 attempt=1 [TypeError: fetch failed] {
18:00:47.106 [META_GATEWAY_INBOX_RETRY] t-ldmubjwf97-138 attempt=1 [TypeError: fetch failed] {
18:00:47.106 [META_GATEWAY_INBOX_RETRY] t-ldmubjwf97-128 attempt=1 [TypeError: fetch failed] {
18:00:47.107 [META_GATEWAY_PENDING_CHECK_FAILED] client-0 [TypeError: fetch failed] {
18:00:47.108 [META_GATEWAY_PENDING_CHECK_FAILED] client-0 [TypeError: fetch failed] {
18:00:47.109 [META_GATEWAY_PENDING_CHECK_FAILED] client-0 [TypeError: fetch failed] {
18:00:47.110 [META_GATEWAY_PENDING_CHECK_FAILED] client-0 [TypeError: fetch failed] {
18:00:47.110 [META_GATEWAY_PENDING_CHECK_FAILED] client-0 [TypeError: fetch failed] {
18:00:47.111 [META_GATEWAY_PENDING_CHECK_FAILED] client-0 [TypeError: fetch failed] {
18:00:47.112 [META_GATEWAY_CLEAR_PENDING_FAILED] client-0 [TypeError: fetch failed] {
18:00:47.113 [META_GATEWAY_RETRY] client-0 attempt=1 network_error [TypeError: fetch failed] {
18:00:47.114 [META_GATEWAY_RETRY] client-0 attempt=1 network_error [TypeError: fetch failed] {
18:00:47.114 [META_GATEWAY_CLEAR_PENDING_FAILED] client-0 [TypeError: fetch failed] {
18:00:47.115 [META_GATEWAY_CLEAR_PENDING_FAILED] client-0 [TypeError: fetch failed] {
18:00:47.115 [META_GATEWAY_RETRY] client-0 attempt=1 network_error [TypeError: fetch failed] {
18:00:47.121 [META_GATEWAY_INBOX_RETRY] t-ldmubjwf97-148 attempt=1 [TypeError: fetch failed] {
18:00:47.121 [META_GATEWAY_INBOX_RETRY] t-ldmubjwf97-147 attempt=1 [TypeError: fetch failed] {
18:00:47.121 [META_GATEWAY_INBOX_RETRY] t-ldmubjwf97-149 attempt=1 [TypeError: fetch failed] {
18:00:47.430 [client] @@STAGE pg pool.end called 1790013647429
18:00:47.457 [META_GATEWAY_RETRY] client-0 attempt=2 network_error [TypeError: fetch failed] {
18:00:47.458 [META_GATEWAY_RETRY] client-0 attempt=2 network_error [TypeError: fetch failed] {
18:00:47.458 [META_GATEWAY_RETRY] client-0 attempt=2 network_error [TypeError: fetch failed] {
18:00:47.473 [META_GATEWAY_RETRY] client-0 attempt=2 network_error [TypeError: fetch failed] {
18:00:47.473 [META_GATEWAY_RETRY] client-0 attempt=2 network_error [TypeError: fetch failed] {
18:00:47.554 [META_GATEWAY_RETRY] client-0 attempt=2 network_error [TypeError: fetch failed] {
18:00:47.570 [META_GATEWAY_RETRY] client-0 attempt=2 network_error [TypeError: fetch failed] {
18:00:47.573 [META_GATEWAY_RETRY] client-0 attempt=2 network_error [TypeError: fetch failed] {
18:00:47.574 [META_GATEWAY_RETRY] client-0 attempt=2 network_error [TypeError: fetch failed] {
18:00:47.574 [META_GATEWAY_RETRY] client-0 attempt=2 network_error [TypeError: fetch failed] {
18:00:47.574 [META_GATEWAY_RETRY] client-0 attempt=2 network_error [TypeError: fetch failed] {
18:00:47.578 [META_GATEWAY_RETRY] client-0 attempt=2 network_error [TypeError: fetch failed] {
18:00:47.578 [META_GATEWAY_RETRY] client-0 attempt=2 network_error [TypeError: fetch failed] {
18:00:47.578 [META_GATEWAY_RETRY] client-0 attempt=2 network_error [TypeError: fetch failed] {
18:00:47.578 [META_GATEWAY_RETRY] client-0 attempt=2 network_error [TypeError: fetch failed] {
18:00:47.579 [META_GATEWAY_RETRY] client-0 attempt=2 network_error [TypeError: fetch failed] {
18:00:47.618 [META_GATEWAY_RETRY] client-0 attempt=2 network_error [TypeError: fetch failed] {
18:00:47.619 [META_GATEWAY_RETRY] client-0 attempt=2 network_error [TypeError: fetch failed] {
18:00:47.622 [META_GATEWAY_RETRY] client-0 attempt=2 network_error [TypeError: fetch failed] {
18:00:48.034 [META_GATEWAY_PENDING_CHECK_FAILED] client-0 [TypeError: fetch failed] {
18:00:48.035 [META_GATEWAY_PENDING_CHECK_FAILED] client-0 [TypeError: fetch failed] {
18:00:48.036 [META_GATEWAY_PENDING_CHECK_FAILED] client-0 [TypeError: fetch failed] {
18:00:48.037 [META_GATEWAY_PENDING_CHECK_FAILED] client-0 [TypeError: fetch failed] {
18:00:48.038 [META_GATEWAY_PENDING_CHECK_FAILED] client-0 [TypeError: fetch failed] {
18:00:48.039 [META_GATEWAY_PENDING_CHECK_FAILED] client-0 [TypeError: fetch failed] {
18:00:48.040 [META_GATEWAY_PENDING_CHECK_FAILED] client-0 [TypeError: fetch failed] {
18:00:48.041 [META_GATEWAY_PENDING_CHECK_FAILED] client-0 [TypeError: fetch failed] {
18:00:48.042 [META_GATEWAY_PENDING_CHECK_FAILED] client-0 [TypeError: fetch failed] {
18:00:48.043 [META_GATEWAY_PENDING_CHECK_FAILED] client-0 [TypeError: fetch failed] {
18:00:48.043 [META_GATEWAY_PENDING_CHECK_FAILED] client-0 [TypeError: fetch failed] {
18:00:48.044 [META_GATEWAY_PENDING_CHECK_FAILED] client-0 [TypeError: fetch failed] {
18:00:48.044 [META_GATEWAY_PENDING_CHECK_FAILED] client-0 [TypeError: fetch failed] {
18:00:48.046 [META_GATEWAY_PENDING_CHECK_FAILED] client-0 [TypeError: fetch failed] {
18:00:48.046 [META_GATEWAY_PENDING_CHECK_FAILED] client-0 [TypeError: fetch failed] {
18:00:48.047 [META_GATEWAY_PENDING_CHECK_FAILED] client-0 [TypeError: fetch failed] {
18:00:48.048 [META_GATEWAY_PENDING_CHECK_FAILED] client-0 [TypeError: fetch failed] {
18:00:48.049 [META_GATEWAY_PENDING_CHECK_FAILED] client-0 [TypeError: fetch failed] {
18:00:48.049 [META_GATEWAY_PENDING_CHECK_FAILED] client-0 [TypeError: fetch failed] {
18:00:48.049 [META_GATEWAY_PENDING_CHECK_FAILED] client-0 [TypeError: fetch failed] {
18:00:48.050 [META_GATEWAY_CLEAR_PENDING_FAILED] client-0 [TypeError: fetch failed] {
18:00:48.051 [META_GATEWAY_CLEAR_PENDING_FAILED] client-0 [TypeError: fetch failed] {
18:00:48.051 [META_GATEWAY_CLEAR_PENDING_FAILED] client-0 [TypeError: fetch failed] {
18:00:48.052 [META_GATEWAY_CLEAR_PENDING_FAILED] client-0 [TypeError: fetch failed] {
18:00:48.052 [META_GATEWAY_CLEAR_PENDING_FAILED] client-0 [TypeError: fetch failed] {
18:00:48.053 [META_GATEWAY_CLEAR_PENDING_FAILED] client-0 [TypeError: fetch failed] {
18:00:48.054 [META_GATEWAY_CLEAR_PENDING_FAILED] client-0 [TypeError: fetch failed] {
18:00:48.055 [META_GATEWAY_CLEAR_PENDING_FAILED] client-0 [TypeError: fetch failed] {
18:00:48.071 [META_GATEWAY_INBOX_RETRY] a-ldmubjwf97-21 attempt=1 Error: Pending Meta routing incomplete for 1 client(s); refusing unsafe fallback
18:00:48.071 [META_GATEWAY_INBOX_RETRY] a-ldmubjwf97-15 attempt=1 Error: Pending Meta routing incomplete for 1 client(s); refusing unsafe fallback
18:00:48.072 [META_GATEWAY_INBOX_RETRY] a-ldmubjwf97-14 attempt=1 Error: Pending Meta routing incomplete for 1 client(s); refusing unsafe fallback
18:00:48.096 [META_GATEWAY_INBOX_RETRY] a-ldmubjwf97-4 attempt=1 Error: Pending Meta routing incomplete for 1 client(s); refusing unsafe fallback
18:00:48.096 [META_GATEWAY_INBOX_RETRY] a-ldmubjwf97-3 attempt=1 Error: Pending Meta routing incomplete for 1 client(s); refusing unsafe fallback
18:00:48.097 [META_GATEWAY_INBOX_RETRY] a-ldmubjwf97-19 attempt=1 Error: Pending Meta routing incomplete for 1 client(s); refusing unsafe fallback
18:00:48.097 [META_GATEWAY_INBOX_RETRY] a-ldmubjwf97-20 attempt=1 Error: Pending Meta routing incomplete for 1 client(s); refusing unsafe fallback
18:00:48.097 [META_GATEWAY_INBOX_RETRY] a-ldmubjwf97-13 attempt=1 Error: Pending Meta routing incomplete for 1 client(s); refusing unsafe fallback
18:00:48.097 [META_GATEWAY_INBOX_RETRY] a-ldmubjwf97-23 attempt=1 Error: Pending Meta routing incomplete for 1 client(s); refusing unsafe fallback
18:00:48.124 [META_GATEWAY_PENDING_CHECK_FAILED] client-0 [TypeError: fetch failed] {
18:00:48.125 [META_GATEWAY_PENDING_CHECK_FAILED] client-0 [TypeError: fetch failed] {
18:00:48.125 [META_GATEWAY_PENDING_CHECK_FAILED] client-0 [TypeError: fetch failed] {
18:00:48.126 [META_GATEWAY_PENDING_CHECK_FAILED] client-0 [TypeError: fetch failed] {
18:00:48.126 [META_GATEWAY_PENDING_CHECK_FAILED] client-0 [TypeError: fetch failed] {
18:00:48.127 [META_GATEWAY_PENDING_CHECK_FAILED] client-0 [TypeError: fetch failed] {
18:00:48.127 [META_GATEWAY_PENDING_CHECK_FAILED] client-0 [TypeError: fetch failed] {
18:00:48.142 [META_GATEWAY_PENDING_CHECK_FAILED] client-0 [TypeError: fetch failed] {
18:00:48.143 [META_GATEWAY_PENDING_CHECK_FAILED] client-0 [TypeError: fetch failed] {
18:00:48.143 [META_GATEWAY_PENDING_CHECK_FAILED] client-0 [TypeError: fetch failed] {
18:00:48.143 [META_GATEWAY_PENDING_CHECK_FAILED] client-0 [TypeError: fetch failed] {
18:00:48.150 [META_GATEWAY_INBOX_RETRY] a-ldmubjwf97-2 attempt=1 Error: Pending Meta routing incomplete for 1 client(s); refusing unsafe fallback
18:00:48.150 [META_GATEWAY_INBOX_RETRY] t-ldmubjwf97-138 attempt=2 [TypeError: fetch failed] {
18:00:48.151 [META_GATEWAY_INBOX_RETRY] t-ldmubjwf97-129 attempt=2 [TypeError: fetch failed] {
18:00:48.151 [META_GATEWAY_INBOX_RETRY] t-ldmubjwf97-137 attempt=2 [TypeError: fetch failed] {
18:00:48.151 [META_GATEWAY_INBOX_RETRY] a-ldmubjwf97-18 attempt=1 Error: Pending Meta routing incomplete for 1 client(s); refusing unsafe fallback
18:00:48.151 [META_GATEWAY_INBOX_RETRY] t-ldmubjwf97-149 attempt=2 [TypeError: fetch failed] {
18:00:48.152 [META_GATEWAY_INBOX_RETRY] t-ldmubjwf97-148 attempt=2 [TypeError: fetch failed] {
18:00:48.152 [META_GATEWAY_INBOX_RETRY] t-ldmubjwf97-128 attempt=2 [TypeError: fetch failed] {
18:00:48.152 [META_GATEWAY_INBOX_RETRY] a-ldmubjwf97-10 attempt=1 Error: Pending Meta routing incomplete for 1 client(s); refusing unsafe fallback
18:00:48.152 [META_GATEWAY_INBOX_RETRY] t-ldmubjwf97-147 attempt=2 [TypeError: fetch failed] {
18:00:48.162 [META_GATEWAY_INBOX_RETRY] a-ldmubjwf97-31 attempt=1 Error: Pending Meta routing incomplete for 1 client(s); refusing unsafe fallback
18:00:48.163 [META_GATEWAY_INBOX_RETRY] a-ldmubjwf97-29 attempt=1 Error: Pending Meta routing incomplete for 1 client(s); refusing unsafe fallback
18:00:48.163 [META_GATEWAY_INBOX_RETRY] a-ldmubjwf97-35 attempt=1 Error: Pending Meta routing incomplete for 1 client(s); refusing unsafe fallback
18:00:48.170 [META_GATEWAY_INBOX_RETRY] a-ldmubjwf97-40 attempt=1 Error: Pending Meta routing incomplete for 1 client(s); refusing unsafe fallback
18:00:48.170 [META_GATEWAY_INBOX_RETRY] t-ldmubjwf97-139 attempt=2 [TypeError: fetch failed] {
18:00:48.170 [META_GATEWAY_INBOX_RETRY] a-ldmubjwf97-30 attempt=1 Error: Pending Meta routing incomplete for 1 client(s); refusing unsafe fallback
18:00:48.170 [META_GATEWAY_INBOX_RETRY] a-ldmubjwf97-26 attempt=1 Error: Pending Meta routing incomplete for 1 client(s); refusing unsafe fallback
18:00:48.178 [META_GATEWAY_INBOX_RETRY] a-ldmubjwf97-25 attempt=1 Error: Pending Meta routing incomplete for 1 client(s); refusing unsafe fallback
18:00:48.178 [META_GATEWAY_INBOX_RETRY] a-ldmubjwf97-34 attempt=1 Error: Pending Meta routing incomplete for 1 client(s); refusing unsafe fallback
18:00:48.179 [META_GATEWAY_PENDING_CHECK_FAILED] client-0 [TypeError: fetch failed] {
18:00:48.180 [META_GATEWAY_PENDING_CHECK_FAILED] client-0 [TypeError: fetch failed] {
18:00:48.180 [META_GATEWAY_PENDING_CHECK_FAILED] client-0 [TypeError: fetch failed] {
18:00:48.184 [META_GATEWAY_INBOX_RETRY] a-ldmubjwf97-24 attempt=1 Error: Pending Meta routing incomplete for 1 client(s); refusing unsafe fallback
18:00:48.185 [META_GATEWAY_INBOX_RETRY] a-ldmubjwf97-36 attempt=1 Error: Pending Meta routing incomplete for 1 client(s); refusing unsafe fallback
18:00:48.185 [META_GATEWAY_INBOX_RETRY] a-ldmubjwf97-39 attempt=1 Error: Pending Meta routing incomplete for 1 client(s); refusing unsafe fallback
18:00:48.187 [META_GATEWAY_INBOX_RETRY] a-ldmubjwf97-42 attempt=1 Error: Pending Meta routing incomplete for 1 client(s); refusing unsafe fallback
18:00:48.199 [META_GATEWAY_INBOX_RETRY] a-ldmubjwf97-44 attempt=1 Error: Pending Meta routing incomplete for 1 client(s); refusing unsafe fallback
18:00:48.199 [META_GATEWAY_INBOX_RETRY] a-ldmubjwf97-41 attempt=1 Error: Pending Meta routing incomplete for 1 client(s); refusing unsafe fallback
18:00:48.212 [META_GATEWAY_PENDING_CHECK_FAILED] client-0 [TypeError: fetch failed] {
18:00:48.213 [META_GATEWAY_PENDING_CHECK_FAILED] client-0 [TypeError: fetch failed] {
18:00:48.213 [META_GATEWAY_PENDING_CHECK_FAILED] client-0 [TypeError: fetch failed] {
18:00:48.214 [META_GATEWAY_PENDING_CHECK_FAILED] client-0 [TypeError: fetch failed] {
18:00:48.214 [META_GATEWAY_PENDING_CHECK_FAILED] client-0 [TypeError: fetch failed] {
18:00:48.215 [META_GATEWAY_PENDING_CHECK_FAILED] client-0 [TypeError: fetch failed] {
18:00:48.222 [META_GATEWAY_INBOX_RETRY] a-ldmubjwf97-46 attempt=1 Error: Pending Meta routing incomplete for 1 client(s); refusing unsafe fallback
18:00:48.222 [META_GATEWAY_INBOX_RETRY] a-ldmubjwf97-50 attempt=1 Error: Pending Meta routing incomplete for 1 client(s); refusing unsafe fallback
18:00:48.222 [META_GATEWAY_INBOX_RETRY] a-ldmubjwf97-45 attempt=1 Error: Pending Meta routing incomplete for 1 client(s); refusing unsafe fallback
18:00:48.222 [META_GATEWAY_INBOX_RETRY] a-ldmubjwf97-47 attempt=1 Error: Pending Meta routing incomplete for 1 client(s); refusing unsafe fallback
18:00:48.222 [META_GATEWAY_INBOX_RETRY] a-ldmubjwf97-52 attempt=1 Error: Pending Meta routing incomplete for 1 client(s); refusing unsafe fallback
18:00:48.223 [META_GATEWAY_INBOX_RETRY] a-ldmubjwf97-51 attempt=1 Error: Pending Meta routing incomplete for 1 client(s); refusing unsafe fallback
18:00:48.549 [META_GATEWAY_PENDING_CHECK_FAILED] client-0 [TypeError: fetch failed] {
18:00:48.551 [META_GATEWAY_PENDING_CHECK_FAILED] client-0 [TypeError: fetch failed] {
18:00:48.553 [META_GATEWAY_PENDING_CHECK_FAILED] client-0 [TypeError: fetch failed] {
18:00:48.555 [META_GATEWAY_PENDING_CHECK_FAILED] client-0 [TypeError: fetch failed] {
18:00:48.555 [META_GATEWAY_PENDING_CHECK_FAILED] client-0 [TypeError: fetch failed] {
18:00:48.555 [META_GATEWAY_PENDING_CHECK_FAILED] client-0 [TypeError: fetch failed] {
18:00:48.556 [META_GATEWAY_PENDING_CHECK_FAILED] client-0 [TypeError: fetch failed] {
18:00:48.556 [META_GATEWAY_PENDING_CHECK_FAILED] client-0 [TypeError: fetch failed] {
18:00:48.557 [META_GATEWAY_PENDING_CHECK_FAILED] client-0 [TypeError: fetch failed] {
18:00:48.557 [META_GATEWAY_PENDING_CHECK_FAILED] client-0 [TypeError: fetch failed] {
18:00:48.558 [META_GATEWAY_PENDING_CHECK_FAILED] client-0 [TypeError: fetch failed] {
18:00:48.559 [META_GATEWAY_PENDING_CHECK_FAILED] client-0 [TypeError: fetch failed] {
18:00:48.560 [META_GATEWAY_PENDING_CHECK_FAILED] client-0 [TypeError: fetch failed] {
18:00:48.561 [META_GATEWAY_PENDING_CHECK_FAILED] client-0 [TypeError: fetch failed] {
18:00:48.562 [META_GATEWAY_PENDING_CHECK_FAILED] client-0 [TypeError: fetch failed] {
18:00:48.563 [META_GATEWAY_PENDING_CHECK_FAILED] client-0 [TypeError: fetch failed] {
18:00:48.564 [META_GATEWAY_PENDING_CHECK_FAILED] client-0 [TypeError: fetch failed] {
18:00:48.565 [META_GATEWAY_PENDING_CHECK_FAILED] client-0 [TypeError: fetch failed] {
18:00:48.566 [META_GATEWAY_PENDING_CHECK_FAILED] client-0 [TypeError: fetch failed] {
18:00:48.623 [client] @@STAGE pg pool.end called 1790013648622
18:00:48.674 [client] EXIT code=0 signal=null
18:00:48.678 [META_GATEWAY_PENDING_CHECK_FAILED] client-0 [TypeError: fetch failed] {
18:00:48.678 [META_GATEWAY_PENDING_CHECK_FAILED] client-0 [TypeError: fetch failed] {
18:00:48.679 [META_GATEWAY_PENDING_CHECK_FAILED] client-0 [TypeError: fetch failed] {
18:00:48.679 [META_GATEWAY_PENDING_CHECK_FAILED] client-0 [TypeError: fetch failed] {
18:00:48.680 [META_GATEWAY_PENDING_CHECK_FAILED] client-0 [TypeError: fetch failed] {
18:00:48.680 [META_GATEWAY_PENDING_CHECK_FAILED] client-0 [TypeError: fetch failed] {
18:00:48.681 [META_GATEWAY_PENDING_CHECK_FAILED] client-0 [TypeError: fetch failed] {
18:00:48.681 [META_GATEWAY_PENDING_CHECK_FAILED] client-0 [TypeError: fetch failed] {
18:00:48.682 [META_GATEWAY_PENDING_CHECK_FAILED] client-0 [TypeError: fetch failed] {
18:00:48.682 [META_GATEWAY_PENDING_CHECK_FAILED] client-0 [TypeError: fetch failed] {
18:00:48.683 [META_GATEWAY_PENDING_CHECK_FAILED] client-0 [TypeError: fetch failed] {
18:00:48.683 [META_GATEWAY_PENDING_CHECK_FAILED] client-0 [TypeError: fetch failed] {
18:00:48.690 [META_GATEWAY_INBOX_RETRY] a-ldmubjwf97-62 attempt=1 Error: Pending Meta routing incomplete for 1 client(s); refusing unsafe fallback
18:00:48.691 [META_GATEWAY_INBOX_RETRY] a-ldmubjwf97-55 attempt=1 Error: Pending Meta routing incomplete for 1 client(s); refusing unsafe fallback
18:00:48.691 [META_GATEWAY_INBOX_RETRY] a-ldmubjwf97-76 attempt=1 Error: Pending Meta routing incomplete for 1 client(s); refusing unsafe fallback
18:00:48.691 [META_GATEWAY_INBOX_RETRY] a-ldmubjwf97-65 attempt=1 Error: Pending Meta routing incomplete for 1 client(s); refusing unsafe fallback
18:00:48.691 [META_GATEWAY_INBOX_RETRY] a-ldmubjwf97-57 attempt=1 Error: Pending Meta routing incomplete for 1 client(s); refusing unsafe fallback
18:00:48.692 [META_GATEWAY_INBOX_RETRY] a-ldmubjwf97-71 attempt=1 Error: Pending Meta routing incomplete for 1 client(s); refusing unsafe fallback
18:00:48.692 [META_GATEWAY_INBOX_RETRY] a-ldmubjwf97-73 attempt=1 Error: Pending Meta routing incomplete for 1 client(s); refusing unsafe fallback
18:00:48.693 [META_GATEWAY_INBOX_RETRY] a-ldmubjwf97-5 attempt=1 Error: Pending Meta routing incomplete for 1 client(s); refusing unsafe fallback
18:00:48.693 [META_GATEWAY_INBOX_RETRY] a-ldmubjwf97-63 attempt=1 Error: Pending Meta routing incomplete for 1 client(s); refusing unsafe fallback
18:00:48.693 [META_GATEWAY_INBOX_RETRY] a-ldmubjwf97-78 attempt=1 Error: Pending Meta routing incomplete for 1 client(s); refusing unsafe fallback
18:00:48.698 [META_GATEWAY_INBOX_RETRY] a-ldmubjwf97-9 attempt=1 Error: Pending Meta routing incomplete for 1 client(s); refusing unsafe fallback
18:00:48.699 [META_GATEWAY_INBOX_RETRY] a-ldmubjwf97-68 attempt=1 Error: Pending Meta routing incomplete for 1 client(s); refusing unsafe fallback
18:00:48.699 [META_GATEWAY_INBOX_RETRY] a-ldmubjwf97-56 attempt=1 Error: Pending Meta routing incomplete for 1 client(s); refusing unsafe fallback
18:00:48.699 [META_GATEWAY_INBOX_RETRY] a-ldmubjwf97-67 attempt=1 Error: Pending Meta routing incomplete for 1 client(s); refusing unsafe fallback
18:00:48.701 [META_GATEWAY_INBOX_RETRY] a-ldmubjwf97-66 attempt=1 Error: Pending Meta routing incomplete for 1 client(s); refusing unsafe fallback
18:00:48.701 [META_GATEWAY_INBOX_RETRY] a-ldmubjwf97-60 attempt=1 Error: Pending Meta routing incomplete for 1 client(s); refusing unsafe fallback
18:00:48.701 [META_GATEWAY_INBOX_RETRY] a-ldmubjwf97-61 attempt=1 Error: Pending Meta routing incomplete for 1 client(s); refusing unsafe fallback
18:00:48.702 [META_GATEWAY_INBOX_RETRY] a-ldmubjwf97-72 attempt=1 Error: Pending Meta routing incomplete for 1 client(s); refusing unsafe fallback
18:00:48.702 [META_GATEWAY_INBOX_RETRY] a-ldmubjwf97-3 attempt=2 Error: Pending Meta routing incomplete for 1 client(s); refusing unsafe fallback
18:00:48.703 [META_GATEWAY_INBOX_RETRY] a-ldmubjwf97-8 attempt=1 Error: Pending Meta routing incomplete for 1 client(s); refusing unsafe fallback
18:00:48.708 [META_GATEWAY_INBOX_RETRY] a-ldmubjwf97-81 attempt=1 Error: Pending Meta routing incomplete for 1 client(s); refusing unsafe fallback
18:00:48.708 [META_GATEWAY_INBOX_RETRY] a-ldmubjwf97-89 attempt=1 Error: Pending Meta routing incomplete for 1 client(s); refusing unsafe fallback
18:00:48.708 [META_GATEWAY_INBOX_RETRY] a-ldmubjwf97-21 attempt=2 Error: Pending Meta routing incomplete for 1 client(s); refusing unsafe fallback
18:00:48.709 [META_GATEWAY_INBOX_RETRY] a-ldmubjwf97-4 attempt=2 Error: Pending Meta routing incomplete for 1 client(s); refusing unsafe fallback
18:00:48.709 [META_GATEWAY_INBOX_RETRY] a-ldmubjwf97-82 attempt=1 Error: Pending Meta routing incomplete for 1 client(s); refusing unsafe fallback
18:00:48.710 [META_GATEWAY_INBOX_RETRY] a-ldmubjwf97-83 attempt=1 Error: Pending Meta routing incomplete for 1 client(s); refusing unsafe fallback
18:00:48.710 [META_GATEWAY_INBOX_RETRY] a-ldmubjwf97-14 attempt=2 Error: Pending Meta routing incomplete for 1 client(s); refusing unsafe fallback
18:00:48.710 [META_GATEWAY_INBOX_RETRY] a-ldmubjwf97-23 attempt=2 Error: Pending Meta routing incomplete for 1 client(s); refusing unsafe fallback
18:00:48.710 [META_GATEWAY_INBOX_RETRY] a-ldmubjwf97-77 attempt=1 Error: Pending Meta routing incomplete for 1 client(s); refusing unsafe fallback
18:00:48.710 [META_GATEWAY_INBOX_RETRY] a-ldmubjwf97-87 attempt=1 Error: Pending Meta routing incomplete for 1 client(s); refusing unsafe fallback
18:00:48.713 [META_GATEWAY_INBOX_RETRY] a-ldmubjwf97-88 attempt=1 Error: Pending Meta routing incomplete for 1 client(s); refusing unsafe fallback
18:00:48.961 [META_GATEWAY_FAILED] client-0 network_error [TypeError: fetch failed] {
18:00:48.962 [META_GATEWAY_FAILED] client-0 network_error [TypeError: fetch failed] {
18:00:48.962 [META_GATEWAY_FAILED] client-0 network_error [TypeError: fetch failed] {
18:00:48.969 [META_GATEWAY_INBOX_RETRY] t-ldmubjwf97-126 attempt=1 [TypeError: fetch failed] {
18:00:48.970 [META_GATEWAY_INBOX_RETRY] t-ldmubjwf97-116 attempt=1 [TypeError: fetch failed] {
18:00:48.970 [META_GATEWAY_INBOX_RETRY] t-ldmubjwf97-125 attempt=1 [TypeError: fetch failed] {
18:00:49.047 [META_GATEWAY_FAILED] client-0 network_error [TypeError: fetch failed] {
18:00:49.048 [META_GATEWAY_FAILED] client-0 network_error [TypeError: fetch failed] {
18:00:49.049 [META_GATEWAY_PENDING_CHECK_FAILED] client-0 [TypeError: fetch failed] {
18:00:49.049 [META_GATEWAY_PENDING_CHECK_FAILED] client-0 [TypeError: fetch failed] {
18:00:49.050 [META_GATEWAY_PENDING_CHECK_FAILED] client-0 [TypeError: fetch failed] {
18:00:49.051 [META_GATEWAY_PENDING_CHECK_FAILED] client-0 [TypeError: fetch failed] {
18:00:49.051 [META_GATEWAY_PENDING_CHECK_FAILED] client-0 [TypeError: fetch failed] {
18:00:49.052 [META_GATEWAY_PENDING_CHECK_FAILED] client-0 [TypeError: fetch failed] {
18:00:49.052 [META_GATEWAY_PENDING_CHECK_FAILED] client-0 [TypeError: fetch failed] {
18:00:49.053 [META_GATEWAY_PENDING_CHECK_FAILED] client-0 [TypeError: fetch failed] {
18:00:49.053 [META_GATEWAY_PENDING_CHECK_FAILED] client-0 [TypeError: fetch failed] {
18:00:49.054 [META_GATEWAY_PENDING_CHECK_FAILED] client-0 [TypeError: fetch failed] {
18:00:49.054 [META_GATEWAY_PENDING_CHECK_FAILED] client-0 [TypeError: fetch failed] {
18:00:49.055 [META_GATEWAY_PENDING_CHECK_FAILED] client-0 [TypeError: fetch failed] {
18:00:49.055 [META_GATEWAY_PENDING_CHECK_FAILED] client-0 [TypeError: fetch failed] {
18:00:49.056 [META_GATEWAY_PENDING_CHECK_FAILED] client-0 [TypeError: fetch failed] {
18:00:49.056 [META_GATEWAY_PENDING_CHECK_FAILED] client-0 [TypeError: fetch failed] {
18:00:49.057 [META_GATEWAY_PENDING_CHECK_FAILED] client-0 [TypeError: fetch failed] {
18:00:49.057 [META_GATEWAY_PENDING_CHECK_FAILED] client-0 [TypeError: fetch failed] {
18:00:49.057 [META_GATEWAY_PENDING_CHECK_FAILED] client-0 [TypeError: fetch failed] {
18:00:49.058 [META_GATEWAY_PENDING_CHECK_FAILED] client-0 [TypeError: fetch failed] {
18:00:49.058 [META_GATEWAY_PENDING_CHECK_FAILED] client-0 [TypeError: fetch failed] {
18:00:49.075 [META_GATEWAY_FAILED] client-0 network_error [TypeError: fetch failed] {
18:00:49.080 [META_GATEWAY_FAILED] client-0 network_error [TypeError: fetch failed] {
18:00:49.081 [META_GATEWAY_FAILED] client-0 network_error [TypeError: fetch failed] {
18:00:49.081 [META_GATEWAY_FAILED] client-0 network_error [TypeError: fetch failed] {
18:00:49.082 [META_GATEWAY_FAILED] client-0 network_error [TypeError: fetch failed] {
18:00:49.082 [META_GATEWAY_FAILED] client-0 network_error [TypeError: fetch failed] {
18:00:49.087 [META_GATEWAY_FAILED] client-0 network_error [TypeError: fetch failed] {
18:00:49.088 [META_GATEWAY_FAILED] client-0 network_error [TypeError: fetch failed] {
18:00:49.089 [META_GATEWAY_FAILED] client-0 network_error [TypeError: fetch failed] {
18:00:49.089 [META_GATEWAY_FAILED] client-0 network_error [TypeError: fetch failed] {
18:00:49.089 [META_GATEWAY_FAILED] client-0 network_error [TypeError: fetch failed] {
18:00:49.115 [META_GATEWAY_INBOX_RETRY] a-ldmubjwf97-13 attempt=2 Error: Pending Meta routing incomplete for 1 client(s); refusing unsafe fallback
18:00:49.115 [META_GATEWAY_INBOX_RETRY] a-ldmubjwf97-42 attempt=2 Error: Pending Meta routing incomplete for 1 client(s); refusing unsafe fallback
18:00:49.115 [META_GATEWAY_INBOX_RETRY] a-ldmubjwf97-44 attempt=2 Error: Pending Meta routing incomplete for 1 client(s); refusing unsafe fallback
18:00:49.116 [META_GATEWAY_INBOX_RETRY] t-ldmubjwf97-115 attempt=1 [TypeError: fetch failed] {
18:00:49.116 [META_GATEWAY_INBOX_RETRY] a-ldmubjwf97-15 attempt=2 Error: Pending Meta routing incomplete for 1 client(s); refusing unsafe fallback
18:00:49.116 [META_GATEWAY_INBOX_RETRY] a-ldmubjwf97-35 attempt=2 Error: Pending Meta routing incomplete for 1 client(s); refusing unsafe fallback
18:00:49.116 [META_GATEWAY_INBOX_RETRY] a-ldmubjwf97-18 attempt=2 Error: Pending Meta routing incomplete for 1 client(s); refusing unsafe fallback
18:00:49.116 [META_GATEWAY_INBOX_RETRY] a-ldmubjwf97-20 attempt=2 Error: Pending Meta routing incomplete for 1 client(s); refusing unsafe fallback
18:00:49.117 [META_GATEWAY_INBOX_RETRY] t-ldmubjwf97-124 attempt=1 [TypeError: fetch failed] {
18:00:49.149 [META_GATEWAY_PENDING_CHECK_FAILED] client-0 [TypeError: fetch failed] {
18:00:49.150 [META_GATEWAY_PENDING_CHECK_FAILED] client-0 [TypeError: fetch failed] {
18:00:49.150 [META_GATEWAY_PENDING_CHECK_FAILED] client-0 [TypeError: fetch failed] {
18:00:49.151 [META_GATEWAY_PENDING_CHECK_FAILED] client-0 [TypeError: fetch failed] {
18:00:49.151 [META_GATEWAY_PENDING_CHECK_FAILED] client-0 [TypeError: fetch failed] {
18:00:49.151 [META_GATEWAY_PENDING_CHECK_FAILED] client-0 [TypeError: fetch failed] {
18:00:49.152 [META_GATEWAY_PENDING_CHECK_FAILED] client-0 [TypeError: fetch failed] {
18:00:49.152 [META_GATEWAY_PENDING_CHECK_FAILED] client-0 [TypeError: fetch failed] {
18:00:49.153 [META_GATEWAY_PENDING_CHECK_FAILED] client-0 [TypeError: fetch failed] {
18:00:49.153 [META_GATEWAY_PENDING_CHECK_FAILED] client-0 [TypeError: fetch failed] {
18:00:49.153 [META_GATEWAY_PENDING_CHECK_FAILED] client-0 [TypeError: fetch failed] {
18:00:49.154 [META_GATEWAY_PENDING_CHECK_FAILED] client-0 [TypeError: fetch failed] {
18:00:49.154 [META_GATEWAY_PENDING_CHECK_FAILED] client-0 [TypeError: fetch failed] {
18:00:49.155 [META_GATEWAY_PENDING_CHECK_FAILED] client-0 [TypeError: fetch failed] {
18:00:49.156 [META_GATEWAY_FAILED] client-0 network_error [TypeError: fetch failed] {
18:00:49.157 [META_GATEWAY_FAILED] client-0 network_error [TypeError: fetch failed] {
18:00:49.157 [META_GATEWAY_FAILED] client-0 network_error [TypeError: fetch failed] {
18:00:49.163 [META_GATEWAY_INBOX_RETRY] a-ldmubjwf97-34 attempt=2 Error: Pending Meta routing incomplete for 1 client(s); refusing unsafe fallback
18:00:49.163 [META_GATEWAY_INBOX_RETRY] a-ldmubjwf97-29 attempt=2 Error: Pending Meta routing incomplete for 1 client(s); refusing unsafe fallback
18:00:49.163 [META_GATEWAY_INBOX_RETRY] a-ldmubjwf97-2 attempt=2 Error: Pending Meta routing incomplete for 1 client(s); refusing unsafe fallback
18:00:49.163 [META_GATEWAY_INBOX_RETRY] a-ldmubjwf97-40 attempt=2 Error: Pending Meta routing incomplete for 1 client(s); refusing unsafe fallback
18:00:49.163 [META_GATEWAY_INBOX_RETRY] a-ldmubjwf97-25 attempt=2 Error: Pending Meta routing incomplete for 1 client(s); refusing unsafe fallback
18:00:49.164 [META_GATEWAY_INBOX_RETRY] a-ldmubjwf97-10 attempt=2 Error: Pending Meta routing incomplete for 1 client(s); refusing unsafe fallback
18:00:49.164 [META_GATEWAY_INBOX_RETRY] a-ldmubjwf97-31 attempt=2 Error: Pending Meta routing incomplete for 1 client(s); refusing unsafe fallback
18:00:49.164 [META_GATEWAY_INBOX_RETRY] a-ldmubjwf97-19 attempt=2 Error: Pending Meta routing incomplete for 1 client(s); refusing unsafe fallback
18:00:49.164 [META_GATEWAY_INBOX_RETRY] a-ldmubjwf97-36 attempt=2 Error: Pending Meta routing incomplete for 1 client(s); refusing unsafe fallback
18:00:49.165 [META_GATEWAY_INBOX_RETRY] a-ldmubjwf97-26 attempt=2 Error: Pending Meta routing incomplete for 1 client(s); refusing unsafe fallback
18:00:49.171 [META_GATEWAY_INBOX_RETRY] a-ldmubjwf97-39 attempt=2 Error: Pending Meta routing incomplete for 1 client(s); refusing unsafe fallback
18:00:49.171 [META_GATEWAY_INBOX_RETRY] a-ldmubjwf97-30 attempt=2 Error: Pending Meta routing incomplete for 1 client(s); refusing unsafe fallback
18:00:49.171 [META_GATEWAY_INBOX_RETRY] t-ldmubjwf97-132 attempt=1 [TypeError: fetch failed] {
18:00:49.172 [META_GATEWAY_INBOX_RETRY] t-ldmubjwf97-133 attempt=1 [TypeError: fetch failed] {
18:00:49.172 [META_GATEWAY_INBOX_RETRY] a-ldmubjwf97-24 attempt=2 Error: Pending Meta routing incomplete for 1 client(s); refusing unsafe fallback
18:00:49.172 [META_GATEWAY_INBOX_RETRY] t-ldmubjwf97-142 attempt=1 [TypeError: fetch failed] {
18:00:49.172 [META_GATEWAY_INBOX_RETRY] t-ldmubjwf97-140 attempt=1 [TypeError: fetch failed] {
18:00:49.173 [META_GATEWAY_INBOX_RETRY] t-ldmubjwf97-135 attempt=1 [TypeError: fetch failed] {
18:00:49.173 [META_GATEWAY_INBOX_RETRY] t-ldmubjwf97-130 attempt=1 [TypeError: fetch failed] {
18:00:49.174 [META_GATEWAY_INBOX_RETRY] t-ldmubjwf97-136 attempt=1 [TypeError: fetch failed] {
18:00:49.179 [META_GATEWAY_INBOX_RETRY] t-ldmubjwf97-134 attempt=1 [TypeError: fetch failed] {
18:00:49.180 [META_GATEWAY_INBOX_RETRY] t-ldmubjwf97-143 attempt=1 [TypeError: fetch failed] {
18:00:49.180 [META_GATEWAY_INBOX_RETRY] t-ldmubjwf97-131 attempt=1 [TypeError: fetch failed] {
18:00:49.180 [META_GATEWAY_INBOX_RETRY] a-ldmubjwf97-50 attempt=2 Error: Pending Meta routing incomplete for 1 client(s); refusing unsafe fallback
18:00:49.180 [META_GATEWAY_INBOX_RETRY] a-ldmubjwf97-46 attempt=2 Error: Pending Meta routing incomplete for 1 client(s); refusing unsafe fallback
18:00:49.181 [META_GATEWAY_INBOX_RETRY] t-ldmubjwf97-141 attempt=1 [TypeError: fetch failed] {
18:00:49.181 [META_GATEWAY_INBOX_RETRY] a-ldmubjwf97-45 attempt=2 Error: Pending Meta routing incomplete for 1 client(s); refusing unsafe fallback
18:00:49.182 [META_GATEWAY_INBOX_RETRY] a-ldmubjwf97-47 attempt=2 Error: Pending Meta routing incomplete for 1 client(s); refusing unsafe fallback
18:00:49.182 [META_GATEWAY_INBOX_RETRY] a-ldmubjwf97-41 attempt=2 Error: Pending Meta routing incomplete for 1 client(s); refusing unsafe fallback
18:00:49.182 [META_GATEWAY_INBOX_RETRY] a-ldmubjwf97-98 attempt=1 Error: Pending Meta routing incomplete for 1 client(s); refusing unsafe fallback
18:00:49.188 [META_GATEWAY_INBOX_RETRY] a-ldmubjwf97-52 attempt=2 Error: Pending Meta routing incomplete for 1 client(s); refusing unsafe fallback
18:00:49.188 [META_GATEWAY_INBOX_RETRY] a-ldmubjwf97-93 attempt=1 Error: Pending Meta routing incomplete for 1 client(s); refusing unsafe fallback
18:00:49.188 [META_GATEWAY_INBOX_RETRY] a-ldmubjwf97-51 attempt=2 Error: Pending Meta routing incomplete for 1 client(s); refusing unsafe fallback
18:00:49.188 [META_GATEWAY_INBOX_RETRY] a-ldmubjwf97-94 attempt=1 Error: Pending Meta routing incomplete for 1 client(s); refusing unsafe fallback
18:00:49.189 [META_GATEWAY_INBOX_RETRY] a-ldmubjwf97-99 attempt=1 Error: Pending Meta routing incomplete for 1 client(s); refusing unsafe fallback
18:00:49.189 [META_GATEWAY_INBOX_RETRY] a-ldmubjwf97-97 attempt=1 Error: Pending Meta routing incomplete for 1 client(s); refusing unsafe fallback
18:00:49.189 [META_GATEWAY_INBOX_RETRY] a-ldmubjwf97-92 attempt=1 Error: Pending Meta routing incomplete for 1 client(s); refusing unsafe fallback
18:00:49.189 [META_GATEWAY_INBOX_RETRY] t-ldmubjwf97-146 attempt=1 [TypeError: fetch failed] {
18:00:49.189 [META_GATEWAY_INBOX_RETRY] a-ldmubjwf97-84 attempt=1 Error: Pending Meta routing incomplete for 1 client(s); refusing unsafe fallback
18:00:49.189 [META_GATEWAY_INBOX_RETRY] t-ldmubjwf97-144 attempt=1 [TypeError: fetch failed] {
18:00:49.193 [META_GATEWAY_INBOX_RETRY] t-ldmubjwf97-145 attempt=1 [TypeError: fetch failed] {
18:00:49.677 [META_GATEWAY_PENDING_CHECK_FAILED] client-0 [TypeError: fetch failed] {
18:00:49.678 [META_GATEWAY_PENDING_CHECK_FAILED] client-0 [TypeError: fetch failed] {
18:00:49.679 [META_GATEWAY_PENDING_CHECK_FAILED] client-0 [TypeError: fetch failed] {
18:00:49.680 [META_GATEWAY_PENDING_CHECK_FAILED] client-0 [TypeError: fetch failed] {
18:00:49.681 [META_GATEWAY_PENDING_CHECK_FAILED] client-0 [TypeError: fetch failed] {
18:00:49.682 [META_GATEWAY_PENDING_CHECK_FAILED] client-0 [TypeError: fetch failed] {
18:00:49.683 [META_GATEWAY_PENDING_CHECK_FAILED] client-0 [TypeError: fetch failed] {
18:00:49.683 [META_GATEWAY_PENDING_CHECK_FAILED] client-0 [TypeError: fetch failed] {
18:00:49.684 [META_GATEWAY_PENDING_CHECK_FAILED] client-0 [TypeError: fetch failed] {
18:00:49.685 [META_GATEWAY_PENDING_CHECK_FAILED] client-0 [TypeError: fetch failed] {
18:00:49.686 [META_GATEWAY_PENDING_CHECK_FAILED] client-0 [TypeError: fetch failed] {
18:00:49.687 [META_GATEWAY_PENDING_CHECK_FAILED] client-0 [TypeError: fetch failed] {
18:00:49.688 [META_GATEWAY_PENDING_CHECK_FAILED] client-0 [TypeError: fetch failed] {
18:00:49.689 [META_GATEWAY_PENDING_CHECK_FAILED] client-0 [TypeError: fetch failed] {
18:00:49.689 [META_GATEWAY_PENDING_CHECK_FAILED] client-0 [TypeError: fetch failed] {
18:00:49.690 [META_GATEWAY_PENDING_CHECK_FAILED] client-0 [TypeError: fetch failed] {
18:00:49.690 [META_GATEWAY_PENDING_CHECK_FAILED] client-0 [TypeError: fetch failed] {
18:00:49.691 [META_GATEWAY_PENDING_CHECK_FAILED] client-0 [TypeError: fetch failed] {
18:00:49.691 [META_GATEWAY_PENDING_CHECK_FAILED] client-0 [TypeError: fetch failed] {
18:00:49.692 [META_GATEWAY_PENDING_CHECK_FAILED] client-0 [TypeError: fetch failed] {
18:00:49.692 [META_GATEWAY_CLEAR_PENDING_FAILED] client-0 [TypeError: fetch failed] {
18:00:49.693 [META_GATEWAY_CLEAR_PENDING_FAILED] client-0 [TypeError: fetch failed] {
18:00:49.693 [META_GATEWAY_CLEAR_PENDING_FAILED] client-0 [TypeError: fetch failed] {
18:00:49.694 [META_GATEWAY_CLEAR_PENDING_FAILED] client-0 [TypeError: fetch failed] {
18:00:49.695 [META_GATEWAY_CLEAR_PENDING_FAILED] client-0 [TypeError: fetch failed] {
18:00:49.696 [META_GATEWAY_CLEAR_PENDING_FAILED] client-0 [TypeError: fetch failed] {
18:00:49.708 [META_GATEWAY_INBOX_RETRY] a-ldmubjwf97-113 attempt=1 Error: Pending Meta routing incomplete for 1 client(s); refusing unsafe fallback
18:00:49.751 [META_GATEWAY_INBOX_RETRY] a-ldmubjwf97-102 attempt=1 Error: Pending Meta routing incomplete for 1 client(s); refusing unsafe fallback
18:00:49.751 [META_GATEWAY_INBOX_RETRY] a-ldmubjwf97-114 attempt=1 Error: Pending Meta routing incomplete for 1 client(s); refusing unsafe fallback
18:00:49.752 [META_GATEWAY_INBOX_RETRY] a-ldmubjwf97-118 attempt=1 Error: Pending Meta routing incomplete for 1 client(s); refusing unsafe fallback
18:00:49.752 [META_GATEWAY_INBOX_RETRY] a-ldmubjwf97-120 attempt=1 Error: Pending Meta routing incomplete for 1 client(s); refusing unsafe fallback
18:00:49.752 [META_GATEWAY_INBOX_RETRY] a-ldmubjwf97-103 attempt=1 Error: Pending Meta routing incomplete for 1 client(s); refusing unsafe fallback
18:00:49.752 [META_GATEWAY_INBOX_RETRY] a-ldmubjwf97-119 attempt=1 Error: Pending Meta routing incomplete for 1 client(s); refusing unsafe fallback
18:00:49.759 [META_GATEWAY_INBOX_RETRY] a-ldmubjwf97-109 attempt=1 Error: Pending Meta routing incomplete for 1 client(s); refusing unsafe fallback
18:00:49.803 [META_GATEWAY_INBOX_RETRY] a-ldmubjwf97-110 attempt=1 Error: Pending Meta routing incomplete for 1 client(s); refusing unsafe fallback
18:00:49.803 [META_GATEWAY_PENDING_CHECK_FAILED] client-0 [TypeError: fetch failed] {
18:00:49.805 [META_GATEWAY_PENDING_CHECK_FAILED] client-0 [TypeError: fetch failed] {
18:00:49.807 [META_GATEWAY_PENDING_CHECK_FAILED] client-0 [TypeError: fetch failed] {
18:00:49.807 [META_GATEWAY_PENDING_CHECK_FAILED] client-0 [TypeError: fetch failed] {
18:00:49.808 [META_GATEWAY_PENDING_CHECK_FAILED] client-0 [TypeError: fetch failed] {
18:00:49.808 [META_GATEWAY_PENDING_CHECK_FAILED] client-0 [TypeError: fetch failed] {
18:00:49.808 [META_GATEWAY_PENDING_CHECK_FAILED] client-0 [TypeError: fetch failed] {
18:00:49.809 [META_GATEWAY_PENDING_CHECK_FAILED] client-0 [TypeError: fetch failed] {
18:00:49.809 [META_GATEWAY_PENDING_CHECK_FAILED] client-0 [TypeError: fetch failed] {
18:00:49.810 [META_GATEWAY_PENDING_CHECK_FAILED] client-0 [TypeError: fetch failed] {
18:00:49.810 [META_GATEWAY_PENDING_CHECK_FAILED] client-0 [TypeError: fetch failed] {
18:00:49.810 [META_GATEWAY_PENDING_CHECK_FAILED] client-0 [TypeError: fetch failed] {
18:00:49.811 [META_GATEWAY_PENDING_CHECK_FAILED] client-0 [TypeError: fetch failed] {
18:00:49.811 [META_GATEWAY_PENDING_CHECK_FAILED] client-0 [TypeError: fetch failed] {
18:00:49.812 [META_GATEWAY_PENDING_CHECK_FAILED] client-0 [TypeError: fetch failed] {
18:00:49.812 [META_GATEWAY_PENDING_CHECK_FAILED] client-0 [TypeError: fetch failed] {
18:00:49.813 [META_GATEWAY_PENDING_CHECK_FAILED] client-0 [TypeError: fetch failed] {
18:00:49.813 [META_GATEWAY_PENDING_CHECK_FAILED] client-0 [TypeError: fetch failed] {
18:00:49.814 [META_GATEWAY_PENDING_CHECK_FAILED] client-0 [TypeError: fetch failed] {
18:00:49.814 [META_GATEWAY_PENDING_CHECK_FAILED] client-0 [TypeError: fetch failed] {
18:00:49.817 [META_GATEWAY_CLEAR_PENDING_FAILED] client-0 [TypeError: fetch failed] {
18:00:49.817 [META_GATEWAY_CLEAR_PENDING_FAILED] client-0 [TypeError: fetch failed] {
18:00:49.823 [META_GATEWAY_INBOX_RETRY] a-ldmubjwf97-104 attempt=1 Error: Pending Meta routing incomplete for 1 client(s); refusing unsafe fallback
18:00:49.824 [META_GATEWAY_INBOX_RETRY] a-ldmubjwf97-121 attempt=1 Error: Pending Meta routing incomplete for 1 client(s); refusing unsafe fallback
18:00:49.824 [META_GATEWAY_INBOX_RETRY] t-ldmubjwf97-129 attempt=3 [TypeError: fetch failed] {