18:03:29.490 [harness] SIGTERM sent
18:03:29.514 [client] SIGTERM received, draining…
18:03:29.514 [client] @@STAGE server.close called 1790013809514
18:03:29.514 [client] @@STAGE at close: {"requestsInFlight":["POST /internal/meta/whatsapp age=233ms","POST /internal/meta/whatsapp age=232ms","POST /internal/meta/whatsapp age=229ms","POST /internal/meta/whatsapp age=225ms","POST /internal/meta/whatsapp age=223ms","POST /internal/meta/whatsapp age=220ms","POST /internal
18:03:29.515 [client] @@STAGE sockets at close: ["remote=::ffff:127.0.0.1:58703 local=57247 bytesRead=1268 idleSinceLastReadOrWrite=?","remote=::ffff:127.0.0.1:58709 local=57247 bytesRead=1706 idleSinceLastReadOrWrite=?","remote=::ffff:127.0.0.1:58710 local=57247 bytesRead=1707 idleSinceLastReadOrWrite=?","remote=::ffff:
18:03:29.588 [META_GATEWAY_PENDING_CHECK_FAILED] client-0 [TypeError: fetch failed] {
18:03:29.590 [META_GATEWAY_PENDING_CHECK_FAILED] client-0 [TypeError: fetch failed] {
18:03:29.592 [META_GATEWAY_PENDING_CHECK_FAILED] client-0 [TypeError: fetch failed] {
18:03:29.593 [META_GATEWAY_PENDING_CHECK_FAILED] client-0 [TypeError: fetch failed] {
18:03:29.595 [META_GATEWAY_PENDING_CHECK_FAILED] client-0 [TypeError: fetch failed] {
18:03:29.602 [META_GATEWAY_RETRY] client-0 attempt=1 network_error [TypeError: fetch failed] {
18:03:29.602 [META_GATEWAY_RETRY] client-0 attempt=1 network_error [TypeError: fetch failed] {
18:03:29.603 [META_GATEWAY_CLEAR_PENDING_FAILED] client-0 [TypeError: fetch failed] {
18:03:29.604 [META_GATEWAY_RETRY] client-0 attempt=1 network_error [TypeError: fetch failed] {
18:03:29.605 [META_GATEWAY_RETRY] client-0 attempt=1 network_error [TypeError: fetch failed] {
18:03:29.605 [META_GATEWAY_RETRY] client-0 attempt=1 network_error [TypeError: fetch failed] {
18:03:29.606 [META_GATEWAY_RETRY] client-0 attempt=1 network_error [TypeError: fetch failed] {
18:03:29.615 [client] @@STAGE server.close done +100ms
18:03:29.670 [META_GATEWAY_INBOX_RETRY] t-ldmubjzxor-47 attempt=1 [TypeError: fetch failed] {
18:03:30.158 [client] @@STAGE pg pool.end called 1790013810157
18:03:30.200 [META_GATEWAY_RETRY] client-0 attempt=2 network_error [TypeError: fetch failed] {
18:03:30.200 [META_GATEWAY_RETRY] client-0 attempt=2 network_error [TypeError: fetch failed] {
18:03:30.201 [META_GATEWAY_RETRY] client-0 attempt=2 network_error [TypeError: fetch failed] {
18:03:30.201 [META_GATEWAY_RETRY] client-0 attempt=2 network_error [TypeError: fetch failed] {
18:03:30.201 [META_GATEWAY_RETRY] client-0 attempt=2 network_error [TypeError: fetch failed] {
18:03:30.202 [META_GATEWAY_RETRY] client-0 attempt=2 network_error [TypeError: fetch failed] {
18:03:30.204 [META_GATEWAY_PENDING_CHECK_FAILED] client-0 [TypeError: fetch failed] {
18:03:30.206 [META_GATEWAY_PENDING_CHECK_FAILED] client-0 [TypeError: fetch failed] {
18:03:30.207 [META_GATEWAY_PENDING_CHECK_FAILED] client-0 [TypeError: fetch failed] {
18:03:30.208 [META_GATEWAY_PENDING_CHECK_FAILED] client-0 [TypeError: fetch failed] {
18:03:30.209 [META_GATEWAY_PENDING_CHECK_FAILED] client-0 [TypeError: fetch failed] {
18:03:30.211 [META_GATEWAY_PENDING_CHECK_FAILED] client-0 [TypeError: fetch failed] {
18:03:30.212 [META_GATEWAY_PENDING_CHECK_FAILED] client-0 [TypeError: fetch failed] {
18:03:30.213 [META_GATEWAY_PENDING_CHECK_FAILED] client-0 [TypeError: fetch failed] {
18:03:30.214 [META_GATEWAY_PENDING_CHECK_FAILED] client-0 [TypeError: fetch failed] {
18:03:30.215 [META_GATEWAY_PENDING_CHECK_FAILED] client-0 [TypeError: fetch failed] {
18:03:30.216 [META_GATEWAY_PENDING_CHECK_FAILED] client-0 [TypeError: fetch failed] {
18:03:30.217 [META_GATEWAY_PENDING_CHECK_FAILED] client-0 [TypeError: fetch failed] {
18:03:30.218 [META_GATEWAY_PENDING_CHECK_FAILED] client-0 [TypeError: fetch failed] {
18:03:30.219 [META_GATEWAY_PENDING_CHECK_FAILED] client-0 [TypeError: fetch failed] {
18:03:30.220 [META_GATEWAY_PENDING_CHECK_FAILED] client-0 [TypeError: fetch failed] {
18:03:30.221 [META_GATEWAY_PENDING_CHECK_FAILED] client-0 [TypeError: fetch failed] {
18:03:30.222 [META_GATEWAY_PENDING_CHECK_FAILED] client-0 [TypeError: fetch failed] {
18:03:30.223 [META_GATEWAY_PENDING_CHECK_FAILED] client-0 [TypeError: fetch failed] {
18:03:30.224 [META_GATEWAY_PENDING_CHECK_FAILED] client-0 [TypeError: fetch failed] {
18:03:30.226 [META_GATEWAY_PENDING_CHECK_FAILED] client-0 [TypeError: fetch failed] {
18:03:30.227 [META_GATEWAY_RETRY] client-0 attempt=1 network_error [TypeError: fetch failed] {
18:03:30.227 [META_GATEWAY_RETRY] client-0 attempt=1 network_error [TypeError: fetch failed] {
18:03:30.228 [META_GATEWAY_CLEAR_PENDING_FAILED] client-0 [TypeError: fetch failed] {
18:03:30.229 [META_GATEWAY_RETRY] client-0 attempt=1 network_error [TypeError: fetch failed] {
18:03:30.229 [META_GATEWAY_RETRY] client-0 attempt=1 network_error [TypeError: fetch failed] {
18:03:30.229 [META_GATEWAY_CLEAR_PENDING_FAILED] client-0 [TypeError: fetch failed] {
18:03:30.230 [META_GATEWAY_RETRY] client-0 attempt=1 network_error [TypeError: fetch failed] {
18:03:30.230 [META_GATEWAY_RETRY] client-0 attempt=1 network_error [TypeError: fetch failed] {
18:03:30.231 [META_GATEWAY_RETRY] client-0 attempt=1 network_error [TypeError: fetch failed] {
18:03:30.231 [META_GATEWAY_RETRY] client-0 attempt=1 network_error [TypeError: fetch failed] {
18:03:30.231 [META_GATEWAY_CLEAR_PENDING_FAILED] client-0 [TypeError: fetch failed] {
18:03:30.232 [META_GATEWAY_RETRY] client-0 attempt=1 network_error [TypeError: fetch failed] {
18:03:30.232 [META_GATEWAY_RETRY] client-0 attempt=1 network_error [TypeError: fetch failed] {
18:03:30.233 [META_GATEWAY_CLEAR_PENDING_FAILED] client-0 [TypeError: fetch failed] {
18:03:30.233 [META_GATEWAY_RETRY] client-0 attempt=1 network_error [TypeError: fetch failed] {
18:03:30.234 [META_GATEWAY_CLEAR_PENDING_FAILED] client-0 [TypeError: fetch failed] {
18:03:30.234 [META_GATEWAY_RETRY] client-0 attempt=1 network_error [TypeError: fetch failed] {
18:03:30.235 [META_GATEWAY_RETRY] client-0 attempt=1 network_error [TypeError: fetch failed] {
18:03:30.235 [META_GATEWAY_CLEAR_PENDING_FAILED] client-0 [TypeError: fetch failed] {
18:03:30.236 [client] @@STAGE pg pool.end called 1790013810235
18:03:30.236 [META_GATEWAY_CLEAR_PENDING_FAILED] client-0 [TypeError: fetch failed] {
18:03:30.247 [META_GATEWAY_INBOX_RETRY] t-ldmubjzxor-58 attempt=1 [TypeError: fetch failed] {
18:03:30.247 [META_GATEWAY_INBOX_RETRY] t-ldmubjzxor-68 attempt=1 [TypeError: fetch failed] {
18:03:30.248 [META_GATEWAY_INBOX_RETRY] t-ldmubjzxor-69 attempt=1 [TypeError: fetch failed] {
18:03:30.248 [META_GATEWAY_INBOX_RETRY] t-ldmubjzxor-67 attempt=1 [TypeError: fetch failed] {
18:03:30.248 [META_GATEWAY_INBOX_RETRY] t-ldmubjzxor-57 attempt=1 [TypeError: fetch failed] {
18:03:30.248 [META_GATEWAY_INBOX_RETRY] t-ldmubjzxor-8 attempt=1 [TypeError: fetch failed] {
18:03:30.279 [client] EXIT code=0 signal=null
18:03:30.295 [META_GATEWAY_INBOX_RETRY] t-ldmubjzxor-59 attempt=1 [TypeError: fetch failed] {
18:03:30.349 [META_GATEWAY_PENDING_CHECK_FAILED] client-0 [TypeError: fetch failed] {
18:03:30.350 [META_GATEWAY_PENDING_CHECK_FAILED] client-0 [TypeError: fetch failed] {
18:03:30.351 [META_GATEWAY_PENDING_CHECK_FAILED] client-0 [TypeError: fetch failed] {
18:03:30.352 [META_GATEWAY_PENDING_CHECK_FAILED] client-0 [TypeError: fetch failed] {
18:03:30.353 [META_GATEWAY_PENDING_CHECK_FAILED] client-0 [TypeError: fetch failed] {
18:03:30.354 [META_GATEWAY_PENDING_CHECK_FAILED] client-0 [TypeError: fetch failed] {
18:03:30.355 [META_GATEWAY_PENDING_CHECK_FAILED] client-0 [TypeError: fetch failed] {
18:03:30.356 [META_GATEWAY_PENDING_CHECK_FAILED] client-0 [TypeError: fetch failed] {
18:03:30.358 [META_GATEWAY_PENDING_CHECK_FAILED] client-0 [TypeError: fetch failed] {
18:03:30.358 [META_GATEWAY_PENDING_CHECK_FAILED] client-0 [TypeError: fetch failed] {
18:03:30.359 [META_GATEWAY_PENDING_CHECK_FAILED] client-0 [TypeError: fetch failed] {
18:03:30.360 [META_GATEWAY_PENDING_CHECK_FAILED] client-0 [TypeError: fetch failed] {
18:03:30.362 [META_GATEWAY_PENDING_CHECK_FAILED] client-0 [TypeError: fetch failed] {
18:03:30.363 [META_GATEWAY_PENDING_CHECK_FAILED] client-0 [TypeError: fetch failed] {
18:03:30.363 [META_GATEWAY_PENDING_CHECK_FAILED] client-0 [TypeError: fetch failed] {
18:03:30.365 [META_GATEWAY_PENDING_CHECK_FAILED] client-0 [TypeError: fetch failed] {
18:03:30.366 [META_GATEWAY_PENDING_CHECK_FAILED] client-0 [TypeError: fetch failed] {
18:03:30.367 [META_GATEWAY_PENDING_CHECK_FAILED] client-0 [TypeError: fetch failed] {
18:03:30.368 [META_GATEWAY_PENDING_CHECK_FAILED] client-0 [TypeError: fetch failed] {
18:03:30.369 [META_GATEWAY_PENDING_CHECK_FAILED] client-0 [TypeError: fetch failed] {
18:03:30.370 [META_GATEWAY_RETRY] client-0 attempt=1 network_error [TypeError: fetch failed] {
18:03:30.371 [META_GATEWAY_RETRY] client-0 attempt=1 network_error [TypeError: fetch failed] {
18:03:30.371 [META_GATEWAY_RETRY] client-0 attempt=1 network_error [TypeError: fetch failed] {
18:03:30.372 [META_GATEWAY_RETRY] client-0 attempt=1 network_error [TypeError: fetch failed] {
18:03:30.372 [META_GATEWAY_CLEAR_PENDING_FAILED] client-0 [TypeError: fetch failed] {
18:03:30.373 [META_GATEWAY_RETRY] client-0 attempt=1 network_error [TypeError: fetch failed] {
18:03:30.373 [META_GATEWAY_CLEAR_PENDING_FAILED] client-0 [TypeError: fetch failed] {
18:03:30.374 [META_GATEWAY_CLEAR_PENDING_FAILED] client-0 [TypeError: fetch failed] {
18:03:30.374 [META_GATEWAY_RETRY] client-0 attempt=1 network_error [TypeError: fetch failed] {
18:03:30.375 [META_GATEWAY_RETRY] client-0 attempt=1 network_error [TypeError: fetch failed] {
18:03:30.375 [META_GATEWAY_RETRY] client-0 attempt=1 network_error [TypeError: fetch failed] {
18:03:30.376 [META_GATEWAY_RETRY] client-0 attempt=1 network_error [TypeError: fetch failed] {
18:03:30.376 [META_GATEWAY_RETRY] client-0 attempt=1 network_error [TypeError: fetch failed] {
18:03:30.376 [META_GATEWAY_RETRY] client-0 attempt=1 network_error [TypeError: fetch failed] {
18:03:30.377 [META_GATEWAY_CLEAR_PENDING_FAILED] client-0 [TypeError: fetch failed] {
18:03:30.377 [META_GATEWAY_CLEAR_PENDING_FAILED] client-0 [TypeError: fetch failed] {
18:03:30.378 [META_GATEWAY_CLEAR_PENDING_FAILED] client-0 [TypeError: fetch failed] {
18:03:30.379 [META_GATEWAY_RETRY] client-0 attempt=1 network_error [TypeError: fetch failed] {
18:03:30.379 [META_GATEWAY_CLEAR_PENDING_FAILED] client-0 [TypeError: fetch failed] {
18:03:30.380 [META_GATEWAY_CLEAR_PENDING_FAILED] client-0 [TypeError: fetch failed] {
18:03:30.416 [META_GATEWAY_INBOX_RETRY] t-ldmubjzxor-77 attempt=1 [TypeError: fetch failed] {
18:03:30.416 [META_GATEWAY_INBOX_RETRY] t-ldmubjzxor-88 attempt=1 [TypeError: fetch failed] {
18:03:30.416 [META_GATEWAY_INBOX_RETRY] t-ldmubjzxor-78 attempt=1 [TypeError: fetch failed] {
18:03:30.416 [META_GATEWAY_INBOX_RETRY] t-ldmubjzxor-7 attempt=1 [TypeError: fetch failed] {
18:03:30.416 [META_GATEWAY_INBOX_RETRY] t-ldmubjzxor-9 attempt=1 [TypeError: fetch failed] {
18:03:30.416 [META_GATEWAY_INBOX_RETRY] t-ldmubjzxor-89 attempt=1 [TypeError: fetch failed] {
18:03:30.416 [META_GATEWAY_INBOX_RETRY] t-ldmubjzxor-79 attempt=1 [TypeError: fetch failed] {
18:03:30.416 [META_GATEWAY_INBOX_RETRY] t-ldmubjzxor-87 attempt=1 [TypeError: fetch failed] {
18:03:30.438 [META_GATEWAY_PENDING_CHECK_FAILED] client-0 [TypeError: fetch failed] {
18:03:30.439 [META_GATEWAY_PENDING_CHECK_FAILED] client-0 [TypeError: fetch failed] {
18:03:30.441 [META_GATEWAY_PENDING_CHECK_FAILED] client-0 [TypeError: fetch failed] {
18:03:30.442 [META_GATEWAY_PENDING_CHECK_FAILED] client-0 [TypeError: fetch failed] {
18:03:30.442 [META_GATEWAY_PENDING_CHECK_FAILED] client-0 [TypeError: fetch failed] {
18:03:30.443 [META_GATEWAY_PENDING_CHECK_FAILED] client-0 [TypeError: fetch failed] {
18:03:30.445 [META_GATEWAY_PENDING_CHECK_FAILED] client-0 [TypeError: fetch failed] {
18:03:30.446 [META_GATEWAY_PENDING_CHECK_FAILED] client-0 [TypeError: fetch failed] {
18:03:30.447 [META_GATEWAY_PENDING_CHECK_FAILED] client-0 [TypeError: fetch failed] {
18:03:30.448 [META_GATEWAY_PENDING_CHECK_FAILED] client-0 [TypeError: fetch failed] {
18:03:30.449 [META_GATEWAY_CLEAR_PENDING_FAILED] client-0 [TypeError: fetch failed] {
18:03:30.450 [META_GATEWAY_RETRY] client-0 attempt=1 network_error [TypeError: fetch failed] {
18:03:30.450 [META_GATEWAY_RETRY] client-0 attempt=1 network_error [TypeError: fetch failed] {
18:03:30.450 [META_GATEWAY_RETRY] client-0 attempt=1 network_error [TypeError: fetch failed] {
18:03:30.451 [META_GATEWAY_CLEAR_PENDING_FAILED] client-0 [TypeError: fetch failed] {
18:03:30.451 [META_GATEWAY_RETRY] client-0 attempt=1 network_error [TypeError: fetch failed] {
18:03:30.452 [META_GATEWAY_CLEAR_PENDING_FAILED] client-0 [TypeError: fetch failed] {
18:03:30.452 [META_GATEWAY_RETRY] client-0 attempt=1 network_error [TypeError: fetch failed] {
18:03:30.452 [META_GATEWAY_RETRY] client-0 attempt=1 network_error [TypeError: fetch failed] {
18:03:30.453 [META_GATEWAY_RETRY] client-0 attempt=1 network_error [TypeError: fetch failed] {
18:03:30.462 [META_GATEWAY_INBOX_RETRY] t-ldmubjzxor-98 attempt=1 [TypeError: fetch failed] {
18:03:30.463 [META_GATEWAY_INBOX_RETRY] t-ldmubjzxor-99 attempt=1 [TypeError: fetch failed] {
18:03:30.466 [META_GATEWAY_INBOX_RETRY] t-ldmubjzxor-97 attempt=1 [TypeError: fetch failed] {
18:03:30.467 [META_GATEWAY_PENDING_CHECK_FAILED] client-0 [TypeError: fetch failed] {
18:03:30.468 [META_GATEWAY_RETRY] client-0 attempt=1 network_error [TypeError: fetch failed] {
18:03:30.536 [META_GATEWAY_PENDING_CHECK_FAILED] client-0 [TypeError: fetch failed] {
18:03:30.537 [META_GATEWAY_PENDING_CHECK_FAILED] client-0 [TypeError: fetch failed] {
18:03:30.538 [META_GATEWAY_PENDING_CHECK_FAILED] client-0 [TypeError: fetch failed] {
18:03:30.539 [META_GATEWAY_PENDING_CHECK_FAILED] client-0 [TypeError: fetch failed] {
18:03:30.541 [META_GATEWAY_PENDING_CHECK_FAILED] client-0 [TypeError: fetch failed] {
18:03:30.542 [META_GATEWAY_PENDING_CHECK_FAILED] client-0 [TypeError: fetch failed] {
18:03:30.543 [META_GATEWAY_PENDING_CHECK_FAILED] client-0 [TypeError: fetch failed] {
18:03:30.544 [META_GATEWAY_PENDING_CHECK_FAILED] client-0 [TypeError: fetch failed] {
18:03:30.545 [META_GATEWAY_CLEAR_PENDING_FAILED] client-0 [TypeError: fetch failed] {
18:03:30.546 [META_GATEWAY_RETRY] client-0 attempt=1 network_error [TypeError: fetch failed] {
18:03:30.546 [META_GATEWAY_RETRY] client-0 attempt=1 network_error [TypeError: fetch failed] {
18:03:30.546 [META_GATEWAY_RETRY] client-0 attempt=1 network_error [TypeError: fetch failed] {
18:03:30.547 [META_GATEWAY_CLEAR_PENDING_FAILED] client-0 [TypeError: fetch failed] {
18:03:30.547 [META_GATEWAY_RETRY] client-0 attempt=1 network_error [TypeError: fetch failed] {
18:03:30.548 [META_GATEWAY_RETRY] client-0 attempt=1 network_error [TypeError: fetch failed] {
18:03:30.548 [META_GATEWAY_RETRY] client-0 attempt=1 network_error [TypeError: fetch failed] {
18:03:30.553 [META_GATEWAY_INBOX_RETRY] t-ldmubjzxor-108 attempt=1 [TypeError: fetch failed] {
18:03:30.553 [META_GATEWAY_INBOX_RETRY] t-ldmubjzxor-107 attempt=1 [TypeError: fetch failed] {
18:03:30.568 [META_GATEWAY_PENDING_CHECK_FAILED] client-0 [TypeError: fetch failed] {
18:03:30.569 [META_GATEWAY_PENDING_CHECK_FAILED] client-0 [TypeError: fetch failed] {
18:03:30.570 [META_GATEWAY_PENDING_CHECK_FAILED] client-0 [TypeError: fetch failed] {
18:03:30.572 [META_GATEWAY_RETRY] client-0 attempt=1 network_error [TypeError: fetch failed] {
18:03:30.572 [META_GATEWAY_RETRY] client-0 attempt=1 network_error [TypeError: fetch failed] {
18:03:30.572 [META_GATEWAY_CLEAR_PENDING_FAILED] client-0 [TypeError: fetch failed] {
18:03:30.586 [META_GATEWAY_INBOX_RETRY] t-ldmubjzxor-109 attempt=1 [TypeError: fetch failed] {
18:03:30.588 [META_GATEWAY_PENDING_CHECK_FAILED] client-0 [TypeError: fetch failed] {
18:03:30.590 [META_GATEWAY_PENDING_CHECK_FAILED] client-0 [TypeError: fetch failed] {
18:03:30.591 [META_GATEWAY_RETRY] client-0 attempt=1 network_error [TypeError: fetch failed] {
18:03:30.591 [META_GATEWAY_RETRY] client-0 attempt=1 network_error [TypeError: fetch failed] {
18:03:30.744 [META_GATEWAY_RETRY] client-0 attempt=2 network_error [TypeError: fetch failed] {
18:03:30.745 [META_GATEWAY_RETRY] client-0 attempt=2 network_error [TypeError: fetch failed] {
18:03:30.745 [META_GATEWAY_RETRY] client-0 attempt=2 network_error [TypeError: fetch failed] {
18:03:30.745 [META_GATEWAY_RETRY] client-0 attempt=2 network_error [TypeError: fetch failed] {
18:03:30.746 [META_GATEWAY_RETRY] client-0 attempt=2 network_error [TypeError: fetch failed] {
18:03:30.746 [META_GATEWAY_RETRY] client-0 attempt=2 network_error [TypeError: fetch failed] {
18:03:30.747 [META_GATEWAY_RETRY] client-0 attempt=2 network_error [TypeError: fetch failed] {
18:03:30.747 [META_GATEWAY_RETRY] client-0 attempt=2 network_error [TypeError: fetch failed] {
18:03:30.747 [META_GATEWAY_RETRY] client-0 attempt=2 network_error [TypeError: fetch failed] {
18:03:30.748 [META_GATEWAY_RETRY] client-0 attempt=2 network_error [TypeError: fetch failed] {
18:03:30.748 [META_GATEWAY_RETRY] client-0 attempt=2 network_error [TypeError: fetch failed] {
18:03:30.748 [META_GATEWAY_RETRY] client-0 attempt=2 network_error [TypeError: fetch failed] {
18:03:30.749 [META_GATEWAY_RETRY] client-0 attempt=2 network_error [TypeError: fetch failed] {
18:03:30.883 [META_GATEWAY_RETRY] client-0 attempt=2 network_error [TypeError: fetch failed] {
18:03:30.883 [META_GATEWAY_RETRY] client-0 attempt=2 network_error [TypeError: fetch failed] {
18:03:30.884 [META_GATEWAY_RETRY] client-0 attempt=2 network_error [TypeError: fetch failed] {
18:03:30.884 [META_GATEWAY_RETRY] client-0 attempt=2 network_error [TypeError: fetch failed] {
18:03:30.884 [META_GATEWAY_RETRY] client-0 attempt=2 network_error [TypeError: fetch failed] {
18:03:30.885 [META_GATEWAY_RETRY] client-0 attempt=2 network_error [TypeError: fetch failed] {
18:03:30.885 [META_GATEWAY_RETRY] client-0 attempt=2 network_error [TypeError: fetch failed] {
18:03:30.885 [META_GATEWAY_RETRY] client-0 attempt=2 network_error [TypeError: fetch failed] {
18:03:30.886 [META_GATEWAY_RETRY] client-0 attempt=2 network_error [TypeError: fetch failed] {
18:03:30.886 [META_GATEWAY_RETRY] client-0 attempt=2 network_error [TypeError: fetch failed] {
18:03:30.888 [META_GATEWAY_RETRY] client-0 attempt=2 network_error [TypeError: fetch failed] {
18:03:30.889 [META_GATEWAY_RETRY] client-0 attempt=2 network_error [TypeError: fetch failed] {
18:03:30.961 [META_GATEWAY_RETRY] client-0 attempt=2 network_error [TypeError: fetch failed] {
18:03:30.961 [META_GATEWAY_RETRY] client-0 attempt=2 network_error [TypeError: fetch failed] {
18:03:30.961 [META_GATEWAY_RETRY] client-0 attempt=2 network_error [TypeError: fetch failed] {
18:03:30.961 [META_GATEWAY_RETRY] client-0 attempt=2 network_error [TypeError: fetch failed] {
18:03:30.962 [META_GATEWAY_RETRY] client-0 attempt=2 network_error [TypeError: fetch failed] {
18:03:30.962 [META_GATEWAY_RETRY] client-0 attempt=2 network_error [TypeError: fetch failed] {
18:03:30.963 [META_GATEWAY_RETRY] client-0 attempt=2 network_error [TypeError: fetch failed] {
18:03:30.972 [META_GATEWAY_RETRY] client-0 attempt=2 network_error [TypeError: fetch failed] {
18:03:31.051 [META_GATEWAY_RETRY] client-0 attempt=2 network_error [TypeError: fetch failed] {
18:03:31.052 [META_GATEWAY_RETRY] client-0 attempt=2 network_error [TypeError: fetch failed] {
18:03:31.052 [META_GATEWAY_RETRY] client-0 attempt=2 network_error [TypeError: fetch failed] {
18:03:31.052 [META_GATEWAY_RETRY] client-0 attempt=2 network_error [TypeError: fetch failed] {
18:03:31.054 [META_GATEWAY_RETRY] client-0 attempt=2 network_error [TypeError: fetch failed] {
18:03:31.054 [META_GATEWAY_RETRY] client-0 attempt=2 network_error [TypeError: fetch failed] {
18:03:31.082 [META_GATEWAY_RETRY] client-0 attempt=2 network_error [TypeError: fetch failed] {
18:03:31.082 [META_GATEWAY_RETRY] client-0 attempt=2 network_error [TypeError: fetch failed] {
18:03:31.096 [META_GATEWAY_RETRY] client-0 attempt=2 network_error [TypeError: fetch failed] {
18:03:31.097 [META_GATEWAY_RETRY] client-0 attempt=2 network_error [TypeError: fetch failed] {
18:03:31.097 [META_GATEWAY_PENDING_CHECK_FAILED] client-0 [TypeError: fetch failed] {
18:03:31.098 [META_GATEWAY_RETRY] client-0 attempt=1 network_error [TypeError: fetch failed] {
18:03:31.611 [META_GATEWAY_RETRY] client-0 attempt=2 network_error [TypeError: fetch failed] {
18:03:31.710 [META_GATEWAY_FAILED] client-0 network_error [TypeError: fetch failed] {
18:03:31.711 [META_GATEWAY_FAILED] client-0 network_error [TypeError: fetch failed] {
18:03:31.711 [META_GATEWAY_FAILED] client-0 network_error [TypeError: fetch failed] {
18:03:31.712 [META_GATEWAY_FAILED] client-0 network_error [TypeError: fetch failed] {
18:03:31.712 [META_GATEWAY_FAILED] client-0 network_error [TypeError: fetch failed] {
18:03:31.713 [META_GATEWAY_FAILED] client-0 network_error [TypeError: fetch failed] {
18:03:31.726 [META_GATEWAY_INBOX_RETRY] t-ldmubjzxor-5 attempt=1 [TypeError: fetch failed] {
18:03:31.727 [META_GATEWAY_INBOX_RETRY] t-ldmubjzxor-3 attempt=1 [TypeError: fetch failed] {
18:03:31.727 [META_GATEWAY_INBOX_RETRY] t-ldmubjzxor-51 attempt=1 [TypeError: fetch failed] {
18:03:31.727 [META_GATEWAY_INBOX_RETRY] t-ldmubjzxor-46 attempt=1 [TypeError: fetch failed] {
18:03:31.727 [META_GATEWAY_INBOX_RETRY] t-ldmubjzxor-6 attempt=1 [TypeError: fetch failed] {
18:03:31.727 [META_GATEWAY_INBOX_RETRY] t-ldmubjzxor-52 attempt=1 [TypeError: fetch failed] {
18:03:32.153 [META_GATEWAY_PENDING_CHECK_FAILED] client-0 [TypeError: fetch failed] {
18:03:32.157 [META_GATEWAY_PENDING_CHECK_FAILED] client-0 [TypeError: fetch failed] {
18:03:32.159 [META_GATEWAY_PENDING_CHECK_FAILED] client-0 [TypeError: fetch failed] {
18:03:32.161 [META_GATEWAY_PENDING_CHECK_FAILED] client-0 [TypeError: fetch failed] {
18:03:32.163 [META_GATEWAY_PENDING_CHECK_FAILED] client-0 [TypeError: fetch failed] {
18:03:32.184 [META_GATEWAY_PENDING_CHECK_FAILED] client-0 [TypeError: fetch failed] {
18:03:32.194 [META_GATEWAY_RETRY] client-0 attempt=1 network_error [TypeError: fetch failed] {
18:03:32.195 [META_GATEWAY_CLEAR_PENDING_FAILED] client-0 [TypeError: fetch failed] {
18:03:32.197 [META_GATEWAY_CLEAR_PENDING_FAILED] client-0 [TypeError: fetch failed] {
18:03:32.199 [META_GATEWAY_RETRY] client-0 attempt=1 network_error [TypeError: fetch failed] {
18:03:32.200 [META_GATEWAY_RETRY] client-0 attempt=1 network_error [TypeError: fetch failed] {
18:03:32.201 [META_GATEWAY_CLEAR_PENDING_FAILED] client-0 [TypeError: fetch failed] {
18:03:32.218 [META_GATEWAY_INBOX_RETRY] t-ldmubjzxor-118 attempt=1 [TypeError: fetch failed] {
18:03:32.218 [META_GATEWAY_INBOX_RETRY] t-ldmubjzxor-119 attempt=1 [TypeError: fetch failed] {
18:03:32.218 [META_GATEWAY_INBOX_RETRY] t-ldmubjzxor-117 attempt=1 [TypeError: fetch failed] {
18:03:32.272 [META_GATEWAY_FAILED] client-0 network_error [TypeError: fetch failed] {
18:03:32.274 [META_GATEWAY_FAILED] client-0 network_error [TypeError: fetch failed] {
18:03:32.275 [META_GATEWAY_FAILED] client-0 network_error [TypeError: fetch failed] {
18:03:32.276 [META_GATEWAY_FAILED] client-0 network_error [TypeError: fetch failed] {
18:03:32.276 [META_GATEWAY_FAILED] client-0 network_error [TypeError: fetch failed] {
18:03:32.277 [META_GATEWAY_FAILED] client-0 network_error [TypeError: fetch failed] {
18:03:32.277 [META_GATEWAY_FAILED] client-0 network_error [TypeError: fetch failed] {
18:03:32.278 [META_GATEWAY_FAILED] client-0 network_error [TypeError: fetch failed] {
18:03:32.278 [META_GATEWAY_FAILED] client-0 network_error [TypeError: fetch failed] {
18:03:32.279 [META_GATEWAY_FAILED] client-0 network_error [TypeError: fetch failed] {
18:03:32.279 [META_GATEWAY_FAILED] client-0 network_error [TypeError: fetch failed] {
18:03:32.280 [META_GATEWAY_FAILED] client-0 network_error [TypeError: fetch failed] {
18:03:32.280 [META_GATEWAY_FAILED] client-0 network_error [TypeError: fetch failed] {
18:03:32.289 [META_GATEWAY_INBOX_RETRY] t-ldmubjzxor-55 attempt=1 [TypeError: fetch failed] {
18:03:32.290 [META_GATEWAY_INBOX_RETRY] t-ldmubjzxor-56 attempt=1 [TypeError: fetch failed] {
18:03:32.290 [META_GATEWAY_INBOX_RETRY] t-ldmubjzxor-62 attempt=1 [TypeError: fetch failed] {
18:03:32.290 [META_GATEWAY_INBOX_RETRY] t-ldmubjzxor-54 attempt=1 [TypeError: fetch failed] {
18:03:32.290 [META_GATEWAY_INBOX_RETRY] t-ldmubjzxor-61 attempt=1 [TypeError: fetch failed] {
18:03:32.290 [META_GATEWAY_INBOX_RETRY] t-ldmubjzxor-53 attempt=1 [TypeError: fetch failed] {
18:03:32.290 [META_GATEWAY_INBOX_RETRY] t-ldmubjzxor-63 attempt=1 [TypeError: fetch failed] {
18:03:32.291 [META_GATEWAY_INBOX_RETRY] t-ldmubjzxor-70 attempt=1 [TypeError: fetch failed] {
18:03:32.291 [META_GATEWAY_INBOX_RETRY] t-ldmubjzxor-71 attempt=1 [TypeError: fetch failed] {
18:03:32.291 [META_GATEWAY_INBOX_RETRY] t-ldmubjzxor-64 attempt=1 [TypeError: fetch failed] {
18:03:32.295 [META_GATEWAY_INBOX_RETRY] t-ldmubjzxor-65 attempt=1 [TypeError: fetch failed] {
18:03:32.295 [META_GATEWAY_INBOX_RETRY] t-ldmubjzxor-66 attempt=1 [TypeError: fetch failed] {
18:03:32.295 [META_GATEWAY_INBOX_RETRY] t-ldmubjzxor-60 attempt=1 [TypeError: fetch failed] {
18:03:32.402 [META_GATEWAY_FAILED] client-0 network_error [TypeError: fetch failed] {
18:03:32.403 [META_GATEWAY_FAILED] client-0 network_error [TypeError: fetch failed] {
18:03:32.403 [META_GATEWAY_FAILED] client-0 network_error [TypeError: fetch failed] {
18:03:32.404 [META_GATEWAY_FAILED] client-0 network_error [TypeError: fetch failed] {
18:03:32.405 [META_GATEWAY_FAILED] client-0 network_error [TypeError: fetch failed] {
18:03:32.405 [META_GATEWAY_FAILED] client-0 network_error [TypeError: fetch failed] {
18:03:32.406 [META_GATEWAY_FAILED] client-0 network_error [TypeError: fetch failed] {
18:03:32.406 [META_GATEWAY_FAILED] client-0 network_error [TypeError: fetch failed] {
18:03:32.407 [META_GATEWAY_FAILED] client-0 network_error [TypeError: fetch failed] {
18:03:32.407 [META_GATEWAY_FAILED] client-0 network_error [TypeError: fetch failed] {
18:03:32.408 [META_GATEWAY_FAILED] client-0 network_error [TypeError: fetch failed] {
18:03:32.408 [META_GATEWAY_FAILED] client-0 network_error [TypeError: fetch failed] {
18:03:32.417 [META_GATEWAY_INBOX_RETRY] t-ldmubjzxor-76 attempt=1 [TypeError: fetch failed] {
18:03:32.418 [META_GATEWAY_INBOX_RETRY] t-ldmubjzxor-85 attempt=1 [TypeError: fetch failed] {
18:03:32.418 [META_GATEWAY_INBOX_RETRY] t-ldmubjzxor-72 attempt=1 [TypeError: fetch failed] {
18:03:32.418 [META_GATEWAY_INBOX_RETRY] t-ldmubjzxor-86 attempt=1 [TypeError: fetch failed] {
18:03:32.418 [META_GATEWAY_INBOX_RETRY] t-ldmubjzxor-81 attempt=1 [TypeError: fetch failed] {
18:03:32.418 [META_GATEWAY_INBOX_RETRY] t-ldmubjzxor-84 attempt=1 [TypeError: fetch failed] {
18:03:32.418 [META_GATEWAY_INBOX_RETRY] t-ldmubjzxor-75 attempt=1 [TypeError: fetch failed] {
18:03:32.418 [META_GATEWAY_INBOX_RETRY] t-ldmubjzxor-80 attempt=1 [TypeError: fetch failed] {
18:03:32.418 [META_GATEWAY_INBOX_RETRY] t-ldmubjzxor-74 attempt=1 [TypeError: fetch failed] {
18:03:32.419 [META_GATEWAY_INBOX_RETRY] t-ldmubjzxor-73 attempt=1 [TypeError: fetch failed] {
18:03:32.422 [META_GATEWAY_INBOX_RETRY] t-ldmubjzxor-82 attempt=1 [TypeError: fetch failed] {
18:03:32.423 [META_GATEWAY_INBOX_RETRY] t-ldmubjzxor-83 attempt=1 [TypeError: fetch failed] {
18:03:32.481 [META_GATEWAY_FAILED] client-0 network_error [TypeError: fetch failed] {
18:03:32.482 [META_GATEWAY_FAILED] client-0 network_error [TypeError: fetch failed] {
18:03:32.483 [META_GATEWAY_FAILED] client-0 network_error [TypeError: fetch failed] {
18:03:32.483 [META_GATEWAY_FAILED] client-0 network_error [TypeError: fetch failed] {
18:03:32.484 [META_GATEWAY_FAILED] client-0 network_error [TypeError: fetch failed] {
18:03:32.485 [META_GATEWAY_FAILED] client-0 network_error [TypeError: fetch failed] {
18:03:32.486 [META_GATEWAY_FAILED] client-0 network_error [TypeError: fetch failed] {
18:03:32.486 [META_GATEWAY_FAILED] client-0 network_error [TypeError: fetch failed] {
18:03:32.515 [META_GATEWAY_INBOX_RETRY] t-ldmubjzxor-91 attempt=1 [TypeError: fetch failed] {
18:03:32.516 [META_GATEWAY_INBOX_RETRY] t-ldmubjzxor-92 attempt=1 [TypeError: fetch failed] {
18:03:32.516 [META_GATEWAY_INBOX_RETRY] t-ldmubjzxor-90 attempt=1 [TypeError: fetch failed] {
18:03:32.516 [META_GATEWAY_INBOX_RETRY] t-ldmubjzxor-94 attempt=1 [TypeError: fetch failed] {
18:03:32.516 [META_GATEWAY_INBOX_RETRY] t-ldmubjzxor-93 attempt=1 [TypeError: fetch failed] {
18:03:32.517 [META_GATEWAY_INBOX_RETRY] t-ldmubjzxor-95 attempt=1 [TypeError: fetch failed] {
18:03:32.517 [META_GATEWAY_INBOX_RETRY] t-ldmubjzxor-96 attempt=1 [TypeError: fetch failed] {
18:03:32.517 [META_GATEWAY_INBOX_RETRY] t-ldmubjzxor-100 attempt=1 [TypeError: fetch failed] {
18:03:32.556 [META_GATEWAY_FAILED] client-0 network_error [TypeError: fetch failed] {
18:03:32.557 [META_GATEWAY_FAILED] client-0 network_error [TypeError: fetch failed] {
18:03:32.557 [META_GATEWAY_FAILED] client-0 network_error [TypeError: fetch failed] {
18:03:32.558 [META_GATEWAY_FAILED] client-0 network_error [TypeError: fetch failed] {
18:03:32.560 [META_GATEWAY_FAILED] client-0 network_error [TypeError: fetch failed] {
18:03:32.561 [META_GATEWAY_FAILED] client-0 network_error [TypeError: fetch failed] {
18:03:32.566 [META_GATEWAY_INBOX_RETRY] t-ldmubjzxor-102 attempt=1 [TypeError: fetch failed] {
18:03:32.566 [META_GATEWAY_INBOX_RETRY] t-ldmubjzxor-104 attempt=1 [TypeError: fetch failed] {
18:03:32.566 [META_GATEWAY_INBOX_RETRY] t-ldmubjzxor-103 attempt=1 [TypeError: fetch failed] {
18:03:32.566 [META_GATEWAY_INBOX_RETRY] t-ldmubjzxor-101 attempt=1 [TypeError: fetch failed] {
18:03:32.567 [META_GATEWAY_INBOX_RETRY] t-ldmubjzxor-105 attempt=1 [TypeError: fetch failed] {
18:03:32.567 [META_GATEWAY_INBOX_RETRY] t-ldmubjzxor-106 attempt=1 [TypeError: fetch failed] {
18:03:32.586 [META_GATEWAY_FAILED] client-0 network_error [TypeError: fetch failed] {
18:03:32.586 [META_GATEWAY_FAILED] client-0 network_error [TypeError: fetch failed] {
18:03:32.591 [META_GATEWAY_INBOX_RETRY] t-ldmubjzxor-111 attempt=1 [TypeError: fetch failed] {
18:03:32.591 [META_GATEWAY_INBOX_RETRY] t-ldmubjzxor-110 attempt=1 [TypeError: fetch failed] {
18:03:32.602 [META_GATEWAY_FAILED] client-0 network_error [TypeError: fetch failed] {
18:03:32.602 [META_GATEWAY_FAILED] client-0 network_error [TypeError: fetch failed] {
18:03:32.608 [META_GATEWAY_INBOX_RETRY] t-ldmubjzxor-112 attempt=1 [TypeError: fetch failed] {
18:03:32.608 [META_GATEWAY_INBOX_RETRY] t-ldmubjzxor-113 attempt=1 [TypeError: fetch failed] {
18:03:32.694 [META_GATEWAY_PENDING_CHECK_FAILED] client-0 [TypeError: fetch failed] {
18:03:32.695 [META_GATEWAY_PENDING_CHECK_FAILED] client-0 [TypeError: fetch failed] {
18:03:32.696 [META_GATEWAY_PENDING_CHECK_FAILED] client-0 [TypeError: fetch failed] {
18:03:32.697 [META_GATEWAY_PENDING_CHECK_FAILED] client-0 [TypeError: fetch failed] {
18:03:32.698 [META_GATEWAY_PENDING_CHECK_FAILED] client-0 [TypeError: fetch failed] {
18:03:32.699 [META_GATEWAY_PENDING_CHECK_FAILED] client-0 [TypeError: fetch failed] {
18:03:32.700 [META_GATEWAY_PENDING_CHECK_FAILED] client-0 [TypeError: fetch failed] {
18:03:32.701 [META_GATEWAY_PENDING_CHECK_FAILED] client-0 [TypeError: fetch failed] {
18:03:32.702 [META_GATEWAY_PENDING_CHECK_FAILED] client-0 [TypeError: fetch failed] {
18:03:32.703 [META_GATEWAY_PENDING_CHECK_FAILED] client-0 [TypeError: fetch failed] {
18:03:32.704 [META_GATEWAY_PENDING_CHECK_FAILED] client-0 [TypeError: fetch failed] {
18:03:32.705 [META_GATEWAY_PENDING_CHECK_FAILED] client-0 [TypeError: fetch failed] {
18:03:32.706 [META_GATEWAY_PENDING_CHECK_FAILED] client-0 [TypeError: fetch failed] {
18:03:32.707 [META_GATEWAY_PENDING_CHECK_FAILED] client-0 [TypeError: fetch failed] {
18:03:32.708 [META_GATEWAY_PENDING_CHECK_FAILED] client-0 [TypeError: fetch failed] {
18:03:32.709 [META_GATEWAY_PENDING_CHECK_FAILED] client-0 [TypeError: fetch failed] {
18:03:32.710 [META_GATEWAY_PENDING_CHECK_FAILED] client-0 [TypeError: fetch failed] {
18:03:32.711 [META_GATEWAY_PENDING_CHECK_FAILED] client-0 [TypeError: fetch failed] {
18:03:32.712 [META_GATEWAY_PENDING_CHECK_FAILED] client-0 [TypeError: fetch failed] {
18:03:32.713 [META_GATEWAY_PENDING_CHECK_FAILED] client-0 [TypeError: fetch failed] {
18:03:32.716 [META_GATEWAY_RETRY] client-0 attempt=1 network_error [TypeError: fetch failed] {
18:03:32.716 [META_GATEWAY_RETRY] client-0 attempt=1 network_error [TypeError: fetch failed] {
18:03:32.717 [META_GATEWAY_RETRY] client-0 attempt=1 network_error [TypeError: fetch failed] {
18:03:32.717 [META_GATEWAY_RETRY] client-0 attempt=1 network_error [TypeError: fetch failed] {
18:03:32.717 [META_GATEWAY_RETRY] client-0 attempt=1 network_error [TypeError: fetch failed] {
18:03:32.718 [META_GATEWAY_CLEAR_PENDING_FAILED] client-0 [TypeError: fetch failed] {
18:03:32.718 [META_GATEWAY_RETRY] client-0 attempt=1 network_error [TypeError: fetch failed] {
18:03:32.719 [META_GATEWAY_RETRY] client-0 attempt=1 network_error [TypeError: fetch failed] {
18:03:32.719 [META_GATEWAY_RETRY] client-0 attempt=1 network_error [TypeError: fetch failed] {
18:03:32.719 [META_GATEWAY_CLEAR_PENDING_FAILED] client-0 [TypeError: fetch failed] {
18:03:32.720 [META_GATEWAY_CLEAR_PENDING_FAILED] client-0 [TypeError: fetch failed] {
18:03:32.720 [META_GATEWAY_RETRY] client-0 attempt=1 network_error [TypeError: fetch failed] {
18:03:32.721 [META_GATEWAY_RETRY] client-0 attempt=1 network_error [TypeError: fetch failed] {
18:03:32.721 [META_GATEWAY_RETRY] client-0 attempt=1 network_error [TypeError: fetch failed] {
18:03:32.721 [META_GATEWAY_RETRY] client-0 attempt=1 network_error [TypeError: fetch failed] {
18:03:32.722 [META_GATEWAY_RETRY] client-0 attempt=1 network_error [TypeError: fetch failed] {
18:03:32.722 [META_GATEWAY_RETRY] client-0 attempt=1 network_error [TypeError: fetch failed] {
18:03:32.723 [META_GATEWAY_CLEAR_PENDING_FAILED] client-0 [TypeError: fetch failed] {
18:03:32.723 [META_GATEWAY_CLEAR_PENDING_FAILED] client-0 [TypeError: fetch failed] {
18:03:32.724 [META_GATEWAY_CLEAR_PENDING_FAILED] client-0 [TypeError: fetch failed] {
18:03:32.724 [META_GATEWAY_RETRY] client-0 attempt=2 network_error [TypeError: fetch failed] {
18:03:32.725 [META_GATEWAY_RETRY] client-0 attempt=2 network_error [TypeError: fetch failed] {
18:03:32.726 [META_GATEWAY_RETRY] client-0 attempt=2 network_error [TypeError: fetch failed] {
18:03:32.738 [META_GATEWAY_INBOX_RETRY] t-ldmubjzxor-128 attempt=1 [TypeError: fetch failed] {
18:03:32.738 [META_GATEWAY_INBOX_RETRY] t-ldmubjzxor-138 attempt=1 [TypeError: fetch failed] {
18:03:32.776 [META_GATEWAY_INBOX_RETRY] t-ldmubjzxor-129 attempt=1 [TypeError: fetch failed] {
18:03:32.776 [META_GATEWAY_INBOX_RETRY] t-ldmubjzxor-127 attempt=1 [TypeError: fetch failed] {
18:03:32.776 [META_GATEWAY_INBOX_RETRY] t-ldmubjzxor-137 attempt=1 [TypeError: fetch failed] {
18:03:32.777 [META_GATEWAY_INBOX_RETRY] t-ldmubjzxor-139 attempt=1 [TypeError: fetch failed] {
18:03:32.828 [META_GATEWAY_PENDING_CHECK_FAILED] client-0 [TypeError: fetch failed] {
18:03:32.829 [META_GATEWAY_PENDING_CHECK_FAILED] client-0 [TypeError: fetch failed] {
18:03:32.830 [META_GATEWAY_PENDING_CHECK_FAILED] client-0 [TypeError: fetch failed] {
18:03:32.831 [META_GATEWAY_PENDING_CHECK_FAILED] client-0 [TypeError: fetch failed] {
18:03:32.832 [META_GATEWAY_PENDING_CHECK_FAILED] client-0 [TypeError: fetch failed] {
18:03:32.833 [META_GATEWAY_PENDING_CHECK_FAILED] client-0 [TypeError: fetch failed] {
18:03:32.834 [META_GATEWAY_PENDING_CHECK_FAILED] client-0 [TypeError: fetch failed] {
18:03:32.835 [META_GATEWAY_PENDING_CHECK_FAILED] client-0 [TypeError: fetch failed] {
18:03:32.836 [META_GATEWAY_PENDING_CHECK_FAILED] client-0 [TypeError: fetch failed] {
18:03:32.837 [META_GATEWAY_PENDING_CHECK_FAILED] client-0 [TypeError: fetch failed] {
18:03:32.838 [META_GATEWAY_PENDING_CHECK_FAILED] client-0 [TypeError: fetch failed] {
18:03:32.839 [META_GATEWAY_PENDING_CHECK_FAILED] client-0 [TypeError: fetch failed] {
18:03:32.840 [META_GATEWAY_PENDING_CHECK_FAILED] client-0 [TypeError: fetch failed] {
18:03:32.840 [META_GATEWAY_PENDING_CHECK_FAILED] client-0 [TypeError: fetch failed] {
18:03:32.842 [META_GATEWAY_PENDING_CHECK_FAILED] client-0 [TypeError: fetch failed] {