17:21:12.854 [harness] SIGTERM sent
17:21:12.855 [client] SIGTERM received, draining…
17:21:12.856 [client] @@STAGE server.close called 1790011272856
17:21:12.856 [client] @@STAGE at close: {"requestsInFlight":[],"n":0}
17:21:12.857 [client] @@STAGE sockets at close: ["remote=::ffff:127.0.0.1:57928 local=57661 bytesRead=259 idleSinceLastReadOrWrite=?","remote=::ffff:127.0.0.1:57934 local=57661 bytesRead=311 idleSinceLastReadOrWrite=?","remote=::ffff:127.0.0.1:57935 local=57661 bytesRead=311 idleSinceLastReadOrWrite=?","remote=::ffff:127
17:21:12.861 [client] @@STAGE server.close done +4ms
17:21:12.862 [client] @@STAGE pg pool.end called 1790011272862
17:21:13.075 [META_GATEWAY_RETRY] client-0 attempt=1 network_error [TypeError: fetch failed] {
17:21:13.076 [META_GATEWAY_RETRY] client-0 attempt=1 network_error [TypeError: fetch failed] {
17:21:13.077 [META_GATEWAY_RETRY] client-0 attempt=1 network_error [TypeError: fetch failed] {
17:21:13.078 [META_GATEWAY_RETRY] client-0 attempt=1 network_error [TypeError: fetch failed] {
17:21:13.078 [META_GATEWAY_RETRY] client-0 attempt=1 network_error [TypeError: fetch failed] {
17:21:13.078 [META_GATEWAY_RETRY] client-0 attempt=1 network_error [TypeError: fetch failed] {
17:21:13.079 [META_GATEWAY_RETRY] client-0 attempt=1 network_error [TypeError: fetch failed] {
17:21:13.079 [META_GATEWAY_RETRY] client-0 attempt=1 network_error [TypeError: fetch failed] {
17:21:13.080 [META_GATEWAY_RETRY] client-0 attempt=1 network_error [TypeError: fetch failed] {
17:21:13.081 [META_GATEWAY_RETRY] client-0 attempt=1 network_error [TypeError: fetch failed] {
17:21:13.081 [META_GATEWAY_RETRY] client-0 attempt=1 network_error [TypeError: fetch failed] {
17:21:13.082 [META_GATEWAY_RETRY] client-0 attempt=1 network_error [TypeError: fetch failed] {
17:21:13.083 [META_GATEWAY_RETRY] client-0 attempt=1 network_error [TypeError: fetch failed] {
17:21:13.083 [META_GATEWAY_RETRY] client-0 attempt=1 network_error [TypeError: fetch failed] {
17:21:13.084 [META_GATEWAY_RETRY] client-0 attempt=1 network_error [TypeError: fetch failed] {
17:21:13.084 [META_GATEWAY_RETRY] client-0 attempt=1 network_error [TypeError: fetch failed] {
17:21:13.085 [META_GATEWAY_PENDING_CHECK_FAILED] client-0 [TypeError: fetch failed] {
17:21:13.086 [META_GATEWAY_PENDING_CHECK_FAILED] client-0 [TypeError: fetch failed] {
17:21:13.092 [META_GATEWAY_PENDING_CHECK_FAILED] client-0 [TypeError: fetch failed] {
17:21:13.097 [META_GATEWAY_PENDING_CHECK_FAILED] client-0 [TypeError: fetch failed] {
17:21:13.102 [META_GATEWAY_PENDING_CHECK_FAILED] client-0 [TypeError: fetch failed] {
17:21:13.106 [META_GATEWAY_PENDING_CHECK_FAILED] client-0 [TypeError: fetch failed] {
17:21:13.109 [META_GATEWAY_PENDING_CHECK_FAILED] client-0 [TypeError: fetch failed] {
17:21:13.114 [META_GATEWAY_PENDING_CHECK_FAILED] client-0 [TypeError: fetch failed] {
17:21:13.117 [META_GATEWAY_PENDING_CHECK_FAILED] client-0 [TypeError: fetch failed] {
17:21:13.122 [META_GATEWAY_PENDING_CHECK_FAILED] client-0 [TypeError: fetch failed] {
17:21:13.125 [META_GATEWAY_PENDING_CHECK_FAILED] client-0 [TypeError: fetch failed] {
17:21:13.128 [META_GATEWAY_PENDING_CHECK_FAILED] client-0 [TypeError: fetch failed] {
17:21:13.131 [META_GATEWAY_PENDING_CHECK_FAILED] client-0 [TypeError: fetch failed] {
17:21:13.135 [META_GATEWAY_PENDING_CHECK_FAILED] client-0 [TypeError: fetch failed] {
17:21:13.140 [META_GATEWAY_PENDING_CHECK_FAILED] client-0 [TypeError: fetch failed] {
17:21:13.144 [META_GATEWAY_PENDING_CHECK_FAILED] client-0 [TypeError: fetch failed] {
17:21:13.148 [META_GATEWAY_PENDING_CHECK_FAILED] client-0 [TypeError: fetch failed] {
17:21:13.152 [META_GATEWAY_PENDING_CHECK_FAILED] client-0 [TypeError: fetch failed] {
17:21:13.155 [META_GATEWAY_PENDING_CHECK_FAILED] client-0 [TypeError: fetch failed] {
17:21:13.157 [META_GATEWAY_PENDING_CHECK_FAILED] client-0 [TypeError: fetch failed] {
17:21:13.163 [META_GATEWAY_CLEAR_PENDING_FAILED] client-0 [TypeError: fetch failed] {
17:21:13.165 [META_GATEWAY_RETRY] client-0 attempt=1 network_error [TypeError: fetch failed] {
17:21:13.167 [META_GATEWAY_RETRY] client-0 attempt=1 network_error [TypeError: fetch failed] {
17:21:13.168 [META_GATEWAY_RETRY] client-0 attempt=1 network_error [TypeError: fetch failed] {
17:21:13.168 [META_GATEWAY_CLEAR_PENDING_FAILED] client-0 [TypeError: fetch failed] {
17:21:13.169 [META_GATEWAY_RETRY] client-0 attempt=1 network_error [TypeError: fetch failed] {
17:21:13.169 [META_GATEWAY_RETRY] client-0 attempt=1 network_error [TypeError: fetch failed] {
17:21:13.170 [META_GATEWAY_RETRY] client-0 attempt=1 network_error [TypeError: fetch failed] {
17:21:13.170 [META_GATEWAY_RETRY] client-0 attempt=1 network_error [TypeError: fetch failed] {
17:21:13.171 [META_GATEWAY_RETRY] client-0 attempt=1 network_error [TypeError: fetch failed] {
17:21:13.171 [META_GATEWAY_CLEAR_PENDING_FAILED] client-0 [TypeError: fetch failed] {
17:21:13.172 [META_GATEWAY_CLEAR_PENDING_FAILED] client-0 [TypeError: fetch failed] {
17:21:13.172 [META_GATEWAY_RETRY] client-0 attempt=1 network_error [TypeError: fetch failed] {
17:21:13.173 [META_GATEWAY_RETRY] client-0 attempt=1 network_error [TypeError: fetch failed] {
17:21:13.173 [META_GATEWAY_CLEAR_PENDING_FAILED] client-0 [TypeError: fetch failed] {
17:21:13.174 [META_GATEWAY_RETRY] client-0 attempt=1 network_error [TypeError: fetch failed] {
17:21:13.174 [META_GATEWAY_RETRY] client-0 attempt=1 network_error [TypeError: fetch failed] {
17:21:13.175 [META_GATEWAY_RETRY] client-0 attempt=1 network_error [TypeError: fetch failed] {
17:21:13.175 [META_GATEWAY_RETRY] client-0 attempt=1 network_error [TypeError: fetch failed] {
17:21:13.177 [META_GATEWAY_RETRY] client-0 attempt=1 network_error [TypeError: fetch failed] {
17:21:13.249 [META_GATEWAY_INBOX_RETRY] t-ldmubihk2h-27 attempt=1 [TypeError: fetch failed] {
17:21:13.250 [META_GATEWAY_INBOX_RETRY] t-ldmubihk2h-39 attempt=1 [TypeError: fetch failed] {
17:21:13.250 [META_GATEWAY_INBOX_RETRY] t-ldmubihk2h-29 attempt=1 [TypeError: fetch failed] {
17:21:13.250 [META_GATEWAY_INBOX_RETRY] t-ldmubihk2h-38 attempt=1 [TypeError: fetch failed] {
17:21:13.251 [META_GATEWAY_PENDING_CHECK_FAILED] client-0 [TypeError: fetch failed] {
17:21:13.253 [META_GATEWAY_PENDING_CHECK_FAILED] client-0 [TypeError: fetch failed] {
17:21:13.254 [META_GATEWAY_PENDING_CHECK_FAILED] client-0 [TypeError: fetch failed] {
17:21:13.255 [META_GATEWAY_PENDING_CHECK_FAILED] client-0 [TypeError: fetch failed] {
17:21:13.256 [META_GATEWAY_PENDING_CHECK_FAILED] client-0 [TypeError: fetch failed] {
17:21:13.257 [META_GATEWAY_PENDING_CHECK_FAILED] client-0 [TypeError: fetch failed] {
17:21:13.258 [META_GATEWAY_PENDING_CHECK_FAILED] client-0 [TypeError: fetch failed] {
17:21:13.260 [META_GATEWAY_PENDING_CHECK_FAILED] client-0 [TypeError: fetch failed] {
17:21:13.263 [META_GATEWAY_PENDING_CHECK_FAILED] client-0 [TypeError: fetch failed] {
17:21:13.265 [META_GATEWAY_PENDING_CHECK_FAILED] client-0 [TypeError: fetch failed] {
17:21:13.267 [META_GATEWAY_INBOX_RETRY] t-ldmubihk2h-37 attempt=1 [TypeError: fetch failed] {
17:21:13.268 [META_GATEWAY_CLEAR_PENDING_FAILED] client-0 [TypeError: fetch failed] {
17:21:13.281 [META_GATEWAY_RETRY] client-0 attempt=1 network_error [TypeError: fetch failed] {
17:21:13.282 [META_GATEWAY_RETRY] client-0 attempt=1 network_error [TypeError: fetch failed] {
17:21:13.282 [META_GATEWAY_CLEAR_PENDING_FAILED] client-0 [TypeError: fetch failed] {
17:21:13.283 [META_GATEWAY_RETRY] client-0 attempt=1 network_error [TypeError: fetch failed] {
17:21:13.284 [META_GATEWAY_RETRY] client-0 attempt=1 network_error [TypeError: fetch failed] {
17:21:13.284 [META_GATEWAY_CLEAR_PENDING_FAILED] client-0 [TypeError: fetch failed] {
17:21:13.285 [META_GATEWAY_RETRY] client-0 attempt=1 network_error [TypeError: fetch failed] {
17:21:13.286 [META_GATEWAY_RETRY] client-0 attempt=1 network_error [TypeError: fetch failed] {
17:21:13.286 [META_GATEWAY_RETRY] client-0 attempt=1 network_error [TypeError: fetch failed] {
17:21:13.299 [META_GATEWAY_INBOX_RETRY] t-ldmubihk2h-48 attempt=1 [TypeError: fetch failed] {
17:21:13.299 [META_GATEWAY_INBOX_RETRY] t-ldmubihk2h-49 attempt=1 [TypeError: fetch failed] {
17:21:13.299 [META_GATEWAY_INBOX_RETRY] t-ldmubihk2h-47 attempt=1 [TypeError: fetch failed] {
17:21:13.478 [client] @@STAGE pg pool.end called 1790011273478
17:21:13.517 [client] EXIT code=0 signal=null
17:21:13.600 [META_GATEWAY_RETRY] client-0 attempt=2 network_error [TypeError: fetch failed] {
17:21:13.600 [META_GATEWAY_RETRY] client-0 attempt=2 network_error [TypeError: fetch failed] {
17:21:13.600 [META_GATEWAY_RETRY] client-0 attempt=2 network_error [TypeError: fetch failed] {
17:21:13.601 [META_GATEWAY_RETRY] client-0 attempt=2 network_error [TypeError: fetch failed] {
17:21:13.601 [META_GATEWAY_RETRY] client-0 attempt=2 network_error [TypeError: fetch failed] {
17:21:13.602 [META_GATEWAY_RETRY] client-0 attempt=2 network_error [TypeError: fetch failed] {
17:21:13.602 [META_GATEWAY_RETRY] client-0 attempt=2 network_error [TypeError: fetch failed] {
17:21:13.602 [META_GATEWAY_RETRY] client-0 attempt=2 network_error [TypeError: fetch failed] {
17:21:13.603 [META_GATEWAY_RETRY] client-0 attempt=2 network_error [TypeError: fetch failed] {
17:21:13.603 [META_GATEWAY_RETRY] client-0 attempt=2 network_error [TypeError: fetch failed] {
17:21:13.603 [META_GATEWAY_RETRY] client-0 attempt=2 network_error [TypeError: fetch failed] {
17:21:13.604 [META_GATEWAY_RETRY] client-0 attempt=2 network_error [TypeError: fetch failed] {
17:21:13.604 [META_GATEWAY_RETRY] client-0 attempt=2 network_error [TypeError: fetch failed] {
17:21:13.605 [META_GATEWAY_RETRY] client-0 attempt=2 network_error [TypeError: fetch failed] {
17:21:13.605 [META_GATEWAY_RETRY] client-0 attempt=2 network_error [TypeError: fetch failed] {
17:21:13.605 [META_GATEWAY_RETRY] client-0 attempt=2 network_error [TypeError: fetch failed] {
17:21:13.668 [META_GATEWAY_RETRY] client-0 attempt=2 network_error [TypeError: fetch failed] {
17:21:13.670 [META_GATEWAY_RETRY] client-0 attempt=2 network_error [TypeError: fetch failed] {
17:21:13.670 [META_GATEWAY_RETRY] client-0 attempt=2 network_error [TypeError: fetch failed] {
17:21:13.674 [META_GATEWAY_RETRY] client-0 attempt=2 network_error [TypeError: fetch failed] {
17:21:13.674 [META_GATEWAY_RETRY] client-0 attempt=2 network_error [TypeError: fetch failed] {
17:21:13.674 [META_GATEWAY_RETRY] client-0 attempt=2 network_error [TypeError: fetch failed] {
17:21:13.675 [META_GATEWAY_RETRY] client-0 attempt=2 network_error [TypeError: fetch failed] {
17:21:13.676 [META_GATEWAY_RETRY] client-0 attempt=2 network_error [TypeError: fetch failed] {
17:21:13.683 [META_GATEWAY_RETRY] client-0 attempt=2 network_error [TypeError: fetch failed] {
17:21:13.685 [META_GATEWAY_RETRY] client-0 attempt=2 network_error [TypeError: fetch failed] {
17:21:13.685 [META_GATEWAY_RETRY] client-0 attempt=2 network_error [TypeError: fetch failed] {
17:21:13.686 [META_GATEWAY_RETRY] client-0 attempt=2 network_error [TypeError: fetch failed] {
17:21:13.687 [META_GATEWAY_RETRY] client-0 attempt=2 network_error [TypeError: fetch failed] {
17:21:13.688 [META_GATEWAY_RETRY] client-0 attempt=2 network_error [TypeError: fetch failed] {
17:21:13.689 [META_GATEWAY_RETRY] client-0 attempt=2 network_error [TypeError: fetch failed] {
17:21:13.756 [META_GATEWAY_PENDING_CHECK_FAILED] client-0 [TypeError: fetch failed] {
17:21:13.757 [META_GATEWAY_PENDING_CHECK_FAILED] client-0 [TypeError: fetch failed] {
17:21:13.758 [META_GATEWAY_PENDING_CHECK_FAILED] client-0 [TypeError: fetch failed] {
17:21:13.759 [META_GATEWAY_PENDING_CHECK_FAILED] client-0 [TypeError: fetch failed] {
17:21:13.761 [META_GATEWAY_PENDING_CHECK_FAILED] client-0 [TypeError: fetch failed] {
17:21:13.763 [META_GATEWAY_PENDING_CHECK_FAILED] client-0 [TypeError: fetch failed] {
17:21:13.764 [META_GATEWAY_PENDING_CHECK_FAILED] client-0 [TypeError: fetch failed] {
17:21:13.765 [META_GATEWAY_PENDING_CHECK_FAILED] client-0 [TypeError: fetch failed] {
17:21:13.766 [META_GATEWAY_PENDING_CHECK_FAILED] client-0 [TypeError: fetch failed] {
17:21:13.767 [META_GATEWAY_PENDING_CHECK_FAILED] client-0 [TypeError: fetch failed] {
17:21:13.769 [META_GATEWAY_PENDING_CHECK_FAILED] client-0 [TypeError: fetch failed] {
17:21:13.770 [META_GATEWAY_PENDING_CHECK_FAILED] client-0 [TypeError: fetch failed] {
17:21:13.771 [META_GATEWAY_CLEAR_PENDING_FAILED] client-0 [TypeError: fetch failed] {
17:21:13.772 [META_GATEWAY_RETRY] client-0 attempt=1 network_error [TypeError: fetch failed] {
17:21:13.772 [META_GATEWAY_CLEAR_PENDING_FAILED] client-0 [TypeError: fetch failed] {
17:21:13.773 [META_GATEWAY_RETRY] client-0 attempt=1 network_error [TypeError: fetch failed] {
17:21:13.774 [META_GATEWAY_CLEAR_PENDING_FAILED] client-0 [TypeError: fetch failed] {
17:21:13.774 [META_GATEWAY_RETRY] client-0 attempt=1 network_error [TypeError: fetch failed] {
17:21:13.775 [META_GATEWAY_RETRY] client-0 attempt=1 network_error [TypeError: fetch failed] {
17:21:13.775 [META_GATEWAY_RETRY] client-0 attempt=1 network_error [TypeError: fetch failed] {
17:21:13.776 [META_GATEWAY_RETRY] client-0 attempt=1 network_error [TypeError: fetch failed] {
17:21:13.776 [META_GATEWAY_RETRY] client-0 attempt=1 network_error [TypeError: fetch failed] {
17:21:13.777 [META_GATEWAY_RETRY] client-0 attempt=1 network_error [TypeError: fetch failed] {
17:21:13.777 [META_GATEWAY_CLEAR_PENDING_FAILED] client-0 [TypeError: fetch failed] {
17:21:13.783 [META_GATEWAY_RETRY] client-0 attempt=2 network_error [TypeError: fetch failed] {
17:21:13.785 [META_GATEWAY_INBOX_RETRY] t-ldmubihk2h-57 attempt=1 [TypeError: fetch failed] {
17:21:13.785 [META_GATEWAY_RETRY] client-0 attempt=2 network_error [TypeError: fetch failed] {
17:21:13.786 [META_GATEWAY_RETRY] client-0 attempt=2 network_error [TypeError: fetch failed] {
17:21:13.790 [META_GATEWAY_RETRY] client-0 attempt=2 network_error [TypeError: fetch failed] {
17:21:13.790 [META_GATEWAY_RETRY] client-0 attempt=2 network_error [TypeError: fetch failed] {
17:21:13.790 [META_GATEWAY_RETRY] client-0 attempt=2 network_error [TypeError: fetch failed] {
17:21:13.791 [META_GATEWAY_RETRY] client-0 attempt=2 network_error [TypeError: fetch failed] {
17:21:13.792 [META_GATEWAY_INBOX_RETRY] t-ldmubihk2h-58 attempt=1 [TypeError: fetch failed] {
17:21:13.793 [META_GATEWAY_INBOX_RETRY] t-ldmubihk2h-8 attempt=1 [TypeError: fetch failed] {
17:21:13.794 [META_GATEWAY_INBOX_RETRY] t-ldmubihk2h-59 attempt=1 [TypeError: fetch failed] {
17:21:14.203 [META_GATEWAY_PENDING_CHECK_FAILED] client-0 [TypeError: fetch failed] {
17:21:14.205 [META_GATEWAY_PENDING_CHECK_FAILED] client-0 [TypeError: fetch failed] {
17:21:14.205 [META_GATEWAY_PENDING_CHECK_FAILED] client-0 [TypeError: fetch failed] {
17:21:14.206 [META_GATEWAY_PENDING_CHECK_FAILED] client-0 [TypeError: fetch failed] {
17:21:14.208 [META_GATEWAY_RETRY] client-0 attempt=1 network_error [TypeError: fetch failed] {
17:21:14.208 [META_GATEWAY_RETRY] client-0 attempt=1 network_error [TypeError: fetch failed] {
17:21:14.208 [META_GATEWAY_RETRY] client-0 attempt=1 network_error [TypeError: fetch failed] {
17:21:14.209 [META_GATEWAY_CLEAR_PENDING_FAILED] client-0 [TypeError: fetch failed] {
17:21:14.214 [META_GATEWAY_INBOX_RETRY] t-ldmubihk2h-68 attempt=1 [TypeError: fetch failed] {
17:21:14.288 [META_GATEWAY_RETRY] client-0 attempt=2 network_error [TypeError: fetch failed] {
17:21:14.288 [META_GATEWAY_RETRY] client-0 attempt=2 network_error [TypeError: fetch failed] {
17:21:14.289 [META_GATEWAY_RETRY] client-0 attempt=2 network_error [TypeError: fetch failed] {
17:21:14.289 [META_GATEWAY_RETRY] client-0 attempt=2 network_error [TypeError: fetch failed] {
17:21:14.289 [META_GATEWAY_RETRY] client-0 attempt=2 network_error [TypeError: fetch failed] {
17:21:14.290 [META_GATEWAY_RETRY] client-0 attempt=2 network_error [TypeError: fetch failed] {
17:21:14.290 [META_GATEWAY_RETRY] client-0 attempt=2 network_error [TypeError: fetch failed] {
17:21:14.291 [META_GATEWAY_RETRY] client-0 attempt=2 network_error [TypeError: fetch failed] {
17:21:14.697 [META_GATEWAY_PENDING_CHECK_FAILED] client-0 [TypeError: fetch failed] {
17:21:14.699 [META_GATEWAY_CLEAR_PENDING_FAILED] client-0 [TypeError: fetch failed] {
17:21:14.704 [META_GATEWAY_INBOX_RETRY] t-ldmubihk2h-69 attempt=1 [TypeError: fetch failed] {
17:21:14.717 [META_GATEWAY_RETRY] client-0 attempt=2 network_error [TypeError: fetch failed] {
17:21:14.717 [META_GATEWAY_RETRY] client-0 attempt=2 network_error [TypeError: fetch failed] {
17:21:14.717 [META_GATEWAY_RETRY] client-0 attempt=2 network_error [TypeError: fetch failed] {
17:21:15.117 [META_GATEWAY_FAILED] client-0 network_error [TypeError: fetch failed] {
17:21:15.119 [META_GATEWAY_FAILED] client-0 network_error [TypeError: fetch failed] {
17:21:15.119 [META_GATEWAY_FAILED] client-0 network_error [TypeError: fetch failed] {
17:21:15.120 [META_GATEWAY_FAILED] client-0 network_error [TypeError: fetch failed] {
17:21:15.120 [META_GATEWAY_FAILED] client-0 network_error [TypeError: fetch failed] {
17:21:15.121 [META_GATEWAY_FAILED] client-0 network_error [TypeError: fetch failed] {
17:21:15.122 [META_GATEWAY_FAILED] client-0 network_error [TypeError: fetch failed] {
17:21:15.122 [META_GATEWAY_FAILED] client-0 network_error [TypeError: fetch failed] {
17:21:15.123 [META_GATEWAY_FAILED] client-0 network_error [TypeError: fetch failed] {
17:21:15.124 [META_GATEWAY_FAILED] client-0 network_error [TypeError: fetch failed] {
17:21:15.124 [META_GATEWAY_FAILED] client-0 network_error [TypeError: fetch failed] {
17:21:15.125 [META_GATEWAY_FAILED] client-0 network_error [TypeError: fetch failed] {
17:21:15.125 [META_GATEWAY_FAILED] client-0 network_error [TypeError: fetch failed] {
17:21:15.126 [META_GATEWAY_FAILED] client-0 network_error [TypeError: fetch failed] {
17:21:15.127 [META_GATEWAY_FAILED] client-0 network_error [TypeError: fetch failed] {
17:21:15.127 [META_GATEWAY_FAILED] client-0 network_error [TypeError: fetch failed] {
17:21:15.142 [META_GATEWAY_INBOX_RETRY] t-ldmubihk2h-1 attempt=1 [TypeError: fetch failed] {
17:21:15.143 [META_GATEWAY_INBOX_RETRY] t-ldmubihk2h-25 attempt=1 [TypeError: fetch failed] {
17:21:15.143 [META_GATEWAY_INBOX_RETRY] t-ldmubihk2h-16 attempt=1 [TypeError: fetch failed] {
17:21:15.143 [META_GATEWAY_INBOX_RETRY] t-ldmubihk2h-11 attempt=1 [TypeError: fetch failed] {
17:21:15.144 [META_GATEWAY_INBOX_RETRY] t-ldmubihk2h-21 attempt=1 [TypeError: fetch failed] {
17:21:15.144 [META_GATEWAY_INBOX_RETRY] t-ldmubihk2h-15 attempt=1 [TypeError: fetch failed] {
17:21:15.146 [META_GATEWAY_INBOX_RETRY] t-ldmubihk2h-13 attempt=1 [TypeError: fetch failed] {
17:21:15.148 [META_GATEWAY_INBOX_RETRY] t-ldmubihk2h-10 attempt=1 [TypeError: fetch failed] {
17:21:15.150 [META_GATEWAY_INBOX_RETRY] t-ldmubihk2h-22 attempt=1 [TypeError: fetch failed] {
17:21:15.150 [META_GATEWAY_INBOX_RETRY] t-ldmubihk2h-0 attempt=1 [TypeError: fetch failed] {
17:21:15.152 [META_GATEWAY_INBOX_RETRY] t-ldmubihk2h-24 attempt=1 [TypeError: fetch failed] {
17:21:15.153 [META_GATEWAY_INBOX_RETRY] t-ldmubihk2h-20 attempt=1 [TypeError: fetch failed] {
17:21:15.154 [META_GATEWAY_INBOX_RETRY] t-ldmubihk2h-23 attempt=1 [TypeError: fetch failed] {
17:21:15.154 [META_GATEWAY_INBOX_RETRY] t-ldmubihk2h-2 attempt=1 [TypeError: fetch failed] {
17:21:15.154 [META_GATEWAY_INBOX_RETRY] t-ldmubihk2h-12 attempt=1 [TypeError: fetch failed] {
17:21:15.155 [META_GATEWAY_INBOX_RETRY] t-ldmubihk2h-14 attempt=1 [TypeError: fetch failed] {
17:21:15.261 [META_GATEWAY_FAILED] client-0 network_error [TypeError: fetch failed] {
17:21:15.262 [META_GATEWAY_FAILED] client-0 network_error [TypeError: fetch failed] {
17:21:15.263 [META_GATEWAY_FAILED] client-0 network_error [TypeError: fetch failed] {
17:21:15.263 [META_GATEWAY_FAILED] client-0 network_error [TypeError: fetch failed] {
17:21:15.264 [META_GATEWAY_FAILED] client-0 network_error [TypeError: fetch failed] {
17:21:15.264 [META_GATEWAY_FAILED] client-0 network_error [TypeError: fetch failed] {
17:21:15.265 [META_GATEWAY_FAILED] client-0 network_error [TypeError: fetch failed] {
17:21:15.265 [META_GATEWAY_FAILED] client-0 network_error [TypeError: fetch failed] {
17:21:15.266 [META_GATEWAY_FAILED] client-0 network_error [TypeError: fetch failed] {
17:21:15.266 [META_GATEWAY_FAILED] client-0 network_error [TypeError: fetch failed] {
17:21:15.267 [META_GATEWAY_FAILED] client-0 network_error [TypeError: fetch failed] {
17:21:15.267 [META_GATEWAY_FAILED] client-0 network_error [TypeError: fetch failed] {
17:21:15.268 [META_GATEWAY_FAILED] client-0 network_error [TypeError: fetch failed] {
17:21:15.268 [META_GATEWAY_FAILED] client-0 network_error [TypeError: fetch failed] {
17:21:15.269 [META_GATEWAY_FAILED] client-0 network_error [TypeError: fetch failed] {
17:21:15.270 [META_GATEWAY_PENDING_CHECK_FAILED] client-0 [TypeError: fetch failed] {
17:21:15.272 [META_GATEWAY_PENDING_CHECK_FAILED] client-0 [TypeError: fetch failed] {
17:21:15.273 [META_GATEWAY_PENDING_CHECK_FAILED] client-0 [TypeError: fetch failed] {
17:21:15.274 [META_GATEWAY_PENDING_CHECK_FAILED] client-0 [TypeError: fetch failed] {
17:21:15.275 [META_GATEWAY_PENDING_CHECK_FAILED] client-0 [TypeError: fetch failed] {
17:21:15.278 [META_GATEWAY_PENDING_CHECK_FAILED] client-0 [TypeError: fetch failed] {
17:21:15.280 [META_GATEWAY_PENDING_CHECK_FAILED] client-0 [TypeError: fetch failed] {
17:21:15.282 [META_GATEWAY_PENDING_CHECK_FAILED] client-0 [TypeError: fetch failed] {
17:21:15.284 [META_GATEWAY_PENDING_CHECK_FAILED] client-0 [TypeError: fetch failed] {
17:21:15.285 [META_GATEWAY_PENDING_CHECK_FAILED] client-0 [TypeError: fetch failed] {
17:21:15.287 [META_GATEWAY_PENDING_CHECK_FAILED] client-0 [TypeError: fetch failed] {
17:21:15.289 [META_GATEWAY_PENDING_CHECK_FAILED] client-0 [TypeError: fetch failed] {
17:21:15.290 [META_GATEWAY_PENDING_CHECK_FAILED] client-0 [TypeError: fetch failed] {
17:21:15.292 [META_GATEWAY_PENDING_CHECK_FAILED] client-0 [TypeError: fetch failed] {
17:21:15.294 [META_GATEWAY_PENDING_CHECK_FAILED] client-0 [TypeError: fetch failed] {
17:21:15.296 [META_GATEWAY_PENDING_CHECK_FAILED] client-0 [TypeError: fetch failed] {
17:21:15.298 [META_GATEWAY_PENDING_CHECK_FAILED] client-0 [TypeError: fetch failed] {
17:21:15.308 [META_GATEWAY_RETRY] client-0 attempt=1 network_error [TypeError: fetch failed] {
17:21:15.308 [META_GATEWAY_RETRY] client-0 attempt=1 network_error [TypeError: fetch failed] {
17:21:15.309 [META_GATEWAY_CLEAR_PENDING_FAILED] client-0 [TypeError: fetch failed] {
17:21:15.310 [META_GATEWAY_RETRY] client-0 attempt=1 network_error [TypeError: fetch failed] {
17:21:15.310 [META_GATEWAY_RETRY] client-0 attempt=1 network_error [TypeError: fetch failed] {
17:21:15.311 [META_GATEWAY_CLEAR_PENDING_FAILED] client-0 [TypeError: fetch failed] {
17:21:15.312 [META_GATEWAY_CLEAR_PENDING_FAILED] client-0 [TypeError: fetch failed] {
17:21:15.313 [META_GATEWAY_RETRY] client-0 attempt=1 network_error [TypeError: fetch failed] {
17:21:15.313 [META_GATEWAY_RETRY] client-0 attempt=1 network_error [TypeError: fetch failed] {
17:21:15.313 [META_GATEWAY_RETRY] client-0 attempt=1 network_error [TypeError: fetch failed] {
17:21:15.314 [META_GATEWAY_RETRY] client-0 attempt=1 network_error [TypeError: fetch failed] {
17:21:15.315 [META_GATEWAY_RETRY] client-0 attempt=1 network_error [TypeError: fetch failed] {
17:21:15.315 [META_GATEWAY_CLEAR_PENDING_FAILED] client-0 [TypeError: fetch failed] {
17:21:15.316 [META_GATEWAY_CLEAR_PENDING_FAILED] client-0 [TypeError: fetch failed] {
17:21:15.316 [META_GATEWAY_RETRY] client-0 attempt=1 network_error [TypeError: fetch failed] {
17:21:15.317 [META_GATEWAY_RETRY] client-0 attempt=1 network_error [TypeError: fetch failed] {
17:21:15.317 [META_GATEWAY_CLEAR_PENDING_FAILED] client-0 [TypeError: fetch failed] {
17:21:15.321 [META_GATEWAY_FAILED] client-0 network_error [TypeError: fetch failed] {
17:21:15.322 [META_GATEWAY_FAILED] client-0 network_error [TypeError: fetch failed] {
17:21:15.323 [META_GATEWAY_FAILED] client-0 network_error [TypeError: fetch failed] {
17:21:15.324 [META_GATEWAY_FAILED] client-0 network_error [TypeError: fetch failed] {
17:21:15.324 [META_GATEWAY_FAILED] client-0 network_error [TypeError: fetch failed] {
17:21:15.325 [META_GATEWAY_FAILED] client-0 network_error [TypeError: fetch failed] {
17:21:15.326 [META_GATEWAY_FAILED] client-0 network_error [TypeError: fetch failed] {
17:21:15.340 [META_GATEWAY_INBOX_RETRY] t-ldmubihk2h-36 attempt=1 [TypeError: fetch failed] {
17:21:15.340 [META_GATEWAY_INBOX_RETRY] t-ldmubihk2h-46 attempt=1 [TypeError: fetch failed] {
17:21:15.340 [META_GATEWAY_INBOX_RETRY] t-ldmubihk2h-26 attempt=1 [TypeError: fetch failed] {
17:21:15.340 [META_GATEWAY_INBOX_RETRY] t-ldmubihk2h-32 attempt=1 [TypeError: fetch failed] {
17:21:15.340 [META_GATEWAY_INBOX_RETRY] t-ldmubihk2h-33 attempt=1 [TypeError: fetch failed] {
17:21:15.340 [META_GATEWAY_INBOX_RETRY] t-ldmubihk2h-30 attempt=1 [TypeError: fetch failed] {
17:21:15.341 [META_GATEWAY_INBOX_RETRY] t-ldmubihk2h-34 attempt=1 [TypeError: fetch failed] {
17:21:15.341 [META_GATEWAY_INBOX_RETRY] t-ldmubihk2h-35 attempt=1 [TypeError: fetch failed] {
17:21:15.341 [META_GATEWAY_INBOX_RETRY] t-ldmubihk2h-41 attempt=1 [TypeError: fetch failed] {
17:21:15.341 [META_GATEWAY_INBOX_RETRY] t-ldmubihk2h-31 attempt=1 [TypeError: fetch failed] {
17:21:15.368 [META_GATEWAY_INBOX_RETRY] t-ldmubihk2h-45 attempt=1 [TypeError: fetch failed] {
17:21:15.369 [META_GATEWAY_INBOX_RETRY] t-ldmubihk2h-7 attempt=1 [TypeError: fetch failed] {
17:21:15.369 [META_GATEWAY_INBOX_RETRY] t-ldmubihk2h-40 attempt=1 [TypeError: fetch failed] {
17:21:15.370 [META_GATEWAY_INBOX_RETRY] t-ldmubihk2h-43 attempt=1 [TypeError: fetch failed] {
17:21:15.370 [META_GATEWAY_INBOX_RETRY] t-ldmubihk2h-44 attempt=1 [TypeError: fetch failed] {
17:21:15.371 [META_GATEWAY_INBOX_RETRY] t-ldmubihk2h-77 attempt=1 [TypeError: fetch failed] {
17:21:15.375 [META_GATEWAY_INBOX_RETRY] t-ldmubihk2h-78 attempt=1 [TypeError: fetch failed] {
17:21:15.376 [META_GATEWAY_INBOX_RETRY] t-ldmubihk2h-67 attempt=1 [TypeError: fetch failed] {
17:21:15.378 [META_GATEWAY_INBOX_RETRY] t-ldmubihk2h-79 attempt=1 [TypeError: fetch failed] {
17:21:15.380 [META_GATEWAY_INBOX_RETRY] t-ldmubihk2h-42 attempt=1 [TypeError: fetch failed] {
17:21:15.384 [META_GATEWAY_INBOX_RETRY] t-ldmubihk2h-51 attempt=1 [TypeError: fetch failed] {
17:21:15.385 [META_GATEWAY_INBOX_RETRY] t-ldmubihk2h-52 attempt=1 [TypeError: fetch failed] {
17:21:15.385 [META_GATEWAY_INBOX_RETRY] t-ldmubihk2h-9 attempt=1 [TypeError: fetch failed] {
17:21:15.385 [META_GATEWAY_INBOX_RETRY] t-ldmubihk2h-53 attempt=1 [TypeError: fetch failed] {
17:21:15.385 [META_GATEWAY_INBOX_RETRY] t-ldmubihk2h-55 attempt=1 [TypeError: fetch failed] {
17:21:15.386 [META_GATEWAY_INBOX_RETRY] t-ldmubihk2h-50 attempt=1 [TypeError: fetch failed] {
17:21:15.386 [META_GATEWAY_INBOX_RETRY] t-ldmubihk2h-54 attempt=1 [TypeError: fetch failed] {
17:21:15.386 [META_GATEWAY_INBOX_RETRY] t-ldmubihk2h-56 attempt=1 [TypeError: fetch failed] {
17:21:15.858 [META_GATEWAY_FAILED] client-0 network_error [TypeError: fetch failed] {
17:21:15.859 [META_GATEWAY_FAILED] client-0 network_error [TypeError: fetch failed] {
17:21:15.860 [META_GATEWAY_FAILED] client-0 network_error [TypeError: fetch failed] {
17:21:15.861 [META_GATEWAY_FAILED] client-0 network_error [TypeError: fetch failed] {
17:21:15.861 [META_GATEWAY_FAILED] client-0 network_error [TypeError: fetch failed] {
17:21:15.873 [META_GATEWAY_FAILED] client-0 network_error [TypeError: fetch failed] {
17:21:15.874 [META_GATEWAY_FAILED] client-0 network_error [TypeError: fetch failed] {
17:21:15.874 [META_GATEWAY_FAILED] client-0 network_error [TypeError: fetch failed] {
17:21:15.875 [META_GATEWAY_PENDING_CHECK_FAILED] client-0 [TypeError: fetch failed] {
17:21:15.879 [META_GATEWAY_PENDING_CHECK_FAILED] client-0 [TypeError: fetch failed] {
17:21:15.880 [META_GATEWAY_PENDING_CHECK_FAILED] client-0 [TypeError: fetch failed] {
17:21:15.881 [META_GATEWAY_PENDING_CHECK_FAILED] client-0 [TypeError: fetch failed] {
17:21:15.882 [META_GATEWAY_PENDING_CHECK_FAILED] client-0 [TypeError: fetch failed] {
17:21:15.883 [META_GATEWAY_PENDING_CHECK_FAILED] client-0 [TypeError: fetch failed] {
17:21:15.885 [META_GATEWAY_PENDING_CHECK_FAILED] client-0 [TypeError: fetch failed] {
17:21:15.886 [META_GATEWAY_PENDING_CHECK_FAILED] client-0 [TypeError: fetch failed] {
17:21:15.887 [META_GATEWAY_PENDING_CHECK_FAILED] client-0 [TypeError: fetch failed] {
17:21:15.888 [META_GATEWAY_PENDING_CHECK_FAILED] client-0 [TypeError: fetch failed] {
17:21:15.889 [META_GATEWAY_PENDING_CHECK_FAILED] client-0 [TypeError: fetch failed] {
17:21:15.890 [META_GATEWAY_PENDING_CHECK_FAILED] client-0 [TypeError: fetch failed] {
17:21:15.891 [META_GATEWAY_PENDING_CHECK_FAILED] client-0 [TypeError: fetch failed] {
17:21:15.892 [META_GATEWAY_PENDING_CHECK_FAILED] client-0 [TypeError: fetch failed] {
17:21:15.894 [META_GATEWAY_PENDING_CHECK_FAILED] client-0 [TypeError: fetch failed] {
17:21:15.896 [META_GATEWAY_PENDING_CHECK_FAILED] client-0 [TypeError: fetch failed] {
17:21:15.897 [META_GATEWAY_PENDING_CHECK_FAILED] client-0 [TypeError: fetch failed] {
17:21:15.898 [META_GATEWAY_PENDING_CHECK_FAILED] client-0 [TypeError: fetch failed] {
17:21:15.900 [META_GATEWAY_PENDING_CHECK_FAILED] client-0 [TypeError: fetch failed] {
17:21:15.901 [META_GATEWAY_PENDING_CHECK_FAILED] client-0 [TypeError: fetch failed] {
17:21:15.903 [META_GATEWAY_RETRY] client-0 attempt=2 network_error [TypeError: fetch failed] {
17:21:15.904 [META_GATEWAY_RETRY] client-0 attempt=2 network_error [TypeError: fetch failed] {
17:21:15.904 [META_GATEWAY_RETRY] client-0 attempt=2 network_error [TypeError: fetch failed] {
17:21:15.905 [META_GATEWAY_RETRY] client-0 attempt=2 network_error [TypeError: fetch failed] {
17:21:15.905 [META_GATEWAY_RETRY] client-0 attempt=2 network_error [TypeError: fetch failed] {
17:21:15.905 [META_GATEWAY_RETRY] client-0 attempt=2 network_error [TypeError: fetch failed] {
17:21:15.906 [META_GATEWAY_RETRY] client-0 attempt=2 network_error [TypeError: fetch failed] {
17:21:15.906 [META_GATEWAY_RETRY] client-0 attempt=2 network_error [TypeError: fetch failed] {
17:21:15.906 [META_GATEWAY_RETRY] client-0 attempt=2 network_error [TypeError: fetch failed] {
17:21:15.907 [META_GATEWAY_RETRY] client-0 attempt=2 network_error [TypeError: fetch failed] {
17:21:15.907 [META_GATEWAY_RETRY] client-0 attempt=2 network_error [TypeError: fetch failed] {
17:21:15.911 [META_GATEWAY_CLEAR_PENDING_FAILED] client-0 [TypeError: fetch failed] {
17:21:15.912 [META_GATEWAY_CLEAR_PENDING_FAILED] client-0 [TypeError: fetch failed] {
17:21:15.913 [META_GATEWAY_RETRY] client-0 attempt=1 network_error [TypeError: fetch failed] {
17:21:15.913 [META_GATEWAY_CLEAR_PENDING_FAILED] client-0 [TypeError: fetch failed] {
17:21:15.914 [META_GATEWAY_RETRY] client-0 attempt=1 network_error [TypeError: fetch failed] {
17:21:15.914 [META_GATEWAY_RETRY] client-0 attempt=1 network_error [TypeError: fetch failed] {
17:21:15.914 [META_GATEWAY_RETRY] client-0 attempt=1 network_error [TypeError: fetch failed] {
17:21:15.915 [META_GATEWAY_RETRY] client-0 attempt=1 network_error [TypeError: fetch failed] {
17:21:15.916 [META_GATEWAY_RETRY] client-0 attempt=1 network_error [TypeError: fetch failed] {
17:21:15.916 [META_GATEWAY_RETRY] client-0 attempt=1 network_error [TypeError: fetch failed] {
17:21:15.916 [META_GATEWAY_CLEAR_PENDING_FAILED] client-0 [TypeError: fetch failed] {
17:21:15.917 [META_GATEWAY_CLEAR_PENDING_FAILED] client-0 [TypeError: fetch failed] {
17:21:15.917 [META_GATEWAY_RETRY] client-0 attempt=1 network_error [TypeError: fetch failed] {
17:21:15.918 [META_GATEWAY_RETRY] client-0 attempt=1 network_error [TypeError: fetch failed] {
17:21:15.918 [META_GATEWAY_RETRY] client-0 attempt=1 network_error [TypeError: fetch failed] {
17:21:15.919 [META_GATEWAY_RETRY] client-0 attempt=1 network_error [TypeError: fetch failed] {
17:21:15.919 [META_GATEWAY_RETRY] client-0 attempt=1 network_error [TypeError: fetch failed] {
17:21:15.919 [META_GATEWAY_CLEAR_PENDING_FAILED] client-0 [TypeError: fetch failed] {
17:21:15.920 [META_GATEWAY_RETRY] client-0 attempt=1 network_error [TypeError: fetch failed] {
17:21:15.920 [META_GATEWAY_RETRY] client-0 attempt=1 network_error [TypeError: fetch failed] {
17:21:15.955 [META_GATEWAY_INBOX_RETRY] t-ldmubihk2h-5 attempt=1 [TypeError: fetch failed] {
17:21:15.955 [META_GATEWAY_INBOX_RETRY] t-ldmubihk2h-60 attempt=1 [TypeError: fetch failed] {
17:21:15.955 [META_GATEWAY_INBOX_RETRY] t-ldmubihk2h-87 attempt=1 [TypeError: fetch failed] {
17:21:15.955 [META_GATEWAY_INBOX_RETRY] t-ldmubihk2h-62 attempt=1 [TypeError: fetch failed] {
17:21:15.956 [META_GATEWAY_INBOX_RETRY] t-ldmubihk2h-63 attempt=1 [TypeError: fetch failed] {
17:21:15.956 [META_GATEWAY_INBOX_RETRY] t-ldmubihk2h-61 attempt=1 [TypeError: fetch failed] {
17:21:15.956 [META_GATEWAY_INBOX_RETRY] t-ldmubihk2h-4 attempt=1 [TypeError: fetch failed] {
17:21:15.956 [META_GATEWAY_INBOX_RETRY] t-ldmubihk2h-6 attempt=1 [TypeError: fetch failed] {
17:21:15.956 [META_GATEWAY_INBOX_RETRY] t-ldmubihk2h-3 attempt=1 [TypeError: fetch failed] {
17:21:15.974 [META_GATEWAY_PENDING_CHECK_FAILED] client-0 [TypeError: fetch failed] {
17:21:15.975 [META_GATEWAY_PENDING_CHECK_FAILED] client-0 [TypeError: fetch failed] {
17:21:15.976 [META_GATEWAY_PENDING_CHECK_FAILED] client-0 [TypeError: fetch failed] {
17:21:15.977 [META_GATEWAY_PENDING_CHECK_FAILED] client-0 [TypeError: fetch failed] {
17:21:15.978 [META_GATEWAY_PENDING_CHECK_FAILED] client-0 [TypeError: fetch failed] {
17:21:15.979 [META_GATEWAY_PENDING_CHECK_FAILED] client-0 [TypeError: fetch failed] {
17:21:15.980 [META_GATEWAY_PENDING_CHECK_FAILED] client-0 [TypeError: fetch failed] {
17:21:15.981 [META_GATEWAY_PENDING_CHECK_FAILED] client-0 [TypeError: fetch failed] {
17:21:15.983 [META_GATEWAY_CLEAR_PENDING_FAILED] client-0 [TypeError: fetch failed] {
17:21:15.984 [META_GATEWAY_RETRY] client-0 attempt=1 network_error [TypeError: fetch failed] {
17:21:15.984 [META_GATEWAY_RETRY] client-0 attempt=1 network_error [TypeError: fetch failed] {
17:21:15.984 [META_GATEWAY_CLEAR_PENDING_FAILED] client-0 [TypeError: fetch failed] {
17:21:15.985 [META_GATEWAY_CLEAR_PENDING_FAILED] client-0 [TypeError: fetch failed] {
17:21:15.986 [META_GATEWAY_RETRY] client-0 attempt=1 network_error [TypeError: fetch failed] {
17:21:15.986 [META_GATEWAY_RETRY] client-0 attempt=1 network_error [TypeError: fetch failed] {
17:21:15.986 [META_GATEWAY_RETRY] client-0 attempt=1 network_error [TypeError: fetch failed] {
17:21:15.990 [META_GATEWAY_INBOX_RETRY] t-ldmubihk2h-97 attempt=1 [TypeError: fetch failed] {
17:21:15.990 [META_GATEWAY_INBOX_RETRY] t-ldmubihk2h-99 attempt=1 [TypeError: fetch failed] {
17:21:15.990 [META_GATEWAY_INBOX_RETRY] t-ldmubihk2h-88 attempt=1 [TypeError: fetch failed] {
17:21:15.990 [META_GATEWAY_INBOX_RETRY] t-ldmubihk2h-98 attempt=1 [TypeError: fetch failed] {
17:21:15.990 [META_GATEWAY_INBOX_RETRY] t-ldmubihk2h-89 attempt=1 [TypeError: fetch failed] {
17:21:15.991 [META_GATEWAY_INBOX_RETRY] t-ldmubihk2h-108 attempt=1 [TypeError: fetch failed] {
17:21:15.992 [META_GATEWAY_INBOX_RETRY] t-ldmubihk2h-109 attempt=1 [TypeError: fetch failed] {
17:21:15.992 [META_GATEWAY_INBOX_RETRY] t-ldmubihk2h-107 attempt=1 [TypeError: fetch failed] {
17:21:16.224 [META_GATEWAY_FAILED] client-0 network_error [TypeError: fetch failed] {
17:21:16.225 [META_GATEWAY_FAILED] client-0 network_error [TypeError: fetch failed] {
17:21:16.226 [META_GATEWAY_FAILED] client-0 network_error [TypeError: fetch failed] {
17:21:16.238 [META_GATEWAY_INBOX_RETRY] t-ldmubihk2h-66 attempt=1 [TypeError: fetch failed] {
17:21:16.268 [META_GATEWAY_INBOX_RETRY] t-ldmubihk2h-64 attempt=1 [TypeError: fetch failed] {
17:21:16.268 [META_GATEWAY_INBOX_RETRY] t-ldmubihk2h-65 attempt=1 [TypeError: fetch failed] {
17:21:16.307 [META_GATEWAY_PENDING_CHECK_FAILED] client-0 [TypeError: fetch failed] {
17:21:16.308 [META_GATEWAY_PENDING_CHECK_FAILED] client-0 [TypeError: fetch failed] {
17:21:16.309 [META_GATEWAY_PENDING_CHECK_FAILED] client-0 [TypeError: fetch failed] {
17:21:16.310 [META_GATEWAY_PENDING_CHECK_FAILED] client-0 [TypeError: fetch failed] {