18:02:11.041 [harness] SIGTERM sent
18:02:11.043 [client] SIGTERM received, draining…
18:02:11.043 [client] @@STAGE server.close called 1790013731043
18:02:11.044 [client] @@STAGE at close: {"requestsInFlight":[],"n":0}
18:02:11.045 [client] @@STAGE sockets at close: ["remote=::ffff:127.0.0.1:53558 local=53353 bytesRead=570 idleSinceLastReadOrWrite=?","remote=::ffff:127.0.0.1:53584 local=53353 bytesRead=311 idleSinceLastReadOrWrite=?","remote=::ffff:127.0.0.1:53585 local=53353 bytesRead=311 idleSinceLastReadOrWrite=?","remote=::ffff:127
18:02:11.152 [client] @@STAGE server.close done +109ms
18:02:11.153 [client] @@STAGE pg pool.end called 1790013731152
18:02:11.276 [META_GATEWAY_PENDING_CHECK_FAILED] client-0 [TypeError: fetch failed] {
18:02:11.280 [META_GATEWAY_PENDING_CHECK_FAILED] client-0 [TypeError: fetch failed] {
18:02:11.285 [META_GATEWAY_PENDING_CHECK_FAILED] client-0 [TypeError: fetch failed] {
18:02:11.290 [META_GATEWAY_PENDING_CHECK_FAILED] client-0 [TypeError: fetch failed] {
18:02:11.294 [META_GATEWAY_PENDING_CHECK_FAILED] client-0 [TypeError: fetch failed] {
18:02:11.297 [META_GATEWAY_PENDING_CHECK_FAILED] client-0 [TypeError: fetch failed] {
18:02:11.300 [META_GATEWAY_PENDING_CHECK_FAILED] client-0 [TypeError: fetch failed] {
18:02:11.301 [META_GATEWAY_PENDING_CHECK_FAILED] client-0 [TypeError: fetch failed] {
18:02:11.302 [META_GATEWAY_PENDING_CHECK_FAILED] client-0 [TypeError: fetch failed] {
18:02:11.304 [META_GATEWAY_PENDING_CHECK_FAILED] client-0 [TypeError: fetch failed] {
18:02:11.308 [META_GATEWAY_PENDING_CHECK_FAILED] client-0 [TypeError: fetch failed] {
18:02:11.312 [META_GATEWAY_PENDING_CHECK_FAILED] client-0 [TypeError: fetch failed] {
18:02:11.314 [META_GATEWAY_PENDING_CHECK_FAILED] client-0 [TypeError: fetch failed] {
18:02:11.320 [META_GATEWAY_PENDING_CHECK_FAILED] client-0 [TypeError: fetch failed] {
18:02:11.324 [META_GATEWAY_PENDING_CHECK_FAILED] client-0 [TypeError: fetch failed] {
18:02:11.327 [META_GATEWAY_RETRY] client-0 attempt=1 network_error [TypeError: fetch failed] {
18:02:11.327 [META_GATEWAY_RETRY] client-0 attempt=1 network_error [TypeError: fetch failed] {
18:02:11.328 [META_GATEWAY_RETRY] client-0 attempt=1 network_error [TypeError: fetch failed] {
18:02:11.328 [META_GATEWAY_RETRY] client-0 attempt=1 network_error [TypeError: fetch failed] {
18:02:11.328 [META_GATEWAY_RETRY] client-0 attempt=1 network_error [TypeError: fetch failed] {
18:02:11.329 [META_GATEWAY_RETRY] client-0 attempt=1 network_error [TypeError: fetch failed] {
18:02:11.329 [META_GATEWAY_RETRY] client-0 attempt=1 network_error [TypeError: fetch failed] {
18:02:11.329 [META_GATEWAY_RETRY] client-0 attempt=1 network_error [TypeError: fetch failed] {
18:02:11.330 [META_GATEWAY_RETRY] client-0 attempt=1 network_error [TypeError: fetch failed] {
18:02:11.330 [META_GATEWAY_RETRY] client-0 attempt=1 network_error [TypeError: fetch failed] {
18:02:11.330 [META_GATEWAY_RETRY] client-0 attempt=1 network_error [TypeError: fetch failed] {
18:02:11.331 [META_GATEWAY_RETRY] client-0 attempt=1 network_error [TypeError: fetch failed] {
18:02:11.331 [META_GATEWAY_RETRY] client-0 attempt=1 network_error [TypeError: fetch failed] {
18:02:11.331 [META_GATEWAY_RETRY] client-0 attempt=1 network_error [TypeError: fetch failed] {
18:02:11.332 [META_GATEWAY_RETRY] client-0 attempt=1 network_error [TypeError: fetch failed] {
18:02:11.332 [META_GATEWAY_RETRY] client-0 attempt=1 network_error [TypeError: fetch failed] {
18:02:11.332 [META_GATEWAY_RETRY] client-0 attempt=1 network_error [TypeError: fetch failed] {
18:02:11.334 [META_GATEWAY_RETRY] client-0 attempt=1 network_error [TypeError: fetch failed] {
18:02:11.335 [META_GATEWAY_RETRY] client-0 attempt=1 network_error [TypeError: fetch failed] {
18:02:11.339 [META_GATEWAY_RETRY] client-0 attempt=1 network_error [TypeError: fetch failed] {
18:02:11.340 [META_GATEWAY_RETRY] client-0 attempt=1 network_error [TypeError: fetch failed] {
18:02:11.340 [META_GATEWAY_RETRY] client-0 attempt=1 network_error [TypeError: fetch failed] {
18:02:11.340 [META_GATEWAY_RETRY] client-0 attempt=1 network_error [TypeError: fetch failed] {
18:02:11.341 [META_GATEWAY_CLEAR_PENDING_FAILED] client-0 [TypeError: fetch failed] {
18:02:11.342 [META_GATEWAY_RETRY] client-0 attempt=1 network_error [TypeError: fetch failed] {
18:02:11.342 [META_GATEWAY_RETRY] client-0 attempt=1 network_error [TypeError: fetch failed] {
18:02:11.343 [META_GATEWAY_CLEAR_PENDING_FAILED] client-0 [TypeError: fetch failed] {
18:02:11.343 [META_GATEWAY_RETRY] client-0 attempt=1 network_error [TypeError: fetch failed] {
18:02:11.344 [META_GATEWAY_CLEAR_PENDING_FAILED] client-0 [TypeError: fetch failed] {
18:02:11.345 [META_GATEWAY_CLEAR_PENDING_FAILED] client-0 [TypeError: fetch failed] {
18:02:11.346 [META_GATEWAY_RETRY] client-0 attempt=1 network_error [TypeError: fetch failed] {
18:02:11.347 [META_GATEWAY_RETRY] client-0 attempt=1 network_error [TypeError: fetch failed] {
18:02:11.347 [META_GATEWAY_RETRY] client-0 attempt=1 network_error [TypeError: fetch failed] {
18:02:11.347 [META_GATEWAY_RETRY] client-0 attempt=1 network_error [TypeError: fetch failed] {
18:02:11.348 [META_GATEWAY_RETRY] client-0 attempt=1 network_error [TypeError: fetch failed] {
18:02:11.412 [META_GATEWAY_INBOX_RETRY] t-ldmubjy8z3-37 attempt=1 [TypeError: fetch failed] {
18:02:11.412 [META_GATEWAY_INBOX_RETRY] t-ldmubjy8z3-29 attempt=1 [TypeError: fetch failed] {
18:02:11.413 [META_GATEWAY_INBOX_RETRY] t-ldmubjy8z3-39 attempt=1 [TypeError: fetch failed] {
18:02:11.413 [META_GATEWAY_INBOX_RETRY] t-ldmubjy8z3-38 attempt=1 [TypeError: fetch failed] {
18:02:11.413 [META_GATEWAY_PENDING_CHECK_FAILED] client-0 [TypeError: fetch failed] {
18:02:11.414 [META_GATEWAY_PENDING_CHECK_FAILED] client-0 [TypeError: fetch failed] {
18:02:11.416 [META_GATEWAY_PENDING_CHECK_FAILED] client-0 [TypeError: fetch failed] {
18:02:11.417 [META_GATEWAY_PENDING_CHECK_FAILED] client-0 [TypeError: fetch failed] {
18:02:11.418 [META_GATEWAY_PENDING_CHECK_FAILED] client-0 [TypeError: fetch failed] {
18:02:11.419 [META_GATEWAY_PENDING_CHECK_FAILED] client-0 [TypeError: fetch failed] {
18:02:11.420 [META_GATEWAY_PENDING_CHECK_FAILED] client-0 [TypeError: fetch failed] {
18:02:11.421 [META_GATEWAY_PENDING_CHECK_FAILED] client-0 [TypeError: fetch failed] {
18:02:11.423 [META_GATEWAY_PENDING_CHECK_FAILED] client-0 [TypeError: fetch failed] {
18:02:11.424 [META_GATEWAY_PENDING_CHECK_FAILED] client-0 [TypeError: fetch failed] {
18:02:11.425 [META_GATEWAY_CLEAR_PENDING_FAILED] client-0 [TypeError: fetch failed] {
18:02:11.426 [META_GATEWAY_RETRY] client-0 attempt=1 network_error [TypeError: fetch failed] {
18:02:11.426 [META_GATEWAY_RETRY] client-0 attempt=1 network_error [TypeError: fetch failed] {
18:02:11.427 [META_GATEWAY_CLEAR_PENDING_FAILED] client-0 [TypeError: fetch failed] {
18:02:11.427 [META_GATEWAY_RETRY] client-0 attempt=1 network_error [TypeError: fetch failed] {
18:02:11.428 [META_GATEWAY_RETRY] client-0 attempt=1 network_error [TypeError: fetch failed] {
18:02:11.428 [META_GATEWAY_RETRY] client-0 attempt=1 network_error [TypeError: fetch failed] {
18:02:11.429 [META_GATEWAY_CLEAR_PENDING_FAILED] client-0 [TypeError: fetch failed] {
18:02:11.429 [META_GATEWAY_RETRY] client-0 attempt=1 network_error [TypeError: fetch failed] {
18:02:11.429 [META_GATEWAY_RETRY] client-0 attempt=1 network_error [TypeError: fetch failed] {
18:02:11.437 [META_GATEWAY_INBOX_RETRY] t-ldmubjy8z3-49 attempt=1 [TypeError: fetch failed] {
18:02:11.438 [META_GATEWAY_INBOX_RETRY] t-ldmubjy8z3-48 attempt=1 [TypeError: fetch failed] {
18:02:11.438 [META_GATEWAY_INBOX_RETRY] t-ldmubjy8z3-47 attempt=1 [TypeError: fetch failed] {
18:02:11.849 [META_GATEWAY_RETRY] client-0 attempt=2 network_error [TypeError: fetch failed] {
18:02:11.849 [META_GATEWAY_RETRY] client-0 attempt=2 network_error [TypeError: fetch failed] {
18:02:11.849 [META_GATEWAY_RETRY] client-0 attempt=2 network_error [TypeError: fetch failed] {
18:02:11.850 [META_GATEWAY_RETRY] client-0 attempt=2 network_error [TypeError: fetch failed] {
18:02:11.850 [META_GATEWAY_RETRY] client-0 attempt=2 network_error [TypeError: fetch failed] {
18:02:11.850 [META_GATEWAY_RETRY] client-0 attempt=2 network_error [TypeError: fetch failed] {
18:02:11.851 [META_GATEWAY_RETRY] client-0 attempt=2 network_error [TypeError: fetch failed] {
18:02:11.851 [META_GATEWAY_RETRY] client-0 attempt=2 network_error [TypeError: fetch failed] {
18:02:11.851 [META_GATEWAY_RETRY] client-0 attempt=2 network_error [TypeError: fetch failed] {
18:02:11.852 [META_GATEWAY_RETRY] client-0 attempt=2 network_error [TypeError: fetch failed] {
18:02:11.852 [META_GATEWAY_RETRY] client-0 attempt=2 network_error [TypeError: fetch failed] {
18:02:11.863 [META_GATEWAY_RETRY] client-0 attempt=2 network_error [TypeError: fetch failed] {
18:02:11.864 [META_GATEWAY_RETRY] client-0 attempt=2 network_error [TypeError: fetch failed] {
18:02:11.864 [META_GATEWAY_RETRY] client-0 attempt=2 network_error [TypeError: fetch failed] {
18:02:11.864 [META_GATEWAY_RETRY] client-0 attempt=2 network_error [TypeError: fetch failed] {
18:02:11.865 [META_GATEWAY_RETRY] client-0 attempt=2 network_error [TypeError: fetch failed] {
18:02:11.865 [META_GATEWAY_RETRY] client-0 attempt=2 network_error [TypeError: fetch failed] {
18:02:11.865 [META_GATEWAY_RETRY] client-0 attempt=2 network_error [TypeError: fetch failed] {
18:02:11.866 [META_GATEWAY_RETRY] client-0 attempt=2 network_error [TypeError: fetch failed] {
18:02:11.874 [META_GATEWAY_RETRY] client-0 attempt=2 network_error [TypeError: fetch failed] {
18:02:11.875 [META_GATEWAY_RETRY] client-0 attempt=2 network_error [TypeError: fetch failed] {
18:02:11.875 [META_GATEWAY_RETRY] client-0 attempt=2 network_error [TypeError: fetch failed] {
18:02:11.875 [META_GATEWAY_RETRY] client-0 attempt=2 network_error [TypeError: fetch failed] {
18:02:11.876 [META_GATEWAY_RETRY] client-0 attempt=2 network_error [TypeError: fetch failed] {
18:02:11.876 [META_GATEWAY_RETRY] client-0 attempt=2 network_error [TypeError: fetch failed] {
18:02:11.876 [META_GATEWAY_RETRY] client-0 attempt=2 network_error [TypeError: fetch failed] {
18:02:11.877 [META_GATEWAY_RETRY] client-0 attempt=2 network_error [TypeError: fetch failed] {
18:02:11.877 [META_GATEWAY_RETRY] client-0 attempt=2 network_error [TypeError: fetch failed] {
18:02:11.877 [META_GATEWAY_RETRY] client-0 attempt=2 network_error [TypeError: fetch failed] {
18:02:11.878 [META_GATEWAY_RETRY] client-0 attempt=2 network_error [TypeError: fetch failed] {
18:02:11.878 [META_GATEWAY_RETRY] client-0 attempt=2 network_error [TypeError: fetch failed] {
18:02:11.915 [client] @@STAGE pg pool.end called 1790013731914
18:02:11.962 [META_GATEWAY_PENDING_CHECK_FAILED] client-0 [TypeError: fetch failed] {
18:02:11.963 [META_GATEWAY_PENDING_CHECK_FAILED] client-0 [TypeError: fetch failed] {
18:02:11.965 [META_GATEWAY_PENDING_CHECK_FAILED] client-0 [TypeError: fetch failed] {
18:02:11.967 [META_GATEWAY_PENDING_CHECK_FAILED] client-0 [TypeError: fetch failed] {
18:02:11.969 [META_GATEWAY_PENDING_CHECK_FAILED] client-0 [TypeError: fetch failed] {
18:02:11.971 [META_GATEWAY_PENDING_CHECK_FAILED] client-0 [TypeError: fetch failed] {
18:02:11.972 [client] EXIT code=0 signal=null
18:02:11.974 [META_GATEWAY_PENDING_CHECK_FAILED] client-0 [TypeError: fetch failed] {
18:02:11.976 [META_GATEWAY_PENDING_CHECK_FAILED] client-0 [TypeError: fetch failed] {
18:02:11.978 [META_GATEWAY_PENDING_CHECK_FAILED] client-0 [TypeError: fetch failed] {
18:02:11.979 [META_GATEWAY_PENDING_CHECK_FAILED] client-0 [TypeError: fetch failed] {
18:02:11.980 [META_GATEWAY_PENDING_CHECK_FAILED] client-0 [TypeError: fetch failed] {
18:02:11.981 [META_GATEWAY_PENDING_CHECK_FAILED] client-0 [TypeError: fetch failed] {
18:02:11.982 [META_GATEWAY_RETRY] client-0 attempt=2 network_error [TypeError: fetch failed] {
18:02:11.983 [META_GATEWAY_RETRY] client-0 attempt=2 network_error [TypeError: fetch failed] {
18:02:11.983 [META_GATEWAY_RETRY] client-0 attempt=2 network_error [TypeError: fetch failed] {
18:02:11.984 [META_GATEWAY_RETRY] client-0 attempt=2 network_error [TypeError: fetch failed] {
18:02:11.984 [META_GATEWAY_RETRY] client-0 attempt=2 network_error [TypeError: fetch failed] {
18:02:11.984 [META_GATEWAY_RETRY] client-0 attempt=2 network_error [TypeError: fetch failed] {
18:02:11.985 [META_GATEWAY_RETRY] client-0 attempt=2 network_error [TypeError: fetch failed] {
18:02:11.985 [META_GATEWAY_CLEAR_PENDING_FAILED] client-0 [TypeError: fetch failed] {
18:02:11.986 [META_GATEWAY_RETRY] client-0 attempt=1 network_error [TypeError: fetch failed] {
18:02:11.987 [META_GATEWAY_RETRY] client-0 attempt=1 network_error [TypeError: fetch failed] {
18:02:11.987 [META_GATEWAY_CLEAR_PENDING_FAILED] client-0 [TypeError: fetch failed] {
18:02:11.988 [META_GATEWAY_RETRY] client-0 attempt=1 network_error [TypeError: fetch failed] {
18:02:11.989 [META_GATEWAY_CLEAR_PENDING_FAILED] client-0 [TypeError: fetch failed] {
18:02:11.989 [META_GATEWAY_RETRY] client-0 attempt=1 network_error [TypeError: fetch failed] {
18:02:11.990 [META_GATEWAY_RETRY] client-0 attempt=1 network_error [TypeError: fetch failed] {
18:02:11.990 [META_GATEWAY_RETRY] client-0 attempt=1 network_error [TypeError: fetch failed] {
18:02:11.991 [META_GATEWAY_RETRY] client-0 attempt=1 network_error [TypeError: fetch failed] {
18:02:11.991 [META_GATEWAY_RETRY] client-0 attempt=1 network_error [TypeError: fetch failed] {
18:02:11.991 [META_GATEWAY_RETRY] client-0 attempt=1 network_error [TypeError: fetch failed] {
18:02:12.002 [META_GATEWAY_INBOX_RETRY] t-ldmubjy8z3-57 attempt=1 [TypeError: fetch failed] {
18:02:12.002 [META_GATEWAY_INBOX_RETRY] t-ldmubjy8z3-58 attempt=1 [TypeError: fetch failed] {
18:02:12.002 [META_GATEWAY_INBOX_RETRY] t-ldmubjy8z3-59 attempt=1 [TypeError: fetch failed] {
18:02:12.410 [META_GATEWAY_PENDING_CHECK_FAILED] client-0 [TypeError: fetch failed] {
18:02:12.411 [META_GATEWAY_PENDING_CHECK_FAILED] client-0 [TypeError: fetch failed] {
18:02:12.412 [META_GATEWAY_PENDING_CHECK_FAILED] client-0 [TypeError: fetch failed] {
18:02:12.413 [META_GATEWAY_CLEAR_PENDING_FAILED] client-0 [TypeError: fetch failed] {
18:02:12.413 [META_GATEWAY_RETRY] client-0 attempt=1 network_error [TypeError: fetch failed] {
18:02:12.414 [META_GATEWAY_RETRY] client-0 attempt=1 network_error [TypeError: fetch failed] {
18:02:12.418 [META_GATEWAY_INBOX_RETRY] t-ldmubjy8z3-67 attempt=1 [TypeError: fetch failed] {
18:02:12.508 [META_GATEWAY_RETRY] client-0 attempt=2 network_error [TypeError: fetch failed] {
18:02:12.508 [META_GATEWAY_RETRY] client-0 attempt=2 network_error [TypeError: fetch failed] {
18:02:12.508 [META_GATEWAY_RETRY] client-0 attempt=2 network_error [TypeError: fetch failed] {
18:02:12.509 [META_GATEWAY_RETRY] client-0 attempt=2 network_error [TypeError: fetch failed] {
18:02:12.509 [META_GATEWAY_RETRY] client-0 attempt=2 network_error [TypeError: fetch failed] {
18:02:12.509 [META_GATEWAY_RETRY] client-0 attempt=2 network_error [TypeError: fetch failed] {
18:02:12.510 [META_GATEWAY_RETRY] client-0 attempt=2 network_error [TypeError: fetch failed] {
18:02:12.510 [META_GATEWAY_RETRY] client-0 attempt=2 network_error [TypeError: fetch failed] {
18:02:12.510 [META_GATEWAY_RETRY] client-0 attempt=2 network_error [TypeError: fetch failed] {
18:02:12.906 [META_GATEWAY_PENDING_CHECK_FAILED] client-0 [TypeError: fetch failed] {
18:02:12.907 [META_GATEWAY_CLEAR_PENDING_FAILED] client-0 [TypeError: fetch failed] {
18:02:12.912 [META_GATEWAY_INBOX_RETRY] t-ldmubjy8z3-68 attempt=1 [TypeError: fetch failed] {
18:02:12.917 [META_GATEWAY_RETRY] client-0 attempt=2 network_error [TypeError: fetch failed] {
18:02:12.918 [META_GATEWAY_RETRY] client-0 attempt=2 network_error [TypeError: fetch failed] {
18:02:13.352 [META_GATEWAY_FAILED] client-0 network_error [TypeError: fetch failed] {
18:02:13.353 [META_GATEWAY_FAILED] client-0 network_error [TypeError: fetch failed] {
18:02:13.354 [META_GATEWAY_FAILED] client-0 network_error [TypeError: fetch failed] {
18:02:13.363 [META_GATEWAY_FAILED] client-0 network_error [TypeError: fetch failed] {
18:02:13.363 [META_GATEWAY_FAILED] client-0 network_error [TypeError: fetch failed] {
18:02:13.364 [META_GATEWAY_FAILED] client-0 network_error [TypeError: fetch failed] {
18:02:13.365 [META_GATEWAY_FAILED] client-0 network_error [TypeError: fetch failed] {
18:02:13.365 [META_GATEWAY_FAILED] client-0 network_error [TypeError: fetch failed] {
18:02:13.366 [META_GATEWAY_FAILED] client-0 network_error [TypeError: fetch failed] {
18:02:13.366 [META_GATEWAY_FAILED] client-0 network_error [TypeError: fetch failed] {
18:02:13.367 [META_GATEWAY_FAILED] client-0 network_error [TypeError: fetch failed] {
18:02:13.376 [META_GATEWAY_FAILED] client-0 network_error [TypeError: fetch failed] {
18:02:13.377 [META_GATEWAY_FAILED] client-0 network_error [TypeError: fetch failed] {
18:02:13.377 [META_GATEWAY_FAILED] client-0 network_error [TypeError: fetch failed] {
18:02:13.377 [META_GATEWAY_FAILED] client-0 network_error [TypeError: fetch failed] {
18:02:13.378 [META_GATEWAY_FAILED] client-0 network_error [TypeError: fetch failed] {
18:02:13.378 [META_GATEWAY_FAILED] client-0 network_error [TypeError: fetch failed] {
18:02:13.379 [META_GATEWAY_FAILED] client-0 network_error [TypeError: fetch failed] {
18:02:13.379 [META_GATEWAY_FAILED] client-0 network_error [TypeError: fetch failed] {
18:02:13.387 [META_GATEWAY_PENDING_CHECK_FAILED] client-0 [TypeError: fetch failed] {
18:02:13.392 [META_GATEWAY_FAILED] client-0 network_error [TypeError: fetch failed] {
18:02:13.392 [META_GATEWAY_FAILED] client-0 network_error [TypeError: fetch failed] {
18:02:13.393 [META_GATEWAY_FAILED] client-0 network_error [TypeError: fetch failed] {
18:02:13.394 [META_GATEWAY_FAILED] client-0 network_error [TypeError: fetch failed] {
18:02:13.394 [META_GATEWAY_FAILED] client-0 network_error [TypeError: fetch failed] {
18:02:13.395 [META_GATEWAY_FAILED] client-0 network_error [TypeError: fetch failed] {
18:02:13.395 [META_GATEWAY_FAILED] client-0 network_error [TypeError: fetch failed] {
18:02:13.396 [META_GATEWAY_FAILED] client-0 network_error [TypeError: fetch failed] {
18:02:13.396 [META_GATEWAY_FAILED] client-0 network_error [TypeError: fetch failed] {
18:02:13.397 [META_GATEWAY_FAILED] client-0 network_error [TypeError: fetch failed] {
18:02:13.398 [META_GATEWAY_FAILED] client-0 network_error [TypeError: fetch failed] {
18:02:13.398 [META_GATEWAY_FAILED] client-0 network_error [TypeError: fetch failed] {
18:02:13.400 [META_GATEWAY_CLEAR_PENDING_FAILED] client-0 [TypeError: fetch failed] {
18:02:13.407 [META_GATEWAY_INBOX_RETRY] t-ldmubjy8z3-1 attempt=1 [TypeError: fetch failed] {
18:02:13.408 [META_GATEWAY_INBOX_RETRY] t-ldmubjy8z3-10 attempt=1 [TypeError: fetch failed] {
18:02:13.408 [META_GATEWAY_INBOX_RETRY] t-ldmubjy8z3-22 attempt=1 [TypeError: fetch failed] {
18:02:13.408 [META_GATEWAY_INBOX_RETRY] t-ldmubjy8z3-13 attempt=1 [TypeError: fetch failed] {
18:02:13.409 [META_GATEWAY_INBOX_RETRY] t-ldmubjy8z3-16 attempt=1 [TypeError: fetch failed] {
18:02:13.409 [META_GATEWAY_INBOX_RETRY] t-ldmubjy8z3-0 attempt=1 [TypeError: fetch failed] {
18:02:13.409 [META_GATEWAY_INBOX_RETRY] t-ldmubjy8z3-25 attempt=1 [TypeError: fetch failed] {
18:02:13.411 [META_GATEWAY_INBOX_RETRY] t-ldmubjy8z3-12 attempt=1 [TypeError: fetch failed] {
18:02:13.413 [META_GATEWAY_INBOX_RETRY] t-ldmubjy8z3-15 attempt=1 [TypeError: fetch failed] {
18:02:13.413 [META_GATEWAY_INBOX_RETRY] t-ldmubjy8z3-21 attempt=1 [TypeError: fetch failed] {
18:02:13.419 [META_GATEWAY_INBOX_RETRY] t-ldmubjy8z3-24 attempt=1 [TypeError: fetch failed] {
18:02:13.420 [META_GATEWAY_INBOX_RETRY] t-ldmubjy8z3-11 attempt=1 [TypeError: fetch failed] {
18:02:13.421 [META_GATEWAY_INBOX_RETRY] t-ldmubjy8z3-14 attempt=1 [TypeError: fetch failed] {
18:02:13.421 [META_GATEWAY_INBOX_RETRY] t-ldmubjy8z3-20 attempt=1 [TypeError: fetch failed] {
18:02:13.422 [META_GATEWAY_INBOX_RETRY] t-ldmubjy8z3-2 attempt=1 [TypeError: fetch failed] {
18:02:13.422 [META_GATEWAY_INBOX_RETRY] t-ldmubjy8z3-23 attempt=1 [TypeError: fetch failed] {
18:02:13.423 [META_GATEWAY_INBOX_RETRY] t-ldmubjy8z3-26 attempt=1 [TypeError: fetch failed] {
18:02:13.424 [META_GATEWAY_INBOX_RETRY] t-ldmubjy8z3-30 attempt=1 [TypeError: fetch failed] {
18:02:13.424 [META_GATEWAY_INBOX_RETRY] t-ldmubjy8z3-31 attempt=1 [TypeError: fetch failed] {
18:02:13.426 [META_GATEWAY_INBOX_RETRY] t-ldmubjy8z3-33 attempt=1 [TypeError: fetch failed] {
18:02:13.430 [META_GATEWAY_INBOX_RETRY] t-ldmubjy8z3-35 attempt=1 [TypeError: fetch failed] {
18:02:13.431 [META_GATEWAY_INBOX_RETRY] t-ldmubjy8z3-32 attempt=1 [TypeError: fetch failed] {
18:02:13.431 [META_GATEWAY_INBOX_RETRY] t-ldmubjy8z3-42 attempt=1 [TypeError: fetch failed] {
18:02:13.431 [META_GATEWAY_INBOX_RETRY] t-ldmubjy8z3-36 attempt=1 [TypeError: fetch failed] {
18:02:13.432 [META_GATEWAY_INBOX_RETRY] t-ldmubjy8z3-34 attempt=1 [TypeError: fetch failed] {
18:02:13.432 [META_GATEWAY_INBOX_RETRY] t-ldmubjy8z3-45 attempt=1 [TypeError: fetch failed] {
18:02:13.433 [META_GATEWAY_INBOX_RETRY] t-ldmubjy8z3-40 attempt=1 [TypeError: fetch failed] {
18:02:13.433 [META_GATEWAY_INBOX_RETRY] t-ldmubjy8z3-44 attempt=1 [TypeError: fetch failed] {
18:02:13.433 [META_GATEWAY_INBOX_RETRY] t-ldmubjy8z3-41 attempt=1 [TypeError: fetch failed] {
18:02:13.433 [META_GATEWAY_INBOX_RETRY] t-ldmubjy8z3-43 attempt=1 [TypeError: fetch failed] {
18:02:13.436 [META_GATEWAY_INBOX_RETRY] t-ldmubjy8z3-46 attempt=1 [TypeError: fetch failed] {
18:02:13.437 [META_GATEWAY_INBOX_RETRY] t-ldmubjy8z3-69 attempt=1 [TypeError: fetch failed] {
18:02:13.486 [META_GATEWAY_FAILED] client-0 network_error [TypeError: fetch failed] {
18:02:13.487 [META_GATEWAY_FAILED] client-0 network_error [TypeError: fetch failed] {
18:02:13.487 [META_GATEWAY_FAILED] client-0 network_error [TypeError: fetch failed] {
18:02:13.492 [META_GATEWAY_FAILED] client-0 network_error [TypeError: fetch failed] {
18:02:13.492 [META_GATEWAY_FAILED] client-0 network_error [TypeError: fetch failed] {
18:02:13.493 [META_GATEWAY_FAILED] client-0 network_error [TypeError: fetch failed] {
18:02:13.493 [META_GATEWAY_FAILED] client-0 network_error [TypeError: fetch failed] {
18:02:13.504 [META_GATEWAY_INBOX_RETRY] t-ldmubjy8z3-51 attempt=1 [TypeError: fetch failed] {
18:02:13.504 [META_GATEWAY_INBOX_RETRY] t-ldmubjy8z3-55 attempt=1 [TypeError: fetch failed] {
18:02:13.504 [META_GATEWAY_INBOX_RETRY] t-ldmubjy8z3-53 attempt=1 [TypeError: fetch failed] {
18:02:13.504 [META_GATEWAY_INBOX_RETRY] t-ldmubjy8z3-52 attempt=1 [TypeError: fetch failed] {
18:02:13.504 [META_GATEWAY_INBOX_RETRY] t-ldmubjy8z3-54 attempt=1 [TypeError: fetch failed] {
18:02:13.505 [META_GATEWAY_INBOX_RETRY] t-ldmubjy8z3-50 attempt=1 [TypeError: fetch failed] {
18:02:13.505 [META_GATEWAY_INBOX_RETRY] t-ldmubjy8z3-56 attempt=1 [TypeError: fetch failed] {
18:02:14.081 [META_GATEWAY_PENDING_CHECK_FAILED] client-0 [TypeError: fetch failed] {
18:02:14.082 [META_GATEWAY_PENDING_CHECK_FAILED] client-0 [TypeError: fetch failed] {
18:02:14.083 [META_GATEWAY_PENDING_CHECK_FAILED] client-0 [TypeError: fetch failed] {
18:02:14.084 [META_GATEWAY_PENDING_CHECK_FAILED] client-0 [TypeError: fetch failed] {
18:02:14.085 [META_GATEWAY_PENDING_CHECK_FAILED] client-0 [TypeError: fetch failed] {
18:02:14.086 [META_GATEWAY_PENDING_CHECK_FAILED] client-0 [TypeError: fetch failed] {
18:02:14.088 [META_GATEWAY_PENDING_CHECK_FAILED] client-0 [TypeError: fetch failed] {
18:02:14.089 [META_GATEWAY_PENDING_CHECK_FAILED] client-0 [TypeError: fetch failed] {
18:02:14.091 [META_GATEWAY_PENDING_CHECK_FAILED] client-0 [TypeError: fetch failed] {
18:02:14.092 [META_GATEWAY_PENDING_CHECK_FAILED] client-0 [TypeError: fetch failed] {
18:02:14.093 [META_GATEWAY_PENDING_CHECK_FAILED] client-0 [TypeError: fetch failed] {
18:02:14.094 [META_GATEWAY_PENDING_CHECK_FAILED] client-0 [TypeError: fetch failed] {
18:02:14.095 [META_GATEWAY_PENDING_CHECK_FAILED] client-0 [TypeError: fetch failed] {
18:02:14.096 [META_GATEWAY_PENDING_CHECK_FAILED] client-0 [TypeError: fetch failed] {
18:02:14.097 [META_GATEWAY_PENDING_CHECK_FAILED] client-0 [TypeError: fetch failed] {
18:02:14.098 [META_GATEWAY_PENDING_CHECK_FAILED] client-0 [TypeError: fetch failed] {
18:02:14.098 [META_GATEWAY_PENDING_CHECK_FAILED] client-0 [TypeError: fetch failed] {
18:02:14.099 [META_GATEWAY_PENDING_CHECK_FAILED] client-0 [TypeError: fetch failed] {
18:02:14.100 [META_GATEWAY_PENDING_CHECK_FAILED] client-0 [TypeError: fetch failed] {
18:02:14.101 [META_GATEWAY_PENDING_CHECK_FAILED] client-0 [TypeError: fetch failed] {
18:02:14.102 [META_GATEWAY_FAILED] client-0 network_error [TypeError: fetch failed] {
18:02:14.103 [META_GATEWAY_FAILED] client-0 network_error [TypeError: fetch failed] {
18:02:14.104 [META_GATEWAY_FAILED] client-0 network_error [TypeError: fetch failed] {
18:02:14.105 [META_GATEWAY_FAILED] client-0 network_error [TypeError: fetch failed] {
18:02:14.105 [META_GATEWAY_FAILED] client-0 network_error [TypeError: fetch failed] {
18:02:14.106 [META_GATEWAY_FAILED] client-0 network_error [TypeError: fetch failed] {
18:02:14.107 [META_GATEWAY_FAILED] client-0 network_error [TypeError: fetch failed] {
18:02:14.107 [META_GATEWAY_FAILED] client-0 network_error [TypeError: fetch failed] {
18:02:14.108 [META_GATEWAY_FAILED] client-0 network_error [TypeError: fetch failed] {
18:02:14.109 [META_GATEWAY_RETRY] client-0 attempt=1 network_error [TypeError: fetch failed] {
18:02:14.109 [META_GATEWAY_CLEAR_PENDING_FAILED] client-0 [TypeError: fetch failed] {
18:02:14.110 [META_GATEWAY_CLEAR_PENDING_FAILED] client-0 [TypeError: fetch failed] {
18:02:14.110 [META_GATEWAY_RETRY] client-0 attempt=1 network_error [TypeError: fetch failed] {
18:02:14.111 [META_GATEWAY_RETRY] client-0 attempt=1 network_error [TypeError: fetch failed] {
18:02:14.111 [META_GATEWAY_CLEAR_PENDING_FAILED] client-0 [TypeError: fetch failed] {
18:02:14.111 [META_GATEWAY_RETRY] client-0 attempt=1 network_error [TypeError: fetch failed] {
18:02:14.112 [META_GATEWAY_CLEAR_PENDING_FAILED] client-0 [TypeError: fetch failed] {
18:02:14.112 [META_GATEWAY_RETRY] client-0 attempt=1 network_error [TypeError: fetch failed] {
18:02:14.112 [META_GATEWAY_RETRY] client-0 attempt=1 network_error [TypeError: fetch failed] {
18:02:14.113 [META_GATEWAY_CLEAR_PENDING_FAILED] client-0 [TypeError: fetch failed] {
18:02:14.113 [META_GATEWAY_RETRY] client-0 attempt=1 network_error [TypeError: fetch failed] {
18:02:14.114 [META_GATEWAY_RETRY] client-0 attempt=1 network_error [TypeError: fetch failed] {
18:02:14.114 [META_GATEWAY_RETRY] client-0 attempt=1 network_error [TypeError: fetch failed] {
18:02:14.114 [META_GATEWAY_CLEAR_PENDING_FAILED] client-0 [TypeError: fetch failed] {
18:02:14.115 [META_GATEWAY_RETRY] client-0 attempt=1 network_error [TypeError: fetch failed] {
18:02:14.115 [META_GATEWAY_RETRY] client-0 attempt=1 network_error [TypeError: fetch failed] {
18:02:14.115 [META_GATEWAY_RETRY] client-0 attempt=1 network_error [TypeError: fetch failed] {
18:02:14.116 [META_GATEWAY_RETRY] client-0 attempt=1 network_error [TypeError: fetch failed] {
18:02:14.116 [META_GATEWAY_RETRY] client-0 attempt=1 network_error [TypeError: fetch failed] {
18:02:14.174 [META_GATEWAY_INBOX_RETRY] t-ldmubjy8z3-63 attempt=1 [TypeError: fetch failed] {
18:02:14.236 [META_GATEWAY_INBOX_RETRY] t-ldmubjy8z3-5 attempt=1 [TypeError: fetch failed] {
18:02:14.236 [META_GATEWAY_INBOX_RETRY] t-ldmubjy8z3-61 attempt=1 [TypeError: fetch failed] {
18:02:14.238 [META_GATEWAY_PENDING_CHECK_FAILED] client-0 [TypeError: fetch failed] {
18:02:14.240 [META_GATEWAY_PENDING_CHECK_FAILED] client-0 [TypeError: fetch failed] {
18:02:14.242 [META_GATEWAY_PENDING_CHECK_FAILED] client-0 [TypeError: fetch failed] {
18:02:14.244 [META_GATEWAY_PENDING_CHECK_FAILED] client-0 [TypeError: fetch failed] {
18:02:14.246 [META_GATEWAY_PENDING_CHECK_FAILED] client-0 [TypeError: fetch failed] {
18:02:14.247 [META_GATEWAY_PENDING_CHECK_FAILED] client-0 [TypeError: fetch failed] {
18:02:14.248 [META_GATEWAY_PENDING_CHECK_FAILED] client-0 [TypeError: fetch failed] {
18:02:14.250 [META_GATEWAY_PENDING_CHECK_FAILED] client-0 [TypeError: fetch failed] {
18:02:14.251 [META_GATEWAY_PENDING_CHECK_FAILED] client-0 [TypeError: fetch failed] {
18:02:14.252 [META_GATEWAY_PENDING_CHECK_FAILED] client-0 [TypeError: fetch failed] {
18:02:14.253 [META_GATEWAY_PENDING_CHECK_FAILED] client-0 [TypeError: fetch failed] {
18:02:14.255 [META_GATEWAY_PENDING_CHECK_FAILED] client-0 [TypeError: fetch failed] {
18:02:14.256 [META_GATEWAY_PENDING_CHECK_FAILED] client-0 [TypeError: fetch failed] {
18:02:14.258 [META_GATEWAY_PENDING_CHECK_FAILED] client-0 [TypeError: fetch failed] {
18:02:14.259 [META_GATEWAY_PENDING_CHECK_FAILED] client-0 [TypeError: fetch failed] {
18:02:14.261 [META_GATEWAY_PENDING_CHECK_FAILED] client-0 [TypeError: fetch failed] {
18:02:14.262 [META_GATEWAY_PENDING_CHECK_FAILED] client-0 [TypeError: fetch failed] {
18:02:14.264 [META_GATEWAY_PENDING_CHECK_FAILED] client-0 [TypeError: fetch failed] {
18:02:14.265 [META_GATEWAY_PENDING_CHECK_FAILED] client-0 [TypeError: fetch failed] {
18:02:14.270 [META_GATEWAY_INBOX_RETRY] t-ldmubjy8z3-60 attempt=1 [TypeError: fetch failed] {
18:02:14.272 [META_GATEWAY_RETRY] client-0 attempt=1 network_error [TypeError: fetch failed] {
18:02:14.273 [META_GATEWAY_RETRY] client-0 attempt=1 network_error [TypeError: fetch failed] {
18:02:14.275 [META_GATEWAY_RETRY] client-0 attempt=1 network_error [TypeError: fetch failed] {
18:02:14.275 [META_GATEWAY_RETRY] client-0 attempt=1 network_error [TypeError: fetch failed] {
18:02:14.276 [META_GATEWAY_RETRY] client-0 attempt=1 network_error [TypeError: fetch failed] {
18:02:14.276 [META_GATEWAY_RETRY] client-0 attempt=1 network_error [TypeError: fetch failed] {
18:02:14.277 [META_GATEWAY_RETRY] client-0 attempt=1 network_error [TypeError: fetch failed] {
18:02:14.278 [META_GATEWAY_RETRY] client-0 attempt=1 network_error [TypeError: fetch failed] {
18:02:14.278 [META_GATEWAY_RETRY] client-0 attempt=1 network_error [TypeError: fetch failed] {
18:02:14.279 [META_GATEWAY_RETRY] client-0 attempt=1 network_error [TypeError: fetch failed] {
18:02:14.279 [META_GATEWAY_RETRY] client-0 attempt=1 network_error [TypeError: fetch failed] {
18:02:14.280 [META_GATEWAY_CLEAR_PENDING_FAILED] client-0 [TypeError: fetch failed] {
18:02:14.280 [META_GATEWAY_CLEAR_PENDING_FAILED] client-0 [TypeError: fetch failed] {
18:02:14.281 [META_GATEWAY_CLEAR_PENDING_FAILED] client-0 [TypeError: fetch failed] {
18:02:14.282 [META_GATEWAY_RETRY] client-0 attempt=1 network_error [TypeError: fetch failed] {
18:02:14.282 [META_GATEWAY_CLEAR_PENDING_FAILED] client-0 [TypeError: fetch failed] {
18:02:14.283 [META_GATEWAY_CLEAR_PENDING_FAILED] client-0 [TypeError: fetch failed] {
18:02:14.283 [META_GATEWAY_RETRY] client-0 attempt=1 network_error [TypeError: fetch failed] {
18:02:14.284 [META_GATEWAY_CLEAR_PENDING_FAILED] client-0 [TypeError: fetch failed] {
18:02:14.286 [META_GATEWAY_INBOX_RETRY] t-ldmubjy8z3-4 attempt=1 [TypeError: fetch failed] {
18:02:14.287 [META_GATEWAY_INBOX_RETRY] t-ldmubjy8z3-64 attempt=1 [TypeError: fetch failed] {
18:02:14.287 [META_GATEWAY_INBOX_RETRY] t-ldmubjy8z3-3 attempt=1 [TypeError: fetch failed] {
18:02:14.288 [META_GATEWAY_INBOX_RETRY] t-ldmubjy8z3-62 attempt=1 [TypeError: fetch failed] {
18:02:14.288 [META_GATEWAY_INBOX_RETRY] t-ldmubjy8z3-6 attempt=1 [TypeError: fetch failed] {
18:02:14.291 [META_GATEWAY_INBOX_RETRY] t-ldmubjy8z3-79 attempt=1 [TypeError: fetch failed] {
18:02:14.294 [META_GATEWAY_INBOX_RETRY] t-ldmubjy8z3-87 attempt=1 [TypeError: fetch failed] {
18:02:14.298 [META_GATEWAY_INBOX_RETRY] t-ldmubjy8z3-88 attempt=1 [TypeError: fetch failed] {
18:02:14.298 [META_GATEWAY_INBOX_RETRY] t-ldmubjy8z3-99 attempt=1 [TypeError: fetch failed] {
18:02:14.298 [META_GATEWAY_INBOX_RETRY] t-ldmubjy8z3-8 attempt=1 [TypeError: fetch failed] {
18:02:14.298 [META_GATEWAY_INBOX_RETRY] t-ldmubjy8z3-97 attempt=1 [TypeError: fetch failed] {
18:02:14.299 [META_GATEWAY_INBOX_RETRY] t-ldmubjy8z3-89 attempt=1 [TypeError: fetch failed] {
18:02:14.299 [META_GATEWAY_INBOX_RETRY] t-ldmubjy8z3-77 attempt=1 [TypeError: fetch failed] {
18:02:14.299 [META_GATEWAY_INBOX_RETRY] t-ldmubjy8z3-98 attempt=1 [TypeError: fetch failed] {
18:02:14.300 [META_GATEWAY_INBOX_RETRY] t-ldmubjy8z3-78 attempt=1 [TypeError: fetch failed] {
18:02:14.300 [META_GATEWAY_INBOX_RETRY] t-ldmubjy8z3-7 attempt=1 [TypeError: fetch failed] {
18:02:14.302 [META_GATEWAY_INBOX_RETRY] t-ldmubjy8z3-9 attempt=1 [TypeError: fetch failed] {
18:02:14.420 [META_GATEWAY_FAILED] client-0 network_error [TypeError: fetch failed] {
18:02:14.424 [META_GATEWAY_FAILED] client-0 network_error [TypeError: fetch failed] {
18:02:14.432 [META_GATEWAY_INBOX_RETRY] t-ldmubjy8z3-65 attempt=1 [TypeError: fetch failed] {
18:02:14.432 [META_GATEWAY_INBOX_RETRY] t-ldmubjy8z3-66 attempt=1 [TypeError: fetch failed] {
18:02:14.553 [META_GATEWAY_PENDING_CHECK_FAILED] client-0 [TypeError: fetch failed] {
18:02:14.558 [META_GATEWAY_PENDING_CHECK_FAILED] client-0 [TypeError: fetch failed] {
18:02:14.561 [META_GATEWAY_PENDING_CHECK_FAILED] client-0 [TypeError: fetch failed] {
18:02:14.563 [META_GATEWAY_PENDING_CHECK_FAILED] client-0 [TypeError: fetch failed] {
18:02:14.565 [META_GATEWAY_PENDING_CHECK_FAILED] client-0 [TypeError: fetch failed] {
18:02:14.567 [META_GATEWAY_PENDING_CHECK_FAILED] client-0 [TypeError: fetch failed] {
18:02:14.570 [META_GATEWAY_PENDING_CHECK_FAILED] client-0 [TypeError: fetch failed] {
18:02:14.573 [META_GATEWAY_PENDING_CHECK_FAILED] client-0 [TypeError: fetch failed] {
18:02:14.576 [META_GATEWAY_PENDING_CHECK_FAILED] client-0 [TypeError: fetch failed] {
18:02:14.578 [META_GATEWAY_PENDING_CHECK_FAILED] client-0 [TypeError: fetch failed] {
18:02:14.580 [META_GATEWAY_PENDING_CHECK_FAILED] client-0 [TypeError: fetch failed] {
18:02:14.582 [META_GATEWAY_PENDING_CHECK_FAILED] client-0 [TypeError: fetch failed] {
18:02:14.584 [META_GATEWAY_PENDING_CHECK_FAILED] client-0 [TypeError: fetch failed] {
18:02:14.585 [META_GATEWAY_PENDING_CHECK_FAILED] client-0 [TypeError: fetch failed] {
18:02:14.587 [META_GATEWAY_PENDING_CHECK_FAILED] client-0 [TypeError: fetch failed] {
18:02:14.589 [META_GATEWAY_PENDING_CHECK_FAILED] client-0 [TypeError: fetch failed] {
18:02:14.590 [META_GATEWAY_PENDING_CHECK_FAILED] client-0 [TypeError: fetch failed] {
18:02:14.592 [META_GATEWAY_PENDING_CHECK_FAILED] client-0 [TypeError: fetch failed] {
18:02:14.593 [META_GATEWAY_PENDING_CHECK_FAILED] client-0 [TypeError: fetch failed] {
18:02:14.594 [META_GATEWAY_PENDING_CHECK_FAILED] client-0 [TypeError: fetch failed] {
18:02:14.596 [META_GATEWAY_RETRY] client-0 attempt=1 network_error [TypeError: fetch failed] {
18:02:14.596 [META_GATEWAY_RETRY] client-0 attempt=1 network_error [TypeError: fetch failed] {
18:02:14.597 [META_GATEWAY_RETRY] client-0 attempt=1 network_error [TypeError: fetch failed] {
18:02:14.597 [META_GATEWAY_RETRY] client-0 attempt=1 network_error [TypeError: fetch failed] {
18:02:14.597 [META_GATEWAY_RETRY] client-0 attempt=1 network_error [TypeError: fetch failed] {
18:02:14.598 [META_GATEWAY_RETRY] client-0 attempt=1 network_error [TypeError: fetch failed] {
18:02:14.598 [META_GATEWAY_RETRY] client-0 attempt=1 network_error [TypeError: fetch failed] {
18:02:14.599 [META_GATEWAY_RETRY] client-0 attempt=1 network_error [TypeError: fetch failed] {
18:02:14.599 [META_GATEWAY_RETRY] client-0 attempt=1 network_error [TypeError: fetch failed] {
18:02:14.599 [META_GATEWAY_RETRY] client-0 attempt=1 network_error [TypeError: fetch failed] {
18:02:14.600 [META_GATEWAY_CLEAR_PENDING_FAILED] client-0 [TypeError: fetch failed] {
18:02:14.600 [META_GATEWAY_CLEAR_PENDING_FAILED] client-0 [TypeError: fetch failed] {
18:02:14.601 [META_GATEWAY_RETRY] client-0 attempt=1 network_error [TypeError: fetch failed] {
18:02:14.601 [META_GATEWAY_RETRY] client-0 attempt=1 network_error [TypeError: fetch failed] {
18:02:14.601 [META_GATEWAY_CLEAR_PENDING_FAILED] client-0 [TypeError: fetch failed] {
18:02:14.602 [META_GATEWAY_CLEAR_PENDING_FAILED] client-0 [TypeError: fetch failed] {
18:02:14.602 [META_GATEWAY_RETRY] client-0 attempt=1 network_error [TypeError: fetch failed] {