17:19:45.552 [harness] SIGTERM sent
17:19:45.553 [client] SIGTERM received, draining…
17:19:45.553 [client] @@STAGE server.close called 1790011185554
17:19:45.554 [client] @@STAGE at close: {"requestsInFlight":[],"n":0}
17:19:45.554 [client] @@STAGE sockets at close: ["remote=::ffff:127.0.0.1:54788 local=54577 bytesRead=570 idleSinceLastReadOrWrite=?","remote=::ffff:127.0.0.1:54849 local=54577 bytesRead=311 idleSinceLastReadOrWrite=?","remote=::ffff:127.0.0.1:54850 local=54577 bytesRead=311 idleSinceLastReadOrWrite=?","remote=::ffff:127
17:19:45.711 [META_GATEWAY_RETRY] client-0 attempt=1 network_error [TypeError: fetch failed] {
17:19:45.711 [META_GATEWAY_RETRY] client-0 attempt=1 network_error [TypeError: fetch failed] {
17:19:45.712 [META_GATEWAY_RETRY] client-0 attempt=1 network_error [TypeError: fetch failed] {
17:19:45.712 [META_GATEWAY_RETRY] client-0 attempt=1 network_error [TypeError: fetch failed] {
17:19:45.712 [META_GATEWAY_RETRY] client-0 attempt=1 network_error [TypeError: fetch failed] {
17:19:45.713 [META_GATEWAY_RETRY] client-0 attempt=1 network_error [TypeError: fetch failed] {
17:19:45.713 [META_GATEWAY_RETRY] client-0 attempt=1 network_error [TypeError: fetch failed] {
17:19:45.714 [META_GATEWAY_RETRY] client-0 attempt=1 network_error [TypeError: fetch failed] {
17:19:45.714 [META_GATEWAY_RETRY] client-0 attempt=1 network_error [TypeError: fetch failed] {
17:19:45.715 [META_GATEWAY_RETRY] client-0 attempt=1 network_error [TypeError: fetch failed] {
17:19:45.721 [META_GATEWAY_RETRY] client-0 attempt=1 network_error [TypeError: fetch failed] {
17:19:45.722 [META_GATEWAY_RETRY] client-0 attempt=1 network_error [TypeError: fetch failed] {
17:19:45.723 [META_GATEWAY_RETRY] client-0 attempt=1 network_error [TypeError: fetch failed] {
17:19:45.724 [META_GATEWAY_RETRY] client-0 attempt=1 network_error [TypeError: fetch failed] {
17:19:45.724 [META_GATEWAY_RETRY] client-0 attempt=1 network_error [TypeError: fetch failed] {
17:19:45.725 [META_GATEWAY_RETRY] client-0 attempt=1 network_error [TypeError: fetch failed] {
17:19:45.726 [META_GATEWAY_RETRY] client-0 attempt=1 network_error [TypeError: fetch failed] {
17:19:45.758 [META_GATEWAY_PENDING_CHECK_FAILED] client-0 [TypeError: fetch failed] {
17:19:45.764 [META_GATEWAY_PENDING_CHECK_FAILED] client-0 [TypeError: fetch failed] {
17:19:45.768 [META_GATEWAY_PENDING_CHECK_FAILED] client-0 [TypeError: fetch failed] {
17:19:45.772 [META_GATEWAY_PENDING_CHECK_FAILED] client-0 [TypeError: fetch failed] {
17:19:45.776 [META_GATEWAY_PENDING_CHECK_FAILED] client-0 [TypeError: fetch failed] {
17:19:45.781 [META_GATEWAY_PENDING_CHECK_FAILED] client-0 [TypeError: fetch failed] {
17:19:45.786 [META_GATEWAY_PENDING_CHECK_FAILED] client-0 [TypeError: fetch failed] {
17:19:45.790 [META_GATEWAY_PENDING_CHECK_FAILED] client-0 [TypeError: fetch failed] {
17:19:45.794 [META_GATEWAY_PENDING_CHECK_FAILED] client-0 [TypeError: fetch failed] {
17:19:45.797 [META_GATEWAY_PENDING_CHECK_FAILED] client-0 [TypeError: fetch failed] {
17:19:45.801 [META_GATEWAY_PENDING_CHECK_FAILED] client-0 [TypeError: fetch failed] {
17:19:45.803 [META_GATEWAY_PENDING_CHECK_FAILED] client-0 [TypeError: fetch failed] {
17:19:45.804 [META_GATEWAY_PENDING_CHECK_FAILED] client-0 [TypeError: fetch failed] {
17:19:45.807 [client] @@STAGE server.close done +254ms
17:19:45.808 [client] @@STAGE pg pool.end called 1790011185808
17:19:45.811 [META_GATEWAY_RETRY] client-0 attempt=1 network_error [TypeError: fetch failed] {
17:19:45.811 [META_GATEWAY_RETRY] client-0 attempt=1 network_error [TypeError: fetch failed] {
17:19:45.811 [META_GATEWAY_RETRY] client-0 attempt=1 network_error [TypeError: fetch failed] {
17:19:45.812 [META_GATEWAY_RETRY] client-0 attempt=1 network_error [TypeError: fetch failed] {
17:19:45.813 [META_GATEWAY_RETRY] client-0 attempt=1 network_error [TypeError: fetch failed] {
17:19:45.813 [META_GATEWAY_CLEAR_PENDING_FAILED] client-0 [TypeError: fetch failed] {
17:19:45.815 [META_GATEWAY_CLEAR_PENDING_FAILED] client-0 [TypeError: fetch failed] {
17:19:45.816 [META_GATEWAY_CLEAR_PENDING_FAILED] client-0 [TypeError: fetch failed] {
17:19:45.817 [META_GATEWAY_RETRY] client-0 attempt=1 network_error [TypeError: fetch failed] {
17:19:45.817 [META_GATEWAY_RETRY] client-0 attempt=1 network_error [TypeError: fetch failed] {
17:19:45.818 [META_GATEWAY_RETRY] client-0 attempt=1 network_error [TypeError: fetch failed] {
17:19:45.819 [META_GATEWAY_RETRY] client-0 attempt=1 network_error [TypeError: fetch failed] {
17:19:45.819 [META_GATEWAY_RETRY] client-0 attempt=1 network_error [TypeError: fetch failed] {
17:19:45.819 [META_GATEWAY_RETRY] client-0 attempt=1 network_error [TypeError: fetch failed] {
17:19:45.820 [META_GATEWAY_RETRY] client-0 attempt=1 network_error [TypeError: fetch failed] {
17:19:45.821 [META_GATEWAY_RETRY] client-0 attempt=1 network_error [TypeError: fetch failed] {
17:19:45.821 [META_GATEWAY_RETRY] client-0 attempt=1 network_error [TypeError: fetch failed] {
17:19:45.887 [META_GATEWAY_PENDING_CHECK_FAILED] client-0 [TypeError: fetch failed] {
17:19:45.888 [META_GATEWAY_PENDING_CHECK_FAILED] client-0 [TypeError: fetch failed] {
17:19:45.889 [META_GATEWAY_PENDING_CHECK_FAILED] client-0 [TypeError: fetch failed] {
17:19:45.892 [META_GATEWAY_PENDING_CHECK_FAILED] client-0 [TypeError: fetch failed] {
17:19:45.893 [META_GATEWAY_PENDING_CHECK_FAILED] client-0 [TypeError: fetch failed] {
17:19:45.894 [META_GATEWAY_PENDING_CHECK_FAILED] client-0 [TypeError: fetch failed] {
17:19:45.895 [META_GATEWAY_PENDING_CHECK_FAILED] client-0 [TypeError: fetch failed] {
17:19:45.896 [META_GATEWAY_PENDING_CHECK_FAILED] client-0 [TypeError: fetch failed] {
17:19:45.898 [META_GATEWAY_PENDING_CHECK_FAILED] client-0 [TypeError: fetch failed] {
17:19:45.899 [META_GATEWAY_PENDING_CHECK_FAILED] client-0 [TypeError: fetch failed] {
17:19:45.900 [META_GATEWAY_INBOX_RETRY] t-ldmubifonc-37 attempt=1 [TypeError: fetch failed] {
17:19:45.900 [META_GATEWAY_INBOX_RETRY] t-ldmubifonc-38 attempt=1 [TypeError: fetch failed] {
17:19:45.900 [META_GATEWAY_INBOX_RETRY] t-ldmubifonc-39 attempt=1 [TypeError: fetch failed] {
17:19:45.901 [META_GATEWAY_RETRY] client-0 attempt=1 network_error [TypeError: fetch failed] {
17:19:45.901 [META_GATEWAY_CLEAR_PENDING_FAILED] client-0 [TypeError: fetch failed] {
17:19:45.902 [META_GATEWAY_CLEAR_PENDING_FAILED] client-0 [TypeError: fetch failed] {
17:19:45.903 [META_GATEWAY_CLEAR_PENDING_FAILED] client-0 [TypeError: fetch failed] {
17:19:45.904 [META_GATEWAY_RETRY] client-0 attempt=1 network_error [TypeError: fetch failed] {
17:19:45.904 [META_GATEWAY_RETRY] client-0 attempt=1 network_error [TypeError: fetch failed] {
17:19:45.912 [META_GATEWAY_RETRY] client-0 attempt=1 network_error [TypeError: fetch failed] {
17:19:45.913 [META_GATEWAY_RETRY] client-0 attempt=1 network_error [TypeError: fetch failed] {
17:19:45.913 [META_GATEWAY_RETRY] client-0 attempt=1 network_error [TypeError: fetch failed] {
17:19:45.914 [META_GATEWAY_RETRY] client-0 attempt=1 network_error [TypeError: fetch failed] {
17:19:45.919 [META_GATEWAY_INBOX_RETRY] t-ldmubifonc-48 attempt=1 [TypeError: fetch failed] {
17:19:45.920 [META_GATEWAY_INBOX_RETRY] t-ldmubifonc-49 attempt=1 [TypeError: fetch failed] {
17:19:45.920 [META_GATEWAY_INBOX_RETRY] t-ldmubifonc-47 attempt=1 [TypeError: fetch failed] {
17:19:46.225 [META_GATEWAY_RETRY] client-0 attempt=2 network_error [TypeError: fetch failed] {
17:19:46.226 [META_GATEWAY_RETRY] client-0 attempt=2 network_error [TypeError: fetch failed] {
17:19:46.226 [META_GATEWAY_RETRY] client-0 attempt=2 network_error [TypeError: fetch failed] {
17:19:46.226 [META_GATEWAY_RETRY] client-0 attempt=2 network_error [TypeError: fetch failed] {
17:19:46.227 [META_GATEWAY_RETRY] client-0 attempt=2 network_error [TypeError: fetch failed] {
17:19:46.227 [META_GATEWAY_RETRY] client-0 attempt=2 network_error [TypeError: fetch failed] {
17:19:46.227 [META_GATEWAY_RETRY] client-0 attempt=2 network_error [TypeError: fetch failed] {
17:19:46.228 [META_GATEWAY_RETRY] client-0 attempt=2 network_error [TypeError: fetch failed] {
17:19:46.228 [META_GATEWAY_RETRY] client-0 attempt=2 network_error [TypeError: fetch failed] {
17:19:46.228 [META_GATEWAY_RETRY] client-0 attempt=2 network_error [TypeError: fetch failed] {
17:19:46.233 [META_GATEWAY_RETRY] client-0 attempt=2 network_error [TypeError: fetch failed] {
17:19:46.234 [META_GATEWAY_RETRY] client-0 attempt=2 network_error [TypeError: fetch failed] {
17:19:46.234 [META_GATEWAY_RETRY] client-0 attempt=2 network_error [TypeError: fetch failed] {
17:19:46.235 [META_GATEWAY_RETRY] client-0 attempt=2 network_error [TypeError: fetch failed] {
17:19:46.235 [META_GATEWAY_RETRY] client-0 attempt=2 network_error [TypeError: fetch failed] {
17:19:46.235 [META_GATEWAY_RETRY] client-0 attempt=2 network_error [TypeError: fetch failed] {
17:19:46.236 [META_GATEWAY_RETRY] client-0 attempt=2 network_error [TypeError: fetch failed] {
17:19:46.327 [META_GATEWAY_RETRY] client-0 attempt=2 network_error [TypeError: fetch failed] {
17:19:46.328 [META_GATEWAY_RETRY] client-0 attempt=2 network_error [TypeError: fetch failed] {
17:19:46.328 [META_GATEWAY_RETRY] client-0 attempt=2 network_error [TypeError: fetch failed] {
17:19:46.328 [META_GATEWAY_RETRY] client-0 attempt=2 network_error [TypeError: fetch failed] {
17:19:46.329 [META_GATEWAY_RETRY] client-0 attempt=2 network_error [TypeError: fetch failed] {
17:19:46.329 [META_GATEWAY_RETRY] client-0 attempt=2 network_error [TypeError: fetch failed] {
17:19:46.329 [META_GATEWAY_RETRY] client-0 attempt=2 network_error [TypeError: fetch failed] {
17:19:46.330 [META_GATEWAY_RETRY] client-0 attempt=2 network_error [TypeError: fetch failed] {
17:19:46.330 [META_GATEWAY_RETRY] client-0 attempt=2 network_error [TypeError: fetch failed] {
17:19:46.330 [META_GATEWAY_RETRY] client-0 attempt=2 network_error [TypeError: fetch failed] {
17:19:46.331 [META_GATEWAY_RETRY] client-0 attempt=2 network_error [TypeError: fetch failed] {
17:19:46.333 [META_GATEWAY_RETRY] client-0 attempt=2 network_error [TypeError: fetch failed] {
17:19:46.334 [META_GATEWAY_RETRY] client-0 attempt=2 network_error [TypeError: fetch failed] {
17:19:46.334 [META_GATEWAY_RETRY] client-0 attempt=2 network_error [TypeError: fetch failed] {
17:19:46.350 [client] @@STAGE pg pool.end called 1790011186351
17:19:46.380 [client] EXIT code=0 signal=null
17:19:46.403 [META_GATEWAY_RETRY] client-0 attempt=2 network_error [TypeError: fetch failed] {
17:19:46.408 [META_GATEWAY_RETRY] client-0 attempt=2 network_error [TypeError: fetch failed] {
17:19:46.408 [META_GATEWAY_RETRY] client-0 attempt=2 network_error [TypeError: fetch failed] {
17:19:46.471 [META_GATEWAY_RETRY] client-0 attempt=2 network_error [TypeError: fetch failed] {
17:19:46.471 [META_GATEWAY_RETRY] client-0 attempt=2 network_error [TypeError: fetch failed] {
17:19:46.472 [META_GATEWAY_RETRY] client-0 attempt=2 network_error [TypeError: fetch failed] {
17:19:46.472 [META_GATEWAY_RETRY] client-0 attempt=2 network_error [TypeError: fetch failed] {
17:19:46.473 [META_GATEWAY_PENDING_CHECK_FAILED] client-0 [TypeError: fetch failed] {
17:19:46.475 [META_GATEWAY_PENDING_CHECK_FAILED] client-0 [TypeError: fetch failed] {
17:19:46.476 [META_GATEWAY_PENDING_CHECK_FAILED] client-0 [TypeError: fetch failed] {
17:19:46.478 [META_GATEWAY_PENDING_CHECK_FAILED] client-0 [TypeError: fetch failed] {
17:19:46.479 [META_GATEWAY_PENDING_CHECK_FAILED] client-0 [TypeError: fetch failed] {
17:19:46.480 [META_GATEWAY_PENDING_CHECK_FAILED] client-0 [TypeError: fetch failed] {
17:19:46.481 [META_GATEWAY_PENDING_CHECK_FAILED] client-0 [TypeError: fetch failed] {
17:19:46.482 [META_GATEWAY_PENDING_CHECK_FAILED] client-0 [TypeError: fetch failed] {
17:19:46.483 [META_GATEWAY_PENDING_CHECK_FAILED] client-0 [TypeError: fetch failed] {
17:19:46.485 [META_GATEWAY_PENDING_CHECK_FAILED] client-0 [TypeError: fetch failed] {
17:19:46.486 [META_GATEWAY_PENDING_CHECK_FAILED] client-0 [TypeError: fetch failed] {
17:19:46.487 [META_GATEWAY_PENDING_CHECK_FAILED] client-0 [TypeError: fetch failed] {
17:19:46.488 [META_GATEWAY_RETRY] client-0 attempt=1 network_error [TypeError: fetch failed] {
17:19:46.489 [META_GATEWAY_CLEAR_PENDING_FAILED] client-0 [TypeError: fetch failed] {
17:19:46.490 [META_GATEWAY_CLEAR_PENDING_FAILED] client-0 [TypeError: fetch failed] {
17:19:46.492 [META_GATEWAY_CLEAR_PENDING_FAILED] client-0 [TypeError: fetch failed] {
17:19:46.493 [META_GATEWAY_RETRY] client-0 attempt=1 network_error [TypeError: fetch failed] {
17:19:46.493 [META_GATEWAY_RETRY] client-0 attempt=1 network_error [TypeError: fetch failed] {
17:19:46.494 [META_GATEWAY_RETRY] client-0 attempt=1 network_error [TypeError: fetch failed] {
17:19:46.494 [META_GATEWAY_RETRY] client-0 attempt=1 network_error [TypeError: fetch failed] {
17:19:46.495 [META_GATEWAY_RETRY] client-0 attempt=1 network_error [TypeError: fetch failed] {
17:19:46.496 [META_GATEWAY_RETRY] client-0 attempt=1 network_error [TypeError: fetch failed] {
17:19:46.496 [META_GATEWAY_RETRY] client-0 attempt=1 network_error [TypeError: fetch failed] {
17:19:46.497 [META_GATEWAY_RETRY] client-0 attempt=1 network_error [TypeError: fetch failed] {
17:19:46.503 [META_GATEWAY_INBOX_RETRY] t-ldmubifonc-57 attempt=1 [TypeError: fetch failed] {
17:19:46.503 [META_GATEWAY_INBOX_RETRY] t-ldmubifonc-59 attempt=1 [TypeError: fetch failed] {
17:19:46.503 [META_GATEWAY_INBOX_RETRY] t-ldmubifonc-58 attempt=1 [TypeError: fetch failed] {
17:19:46.936 [META_GATEWAY_PENDING_CHECK_FAILED] client-0 [TypeError: fetch failed] {
17:19:46.938 [META_GATEWAY_PENDING_CHECK_FAILED] client-0 [TypeError: fetch failed] {
17:19:46.939 [META_GATEWAY_PENDING_CHECK_FAILED] client-0 [TypeError: fetch failed] {
17:19:46.940 [META_GATEWAY_RETRY] client-0 attempt=1 network_error [TypeError: fetch failed] {
17:19:46.940 [META_GATEWAY_CLEAR_PENDING_FAILED] client-0 [TypeError: fetch failed] {
17:19:46.941 [META_GATEWAY_RETRY] client-0 attempt=1 network_error [TypeError: fetch failed] {
17:19:46.946 [META_GATEWAY_INBOX_RETRY] t-ldmubifonc-67 attempt=1 [TypeError: fetch failed] {
17:19:46.995 [META_GATEWAY_RETRY] client-0 attempt=2 network_error [TypeError: fetch failed] {
17:19:46.998 [META_GATEWAY_RETRY] client-0 attempt=2 network_error [TypeError: fetch failed] {
17:19:46.999 [META_GATEWAY_RETRY] client-0 attempt=2 network_error [TypeError: fetch failed] {
17:19:46.999 [META_GATEWAY_RETRY] client-0 attempt=2 network_error [TypeError: fetch failed] {
17:19:47.000 [META_GATEWAY_RETRY] client-0 attempt=2 network_error [TypeError: fetch failed] {
17:19:47.000 [META_GATEWAY_RETRY] client-0 attempt=2 network_error [TypeError: fetch failed] {
17:19:47.002 [META_GATEWAY_RETRY] client-0 attempt=2 network_error [TypeError: fetch failed] {
17:19:47.003 [META_GATEWAY_RETRY] client-0 attempt=2 network_error [TypeError: fetch failed] {
17:19:47.003 [META_GATEWAY_RETRY] client-0 attempt=2 network_error [TypeError: fetch failed] {
17:19:47.431 [META_GATEWAY_PENDING_CHECK_FAILED] client-0 [TypeError: fetch failed] {
17:19:47.432 [META_GATEWAY_CLEAR_PENDING_FAILED] client-0 [TypeError: fetch failed] {
17:19:47.437 [META_GATEWAY_INBOX_RETRY] t-ldmubifonc-68 attempt=1 [TypeError: fetch failed] {
17:19:47.443 [META_GATEWAY_RETRY] client-0 attempt=2 network_error [TypeError: fetch failed] {
17:19:47.444 [META_GATEWAY_RETRY] client-0 attempt=2 network_error [TypeError: fetch failed] {
17:19:47.748 [META_GATEWAY_FAILED] client-0 network_error [TypeError: fetch failed] {
17:19:47.749 [META_GATEWAY_FAILED] client-0 network_error [TypeError: fetch failed] {
17:19:47.749 [META_GATEWAY_FAILED] client-0 network_error [TypeError: fetch failed] {
17:19:47.750 [META_GATEWAY_FAILED] client-0 network_error [TypeError: fetch failed] {
17:19:47.750 [META_GATEWAY_FAILED] client-0 network_error [TypeError: fetch failed] {
17:19:47.751 [META_GATEWAY_FAILED] client-0 network_error [TypeError: fetch failed] {
17:19:47.751 [META_GATEWAY_FAILED] client-0 network_error [TypeError: fetch failed] {
17:19:47.752 [META_GATEWAY_FAILED] client-0 network_error [TypeError: fetch failed] {
17:19:47.752 [META_GATEWAY_FAILED] client-0 network_error [TypeError: fetch failed] {
17:19:47.753 [META_GATEWAY_FAILED] client-0 network_error [TypeError: fetch failed] {
17:19:47.753 [META_GATEWAY_FAILED] client-0 network_error [TypeError: fetch failed] {
17:19:47.754 [META_GATEWAY_FAILED] client-0 network_error [TypeError: fetch failed] {
17:19:47.754 [META_GATEWAY_FAILED] client-0 network_error [TypeError: fetch failed] {
17:19:47.755 [META_GATEWAY_FAILED] client-0 network_error [TypeError: fetch failed] {
17:19:47.755 [META_GATEWAY_FAILED] client-0 network_error [TypeError: fetch failed] {
17:19:47.755 [META_GATEWAY_FAILED] client-0 network_error [TypeError: fetch failed] {
17:19:47.756 [META_GATEWAY_FAILED] client-0 network_error [TypeError: fetch failed] {
17:19:47.766 [META_GATEWAY_INBOX_RETRY] t-ldmubifonc-1 attempt=1 [TypeError: fetch failed] {
17:19:47.766 [META_GATEWAY_INBOX_RETRY] t-ldmubifonc-2 attempt=1 [TypeError: fetch failed] {
17:19:47.767 [META_GATEWAY_INBOX_RETRY] t-ldmubifonc-0 attempt=1 [TypeError: fetch failed] {
17:19:47.767 [META_GATEWAY_INBOX_RETRY] t-ldmubifonc-11 attempt=1 [TypeError: fetch failed] {
17:19:47.767 [META_GATEWAY_INBOX_RETRY] t-ldmubifonc-10 attempt=1 [TypeError: fetch failed] {
17:19:47.767 [META_GATEWAY_INBOX_RETRY] t-ldmubifonc-14 attempt=1 [TypeError: fetch failed] {
17:19:47.768 [META_GATEWAY_INBOX_RETRY] t-ldmubifonc-12 attempt=1 [TypeError: fetch failed] {
17:19:47.768 [META_GATEWAY_INBOX_RETRY] t-ldmubifonc-15 attempt=1 [TypeError: fetch failed] {
17:19:47.768 [META_GATEWAY_INBOX_RETRY] t-ldmubifonc-13 attempt=1 [TypeError: fetch failed] {
17:19:47.769 [META_GATEWAY_INBOX_RETRY] t-ldmubifonc-16 attempt=1 [TypeError: fetch failed] {
17:19:47.775 [META_GATEWAY_INBOX_RETRY] t-ldmubifonc-21 attempt=1 [TypeError: fetch failed] {
17:19:47.776 [META_GATEWAY_INBOX_RETRY] t-ldmubifonc-20 attempt=1 [TypeError: fetch failed] {
17:19:47.776 [META_GATEWAY_INBOX_RETRY] t-ldmubifonc-25 attempt=1 [TypeError: fetch failed] {
17:19:47.776 [META_GATEWAY_INBOX_RETRY] t-ldmubifonc-24 attempt=1 [TypeError: fetch failed] {
17:19:47.776 [META_GATEWAY_INBOX_RETRY] t-ldmubifonc-22 attempt=1 [TypeError: fetch failed] {
17:19:47.776 [META_GATEWAY_INBOX_RETRY] t-ldmubifonc-23 attempt=1 [TypeError: fetch failed] {
17:19:47.777 [META_GATEWAY_INBOX_RETRY] t-ldmubifonc-26 attempt=1 [TypeError: fetch failed] {
17:19:47.829 [META_GATEWAY_FAILED] client-0 network_error [TypeError: fetch failed] {
17:19:47.833 [META_GATEWAY_FAILED] client-0 network_error [TypeError: fetch failed] {
17:19:47.834 [META_GATEWAY_FAILED] client-0 network_error [TypeError: fetch failed] {
17:19:47.835 [META_GATEWAY_FAILED] client-0 network_error [TypeError: fetch failed] {
17:19:47.836 [META_GATEWAY_FAILED] client-0 network_error [TypeError: fetch failed] {
17:19:47.837 [META_GATEWAY_FAILED] client-0 network_error [TypeError: fetch failed] {
17:19:47.837 [META_GATEWAY_FAILED] client-0 network_error [TypeError: fetch failed] {
17:19:47.846 [META_GATEWAY_FAILED] client-0 network_error [TypeError: fetch failed] {
17:19:47.847 [META_GATEWAY_FAILED] client-0 network_error [TypeError: fetch failed] {
17:19:47.848 [META_GATEWAY_FAILED] client-0 network_error [TypeError: fetch failed] {
17:19:47.848 [META_GATEWAY_FAILED] client-0 network_error [TypeError: fetch failed] {
17:19:47.849 [META_GATEWAY_FAILED] client-0 network_error [TypeError: fetch failed] {
17:19:47.849 [META_GATEWAY_FAILED] client-0 network_error [TypeError: fetch failed] {
17:19:47.850 [META_GATEWAY_FAILED] client-0 network_error [TypeError: fetch failed] {
17:19:47.950 [META_GATEWAY_PENDING_CHECK_FAILED] client-0 [TypeError: fetch failed] {
17:19:47.951 [META_GATEWAY_PENDING_CHECK_FAILED] client-0 [TypeError: fetch failed] {
17:19:47.952 [META_GATEWAY_PENDING_CHECK_FAILED] client-0 [TypeError: fetch failed] {
17:19:47.953 [META_GATEWAY_PENDING_CHECK_FAILED] client-0 [TypeError: fetch failed] {
17:19:47.954 [META_GATEWAY_PENDING_CHECK_FAILED] client-0 [TypeError: fetch failed] {
17:19:47.955 [META_GATEWAY_PENDING_CHECK_FAILED] client-0 [TypeError: fetch failed] {
17:19:47.956 [META_GATEWAY_PENDING_CHECK_FAILED] client-0 [TypeError: fetch failed] {
17:19:47.957 [META_GATEWAY_PENDING_CHECK_FAILED] client-0 [TypeError: fetch failed] {
17:19:47.959 [META_GATEWAY_PENDING_CHECK_FAILED] client-0 [TypeError: fetch failed] {
17:19:47.960 [META_GATEWAY_PENDING_CHECK_FAILED] client-0 [TypeError: fetch failed] {
17:19:47.961 [META_GATEWAY_PENDING_CHECK_FAILED] client-0 [TypeError: fetch failed] {
17:19:47.962 [META_GATEWAY_PENDING_CHECK_FAILED] client-0 [TypeError: fetch failed] {
17:19:47.963 [META_GATEWAY_PENDING_CHECK_FAILED] client-0 [TypeError: fetch failed] {
17:19:47.964 [META_GATEWAY_PENDING_CHECK_FAILED] client-0 [TypeError: fetch failed] {
17:19:47.965 [META_GATEWAY_PENDING_CHECK_FAILED] client-0 [TypeError: fetch failed] {
17:19:47.966 [META_GATEWAY_PENDING_CHECK_FAILED] client-0 [TypeError: fetch failed] {
17:19:47.968 [META_GATEWAY_PENDING_CHECK_FAILED] client-0 [TypeError: fetch failed] {
17:19:47.969 [META_GATEWAY_PENDING_CHECK_FAILED] client-0 [TypeError: fetch failed] {
17:19:47.970 [META_GATEWAY_FAILED] client-0 network_error [TypeError: fetch failed] {
17:19:47.970 [META_GATEWAY_FAILED] client-0 network_error [TypeError: fetch failed] {
17:19:47.971 [META_GATEWAY_FAILED] client-0 network_error [TypeError: fetch failed] {
17:19:47.974 [META_GATEWAY_INBOX_RETRY] t-ldmubifonc-30 attempt=1 [TypeError: fetch failed] {
17:19:47.975 [META_GATEWAY_CLEAR_PENDING_FAILED] client-0 [TypeError: fetch failed] {
17:19:47.976 [META_GATEWAY_CLEAR_PENDING_FAILED] client-0 [TypeError: fetch failed] {
17:19:47.976 [META_GATEWAY_CLEAR_PENDING_FAILED] client-0 [TypeError: fetch failed] {
17:19:47.977 [META_GATEWAY_RETRY] client-0 attempt=1 network_error [TypeError: fetch failed] {
17:19:47.977 [META_GATEWAY_CLEAR_PENDING_FAILED] client-0 [TypeError: fetch failed] {
17:19:47.978 [META_GATEWAY_RETRY] client-0 attempt=1 network_error [TypeError: fetch failed] {
17:19:47.978 [META_GATEWAY_RETRY] client-0 attempt=1 network_error [TypeError: fetch failed] {
17:19:47.978 [META_GATEWAY_RETRY] client-0 attempt=1 network_error [TypeError: fetch failed] {
17:19:47.979 [META_GATEWAY_RETRY] client-0 attempt=1 network_error [TypeError: fetch failed] {
17:19:47.979 [META_GATEWAY_RETRY] client-0 attempt=1 network_error [TypeError: fetch failed] {
17:19:47.979 [META_GATEWAY_RETRY] client-0 attempt=1 network_error [TypeError: fetch failed] {
17:19:47.980 [META_GATEWAY_CLEAR_PENDING_FAILED] client-0 [TypeError: fetch failed] {
17:19:47.980 [META_GATEWAY_CLEAR_PENDING_FAILED] client-0 [TypeError: fetch failed] {
17:19:47.981 [META_GATEWAY_CLEAR_PENDING_FAILED] client-0 [TypeError: fetch failed] {
17:19:47.981 [META_GATEWAY_RETRY] client-0 attempt=1 network_error [TypeError: fetch failed] {
17:19:47.981 [META_GATEWAY_RETRY] client-0 attempt=1 network_error [TypeError: fetch failed] {
17:19:47.982 [META_GATEWAY_RETRY] client-0 attempt=1 network_error [TypeError: fetch failed] {
17:19:47.982 [META_GATEWAY_RETRY] client-0 attempt=1 network_error [TypeError: fetch failed] {
17:19:47.982 [META_GATEWAY_FAILED] client-0 network_error [TypeError: fetch failed] {
17:19:47.983 [META_GATEWAY_FAILED] client-0 network_error [TypeError: fetch failed] {
17:19:47.983 [META_GATEWAY_FAILED] client-0 network_error [TypeError: fetch failed] {
17:19:47.985 [META_GATEWAY_INBOX_RETRY] t-ldmubifonc-31 attempt=1 [TypeError: fetch failed] {
17:19:47.985 [META_GATEWAY_INBOX_RETRY] t-ldmubifonc-33 attempt=1 [TypeError: fetch failed] {
17:19:47.985 [META_GATEWAY_INBOX_RETRY] t-ldmubifonc-32 attempt=1 [TypeError: fetch failed] {
17:19:47.986 [META_GATEWAY_INBOX_RETRY] t-ldmubifonc-40 attempt=1 [TypeError: fetch failed] {
17:19:47.986 [META_GATEWAY_INBOX_RETRY] t-ldmubifonc-41 attempt=1 [TypeError: fetch failed] {
17:19:47.986 [META_GATEWAY_INBOX_RETRY] t-ldmubifonc-36 attempt=1 [TypeError: fetch failed] {
17:19:47.987 [META_GATEWAY_FAILED] client-0 network_error [TypeError: fetch failed] {
17:19:47.989 [META_GATEWAY_INBOX_RETRY] t-ldmubifonc-42 attempt=1 [TypeError: fetch failed] {
17:19:47.989 [META_GATEWAY_INBOX_RETRY] t-ldmubifonc-44 attempt=1 [TypeError: fetch failed] {
17:19:47.990 [META_GATEWAY_INBOX_RETRY] t-ldmubifonc-43 attempt=1 [TypeError: fetch failed] {
17:19:47.994 [META_GATEWAY_INBOX_RETRY] t-ldmubifonc-3 attempt=1 [TypeError: fetch failed] {
17:19:47.995 [META_GATEWAY_INBOX_RETRY] t-ldmubifonc-34 attempt=1 [TypeError: fetch failed] {
17:19:47.995 [META_GATEWAY_INBOX_RETRY] t-ldmubifonc-35 attempt=1 [TypeError: fetch failed] {
17:19:47.996 [META_GATEWAY_INBOX_RETRY] t-ldmubifonc-46 attempt=1 [TypeError: fetch failed] {
17:19:47.997 [META_GATEWAY_INBOX_RETRY] t-ldmubifonc-51 attempt=1 [TypeError: fetch failed] {
17:19:47.997 [META_GATEWAY_INBOX_RETRY] t-ldmubifonc-50 attempt=1 [TypeError: fetch failed] {
17:19:47.998 [META_GATEWAY_INBOX_RETRY] t-ldmubifonc-45 attempt=1 [TypeError: fetch failed] {
17:19:47.999 [META_GATEWAY_INBOX_RETRY] t-ldmubifonc-9 attempt=1 [TypeError: fetch failed] {
17:19:48.000 [META_GATEWAY_INBOX_RETRY] t-ldmubifonc-69 attempt=1 [TypeError: fetch failed] {
17:19:48.000 [META_GATEWAY_INBOX_RETRY] t-ldmubifonc-8 attempt=1 [TypeError: fetch failed] {
17:19:48.003 [META_GATEWAY_INBOX_RETRY] t-ldmubifonc-7 attempt=1 [TypeError: fetch failed] {
17:19:48.004 [META_GATEWAY_INBOX_RETRY] t-ldmubifonc-79 attempt=1 [TypeError: fetch failed] {
17:19:48.004 [META_GATEWAY_INBOX_RETRY] t-ldmubifonc-77 attempt=1 [TypeError: fetch failed] {
17:19:48.004 [META_GATEWAY_INBOX_RETRY] t-ldmubifonc-78 attempt=1 [TypeError: fetch failed] {
17:19:48.005 [META_GATEWAY_INBOX_RETRY] t-ldmubifonc-52 attempt=1 [TypeError: fetch failed] {
17:19:48.005 [META_GATEWAY_INBOX_RETRY] t-ldmubifonc-53 attempt=1 [TypeError: fetch failed] {
17:19:48.005 [META_GATEWAY_INBOX_RETRY] t-ldmubifonc-56 attempt=1 [TypeError: fetch failed] {
17:19:48.005 [META_GATEWAY_INBOX_RETRY] t-ldmubifonc-54 attempt=1 [TypeError: fetch failed] {
17:19:48.571 [META_GATEWAY_RETRY] client-0 attempt=2 network_error [TypeError: fetch failed] {
17:19:48.571 [META_GATEWAY_RETRY] client-0 attempt=2 network_error [TypeError: fetch failed] {
17:19:48.571 [META_GATEWAY_RETRY] client-0 attempt=2 network_error [TypeError: fetch failed] {
17:19:48.572 [META_GATEWAY_RETRY] client-0 attempt=2 network_error [TypeError: fetch failed] {
17:19:48.572 [META_GATEWAY_RETRY] client-0 attempt=2 network_error [TypeError: fetch failed] {
17:19:48.572 [META_GATEWAY_RETRY] client-0 attempt=2 network_error [TypeError: fetch failed] {
17:19:48.577 [META_GATEWAY_RETRY] client-0 attempt=2 network_error [TypeError: fetch failed] {
17:19:48.578 [META_GATEWAY_RETRY] client-0 attempt=2 network_error [TypeError: fetch failed] {
17:19:48.578 [META_GATEWAY_RETRY] client-0 attempt=2 network_error [TypeError: fetch failed] {
17:19:48.578 [META_GATEWAY_RETRY] client-0 attempt=2 network_error [TypeError: fetch failed] {
17:19:48.578 [META_GATEWAY_RETRY] client-0 attempt=2 network_error [TypeError: fetch failed] {
17:19:48.579 [META_GATEWAY_FAILED] client-0 network_error [TypeError: fetch failed] {
17:19:48.579 [META_GATEWAY_FAILED] client-0 network_error [TypeError: fetch failed] {
17:19:48.580 [META_GATEWAY_FAILED] client-0 network_error [TypeError: fetch failed] {
17:19:48.580 [META_GATEWAY_FAILED] client-0 network_error [TypeError: fetch failed] {
17:19:48.581 [META_GATEWAY_FAILED] client-0 network_error [TypeError: fetch failed] {
17:19:48.581 [META_GATEWAY_FAILED] client-0 network_error [TypeError: fetch failed] {
17:19:48.582 [META_GATEWAY_FAILED] client-0 network_error [TypeError: fetch failed] {
17:19:48.582 [META_GATEWAY_FAILED] client-0 network_error [TypeError: fetch failed] {
17:19:48.582 [META_GATEWAY_FAILED] client-0 network_error [TypeError: fetch failed] {
17:19:48.584 [META_GATEWAY_PENDING_CHECK_FAILED] client-0 [TypeError: fetch failed] {
17:19:48.585 [META_GATEWAY_PENDING_CHECK_FAILED] client-0 [TypeError: fetch failed] {
17:19:48.586 [META_GATEWAY_PENDING_CHECK_FAILED] client-0 [TypeError: fetch failed] {
17:19:48.587 [META_GATEWAY_PENDING_CHECK_FAILED] client-0 [TypeError: fetch failed] {
17:19:48.588 [META_GATEWAY_PENDING_CHECK_FAILED] client-0 [TypeError: fetch failed] {
17:19:48.589 [META_GATEWAY_PENDING_CHECK_FAILED] client-0 [TypeError: fetch failed] {
17:19:48.590 [META_GATEWAY_PENDING_CHECK_FAILED] client-0 [TypeError: fetch failed] {
17:19:48.592 [META_GATEWAY_PENDING_CHECK_FAILED] client-0 [TypeError: fetch failed] {
17:19:48.593 [META_GATEWAY_PENDING_CHECK_FAILED] client-0 [TypeError: fetch failed] {
17:19:48.594 [META_GATEWAY_PENDING_CHECK_FAILED] client-0 [TypeError: fetch failed] {
17:19:48.595 [META_GATEWAY_PENDING_CHECK_FAILED] client-0 [TypeError: fetch failed] {
17:19:48.596 [META_GATEWAY_PENDING_CHECK_FAILED] client-0 [TypeError: fetch failed] {
17:19:48.597 [META_GATEWAY_PENDING_CHECK_FAILED] client-0 [TypeError: fetch failed] {
17:19:48.598 [META_GATEWAY_PENDING_CHECK_FAILED] client-0 [TypeError: fetch failed] {
17:19:48.599 [META_GATEWAY_PENDING_CHECK_FAILED] client-0 [TypeError: fetch failed] {
17:19:48.600 [META_GATEWAY_PENDING_CHECK_FAILED] client-0 [TypeError: fetch failed] {
17:19:48.601 [META_GATEWAY_PENDING_CHECK_FAILED] client-0 [TypeError: fetch failed] {
17:19:48.603 [META_GATEWAY_PENDING_CHECK_FAILED] client-0 [TypeError: fetch failed] {
17:19:48.604 [META_GATEWAY_PENDING_CHECK_FAILED] client-0 [TypeError: fetch failed] {
17:19:48.605 [META_GATEWAY_PENDING_CHECK_FAILED] client-0 [TypeError: fetch failed] {
17:19:48.610 [META_GATEWAY_RETRY] client-0 attempt=1 network_error [TypeError: fetch failed] {
17:19:48.610 [META_GATEWAY_RETRY] client-0 attempt=1 network_error [TypeError: fetch failed] {
17:19:48.611 [META_GATEWAY_RETRY] client-0 attempt=1 network_error [TypeError: fetch failed] {
17:19:48.611 [META_GATEWAY_CLEAR_PENDING_FAILED] client-0 [TypeError: fetch failed] {
17:19:48.612 [META_GATEWAY_CLEAR_PENDING_FAILED] client-0 [TypeError: fetch failed] {
17:19:48.612 [META_GATEWAY_CLEAR_PENDING_FAILED] client-0 [TypeError: fetch failed] {
17:19:48.612 [META_GATEWAY_RETRY] client-0 attempt=1 network_error [TypeError: fetch failed] {
17:19:48.613 [META_GATEWAY_RETRY] client-0 attempt=1 network_error [TypeError: fetch failed] {
17:19:48.613 [META_GATEWAY_RETRY] client-0 attempt=1 network_error [TypeError: fetch failed] {
17:19:48.614 [META_GATEWAY_RETRY] client-0 attempt=1 network_error [TypeError: fetch failed] {
17:19:48.614 [META_GATEWAY_RETRY] client-0 attempt=1 network_error [TypeError: fetch failed] {
17:19:48.614 [META_GATEWAY_RETRY] client-0 attempt=1 network_error [TypeError: fetch failed] {
17:19:48.615 [META_GATEWAY_RETRY] client-0 attempt=1 network_error [TypeError: fetch failed] {
17:19:48.615 [META_GATEWAY_CLEAR_PENDING_FAILED] client-0 [TypeError: fetch failed] {
17:19:48.616 [META_GATEWAY_CLEAR_PENDING_FAILED] client-0 [TypeError: fetch failed] {
17:19:48.616 [META_GATEWAY_CLEAR_PENDING_FAILED] client-0 [TypeError: fetch failed] {
17:19:48.616 [META_GATEWAY_RETRY] client-0 attempt=1 network_error [TypeError: fetch failed] {
17:19:48.617 [META_GATEWAY_RETRY] client-0 attempt=1 network_error [TypeError: fetch failed] {
17:19:48.617 [META_GATEWAY_RETRY] client-0 attempt=1 network_error [TypeError: fetch failed] {
17:19:48.618 [META_GATEWAY_RETRY] client-0 attempt=1 network_error [TypeError: fetch failed] {
17:19:48.647 [META_GATEWAY_INBOX_RETRY] t-ldmubifonc-55 attempt=1 [TypeError: fetch failed] {
17:19:48.647 [META_GATEWAY_INBOX_RETRY] t-ldmubifonc-6 attempt=1 [TypeError: fetch failed] {
17:19:48.649 [META_GATEWAY_INBOX_RETRY] t-ldmubifonc-60 attempt=1 [TypeError: fetch failed] {
17:19:48.650 [META_GATEWAY_INBOX_RETRY] t-ldmubifonc-61 attempt=1 [TypeError: fetch failed] {
17:19:48.650 [META_GATEWAY_INBOX_RETRY] t-ldmubifonc-4 attempt=1 [TypeError: fetch failed] {
17:19:48.665 [META_GATEWAY_INBOX_RETRY] t-ldmubifonc-62 attempt=1 [TypeError: fetch failed] {
17:19:48.665 [META_GATEWAY_INBOX_RETRY] t-ldmubifonc-63 attempt=1 [TypeError: fetch failed] {
17:19:48.668 [META_GATEWAY_INBOX_RETRY] t-ldmubifonc-64 attempt=1 [TypeError: fetch failed] {
17:19:48.668 [META_GATEWAY_INBOX_RETRY] t-ldmubifonc-65 attempt=1 [TypeError: fetch failed] {
17:19:48.668 [META_GATEWAY_PENDING_CHECK_FAILED] client-0 [TypeError: fetch failed] {
17:19:48.669 [META_GATEWAY_PENDING_CHECK_FAILED] client-0 [TypeError: fetch failed] {
17:19:48.671 [META_GATEWAY_PENDING_CHECK_FAILED] client-0 [TypeError: fetch failed] {
17:19:48.671 [META_GATEWAY_PENDING_CHECK_FAILED] client-0 [TypeError: fetch failed] {
17:19:48.672 [META_GATEWAY_PENDING_CHECK_FAILED] client-0 [TypeError: fetch failed] {
17:19:48.674 [META_GATEWAY_PENDING_CHECK_FAILED] client-0 [TypeError: fetch failed] {
17:19:48.675 [META_GATEWAY_PENDING_CHECK_FAILED] client-0 [TypeError: fetch failed] {
17:19:48.676 [META_GATEWAY_PENDING_CHECK_FAILED] client-0 [TypeError: fetch failed] {
17:19:48.678 [META_GATEWAY_RETRY] client-0 attempt=1 network_error [TypeError: fetch failed] {
17:19:48.678 [META_GATEWAY_RETRY] client-0 attempt=1 network_error [TypeError: fetch failed] {
17:19:48.678 [META_GATEWAY_RETRY] client-0 attempt=1 network_error [TypeError: fetch failed] {
17:19:48.679 [META_GATEWAY_CLEAR_PENDING_FAILED] client-0 [TypeError: fetch failed] {
17:19:48.679 [META_GATEWAY_CLEAR_PENDING_FAILED] client-0 [TypeError: fetch failed] {
17:19:48.680 [META_GATEWAY_CLEAR_PENDING_FAILED] client-0 [TypeError: fetch failed] {
17:19:48.680 [META_GATEWAY_RETRY] client-0 attempt=1 network_error [TypeError: fetch failed] {
17:19:48.681 [META_GATEWAY_RETRY] client-0 attempt=1 network_error [TypeError: fetch failed] {
17:19:48.685 [META_GATEWAY_INBOX_RETRY] t-ldmubifonc-87 attempt=1 [TypeError: fetch failed] {
17:19:48.685 [META_GATEWAY_INBOX_RETRY] t-ldmubifonc-89 attempt=1 [TypeError: fetch failed] {
17:19:48.685 [META_GATEWAY_INBOX_RETRY] t-ldmubifonc-88 attempt=1 [TypeError: fetch failed] {
17:19:48.685 [META_GATEWAY_INBOX_RETRY] t-ldmubifonc-97 attempt=1 [TypeError: fetch failed] {
17:19:48.686 [META_GATEWAY_INBOX_RETRY] t-ldmubifonc-98 attempt=1 [TypeError: fetch failed] {
17:19:48.686 [META_GATEWAY_INBOX_RETRY] t-ldmubifonc-99 attempt=1 [TypeError: fetch failed] {
17:19:48.687 [META_GATEWAY_INBOX_RETRY] t-ldmubifonc-107 attempt=1 [TypeError: fetch failed] {
17:19:48.688 [META_GATEWAY_INBOX_RETRY] t-ldmubifonc-108 attempt=1 [TypeError: fetch failed] {
17:19:48.688 [META_GATEWAY_INBOX_RETRY] t-ldmubifonc-109 attempt=1 [TypeError: fetch failed] {
17:19:48.957 [META_GATEWAY_FAILED] client-0 network_error [TypeError: fetch failed] {
17:19:48.958 [META_GATEWAY_FAILED] client-0 network_error [TypeError: fetch failed] {
17:19:48.969 [META_GATEWAY_INBOX_RETRY] t-ldmubifonc-66 attempt=1 [TypeError: fetch failed] {
17:19:48.969 [META_GATEWAY_INBOX_RETRY] t-ldmubifonc-5 attempt=1 [TypeError: fetch failed] {
17:19:49.036 [META_GATEWAY_PENDING_CHECK_FAILED] client-0 [TypeError: fetch failed] {
17:19:49.037 [META_GATEWAY_PENDING_CHECK_FAILED] client-0 [TypeError: fetch failed] {
17:19:49.038 [META_GATEWAY_PENDING_CHECK_FAILED] client-0 [TypeError: fetch failed] {
17:19:49.039 [META_GATEWAY_PENDING_CHECK_FAILED] client-0 [TypeError: fetch failed] {
17:19:49.040 [META_GATEWAY_PENDING_CHECK_FAILED] client-0 [TypeError: fetch failed] {
17:19:49.041 [META_GATEWAY_PENDING_CHECK_FAILED] client-0 [TypeError: fetch failed] {
17:19:49.042 [META_GATEWAY_PENDING_CHECK_FAILED] client-0 [TypeError: fetch failed] {
17:19:49.043 [META_GATEWAY_PENDING_CHECK_FAILED] client-0 [TypeError: fetch failed] {
17:19:49.044 [META_GATEWAY_PENDING_CHECK_FAILED] client-0 [TypeError: fetch failed] {
17:19:49.045 [META_GATEWAY_PENDING_CHECK_FAILED] client-0 [TypeError: fetch failed] {
17:19:49.046 [META_GATEWAY_PENDING_CHECK_FAILED] client-0 [TypeError: fetch failed] {
17:19:49.047 [META_GATEWAY_PENDING_CHECK_FAILED] client-0 [TypeError: fetch failed] {
17:19:49.048 [META_GATEWAY_PENDING_CHECK_FAILED] client-0 [TypeError: fetch failed] {
17:19:49.048 [META_GATEWAY_PENDING_CHECK_FAILED] client-0 [TypeError: fetch failed] {
17:19:49.049 [META_GATEWAY_PENDING_CHECK_FAILED] client-0 [TypeError: fetch failed] {