18:05:38.702 [harness] SIGTERM sent
18:05:38.707 [client] SIGTERM received, draining…
18:05:38.707 [client] @@STAGE server.close called 1790013938708
18:05:38.707 [client] @@STAGE at close: {"requestsInFlight":["POST /internal/meta/whatsapp age=147ms","POST /internal/meta/whatsapp age=145ms","POST /internal/meta/whatsapp age=140ms","POST /internal/meta/whatsapp age=139ms","POST /internal/meta/whatsapp age=137ms","POST /internal/meta/whatsapp age=132ms","POST /internal
18:05:38.709 [client] @@STAGE sockets at close: ["remote=::ffff:127.0.0.1:53782 local=53490 bytesRead=1267 idleSinceLastReadOrWrite=?","remote=::ffff:127.0.0.1:53790 local=53490 bytesRead=1009 idleSinceLastReadOrWrite=?","remote=::ffff:127.0.0.1:53792 local=53490 bytesRead=1009 idleSinceLastReadOrWrite=?","remote=::ffff:
18:05:38.824 [META_GATEWAY_PENDING_CHECK_FAILED] client-0 [TypeError: fetch failed] {
18:05:38.827 [META_GATEWAY_PENDING_CHECK_FAILED] client-0 [TypeError: fetch failed] {
18:05:38.829 [META_GATEWAY_PENDING_CHECK_FAILED] client-0 [TypeError: fetch failed] {
18:05:38.835 [META_GATEWAY_PENDING_CHECK_FAILED] client-0 [TypeError: fetch failed] {
18:05:38.841 [META_GATEWAY_PENDING_CHECK_FAILED] client-0 [TypeError: fetch failed] {
18:05:38.842 [META_GATEWAY_PENDING_CHECK_FAILED] client-0 [TypeError: fetch failed] {
18:05:38.844 [META_GATEWAY_PENDING_CHECK_FAILED] client-0 [TypeError: fetch failed] {
18:05:38.848 [META_GATEWAY_RETRY] client-0 attempt=1 network_error [TypeError: fetch failed] {
18:05:38.850 [META_GATEWAY_CLEAR_PENDING_FAILED] client-0 [TypeError: fetch failed] {
18:05:38.851 [META_GATEWAY_RETRY] client-0 attempt=1 network_error [TypeError: fetch failed] {
18:05:38.852 [META_GATEWAY_RETRY] client-0 attempt=1 network_error [TypeError: fetch failed] {
18:05:38.852 [META_GATEWAY_RETRY] client-0 attempt=1 network_error [TypeError: fetch failed] {
18:05:38.853 [META_GATEWAY_RETRY] client-0 attempt=1 network_error [TypeError: fetch failed] {
18:05:38.853 [META_GATEWAY_RETRY] client-0 attempt=1 network_error [TypeError: fetch failed] {
18:05:38.854 [META_GATEWAY_CLEAR_PENDING_FAILED] client-0 [TypeError: fetch failed] {
18:05:38.854 [META_GATEWAY_RETRY] client-0 attempt=1 network_error [TypeError: fetch failed] {
18:05:38.902 [META_GATEWAY_INBOX_RETRY] t-ldmubk2nmz-48 attempt=1 [TypeError: fetch failed] {
18:05:38.903 [META_GATEWAY_INBOX_RETRY] t-ldmubk2nmz-47 attempt=1 [TypeError: fetch failed] {
18:05:38.914 [client] @@STAGE server.close done +207ms
18:05:39.353 [META_GATEWAY_PENDING_CHECK_FAILED] client-0 [TypeError: fetch failed] {
18:05:39.356 [META_GATEWAY_PENDING_CHECK_FAILED] client-0 [TypeError: fetch failed] {
18:05:39.358 [META_GATEWAY_PENDING_CHECK_FAILED] client-0 [TypeError: fetch failed] {
18:05:39.359 [META_GATEWAY_PENDING_CHECK_FAILED] client-0 [TypeError: fetch failed] {
18:05:39.361 [META_GATEWAY_PENDING_CHECK_FAILED] client-0 [TypeError: fetch failed] {
18:05:39.362 [META_GATEWAY_PENDING_CHECK_FAILED] client-0 [TypeError: fetch failed] {
18:05:39.364 [META_GATEWAY_PENDING_CHECK_FAILED] client-0 [TypeError: fetch failed] {
18:05:39.365 [META_GATEWAY_PENDING_CHECK_FAILED] client-0 [TypeError: fetch failed] {
18:05:39.367 [META_GATEWAY_PENDING_CHECK_FAILED] client-0 [TypeError: fetch failed] {
18:05:39.368 [META_GATEWAY_PENDING_CHECK_FAILED] client-0 [TypeError: fetch failed] {
18:05:39.369 [META_GATEWAY_PENDING_CHECK_FAILED] client-0 [TypeError: fetch failed] {
18:05:39.371 [META_GATEWAY_PENDING_CHECK_FAILED] client-0 [TypeError: fetch failed] {
18:05:39.373 [META_GATEWAY_PENDING_CHECK_FAILED] client-0 [TypeError: fetch failed] {
18:05:39.375 [META_GATEWAY_PENDING_CHECK_FAILED] client-0 [TypeError: fetch failed] {
18:05:39.375 [META_GATEWAY_PENDING_CHECK_FAILED] client-0 [TypeError: fetch failed] {
18:05:39.377 [META_GATEWAY_PENDING_CHECK_FAILED] client-0 [TypeError: fetch failed] {
18:05:39.378 [META_GATEWAY_PENDING_CHECK_FAILED] client-0 [TypeError: fetch failed] {
18:05:39.384 [META_GATEWAY_PENDING_CHECK_FAILED] client-0 [TypeError: fetch failed] {
18:05:39.384 [META_GATEWAY_PENDING_CHECK_FAILED] client-0 [TypeError: fetch failed] {
18:05:39.385 [META_GATEWAY_PENDING_CHECK_FAILED] client-0 [TypeError: fetch failed] {
18:05:39.391 [META_GATEWAY_CLEAR_PENDING_FAILED] client-0 [TypeError: fetch failed] {
18:05:39.391 [META_GATEWAY_RETRY] client-0 attempt=1 network_error [TypeError: fetch failed] {
18:05:39.392 [META_GATEWAY_CLEAR_PENDING_FAILED] client-0 [TypeError: fetch failed] {
18:05:39.392 [META_GATEWAY_RETRY] client-0 attempt=1 network_error [TypeError: fetch failed] {
18:05:39.393 [META_GATEWAY_CLEAR_PENDING_FAILED] client-0 [TypeError: fetch failed] {
18:05:39.394 [META_GATEWAY_CLEAR_PENDING_FAILED] client-0 [TypeError: fetch failed] {
18:05:39.395 [META_GATEWAY_RETRY] client-0 attempt=1 network_error [TypeError: fetch failed] {
18:05:39.395 [META_GATEWAY_RETRY] client-0 attempt=1 network_error [TypeError: fetch failed] {
18:05:39.396 [META_GATEWAY_RETRY] client-0 attempt=1 network_error [TypeError: fetch failed] {
18:05:39.396 [META_GATEWAY_RETRY] client-0 attempt=1 network_error [TypeError: fetch failed] {
18:05:39.397 [META_GATEWAY_RETRY] client-0 attempt=1 network_error [TypeError: fetch failed] {
18:05:39.398 [META_GATEWAY_RETRY] client-0 attempt=1 network_error [TypeError: fetch failed] {
18:05:39.398 [META_GATEWAY_RETRY] client-0 attempt=1 network_error [TypeError: fetch failed] {
18:05:39.399 [META_GATEWAY_RETRY] client-0 attempt=1 network_error [TypeError: fetch failed] {
18:05:39.399 [META_GATEWAY_RETRY] client-0 attempt=1 network_error [TypeError: fetch failed] {
18:05:39.400 [META_GATEWAY_CLEAR_PENDING_FAILED] client-0 [TypeError: fetch failed] {
18:05:39.401 [META_GATEWAY_RETRY] client-0 attempt=1 network_error [TypeError: fetch failed] {
18:05:39.401 [META_GATEWAY_RETRY] client-0 attempt=1 network_error [TypeError: fetch failed] {
18:05:39.401 [META_GATEWAY_CLEAR_PENDING_FAILED] client-0 [TypeError: fetch failed] {
18:05:39.402 [META_GATEWAY_RETRY] client-0 attempt=1 network_error [TypeError: fetch failed] {
18:05:39.403 [META_GATEWAY_RETRY] client-0 attempt=2 network_error [TypeError: fetch failed] {
18:05:39.403 [META_GATEWAY_RETRY] client-0 attempt=2 network_error [TypeError: fetch failed] {
18:05:39.403 [META_GATEWAY_RETRY] client-0 attempt=2 network_error [TypeError: fetch failed] {
18:05:39.404 [META_GATEWAY_RETRY] client-0 attempt=2 network_error [TypeError: fetch failed] {
18:05:39.404 [META_GATEWAY_RETRY] client-0 attempt=2 network_error [TypeError: fetch failed] {
18:05:39.405 [META_GATEWAY_RETRY] client-0 attempt=2 network_error [TypeError: fetch failed] {
18:05:39.405 [META_GATEWAY_RETRY] client-0 attempt=2 network_error [TypeError: fetch failed] {
18:05:39.417 [META_GATEWAY_INBOX_RETRY] t-ldmubk2nmz-57 attempt=1 [TypeError: fetch failed] {
18:05:39.417 [META_GATEWAY_INBOX_RETRY] t-ldmubk2nmz-59 attempt=1 [TypeError: fetch failed] {
18:05:39.418 [META_GATEWAY_INBOX_RETRY] t-ldmubk2nmz-69 attempt=1 [TypeError: fetch failed] {
18:05:39.419 [META_GATEWAY_INBOX_RETRY] t-ldmubk2nmz-58 attempt=1 [TypeError: fetch failed] {
18:05:39.419 [META_GATEWAY_INBOX_RETRY] t-ldmubk2nmz-68 attempt=1 [TypeError: fetch failed] {
18:05:39.445 [client] @@STAGE pg pool.end called 1790013939445
18:05:39.448 [client] @@STAGE pg pool.end called 1790013939448
18:05:39.481 [META_GATEWAY_INBOX_RETRY] t-ldmubk2nmz-67 attempt=1 [TypeError: fetch failed] {
18:05:39.495 [client] EXIT code=0 signal=null
18:05:39.530 [META_GATEWAY_PENDING_CHECK_FAILED] client-0 [TypeError: fetch failed] {
18:05:39.532 [META_GATEWAY_PENDING_CHECK_FAILED] client-0 [TypeError: fetch failed] {
18:05:39.533 [META_GATEWAY_PENDING_CHECK_FAILED] client-0 [TypeError: fetch failed] {
18:05:39.534 [META_GATEWAY_PENDING_CHECK_FAILED] client-0 [TypeError: fetch failed] {
18:05:39.534 [META_GATEWAY_PENDING_CHECK_FAILED] client-0 [TypeError: fetch failed] {
18:05:39.535 [META_GATEWAY_PENDING_CHECK_FAILED] client-0 [TypeError: fetch failed] {
18:05:39.536 [META_GATEWAY_PENDING_CHECK_FAILED] client-0 [TypeError: fetch failed] {
18:05:39.537 [META_GATEWAY_PENDING_CHECK_FAILED] client-0 [TypeError: fetch failed] {
18:05:39.539 [META_GATEWAY_PENDING_CHECK_FAILED] client-0 [TypeError: fetch failed] {
18:05:39.540 [META_GATEWAY_PENDING_CHECK_FAILED] client-0 [TypeError: fetch failed] {
18:05:39.541 [META_GATEWAY_PENDING_CHECK_FAILED] client-0 [TypeError: fetch failed] {
18:05:39.542 [META_GATEWAY_PENDING_CHECK_FAILED] client-0 [TypeError: fetch failed] {
18:05:39.543 [META_GATEWAY_PENDING_CHECK_FAILED] client-0 [TypeError: fetch failed] {
18:05:39.544 [META_GATEWAY_PENDING_CHECK_FAILED] client-0 [TypeError: fetch failed] {
18:05:39.545 [META_GATEWAY_PENDING_CHECK_FAILED] client-0 [TypeError: fetch failed] {
18:05:39.546 [META_GATEWAY_PENDING_CHECK_FAILED] client-0 [TypeError: fetch failed] {
18:05:39.547 [META_GATEWAY_PENDING_CHECK_FAILED] client-0 [TypeError: fetch failed] {
18:05:39.548 [META_GATEWAY_PENDING_CHECK_FAILED] client-0 [TypeError: fetch failed] {
18:05:39.549 [META_GATEWAY_PENDING_CHECK_FAILED] client-0 [TypeError: fetch failed] {
18:05:39.549 [META_GATEWAY_PENDING_CHECK_FAILED] client-0 [TypeError: fetch failed] {
18:05:39.551 [META_GATEWAY_RETRY] client-0 attempt=1 network_error [TypeError: fetch failed] {
18:05:39.551 [META_GATEWAY_RETRY] client-0 attempt=1 network_error [TypeError: fetch failed] {
18:05:39.552 [META_GATEWAY_CLEAR_PENDING_FAILED] client-0 [TypeError: fetch failed] {
18:05:39.552 [META_GATEWAY_RETRY] client-0 attempt=1 network_error [TypeError: fetch failed] {
18:05:39.552 [META_GATEWAY_RETRY] client-0 attempt=1 network_error [TypeError: fetch failed] {
18:05:39.553 [META_GATEWAY_RETRY] client-0 attempt=1 network_error [TypeError: fetch failed] {
18:05:39.553 [META_GATEWAY_CLEAR_PENDING_FAILED] client-0 [TypeError: fetch failed] {
18:05:39.554 [META_GATEWAY_CLEAR_PENDING_FAILED] client-0 [TypeError: fetch failed] {
18:05:39.554 [META_GATEWAY_RETRY] client-0 attempt=1 network_error [TypeError: fetch failed] {
18:05:39.555 [META_GATEWAY_RETRY] client-0 attempt=1 network_error [TypeError: fetch failed] {
18:05:39.556 [META_GATEWAY_CLEAR_PENDING_FAILED] client-0 [TypeError: fetch failed] {
18:05:39.556 [META_GATEWAY_CLEAR_PENDING_FAILED] client-0 [TypeError: fetch failed] {
18:05:39.557 [META_GATEWAY_CLEAR_PENDING_FAILED] client-0 [TypeError: fetch failed] {
18:05:39.557 [META_GATEWAY_RETRY] client-0 attempt=1 network_error [TypeError: fetch failed] {
18:05:39.557 [META_GATEWAY_RETRY] client-0 attempt=1 network_error [TypeError: fetch failed] {
18:05:39.558 [META_GATEWAY_CLEAR_PENDING_FAILED] client-0 [TypeError: fetch failed] {
18:05:39.558 [META_GATEWAY_RETRY] client-0 attempt=1 network_error [TypeError: fetch failed] {
18:05:39.559 [META_GATEWAY_RETRY] client-0 attempt=1 network_error [TypeError: fetch failed] {
18:05:39.559 [META_GATEWAY_CLEAR_PENDING_FAILED] client-0 [TypeError: fetch failed] {
18:05:39.559 [META_GATEWAY_RETRY] client-0 attempt=1 network_error [TypeError: fetch failed] {
18:05:39.596 [META_GATEWAY_INBOX_RETRY] t-ldmubk2nmz-89 attempt=1 [TypeError: fetch failed] {
18:05:39.596 [META_GATEWAY_INBOX_RETRY] t-ldmubk2nmz-87 attempt=1 [TypeError: fetch failed] {
18:05:39.596 [META_GATEWAY_INBOX_RETRY] t-ldmubk2nmz-77 attempt=1 [TypeError: fetch failed] {
18:05:39.596 [META_GATEWAY_INBOX_RETRY] t-ldmubk2nmz-79 attempt=1 [TypeError: fetch failed] {
18:05:39.596 [META_GATEWAY_INBOX_RETRY] t-ldmubk2nmz-78 attempt=1 [TypeError: fetch failed] {
18:05:39.597 [META_GATEWAY_INBOX_RETRY] t-ldmubk2nmz-8 attempt=1 [TypeError: fetch failed] {
18:05:39.597 [META_GATEWAY_INBOX_RETRY] t-ldmubk2nmz-88 attempt=1 [TypeError: fetch failed] {
18:05:39.597 [META_GATEWAY_INBOX_RETRY] t-ldmubk2nmz-7 attempt=1 [TypeError: fetch failed] {
18:05:39.598 [META_GATEWAY_PENDING_CHECK_FAILED] client-0 [TypeError: fetch failed] {
18:05:39.599 [META_GATEWAY_PENDING_CHECK_FAILED] client-0 [TypeError: fetch failed] {
18:05:39.600 [META_GATEWAY_PENDING_CHECK_FAILED] client-0 [TypeError: fetch failed] {
18:05:39.601 [META_GATEWAY_PENDING_CHECK_FAILED] client-0 [TypeError: fetch failed] {
18:05:39.602 [META_GATEWAY_PENDING_CHECK_FAILED] client-0 [TypeError: fetch failed] {
18:05:39.603 [META_GATEWAY_PENDING_CHECK_FAILED] client-0 [TypeError: fetch failed] {
18:05:39.604 [META_GATEWAY_PENDING_CHECK_FAILED] client-0 [TypeError: fetch failed] {
18:05:39.605 [META_GATEWAY_PENDING_CHECK_FAILED] client-0 [TypeError: fetch failed] {
18:05:39.607 [META_GATEWAY_RETRY] client-0 attempt=1 network_error [TypeError: fetch failed] {
18:05:39.607 [META_GATEWAY_CLEAR_PENDING_FAILED] client-0 [TypeError: fetch failed] {
18:05:39.608 [META_GATEWAY_RETRY] client-0 attempt=1 network_error [TypeError: fetch failed] {
18:05:39.608 [META_GATEWAY_RETRY] client-0 attempt=1 network_error [TypeError: fetch failed] {
18:05:39.608 [META_GATEWAY_RETRY] client-0 attempt=1 network_error [TypeError: fetch failed] {
18:05:39.609 [META_GATEWAY_CLEAR_PENDING_FAILED] client-0 [TypeError: fetch failed] {
18:05:39.609 [META_GATEWAY_RETRY] client-0 attempt=1 network_error [TypeError: fetch failed] {
18:05:39.610 [META_GATEWAY_RETRY] client-0 attempt=1 network_error [TypeError: fetch failed] {
18:05:39.619 [META_GATEWAY_INBOX_RETRY] t-ldmubk2nmz-98 attempt=1 [TypeError: fetch failed] {
18:05:39.619 [META_GATEWAY_INBOX_RETRY] t-ldmubk2nmz-97 attempt=1 [TypeError: fetch failed] {
18:05:39.619 [META_GATEWAY_PENDING_CHECK_FAILED] client-0 [TypeError: fetch failed] {
18:05:39.621 [META_GATEWAY_CLEAR_PENDING_FAILED] client-0 [TypeError: fetch failed] {
18:05:39.625 [META_GATEWAY_INBOX_RETRY] t-ldmubk2nmz-99 attempt=1 [TypeError: fetch failed] {
18:05:39.659 [META_GATEWAY_PENDING_CHECK_FAILED] client-0 [TypeError: fetch failed] {
18:05:39.660 [META_GATEWAY_PENDING_CHECK_FAILED] client-0 [TypeError: fetch failed] {
18:05:39.661 [META_GATEWAY_PENDING_CHECK_FAILED] client-0 [TypeError: fetch failed] {
18:05:39.662 [META_GATEWAY_PENDING_CHECK_FAILED] client-0 [TypeError: fetch failed] {
18:05:39.663 [META_GATEWAY_PENDING_CHECK_FAILED] client-0 [TypeError: fetch failed] {
18:05:39.664 [META_GATEWAY_PENDING_CHECK_FAILED] client-0 [TypeError: fetch failed] {
18:05:39.665 [META_GATEWAY_PENDING_CHECK_FAILED] client-0 [TypeError: fetch failed] {
18:05:39.666 [META_GATEWAY_PENDING_CHECK_FAILED] client-0 [TypeError: fetch failed] {
18:05:39.677 [META_GATEWAY_RETRY] client-0 attempt=1 network_error [TypeError: fetch failed] {
18:05:39.678 [META_GATEWAY_CLEAR_PENDING_FAILED] client-0 [TypeError: fetch failed] {
18:05:39.678 [META_GATEWAY_RETRY] client-0 attempt=1 network_error [TypeError: fetch failed] {
18:05:39.679 [META_GATEWAY_RETRY] client-0 attempt=1 network_error [TypeError: fetch failed] {
18:05:39.679 [META_GATEWAY_RETRY] client-0 attempt=1 network_error [TypeError: fetch failed] {
18:05:39.679 [META_GATEWAY_RETRY] client-0 attempt=1 network_error [TypeError: fetch failed] {
18:05:39.680 [META_GATEWAY_RETRY] client-0 attempt=1 network_error [TypeError: fetch failed] {
18:05:39.680 [META_GATEWAY_RETRY] client-0 attempt=1 network_error [TypeError: fetch failed] {
18:05:39.690 [META_GATEWAY_INBOX_RETRY] t-ldmubk2nmz-107 attempt=1 [TypeError: fetch failed] {
18:05:39.697 [META_GATEWAY_PENDING_CHECK_FAILED] client-0 [TypeError: fetch failed] {
18:05:39.698 [META_GATEWAY_PENDING_CHECK_FAILED] client-0 [TypeError: fetch failed] {
18:05:39.699 [META_GATEWAY_PENDING_CHECK_FAILED] client-0 [TypeError: fetch failed] {
18:05:39.700 [META_GATEWAY_CLEAR_PENDING_FAILED] client-0 [TypeError: fetch failed] {
18:05:39.700 [META_GATEWAY_CLEAR_PENDING_FAILED] client-0 [TypeError: fetch failed] {
18:05:39.701 [META_GATEWAY_RETRY] client-0 attempt=1 network_error [TypeError: fetch failed] {
18:05:39.706 [META_GATEWAY_INBOX_RETRY] t-ldmubk2nmz-108 attempt=1 [TypeError: fetch failed] {
18:05:39.706 [META_GATEWAY_INBOX_RETRY] t-ldmubk2nmz-109 attempt=1 [TypeError: fetch failed] {
18:05:39.759 [META_GATEWAY_PENDING_CHECK_FAILED] client-0 [TypeError: fetch failed] {
18:05:39.760 [META_GATEWAY_PENDING_CHECK_FAILED] client-0 [TypeError: fetch failed] {
18:05:39.761 [META_GATEWAY_PENDING_CHECK_FAILED] client-0 [TypeError: fetch failed] {
18:05:39.762 [META_GATEWAY_RETRY] client-0 attempt=1 network_error [TypeError: fetch failed] {
18:05:39.762 [META_GATEWAY_RETRY] client-0 attempt=1 network_error [TypeError: fetch failed] {
18:05:39.762 [META_GATEWAY_RETRY] client-0 attempt=1 network_error [TypeError: fetch failed] {
18:05:39.899 [META_GATEWAY_RETRY] client-0 attempt=2 network_error [TypeError: fetch failed] {
18:05:39.899 [META_GATEWAY_RETRY] client-0 attempt=2 network_error [TypeError: fetch failed] {
18:05:39.899 [META_GATEWAY_RETRY] client-0 attempt=2 network_error [TypeError: fetch failed] {
18:05:39.904 [META_GATEWAY_RETRY] client-0 attempt=2 network_error [TypeError: fetch failed] {
18:05:39.904 [META_GATEWAY_RETRY] client-0 attempt=2 network_error [TypeError: fetch failed] {
18:05:39.905 [META_GATEWAY_RETRY] client-0 attempt=2 network_error [TypeError: fetch failed] {
18:05:39.905 [META_GATEWAY_RETRY] client-0 attempt=2 network_error [TypeError: fetch failed] {
18:05:39.905 [META_GATEWAY_RETRY] client-0 attempt=2 network_error [TypeError: fetch failed] {
18:05:39.906 [META_GATEWAY_RETRY] client-0 attempt=2 network_error [TypeError: fetch failed] {
18:05:39.907 [META_GATEWAY_RETRY] client-0 attempt=2 network_error [TypeError: fetch failed] {
18:05:39.907 [META_GATEWAY_RETRY] client-0 attempt=2 network_error [TypeError: fetch failed] {
18:05:39.909 [META_GATEWAY_RETRY] client-0 attempt=2 network_error [TypeError: fetch failed] {
18:05:39.910 [META_GATEWAY_RETRY] client-0 attempt=2 network_error [TypeError: fetch failed] {
18:05:39.910 [META_GATEWAY_RETRY] client-0 attempt=2 network_error [TypeError: fetch failed] {
18:05:40.065 [META_GATEWAY_RETRY] client-0 attempt=2 network_error [TypeError: fetch failed] {
18:05:40.065 [META_GATEWAY_RETRY] client-0 attempt=2 network_error [TypeError: fetch failed] {
18:05:40.066 [META_GATEWAY_RETRY] client-0 attempt=2 network_error [TypeError: fetch failed] {
18:05:40.066 [META_GATEWAY_RETRY] client-0 attempt=2 network_error [TypeError: fetch failed] {
18:05:40.066 [META_GATEWAY_RETRY] client-0 attempt=2 network_error [TypeError: fetch failed] {
18:05:40.067 [META_GATEWAY_RETRY] client-0 attempt=2 network_error [TypeError: fetch failed] {
18:05:40.067 [META_GATEWAY_RETRY] client-0 attempt=2 network_error [TypeError: fetch failed] {
18:05:40.067 [META_GATEWAY_RETRY] client-0 attempt=2 network_error [TypeError: fetch failed] {
18:05:40.068 [META_GATEWAY_RETRY] client-0 attempt=2 network_error [TypeError: fetch failed] {
18:05:40.068 [META_GATEWAY_RETRY] client-0 attempt=2 network_error [TypeError: fetch failed] {
18:05:40.070 [META_GATEWAY_RETRY] client-0 attempt=2 network_error [TypeError: fetch failed] {
18:05:40.071 [META_GATEWAY_RETRY] client-0 attempt=2 network_error [TypeError: fetch failed] {
18:05:40.153 [META_GATEWAY_RETRY] client-0 attempt=2 network_error [TypeError: fetch failed] {
18:05:40.154 [META_GATEWAY_RETRY] client-0 attempt=2 network_error [TypeError: fetch failed] {
18:05:40.154 [META_GATEWAY_RETRY] client-0 attempt=2 network_error [TypeError: fetch failed] {
18:05:40.154 [META_GATEWAY_RETRY] client-0 attempt=2 network_error [TypeError: fetch failed] {
18:05:40.155 [META_GATEWAY_RETRY] client-0 attempt=2 network_error [TypeError: fetch failed] {
18:05:40.155 [META_GATEWAY_RETRY] client-0 attempt=2 network_error [TypeError: fetch failed] {
18:05:40.196 [META_GATEWAY_RETRY] client-0 attempt=2 network_error [TypeError: fetch failed] {
18:05:40.196 [META_GATEWAY_RETRY] client-0 attempt=2 network_error [TypeError: fetch failed] {
18:05:40.196 [META_GATEWAY_RETRY] client-0 attempt=2 network_error [TypeError: fetch failed] {
18:05:40.197 [META_GATEWAY_RETRY] client-0 attempt=2 network_error [TypeError: fetch failed] {
18:05:40.197 [META_GATEWAY_RETRY] client-0 attempt=2 network_error [TypeError: fetch failed] {
18:05:40.198 [META_GATEWAY_RETRY] client-0 attempt=2 network_error [TypeError: fetch failed] {
18:05:40.198 [META_GATEWAY_RETRY] client-0 attempt=2 network_error [TypeError: fetch failed] {
18:05:40.209 [META_GATEWAY_RETRY] client-0 attempt=2 network_error [TypeError: fetch failed] {
18:05:40.274 [META_GATEWAY_RETRY] client-0 attempt=2 network_error [TypeError: fetch failed] {
18:05:40.274 [META_GATEWAY_RETRY] client-0 attempt=2 network_error [TypeError: fetch failed] {
18:05:40.275 [META_GATEWAY_RETRY] client-0 attempt=2 network_error [TypeError: fetch failed] {
18:05:40.922 [META_GATEWAY_FAILED] client-0 network_error [TypeError: fetch failed] {
18:05:40.923 [META_GATEWAY_FAILED] client-0 network_error [TypeError: fetch failed] {
18:05:40.924 [META_GATEWAY_FAILED] client-0 network_error [TypeError: fetch failed] {
18:05:40.925 [META_GATEWAY_FAILED] client-0 network_error [TypeError: fetch failed] {
18:05:40.925 [META_GATEWAY_FAILED] client-0 network_error [TypeError: fetch failed] {
18:05:40.926 [META_GATEWAY_FAILED] client-0 network_error [TypeError: fetch failed] {
18:05:40.927 [META_GATEWAY_FAILED] client-0 network_error [TypeError: fetch failed] {
18:05:40.941 [META_GATEWAY_INBOX_RETRY] t-ldmubk2nmz-46 attempt=1 [TypeError: fetch failed] {
18:05:40.941 [META_GATEWAY_INBOX_RETRY] t-ldmubk2nmz-52 attempt=1 [TypeError: fetch failed] {
18:05:40.942 [META_GATEWAY_INBOX_RETRY] t-ldmubk2nmz-50 attempt=1 [TypeError: fetch failed] {
18:05:40.942 [META_GATEWAY_INBOX_RETRY] t-ldmubk2nmz-53 attempt=1 [TypeError: fetch failed] {
18:05:40.942 [META_GATEWAY_INBOX_RETRY] t-ldmubk2nmz-55 attempt=1 [TypeError: fetch failed] {
18:05:40.942 [META_GATEWAY_INBOX_RETRY] t-ldmubk2nmz-51 attempt=1 [TypeError: fetch failed] {
18:05:40.942 [META_GATEWAY_INBOX_RETRY] t-ldmubk2nmz-54 attempt=1 [TypeError: fetch failed] {
18:05:41.078 [META_GATEWAY_PENDING_CHECK_FAILED] client-0 [TypeError: fetch failed] {
18:05:41.080 [META_GATEWAY_PENDING_CHECK_FAILED] client-0 [TypeError: fetch failed] {
18:05:41.081 [META_GATEWAY_PENDING_CHECK_FAILED] client-0 [TypeError: fetch failed] {
18:05:41.083 [META_GATEWAY_PENDING_CHECK_FAILED] client-0 [TypeError: fetch failed] {
18:05:41.084 [META_GATEWAY_PENDING_CHECK_FAILED] client-0 [TypeError: fetch failed] {
18:05:41.085 [META_GATEWAY_PENDING_CHECK_FAILED] client-0 [TypeError: fetch failed] {
18:05:41.086 [META_GATEWAY_PENDING_CHECK_FAILED] client-0 [TypeError: fetch failed] {
18:05:41.087 [META_GATEWAY_RETRY] client-0 attempt=1 network_error [TypeError: fetch failed] {
18:05:41.088 [META_GATEWAY_RETRY] client-0 attempt=1 network_error [TypeError: fetch failed] {
18:05:41.089 [META_GATEWAY_RETRY] client-0 attempt=1 network_error [TypeError: fetch failed] {
18:05:41.089 [META_GATEWAY_CLEAR_PENDING_FAILED] client-0 [TypeError: fetch failed] {
18:05:41.090 [META_GATEWAY_CLEAR_PENDING_FAILED] client-0 [TypeError: fetch failed] {
18:05:41.090 [META_GATEWAY_CLEAR_PENDING_FAILED] client-0 [TypeError: fetch failed] {
18:05:41.091 [META_GATEWAY_RETRY] client-0 attempt=1 network_error [TypeError: fetch failed] {
18:05:41.097 [META_GATEWAY_INBOX_RETRY] t-ldmubk2nmz-117 attempt=1 [TypeError: fetch failed] {
18:05:41.097 [META_GATEWAY_INBOX_RETRY] t-ldmubk2nmz-118 attempt=1 [TypeError: fetch failed] {
18:05:41.097 [META_GATEWAY_INBOX_RETRY] t-ldmubk2nmz-119 attempt=1 [TypeError: fetch failed] {
18:05:41.274 [META_GATEWAY_PENDING_CHECK_FAILED] client-0 [TypeError: fetch failed] {
18:05:41.276 [META_GATEWAY_PENDING_CHECK_FAILED] client-0 [TypeError: fetch failed] {
18:05:41.277 [META_GATEWAY_PENDING_CHECK_FAILED] client-0 [TypeError: fetch failed] {
18:05:41.279 [META_GATEWAY_RETRY] client-0 attempt=1 network_error [TypeError: fetch failed] {
18:05:41.280 [META_GATEWAY_RETRY] client-0 attempt=1 network_error [TypeError: fetch failed] {
18:05:41.280 [META_GATEWAY_RETRY] client-0 attempt=1 network_error [TypeError: fetch failed] {
18:05:41.416 [META_GATEWAY_FAILED] client-0 network_error [TypeError: fetch failed] {
18:05:41.417 [META_GATEWAY_FAILED] client-0 network_error [TypeError: fetch failed] {
18:05:41.417 [META_GATEWAY_FAILED] client-0 network_error [TypeError: fetch failed] {
18:05:41.418 [META_GATEWAY_FAILED] client-0 network_error [TypeError: fetch failed] {
18:05:41.419 [META_GATEWAY_FAILED] client-0 network_error [TypeError: fetch failed] {
18:05:41.419 [META_GATEWAY_FAILED] client-0 network_error [TypeError: fetch failed] {
18:05:41.420 [META_GATEWAY_FAILED] client-0 network_error [TypeError: fetch failed] {
18:05:41.420 [META_GATEWAY_FAILED] client-0 network_error [TypeError: fetch failed] {
18:05:41.421 [META_GATEWAY_FAILED] client-0 network_error [TypeError: fetch failed] {
18:05:41.427 [META_GATEWAY_FAILED] client-0 network_error [TypeError: fetch failed] {
18:05:41.427 [META_GATEWAY_FAILED] client-0 network_error [TypeError: fetch failed] {
18:05:41.428 [META_GATEWAY_FAILED] client-0 network_error [TypeError: fetch failed] {
18:05:41.428 [META_GATEWAY_FAILED] client-0 network_error [TypeError: fetch failed] {
18:05:41.429 [META_GATEWAY_FAILED] client-0 network_error [TypeError: fetch failed] {
18:05:41.446 [META_GATEWAY_INBOX_RETRY] t-ldmubk2nmz-66 attempt=1 [TypeError: fetch failed] {
18:05:41.447 [META_GATEWAY_INBOX_RETRY] t-ldmubk2nmz-65 attempt=1 [TypeError: fetch failed] {
18:05:41.447 [META_GATEWAY_INBOX_RETRY] t-ldmubk2nmz-63 attempt=1 [TypeError: fetch failed] {
18:05:41.447 [META_GATEWAY_INBOX_RETRY] t-ldmubk2nmz-61 attempt=1 [TypeError: fetch failed] {
18:05:41.448 [META_GATEWAY_INBOX_RETRY] t-ldmubk2nmz-62 attempt=1 [TypeError: fetch failed] {
18:05:41.448 [META_GATEWAY_INBOX_RETRY] t-ldmubk2nmz-56 attempt=1 [TypeError: fetch failed] {
18:05:41.448 [META_GATEWAY_INBOX_RETRY] t-ldmubk2nmz-64 attempt=1 [TypeError: fetch failed] {
18:05:41.448 [META_GATEWAY_INBOX_RETRY] t-ldmubk2nmz-70 attempt=1 [TypeError: fetch failed] {
18:05:41.448 [META_GATEWAY_INBOX_RETRY] t-ldmubk2nmz-60 attempt=1 [TypeError: fetch failed] {
18:05:41.448 [META_GATEWAY_INBOX_RETRY] t-ldmubk2nmz-4 attempt=1 [TypeError: fetch failed] {
18:05:41.453 [META_GATEWAY_INBOX_RETRY] t-ldmubk2nmz-72 attempt=1 [TypeError: fetch failed] {
18:05:41.453 [META_GATEWAY_INBOX_RETRY] t-ldmubk2nmz-71 attempt=1 [TypeError: fetch failed] {
18:05:41.453 [META_GATEWAY_INBOX_RETRY] t-ldmubk2nmz-6 attempt=1 [TypeError: fetch failed] {
18:05:41.454 [META_GATEWAY_INBOX_RETRY] t-ldmubk2nmz-5 attempt=1 [TypeError: fetch failed] {
18:05:41.586 [META_GATEWAY_FAILED] client-0 network_error [TypeError: fetch failed] {
18:05:41.587 [META_GATEWAY_FAILED] client-0 network_error [TypeError: fetch failed] {
18:05:41.587 [META_GATEWAY_FAILED] client-0 network_error [TypeError: fetch failed] {
18:05:41.588 [META_GATEWAY_FAILED] client-0 network_error [TypeError: fetch failed] {
18:05:41.589 [META_GATEWAY_FAILED] client-0 network_error [TypeError: fetch failed] {
18:05:41.589 [META_GATEWAY_FAILED] client-0 network_error [TypeError: fetch failed] {
18:05:41.590 [META_GATEWAY_FAILED] client-0 network_error [TypeError: fetch failed] {
18:05:41.590 [META_GATEWAY_FAILED] client-0 network_error [TypeError: fetch failed] {
18:05:41.591 [META_GATEWAY_FAILED] client-0 network_error [TypeError: fetch failed] {
18:05:41.592 [META_GATEWAY_FAILED] client-0 network_error [TypeError: fetch failed] {
18:05:41.592 [META_GATEWAY_FAILED] client-0 network_error [TypeError: fetch failed] {
18:05:41.593 [META_GATEWAY_FAILED] client-0 network_error [TypeError: fetch failed] {
18:05:41.599 [META_GATEWAY_RETRY] client-0 attempt=2 network_error [TypeError: fetch failed] {
18:05:41.599 [META_GATEWAY_RETRY] client-0 attempt=2 network_error [TypeError: fetch failed] {
18:05:41.600 [META_GATEWAY_RETRY] client-0 attempt=2 network_error [TypeError: fetch failed] {
18:05:41.600 [META_GATEWAY_RETRY] client-0 attempt=2 network_error [TypeError: fetch failed] {
18:05:41.610 [META_GATEWAY_INBOX_RETRY] t-ldmubk2nmz-75 attempt=1 [TypeError: fetch failed] {
18:05:41.610 [META_GATEWAY_INBOX_RETRY] t-ldmubk2nmz-74 attempt=1 [TypeError: fetch failed] {
18:05:41.610 [META_GATEWAY_INBOX_RETRY] t-ldmubk2nmz-73 attempt=1 [TypeError: fetch failed] {
18:05:41.611 [META_GATEWAY_INBOX_RETRY] t-ldmubk2nmz-84 attempt=1 [TypeError: fetch failed] {
18:05:41.611 [META_GATEWAY_INBOX_RETRY] t-ldmubk2nmz-81 attempt=1 [TypeError: fetch failed] {
18:05:41.611 [META_GATEWAY_INBOX_RETRY] t-ldmubk2nmz-76 attempt=1 [TypeError: fetch failed] {
18:05:41.611 [META_GATEWAY_INBOX_RETRY] t-ldmubk2nmz-85 attempt=1 [TypeError: fetch failed] {
18:05:41.612 [META_GATEWAY_INBOX_RETRY] t-ldmubk2nmz-83 attempt=1 [TypeError: fetch failed] {
18:05:41.612 [META_GATEWAY_INBOX_RETRY] t-ldmubk2nmz-80 attempt=1 [TypeError: fetch failed] {
18:05:41.612 [META_GATEWAY_INBOX_RETRY] t-ldmubk2nmz-82 attempt=1 [TypeError: fetch failed] {
18:05:41.615 [META_GATEWAY_INBOX_RETRY] t-ldmubk2nmz-90 attempt=1 [TypeError: fetch failed] {
18:05:41.615 [META_GATEWAY_INBOX_RETRY] t-ldmubk2nmz-86 attempt=1 [TypeError: fetch failed] {
18:05:41.662 [META_GATEWAY_FAILED] client-0 network_error [TypeError: fetch failed] {
18:05:41.662 [META_GATEWAY_FAILED] client-0 network_error [TypeError: fetch failed] {
18:05:41.663 [META_GATEWAY_FAILED] client-0 network_error [TypeError: fetch failed] {
18:05:41.663 [META_GATEWAY_FAILED] client-0 network_error [TypeError: fetch failed] {
18:05:41.664 [META_GATEWAY_FAILED] client-0 network_error [TypeError: fetch failed] {
18:05:41.664 [META_GATEWAY_FAILED] client-0 network_error [TypeError: fetch failed] {
18:05:41.669 [META_GATEWAY_INBOX_RETRY] t-ldmubk2nmz-94 attempt=1 [TypeError: fetch failed] {
18:05:41.670 [META_GATEWAY_INBOX_RETRY] t-ldmubk2nmz-96 attempt=1 [TypeError: fetch failed] {
18:05:41.670 [META_GATEWAY_INBOX_RETRY] t-ldmubk2nmz-91 attempt=1 [TypeError: fetch failed] {
18:05:41.670 [META_GATEWAY_INBOX_RETRY] t-ldmubk2nmz-92 attempt=1 [TypeError: fetch failed] {
18:05:41.670 [META_GATEWAY_INBOX_RETRY] t-ldmubk2nmz-93 attempt=1 [TypeError: fetch failed] {
18:05:41.670 [META_GATEWAY_INBOX_RETRY] t-ldmubk2nmz-95 attempt=1 [TypeError: fetch failed] {
18:05:41.720 [META_GATEWAY_FAILED] client-0 network_error [TypeError: fetch failed] {
18:05:41.721 [META_GATEWAY_FAILED] client-0 network_error [TypeError: fetch failed] {
18:05:41.721 [META_GATEWAY_FAILED] client-0 network_error [TypeError: fetch failed] {
18:05:41.722 [META_GATEWAY_FAILED] client-0 network_error [TypeError: fetch failed] {
18:05:41.723 [META_GATEWAY_FAILED] client-0 network_error [TypeError: fetch failed] {
18:05:41.723 [META_GATEWAY_FAILED] client-0 network_error [TypeError: fetch failed] {
18:05:41.724 [META_GATEWAY_FAILED] client-0 network_error [TypeError: fetch failed] {
18:05:41.727 [META_GATEWAY_FAILED] client-0 network_error [TypeError: fetch failed] {
18:05:41.733 [META_GATEWAY_INBOX_RETRY] t-ldmubk2nmz-101 attempt=1 [TypeError: fetch failed] {
18:05:41.733 [META_GATEWAY_INBOX_RETRY] t-ldmubk2nmz-104 attempt=1 [TypeError: fetch failed] {
18:05:41.733 [META_GATEWAY_INBOX_RETRY] t-ldmubk2nmz-106 attempt=1 [TypeError: fetch failed] {
18:05:41.733 [META_GATEWAY_INBOX_RETRY] t-ldmubk2nmz-102 attempt=1 [TypeError: fetch failed] {
18:05:41.733 [META_GATEWAY_INBOX_RETRY] t-ldmubk2nmz-105 attempt=1 [TypeError: fetch failed] {
18:05:41.733 [META_GATEWAY_INBOX_RETRY] t-ldmubk2nmz-100 attempt=1 [TypeError: fetch failed] {
18:05:41.733 [META_GATEWAY_INBOX_RETRY] t-ldmubk2nmz-103 attempt=1 [TypeError: fetch failed] {
18:05:41.733 [META_GATEWAY_INBOX_RETRY] t-ldmubk2nmz-110 attempt=1 [TypeError: fetch failed] {
18:05:41.838 [META_GATEWAY_RETRY] client-0 attempt=2 network_error [TypeError: fetch failed] {
18:05:41.839 [META_GATEWAY_RETRY] client-0 attempt=2 network_error [TypeError: fetch failed] {
18:05:41.839 [META_GATEWAY_RETRY] client-0 attempt=2 network_error [TypeError: fetch failed] {
18:05:41.840 [META_GATEWAY_FAILED] client-0 network_error [TypeError: fetch failed] {
18:05:41.840 [META_GATEWAY_FAILED] client-0 network_error [TypeError: fetch failed] {
18:05:41.841 [META_GATEWAY_FAILED] client-0 network_error [TypeError: fetch failed] {
18:05:41.842 [META_GATEWAY_PENDING_CHECK_FAILED] client-0 [TypeError: fetch failed] {
18:05:41.844 [META_GATEWAY_PENDING_CHECK_FAILED] client-0 [TypeError: fetch failed] {
18:05:41.844 [META_GATEWAY_PENDING_CHECK_FAILED] client-0 [TypeError: fetch failed] {
18:05:41.845 [META_GATEWAY_PENDING_CHECK_FAILED] client-0 [TypeError: fetch failed] {
18:05:41.846 [META_GATEWAY_PENDING_CHECK_FAILED] client-0 [TypeError: fetch failed] {
18:05:41.847 [META_GATEWAY_PENDING_CHECK_FAILED] client-0 [TypeError: fetch failed] {
18:05:41.848 [META_GATEWAY_PENDING_CHECK_FAILED] client-0 [TypeError: fetch failed] {
18:05:41.849 [META_GATEWAY_PENDING_CHECK_FAILED] client-0 [TypeError: fetch failed] {
18:05:41.850 [META_GATEWAY_PENDING_CHECK_FAILED] client-0 [TypeError: fetch failed] {
18:05:41.851 [META_GATEWAY_PENDING_CHECK_FAILED] client-0 [TypeError: fetch failed] {
18:05:41.852 [META_GATEWAY_PENDING_CHECK_FAILED] client-0 [TypeError: fetch failed] {
18:05:41.853 [META_GATEWAY_PENDING_CHECK_FAILED] client-0 [TypeError: fetch failed] {
18:05:41.854 [META_GATEWAY_PENDING_CHECK_FAILED] client-0 [TypeError: fetch failed] {
18:05:41.855 [META_GATEWAY_PENDING_CHECK_FAILED] client-0 [TypeError: fetch failed] {
18:05:41.856 [META_GATEWAY_PENDING_CHECK_FAILED] client-0 [TypeError: fetch failed] {
18:05:41.856 [META_GATEWAY_PENDING_CHECK_FAILED] client-0 [TypeError: fetch failed] {
18:05:41.857 [META_GATEWAY_PENDING_CHECK_FAILED] client-0 [TypeError: fetch failed] {
18:05:41.858 [META_GATEWAY_PENDING_CHECK_FAILED] client-0 [TypeError: fetch failed] {
18:05:41.859 [META_GATEWAY_PENDING_CHECK_FAILED] client-0 [TypeError: fetch failed] {
18:05:41.860 [META_GATEWAY_PENDING_CHECK_FAILED] client-0 [TypeError: fetch failed] {
18:05:41.867 [META_GATEWAY_RETRY] client-0 attempt=1 network_error [TypeError: fetch failed] {
18:05:41.867 [META_GATEWAY_RETRY] client-0 attempt=1 network_error [TypeError: fetch failed] {
18:05:41.867 [META_GATEWAY_RETRY] client-0 attempt=1 network_error [TypeError: fetch failed] {
18:05:41.867 [META_GATEWAY_RETRY] client-0 attempt=1 network_error [TypeError: fetch failed] {
18:05:41.867 [META_GATEWAY_RETRY] client-0 attempt=1 network_error [TypeError: fetch failed] {
18:05:41.867 [META_GATEWAY_RETRY] client-0 attempt=1 network_error [TypeError: fetch failed] {
18:05:41.867 [META_GATEWAY_RETRY] client-0 attempt=1 network_error [TypeError: fetch failed] {
18:05:41.867 [META_GATEWAY_RETRY] client-0 attempt=1 network_error [TypeError: fetch failed] {
18:05:41.867 [META_GATEWAY_RETRY] client-0 attempt=1 network_error [TypeError: fetch failed] {
18:05:41.867 [META_GATEWAY_RETRY] client-0 attempt=1 network_error [TypeError: fetch failed] {
18:05:41.867 [META_GATEWAY_CLEAR_PENDING_FAILED] client-0 [TypeError: fetch failed] {
18:05:41.867 [META_GATEWAY_CLEAR_PENDING_FAILED] client-0 [TypeError: fetch failed] {
18:05:41.867 [META_GATEWAY_CLEAR_PENDING_FAILED] client-0 [TypeError: fetch failed] {
18:05:41.867 [META_GATEWAY_RETRY] client-0 attempt=1 network_error [TypeError: fetch failed] {
18:05:41.867 [META_GATEWAY_CLEAR_PENDING_FAILED] client-0 [TypeError: fetch failed] {
18:05:41.868 [META_GATEWAY_CLEAR_PENDING_FAILED] client-0 [TypeError: fetch failed] {
18:05:41.868 [META_GATEWAY_RETRY] client-0 attempt=1 network_error [TypeError: fetch failed] {
18:05:41.868 [META_GATEWAY_CLEAR_PENDING_FAILED] client-0 [TypeError: fetch failed] {
18:05:41.869 [META_GATEWAY_RETRY] client-0 attempt=1 network_error [TypeError: fetch failed] {
18:05:41.869 [META_GATEWAY_RETRY] client-0 attempt=1 network_error [TypeError: fetch failed] {
18:05:41.884 [META_GATEWAY_INBOX_RETRY] t-ldmubk2nmz-111 attempt=1 [TypeError: fetch failed] {
18:05:41.921 [META_GATEWAY_INBOX_RETRY] t-ldmubk2nmz-139 attempt=1 [TypeError: fetch failed] {
18:05:41.921 [META_GATEWAY_INBOX_RETRY] t-ldmubk2nmz-137 attempt=1 [TypeError: fetch failed] {
18:05:41.922 [META_GATEWAY_INBOX_RETRY] t-ldmubk2nmz-138 attempt=1 [TypeError: fetch failed] {
18:05:41.922 [META_GATEWAY_INBOX_RETRY] t-ldmubk2nmz-129 attempt=1 [TypeError: fetch failed] {
18:05:41.922 [META_GATEWAY_INBOX_RETRY] t-ldmubk2nmz-113 attempt=1 [TypeError: fetch failed] {
18:05:41.922 [META_GATEWAY_INBOX_RETRY] t-ldmubk2nmz-112 attempt=1 [TypeError: fetch failed] {
18:05:41.922 [META_GATEWAY_INBOX_RETRY] t-ldmubk2nmz-128 attempt=1 [TypeError: fetch failed] {
18:05:41.922 [META_GATEWAY_INBOX_RETRY] t-ldmubk2nmz-127 attempt=1 [TypeError: fetch failed] {
18:05:41.979 [META_GATEWAY_PENDING_CHECK_FAILED] client-0 [TypeError: fetch failed] {