18:00:07.753 [harness] SIGTERM sent
18:00:07.773 [client] SIGTERM received, draining…
18:00:07.773 [client] @@STAGE server.close called 1790013607768
18:00:07.773 [client] @@STAGE at close: {"requestsInFlight":["POST /internal/meta/whatsapp age=136ms","POST /internal/meta/whatsapp age=134ms","POST /internal/meta/whatsapp age=133ms","POST /internal/meta/whatsapp age=132ms","POST /internal/meta/whatsapp age=131ms","POST /internal/meta/whatsapp age=130ms","POST /internal
18:00:07.775 [client] @@STAGE sockets at close: ["remote=::ffff:127.0.0.1:63104 local=64967 bytesRead=1268 idleSinceLastReadOrWrite=?","remote=::ffff:127.0.0.1:63110 local=64967 bytesRead=1008 idleSinceLastReadOrWrite=?","remote=::ffff:127.0.0.1:63111 local=64967 bytesRead=1009 idleSinceLastReadOrWrite=?","remote=::ffff:
18:00:07.831 [META_GATEWAY_RETRY] client-0 attempt=1 network_error [TypeError: fetch failed] {
18:00:07.831 [META_GATEWAY_RETRY] client-0 attempt=1 network_error [TypeError: fetch failed] {
18:00:07.832 [META_GATEWAY_RETRY] client-0 attempt=1 network_error [TypeError: fetch failed] {
18:00:07.947 [META_GATEWAY_PENDING_CHECK_FAILED] client-0 [TypeError: fetch failed] {
18:00:07.950 [META_GATEWAY_PENDING_CHECK_FAILED] client-0 [TypeError: fetch failed] {
18:00:07.956 [META_GATEWAY_PENDING_CHECK_FAILED] client-0 [TypeError: fetch failed] {
18:00:07.960 [META_GATEWAY_PENDING_CHECK_FAILED] client-0 [TypeError: fetch failed] {
18:00:07.962 [META_GATEWAY_PENDING_CHECK_FAILED] client-0 [TypeError: fetch failed] {
18:00:07.963 [META_GATEWAY_PENDING_CHECK_FAILED] client-0 [TypeError: fetch failed] {
18:00:07.965 [META_GATEWAY_PENDING_CHECK_FAILED] client-0 [TypeError: fetch failed] {
18:00:07.966 [META_GATEWAY_PENDING_CHECK_FAILED] client-0 [TypeError: fetch failed] {
18:00:07.967 [META_GATEWAY_PENDING_CHECK_FAILED] client-0 [TypeError: fetch failed] {
18:00:07.968 [META_GATEWAY_PENDING_CHECK_FAILED] client-0 [TypeError: fetch failed] {
18:00:07.973 [META_GATEWAY_CLEAR_PENDING_FAILED] client-0 [TypeError: fetch failed] {
18:00:07.975 [META_GATEWAY_RETRY] client-0 attempt=1 network_error [TypeError: fetch failed] {
18:00:07.975 [META_GATEWAY_CLEAR_PENDING_FAILED] client-0 [TypeError: fetch failed] {
18:00:07.976 [META_GATEWAY_RETRY] client-0 attempt=1 network_error [TypeError: fetch failed] {
18:00:07.976 [META_GATEWAY_RETRY] client-0 attempt=1 network_error [TypeError: fetch failed] {
18:00:07.976 [META_GATEWAY_CLEAR_PENDING_FAILED] client-0 [TypeError: fetch failed] {
18:00:07.977 [META_GATEWAY_RETRY] client-0 attempt=1 network_error [TypeError: fetch failed] {
18:00:07.977 [META_GATEWAY_RETRY] client-0 attempt=1 network_error [TypeError: fetch failed] {
18:00:07.977 [META_GATEWAY_RETRY] client-0 attempt=1 network_error [TypeError: fetch failed] {
18:00:07.978 [META_GATEWAY_RETRY] client-0 attempt=1 network_error [TypeError: fetch failed] {
18:00:07.979 [client] @@STAGE server.close done +206ms
18:00:08.015 [META_GATEWAY_INBOX_RETRY] t-ldmubjvlmy-49 attempt=1 [TypeError: fetch failed] {
18:00:08.015 [META_GATEWAY_INBOX_RETRY] t-ldmubjvlmy-47 attempt=1 [TypeError: fetch failed] {
18:00:08.016 [META_GATEWAY_INBOX_RETRY] t-ldmubjvlmy-48 attempt=1 [TypeError: fetch failed] {
18:00:08.411 [META_GATEWAY_RETRY] client-0 attempt=2 network_error [TypeError: fetch failed] {
18:00:08.411 [META_GATEWAY_RETRY] client-0 attempt=2 network_error [TypeError: fetch failed] {
18:00:08.412 [META_GATEWAY_RETRY] client-0 attempt=2 network_error [TypeError: fetch failed] {
18:00:08.413 [META_GATEWAY_PENDING_CHECK_FAILED] client-0 [TypeError: fetch failed] {
18:00:08.415 [META_GATEWAY_PENDING_CHECK_FAILED] client-0 [TypeError: fetch failed] {
18:00:08.418 [META_GATEWAY_PENDING_CHECK_FAILED] client-0 [TypeError: fetch failed] {
18:00:08.420 [META_GATEWAY_PENDING_CHECK_FAILED] client-0 [TypeError: fetch failed] {
18:00:08.423 [META_GATEWAY_PENDING_CHECK_FAILED] client-0 [TypeError: fetch failed] {
18:00:08.425 [META_GATEWAY_PENDING_CHECK_FAILED] client-0 [TypeError: fetch failed] {
18:00:08.427 [META_GATEWAY_PENDING_CHECK_FAILED] client-0 [TypeError: fetch failed] {
18:00:08.428 [META_GATEWAY_PENDING_CHECK_FAILED] client-0 [TypeError: fetch failed] {
18:00:08.429 [META_GATEWAY_PENDING_CHECK_FAILED] client-0 [TypeError: fetch failed] {
18:00:08.430 [META_GATEWAY_PENDING_CHECK_FAILED] client-0 [TypeError: fetch failed] {
18:00:08.432 [META_GATEWAY_PENDING_CHECK_FAILED] client-0 [TypeError: fetch failed] {
18:00:08.433 [META_GATEWAY_PENDING_CHECK_FAILED] client-0 [TypeError: fetch failed] {
18:00:08.434 [META_GATEWAY_PENDING_CHECK_FAILED] client-0 [TypeError: fetch failed] {
18:00:08.435 [META_GATEWAY_PENDING_CHECK_FAILED] client-0 [TypeError: fetch failed] {
18:00:08.436 [META_GATEWAY_PENDING_CHECK_FAILED] client-0 [TypeError: fetch failed] {
18:00:08.437 [META_GATEWAY_PENDING_CHECK_FAILED] client-0 [TypeError: fetch failed] {
18:00:08.438 [META_GATEWAY_PENDING_CHECK_FAILED] client-0 [TypeError: fetch failed] {
18:00:08.439 [META_GATEWAY_PENDING_CHECK_FAILED] client-0 [TypeError: fetch failed] {
18:00:08.440 [META_GATEWAY_PENDING_CHECK_FAILED] client-0 [TypeError: fetch failed] {
18:00:08.441 [META_GATEWAY_PENDING_CHECK_FAILED] client-0 [TypeError: fetch failed] {
18:00:08.443 [META_GATEWAY_RETRY] client-0 attempt=1 network_error [TypeError: fetch failed] {
18:00:08.443 [META_GATEWAY_RETRY] client-0 attempt=1 network_error [TypeError: fetch failed] {
18:00:08.444 [META_GATEWAY_CLEAR_PENDING_FAILED] client-0 [TypeError: fetch failed] {
18:00:08.444 [META_GATEWAY_CLEAR_PENDING_FAILED] client-0 [TypeError: fetch failed] {
18:00:08.445 [META_GATEWAY_RETRY] client-0 attempt=1 network_error [TypeError: fetch failed] {
18:00:08.445 [META_GATEWAY_CLEAR_PENDING_FAILED] client-0 [TypeError: fetch failed] {
18:00:08.446 [META_GATEWAY_CLEAR_PENDING_FAILED] client-0 [TypeError: fetch failed] {
18:00:08.447 [META_GATEWAY_RETRY] client-0 attempt=1 network_error [TypeError: fetch failed] {
18:00:08.447 [META_GATEWAY_RETRY] client-0 attempt=1 network_error [TypeError: fetch failed] {
18:00:08.447 [META_GATEWAY_RETRY] client-0 attempt=1 network_error [TypeError: fetch failed] {
18:00:08.448 [META_GATEWAY_RETRY] client-0 attempt=1 network_error [TypeError: fetch failed] {
18:00:08.448 [META_GATEWAY_CLEAR_PENDING_FAILED] client-0 [TypeError: fetch failed] {
18:00:08.449 [META_GATEWAY_CLEAR_PENDING_FAILED] client-0 [TypeError: fetch failed] {
18:00:08.449 [META_GATEWAY_RETRY] client-0 attempt=1 network_error [TypeError: fetch failed] {
18:00:08.450 [META_GATEWAY_RETRY] client-0 attempt=1 network_error [TypeError: fetch failed] {
18:00:08.450 [META_GATEWAY_RETRY] client-0 attempt=1 network_error [TypeError: fetch failed] {
18:00:08.451 [META_GATEWAY_RETRY] client-0 attempt=1 network_error [TypeError: fetch failed] {
18:00:08.451 [META_GATEWAY_CLEAR_PENDING_FAILED] client-0 [TypeError: fetch failed] {
18:00:08.452 [META_GATEWAY_CLEAR_PENDING_FAILED] client-0 [TypeError: fetch failed] {
18:00:08.452 [META_GATEWAY_CLEAR_PENDING_FAILED] client-0 [TypeError: fetch failed] {
18:00:08.461 [META_GATEWAY_INBOX_RETRY] t-ldmubjvlmy-67 attempt=1 [TypeError: fetch failed] {
18:00:08.461 [META_GATEWAY_INBOX_RETRY] t-ldmubjvlmy-57 attempt=1 [TypeError: fetch failed] {
18:00:08.461 [META_GATEWAY_INBOX_RETRY] t-ldmubjvlmy-59 attempt=1 [TypeError: fetch failed] {
18:00:08.462 [META_GATEWAY_INBOX_RETRY] t-ldmubjvlmy-58 attempt=1 [TypeError: fetch failed] {
18:00:08.462 [client] @@STAGE pg pool.end called 1790013608457
18:00:08.462 [META_GATEWAY_INBOX_RETRY] t-ldmubjvlmy-69 attempt=1 [TypeError: fetch failed] {
18:00:08.462 [META_GATEWAY_INBOX_RETRY] t-ldmubjvlmy-9 attempt=1 [TypeError: fetch failed] {
18:00:08.462 [META_GATEWAY_INBOX_RETRY] t-ldmubjvlmy-68 attempt=1 [TypeError: fetch failed] {
18:00:08.462 [META_GATEWAY_INBOX_RETRY] t-ldmubjvlmy-8 attempt=1 [TypeError: fetch failed] {
18:00:08.462 [META_GATEWAY_INBOX_RETRY] t-ldmubjvlmy-7 attempt=1 [TypeError: fetch failed] {
18:00:08.463 [client] @@STAGE pg pool.end called 1790013608458
18:00:08.511 [client] EXIT code=0 signal=null
18:00:08.571 [META_GATEWAY_RETRY] client-0 attempt=2 network_error [TypeError: fetch failed] {
18:00:08.571 [META_GATEWAY_RETRY] client-0 attempt=2 network_error [TypeError: fetch failed] {
18:00:08.572 [META_GATEWAY_RETRY] client-0 attempt=2 network_error [TypeError: fetch failed] {
18:00:08.572 [META_GATEWAY_RETRY] client-0 attempt=2 network_error [TypeError: fetch failed] {
18:00:08.573 [META_GATEWAY_RETRY] client-0 attempt=2 network_error [TypeError: fetch failed] {
18:00:08.573 [META_GATEWAY_RETRY] client-0 attempt=2 network_error [TypeError: fetch failed] {
18:00:08.573 [META_GATEWAY_RETRY] client-0 attempt=2 network_error [TypeError: fetch failed] {
18:00:08.575 [META_GATEWAY_PENDING_CHECK_FAILED] client-0 [TypeError: fetch failed] {
18:00:08.576 [META_GATEWAY_PENDING_CHECK_FAILED] client-0 [TypeError: fetch failed] {
18:00:08.577 [META_GATEWAY_PENDING_CHECK_FAILED] client-0 [TypeError: fetch failed] {
18:00:08.578 [META_GATEWAY_PENDING_CHECK_FAILED] client-0 [TypeError: fetch failed] {
18:00:08.579 [META_GATEWAY_PENDING_CHECK_FAILED] client-0 [TypeError: fetch failed] {
18:00:08.580 [META_GATEWAY_PENDING_CHECK_FAILED] client-0 [TypeError: fetch failed] {
18:00:08.581 [META_GATEWAY_PENDING_CHECK_FAILED] client-0 [TypeError: fetch failed] {
18:00:08.582 [META_GATEWAY_PENDING_CHECK_FAILED] client-0 [TypeError: fetch failed] {
18:00:08.583 [META_GATEWAY_PENDING_CHECK_FAILED] client-0 [TypeError: fetch failed] {
18:00:08.585 [META_GATEWAY_PENDING_CHECK_FAILED] client-0 [TypeError: fetch failed] {
18:00:08.586 [META_GATEWAY_PENDING_CHECK_FAILED] client-0 [TypeError: fetch failed] {
18:00:08.588 [META_GATEWAY_PENDING_CHECK_FAILED] client-0 [TypeError: fetch failed] {
18:00:08.589 [META_GATEWAY_PENDING_CHECK_FAILED] client-0 [TypeError: fetch failed] {
18:00:08.590 [META_GATEWAY_PENDING_CHECK_FAILED] client-0 [TypeError: fetch failed] {
18:00:08.591 [META_GATEWAY_PENDING_CHECK_FAILED] client-0 [TypeError: fetch failed] {
18:00:08.592 [META_GATEWAY_PENDING_CHECK_FAILED] client-0 [TypeError: fetch failed] {
18:00:08.593 [META_GATEWAY_PENDING_CHECK_FAILED] client-0 [TypeError: fetch failed] {
18:00:08.594 [META_GATEWAY_PENDING_CHECK_FAILED] client-0 [TypeError: fetch failed] {
18:00:08.595 [META_GATEWAY_PENDING_CHECK_FAILED] client-0 [TypeError: fetch failed] {
18:00:08.596 [META_GATEWAY_PENDING_CHECK_FAILED] client-0 [TypeError: fetch failed] {
18:00:08.598 [META_GATEWAY_RETRY] client-0 attempt=1 network_error [TypeError: fetch failed] {
18:00:08.598 [META_GATEWAY_RETRY] client-0 attempt=1 network_error [TypeError: fetch failed] {
18:00:08.599 [META_GATEWAY_RETRY] client-0 attempt=1 network_error [TypeError: fetch failed] {
18:00:08.599 [META_GATEWAY_RETRY] client-0 attempt=1 network_error [TypeError: fetch failed] {
18:00:08.600 [META_GATEWAY_CLEAR_PENDING_FAILED] client-0 [TypeError: fetch failed] {
18:00:08.600 [META_GATEWAY_CLEAR_PENDING_FAILED] client-0 [TypeError: fetch failed] {
18:00:08.601 [META_GATEWAY_RETRY] client-0 attempt=1 network_error [TypeError: fetch failed] {
18:00:08.601 [META_GATEWAY_CLEAR_PENDING_FAILED] client-0 [TypeError: fetch failed] {
18:00:08.602 [META_GATEWAY_CLEAR_PENDING_FAILED] client-0 [TypeError: fetch failed] {
18:00:08.603 [META_GATEWAY_RETRY] client-0 attempt=1 network_error [TypeError: fetch failed] {
18:00:08.603 [META_GATEWAY_RETRY] client-0 attempt=1 network_error [TypeError: fetch failed] {
18:00:08.604 [META_GATEWAY_RETRY] client-0 attempt=1 network_error [TypeError: fetch failed] {
18:00:08.604 [META_GATEWAY_RETRY] client-0 attempt=1 network_error [TypeError: fetch failed] {
18:00:08.604 [META_GATEWAY_RETRY] client-0 attempt=1 network_error [TypeError: fetch failed] {
18:00:08.605 [META_GATEWAY_CLEAR_PENDING_FAILED] client-0 [TypeError: fetch failed] {
18:00:08.605 [META_GATEWAY_RETRY] client-0 attempt=1 network_error [TypeError: fetch failed] {
18:00:08.606 [META_GATEWAY_RETRY] client-0 attempt=1 network_error [TypeError: fetch failed] {
18:00:08.606 [META_GATEWAY_CLEAR_PENDING_FAILED] client-0 [TypeError: fetch failed] {
18:00:08.607 [META_GATEWAY_RETRY] client-0 attempt=1 network_error [TypeError: fetch failed] {
18:00:08.607 [META_GATEWAY_RETRY] client-0 attempt=1 network_error [TypeError: fetch failed] {
18:00:08.620 [META_GATEWAY_INBOX_RETRY] t-ldmubjvlmy-79 attempt=1 [TypeError: fetch failed] {
18:00:08.620 [META_GATEWAY_INBOX_RETRY] t-ldmubjvlmy-88 attempt=1 [TypeError: fetch failed] {
18:00:08.620 [META_GATEWAY_INBOX_RETRY] t-ldmubjvlmy-87 attempt=1 [TypeError: fetch failed] {
18:00:08.621 [META_GATEWAY_INBOX_RETRY] t-ldmubjvlmy-77 attempt=1 [TypeError: fetch failed] {
18:00:08.621 [META_GATEWAY_INBOX_RETRY] t-ldmubjvlmy-89 attempt=1 [TypeError: fetch failed] {
18:00:08.637 [META_GATEWAY_INBOX_RETRY] t-ldmubjvlmy-78 attempt=1 [TypeError: fetch failed] {
18:00:08.657 [META_GATEWAY_PENDING_CHECK_FAILED] client-0 [TypeError: fetch failed] {
18:00:08.658 [META_GATEWAY_PENDING_CHECK_FAILED] client-0 [TypeError: fetch failed] {
18:00:08.659 [META_GATEWAY_PENDING_CHECK_FAILED] client-0 [TypeError: fetch failed] {
18:00:08.660 [META_GATEWAY_PENDING_CHECK_FAILED] client-0 [TypeError: fetch failed] {
18:00:08.661 [META_GATEWAY_PENDING_CHECK_FAILED] client-0 [TypeError: fetch failed] {
18:00:08.662 [META_GATEWAY_PENDING_CHECK_FAILED] client-0 [TypeError: fetch failed] {
18:00:08.663 [META_GATEWAY_PENDING_CHECK_FAILED] client-0 [TypeError: fetch failed] {
18:00:08.664 [META_GATEWAY_PENDING_CHECK_FAILED] client-0 [TypeError: fetch failed] {
18:00:08.666 [META_GATEWAY_PENDING_CHECK_FAILED] client-0 [TypeError: fetch failed] {
18:00:08.667 [META_GATEWAY_RETRY] client-0 attempt=1 network_error [TypeError: fetch failed] {
18:00:08.668 [META_GATEWAY_RETRY] client-0 attempt=1 network_error [TypeError: fetch failed] {
18:00:08.668 [META_GATEWAY_RETRY] client-0 attempt=1 network_error [TypeError: fetch failed] {
18:00:08.668 [META_GATEWAY_RETRY] client-0 attempt=1 network_error [TypeError: fetch failed] {
18:00:08.669 [META_GATEWAY_RETRY] client-0 attempt=1 network_error [TypeError: fetch failed] {
18:00:08.669 [META_GATEWAY_RETRY] client-0 attempt=1 network_error [TypeError: fetch failed] {
18:00:08.669 [META_GATEWAY_CLEAR_PENDING_FAILED] client-0 [TypeError: fetch failed] {
18:00:08.670 [META_GATEWAY_CLEAR_PENDING_FAILED] client-0 [TypeError: fetch failed] {
18:00:08.671 [META_GATEWAY_RETRY] client-0 attempt=1 network_error [TypeError: fetch failed] {
18:00:08.676 [META_GATEWAY_INBOX_RETRY] t-ldmubjvlmy-97 attempt=1 [TypeError: fetch failed] {
18:00:08.676 [META_GATEWAY_INBOX_RETRY] t-ldmubjvlmy-98 attempt=1 [TypeError: fetch failed] {
18:00:08.697 [META_GATEWAY_PENDING_CHECK_FAILED] client-0 [TypeError: fetch failed] {
18:00:08.698 [META_GATEWAY_PENDING_CHECK_FAILED] client-0 [TypeError: fetch failed] {
18:00:08.699 [META_GATEWAY_PENDING_CHECK_FAILED] client-0 [TypeError: fetch failed] {
18:00:08.700 [META_GATEWAY_PENDING_CHECK_FAILED] client-0 [TypeError: fetch failed] {
18:00:08.701 [META_GATEWAY_PENDING_CHECK_FAILED] client-0 [TypeError: fetch failed] {
18:00:08.702 [META_GATEWAY_RETRY] client-0 attempt=1 network_error [TypeError: fetch failed] {
18:00:08.702 [META_GATEWAY_CLEAR_PENDING_FAILED] client-0 [TypeError: fetch failed] {
18:00:08.703 [META_GATEWAY_RETRY] client-0 attempt=1 network_error [TypeError: fetch failed] {
18:00:08.704 [META_GATEWAY_RETRY] client-0 attempt=1 network_error [TypeError: fetch failed] {
18:00:08.704 [META_GATEWAY_RETRY] client-0 attempt=1 network_error [TypeError: fetch failed] {
18:00:08.730 [META_GATEWAY_INBOX_RETRY] t-ldmubjvlmy-99 attempt=1 [TypeError: fetch failed] {
18:00:08.732 [META_GATEWAY_PENDING_CHECK_FAILED] client-0 [TypeError: fetch failed] {
18:00:08.733 [META_GATEWAY_PENDING_CHECK_FAILED] client-0 [TypeError: fetch failed] {
18:00:08.734 [META_GATEWAY_PENDING_CHECK_FAILED] client-0 [TypeError: fetch failed] {
18:00:08.735 [META_GATEWAY_RETRY] client-0 attempt=1 network_error [TypeError: fetch failed] {
18:00:08.735 [META_GATEWAY_RETRY] client-0 attempt=1 network_error [TypeError: fetch failed] {
18:00:08.735 [META_GATEWAY_RETRY] client-0 attempt=1 network_error [TypeError: fetch failed] {
18:00:08.814 [META_GATEWAY_PENDING_CHECK_FAILED] client-0 [TypeError: fetch failed] {
18:00:08.815 [META_GATEWAY_CLEAR_PENDING_FAILED] client-0 [TypeError: fetch failed] {
18:00:08.820 [META_GATEWAY_INBOX_RETRY] t-ldmubjvlmy-108 attempt=1 [TypeError: fetch failed] {
18:00:08.954 [META_GATEWAY_RETRY] client-0 attempt=2 network_error [TypeError: fetch failed] {
18:00:08.955 [META_GATEWAY_RETRY] client-0 attempt=2 network_error [TypeError: fetch failed] {
18:00:08.955 [META_GATEWAY_RETRY] client-0 attempt=2 network_error [TypeError: fetch failed] {
18:00:08.955 [META_GATEWAY_RETRY] client-0 attempt=2 network_error [TypeError: fetch failed] {
18:00:08.956 [META_GATEWAY_RETRY] client-0 attempt=2 network_error [TypeError: fetch failed] {
18:00:08.956 [META_GATEWAY_RETRY] client-0 attempt=2 network_error [TypeError: fetch failed] {
18:00:08.956 [META_GATEWAY_RETRY] client-0 attempt=2 network_error [TypeError: fetch failed] {
18:00:08.959 [META_GATEWAY_RETRY] client-0 attempt=2 network_error [TypeError: fetch failed] {
18:00:08.959 [META_GATEWAY_RETRY] client-0 attempt=2 network_error [TypeError: fetch failed] {
18:00:08.959 [META_GATEWAY_RETRY] client-0 attempt=2 network_error [TypeError: fetch failed] {
18:00:08.960 [META_GATEWAY_RETRY] client-0 attempt=2 network_error [TypeError: fetch failed] {
18:00:09.103 [META_GATEWAY_RETRY] client-0 attempt=2 network_error [TypeError: fetch failed] {
18:00:09.104 [META_GATEWAY_RETRY] client-0 attempt=2 network_error [TypeError: fetch failed] {
18:00:09.104 [META_GATEWAY_RETRY] client-0 attempt=2 network_error [TypeError: fetch failed] {
18:00:09.104 [META_GATEWAY_RETRY] client-0 attempt=2 network_error [TypeError: fetch failed] {
18:00:09.109 [META_GATEWAY_RETRY] client-0 attempt=2 network_error [TypeError: fetch failed] {
18:00:09.109 [META_GATEWAY_RETRY] client-0 attempt=2 network_error [TypeError: fetch failed] {
18:00:09.110 [META_GATEWAY_RETRY] client-0 attempt=2 network_error [TypeError: fetch failed] {
18:00:09.110 [META_GATEWAY_RETRY] client-0 attempt=2 network_error [TypeError: fetch failed] {
18:00:09.110 [META_GATEWAY_RETRY] client-0 attempt=2 network_error [TypeError: fetch failed] {
18:00:09.111 [META_GATEWAY_RETRY] client-0 attempt=2 network_error [TypeError: fetch failed] {
18:00:09.114 [META_GATEWAY_RETRY] client-0 attempt=2 network_error [TypeError: fetch failed] {
18:00:09.115 [META_GATEWAY_RETRY] client-0 attempt=2 network_error [TypeError: fetch failed] {
18:00:09.115 [META_GATEWAY_RETRY] client-0 attempt=2 network_error [TypeError: fetch failed] {
18:00:09.115 [META_GATEWAY_RETRY] client-0 attempt=2 network_error [TypeError: fetch failed] {
18:00:09.184 [META_GATEWAY_RETRY] client-0 attempt=2 network_error [TypeError: fetch failed] {
18:00:09.184 [META_GATEWAY_RETRY] client-0 attempt=2 network_error [TypeError: fetch failed] {
18:00:09.185 [META_GATEWAY_RETRY] client-0 attempt=2 network_error [TypeError: fetch failed] {
18:00:09.185 [META_GATEWAY_RETRY] client-0 attempt=2 network_error [TypeError: fetch failed] {
18:00:09.185 [META_GATEWAY_RETRY] client-0 attempt=2 network_error [TypeError: fetch failed] {
18:00:09.186 [META_GATEWAY_RETRY] client-0 attempt=2 network_error [TypeError: fetch failed] {
18:00:09.186 [META_GATEWAY_RETRY] client-0 attempt=2 network_error [TypeError: fetch failed] {
18:00:09.216 [META_GATEWAY_RETRY] client-0 attempt=2 network_error [TypeError: fetch failed] {
18:00:09.216 [META_GATEWAY_RETRY] client-0 attempt=2 network_error [TypeError: fetch failed] {
18:00:09.216 [META_GATEWAY_RETRY] client-0 attempt=2 network_error [TypeError: fetch failed] {
18:00:09.216 [META_GATEWAY_RETRY] client-0 attempt=2 network_error [TypeError: fetch failed] {
18:00:09.239 [META_GATEWAY_RETRY] client-0 attempt=2 network_error [TypeError: fetch failed] {
18:00:09.240 [META_GATEWAY_RETRY] client-0 attempt=2 network_error [TypeError: fetch failed] {
18:00:09.240 [META_GATEWAY_RETRY] client-0 attempt=2 network_error [TypeError: fetch failed] {
18:00:09.320 [META_GATEWAY_PENDING_CHECK_FAILED] client-0 [TypeError: fetch failed] {
18:00:09.322 [META_GATEWAY_CLEAR_PENDING_FAILED] client-0 [TypeError: fetch failed] {
18:00:09.327 [META_GATEWAY_INBOX_RETRY] t-ldmubjvlmy-107 attempt=1 [TypeError: fetch failed] {
18:00:09.807 [META_GATEWAY_PENDING_CHECK_FAILED] client-0 [TypeError: fetch failed] {
18:00:09.809 [META_GATEWAY_CLEAR_PENDING_FAILED] client-0 [TypeError: fetch failed] {
18:00:09.815 [META_GATEWAY_INBOX_RETRY] t-ldmubjvlmy-109 attempt=1 [TypeError: fetch failed] {
18:00:09.920 [META_GATEWAY_FAILED] client-0 network_error [TypeError: fetch failed] {
18:00:09.920 [META_GATEWAY_FAILED] client-0 network_error [TypeError: fetch failed] {
18:00:09.921 [META_GATEWAY_FAILED] client-0 network_error [TypeError: fetch failed] {
18:00:09.927 [META_GATEWAY_INBOX_RETRY] t-ldmubjvlmy-42 attempt=1 [TypeError: fetch failed] {
18:00:09.927 [META_GATEWAY_INBOX_RETRY] t-ldmubjvlmy-45 attempt=1 [TypeError: fetch failed] {
18:00:09.927 [META_GATEWAY_INBOX_RETRY] t-ldmubjvlmy-44 attempt=1 [TypeError: fetch failed] {
18:00:10.073 [META_GATEWAY_FAILED] client-0 network_error [TypeError: fetch failed] {
18:00:10.079 [META_GATEWAY_FAILED] client-0 network_error [TypeError: fetch failed] {
18:00:10.080 [META_GATEWAY_FAILED] client-0 network_error [TypeError: fetch failed] {
18:00:10.080 [META_GATEWAY_FAILED] client-0 network_error [TypeError: fetch failed] {
18:00:10.081 [META_GATEWAY_FAILED] client-0 network_error [TypeError: fetch failed] {
18:00:10.081 [META_GATEWAY_FAILED] client-0 network_error [TypeError: fetch failed] {
18:00:10.082 [META_GATEWAY_FAILED] client-0 network_error [TypeError: fetch failed] {
18:00:10.097 [META_GATEWAY_INBOX_RETRY] t-ldmubjvlmy-52 attempt=1 [TypeError: fetch failed] {
18:00:10.106 [META_GATEWAY_INBOX_RETRY] t-ldmubjvlmy-50 attempt=1 [TypeError: fetch failed] {
18:00:10.109 [META_GATEWAY_INBOX_RETRY] t-ldmubjvlmy-4 attempt=1 [TypeError: fetch failed] {
18:00:10.109 [META_GATEWAY_INBOX_RETRY] t-ldmubjvlmy-54 attempt=1 [TypeError: fetch failed] {
18:00:10.109 [META_GATEWAY_INBOX_RETRY] t-ldmubjvlmy-53 attempt=1 [TypeError: fetch failed] {
18:00:10.109 [META_GATEWAY_INBOX_RETRY] t-ldmubjvlmy-51 attempt=1 [TypeError: fetch failed] {
18:00:10.110 [META_GATEWAY_INBOX_RETRY] t-ldmubjvlmy-5 attempt=1 [TypeError: fetch failed] {
18:00:10.377 [META_GATEWAY_PENDING_CHECK_FAILED] client-0 [TypeError: fetch failed] {
18:00:10.378 [META_GATEWAY_PENDING_CHECK_FAILED] client-0 [TypeError: fetch failed] {
18:00:10.380 [META_GATEWAY_PENDING_CHECK_FAILED] client-0 [TypeError: fetch failed] {
18:00:10.381 [META_GATEWAY_PENDING_CHECK_FAILED] client-0 [TypeError: fetch failed] {
18:00:10.382 [META_GATEWAY_PENDING_CHECK_FAILED] client-0 [TypeError: fetch failed] {
18:00:10.383 [META_GATEWAY_PENDING_CHECK_FAILED] client-0 [TypeError: fetch failed] {
18:00:10.384 [META_GATEWAY_PENDING_CHECK_FAILED] client-0 [TypeError: fetch failed] {
18:00:10.385 [META_GATEWAY_PENDING_CHECK_FAILED] client-0 [TypeError: fetch failed] {
18:00:10.387 [META_GATEWAY_PENDING_CHECK_FAILED] client-0 [TypeError: fetch failed] {
18:00:10.388 [META_GATEWAY_PENDING_CHECK_FAILED] client-0 [TypeError: fetch failed] {
18:00:10.389 [META_GATEWAY_PENDING_CHECK_FAILED] client-0 [TypeError: fetch failed] {
18:00:10.391 [META_GATEWAY_CLEAR_PENDING_FAILED] client-0 [TypeError: fetch failed] {
18:00:10.392 [META_GATEWAY_RETRY] client-0 attempt=1 network_error [TypeError: fetch failed] {
18:00:10.392 [META_GATEWAY_RETRY] client-0 attempt=1 network_error [TypeError: fetch failed] {
18:00:10.393 [META_GATEWAY_RETRY] client-0 attempt=1 network_error [TypeError: fetch failed] {
18:00:10.393 [META_GATEWAY_RETRY] client-0 attempt=1 network_error [TypeError: fetch failed] {
18:00:10.394 [META_GATEWAY_RETRY] client-0 attempt=1 network_error [TypeError: fetch failed] {
18:00:10.394 [META_GATEWAY_CLEAR_PENDING_FAILED] client-0 [TypeError: fetch failed] {
18:00:10.395 [META_GATEWAY_RETRY] client-0 attempt=1 network_error [TypeError: fetch failed] {
18:00:10.395 [META_GATEWAY_RETRY] client-0 attempt=1 network_error [TypeError: fetch failed] {
18:00:10.395 [META_GATEWAY_CLEAR_PENDING_FAILED] client-0 [TypeError: fetch failed] {
18:00:10.396 [META_GATEWAY_RETRY] client-0 attempt=1 network_error [TypeError: fetch failed] {
18:00:10.401 [META_GATEWAY_INBOX_RETRY] t-ldmubjvlmy-117 attempt=1 [TypeError: fetch failed] {
18:00:10.401 [META_GATEWAY_INBOX_RETRY] t-ldmubjvlmy-118 attempt=1 [TypeError: fetch failed] {
18:00:10.401 [META_GATEWAY_INBOX_RETRY] t-ldmubjvlmy-119 attempt=1 [TypeError: fetch failed] {
18:00:10.478 [META_GATEWAY_FAILED] client-0 network_error [TypeError: fetch failed] {
18:00:10.479 [META_GATEWAY_FAILED] client-0 network_error [TypeError: fetch failed] {
18:00:10.480 [META_GATEWAY_FAILED] client-0 network_error [TypeError: fetch failed] {
18:00:10.481 [META_GATEWAY_FAILED] client-0 network_error [TypeError: fetch failed] {
18:00:10.481 [META_GATEWAY_FAILED] client-0 network_error [TypeError: fetch failed] {
18:00:10.482 [META_GATEWAY_FAILED] client-0 network_error [TypeError: fetch failed] {
18:00:10.483 [META_GATEWAY_FAILED] client-0 network_error [TypeError: fetch failed] {
18:00:10.484 [META_GATEWAY_FAILED] client-0 network_error [TypeError: fetch failed] {
18:00:10.484 [META_GATEWAY_FAILED] client-0 network_error [TypeError: fetch failed] {
18:00:10.485 [META_GATEWAY_FAILED] client-0 network_error [TypeError: fetch failed] {
18:00:10.486 [META_GATEWAY_FAILED] client-0 network_error [TypeError: fetch failed] {
18:00:10.496 [META_GATEWAY_INBOX_RETRY] t-ldmubjvlmy-63 attempt=1 [TypeError: fetch failed] {
18:00:10.496 [META_GATEWAY_INBOX_RETRY] t-ldmubjvlmy-60 attempt=1 [TypeError: fetch failed] {
18:00:10.497 [META_GATEWAY_INBOX_RETRY] t-ldmubjvlmy-56 attempt=1 [TypeError: fetch failed] {
18:00:10.497 [META_GATEWAY_INBOX_RETRY] t-ldmubjvlmy-62 attempt=1 [TypeError: fetch failed] {
18:00:10.497 [META_GATEWAY_INBOX_RETRY] t-ldmubjvlmy-65 attempt=1 [TypeError: fetch failed] {
18:00:10.498 [META_GATEWAY_INBOX_RETRY] t-ldmubjvlmy-55 attempt=1 [TypeError: fetch failed] {
18:00:10.498 [META_GATEWAY_INBOX_RETRY] t-ldmubjvlmy-66 attempt=1 [TypeError: fetch failed] {
18:00:10.499 [META_GATEWAY_INBOX_RETRY] t-ldmubjvlmy-6 attempt=1 [TypeError: fetch failed] {
18:00:10.499 [META_GATEWAY_INBOX_RETRY] t-ldmubjvlmy-61 attempt=1 [TypeError: fetch failed] {
18:00:10.499 [META_GATEWAY_INBOX_RETRY] t-ldmubjvlmy-64 attempt=1 [TypeError: fetch failed] {
18:00:10.503 [META_GATEWAY_INBOX_RETRY] t-ldmubjvlmy-70 attempt=1 [TypeError: fetch failed] {
18:00:10.610 [META_GATEWAY_FAILED] client-0 network_error [TypeError: fetch failed] {
18:00:10.610 [META_GATEWAY_FAILED] client-0 network_error [TypeError: fetch failed] {
18:00:10.611 [META_GATEWAY_FAILED] client-0 network_error [TypeError: fetch failed] {
18:00:10.611 [META_GATEWAY_FAILED] client-0 network_error [TypeError: fetch failed] {
18:00:10.616 [META_GATEWAY_FAILED] client-0 network_error [TypeError: fetch failed] {
18:00:10.617 [META_GATEWAY_FAILED] client-0 network_error [TypeError: fetch failed] {
18:00:10.617 [META_GATEWAY_FAILED] client-0 network_error [TypeError: fetch failed] {
18:00:10.618 [META_GATEWAY_FAILED] client-0 network_error [TypeError: fetch failed] {
18:00:10.618 [META_GATEWAY_FAILED] client-0 network_error [TypeError: fetch failed] {
18:00:10.619 [META_GATEWAY_FAILED] client-0 network_error [TypeError: fetch failed] {
18:00:10.625 [META_GATEWAY_FAILED] client-0 network_error [TypeError: fetch failed] {
18:00:10.625 [META_GATEWAY_FAILED] client-0 network_error [TypeError: fetch failed] {
18:00:10.625 [META_GATEWAY_FAILED] client-0 network_error [TypeError: fetch failed] {
18:00:10.626 [META_GATEWAY_FAILED] client-0 network_error [TypeError: fetch failed] {
18:00:10.638 [META_GATEWAY_INBOX_RETRY] t-ldmubjvlmy-74 attempt=1 [TypeError: fetch failed] {
18:00:10.638 [META_GATEWAY_INBOX_RETRY] t-ldmubjvlmy-75 attempt=1 [TypeError: fetch failed] {
18:00:10.639 [META_GATEWAY_INBOX_RETRY] t-ldmubjvlmy-84 attempt=1 [TypeError: fetch failed] {
18:00:10.639 [META_GATEWAY_INBOX_RETRY] t-ldmubjvlmy-72 attempt=1 [TypeError: fetch failed] {
18:00:10.639 [META_GATEWAY_INBOX_RETRY] t-ldmubjvlmy-71 attempt=1 [TypeError: fetch failed] {
18:00:10.639 [META_GATEWAY_INBOX_RETRY] t-ldmubjvlmy-76 attempt=1 [TypeError: fetch failed] {
18:00:10.639 [META_GATEWAY_INBOX_RETRY] t-ldmubjvlmy-82 attempt=1 [TypeError: fetch failed] {
18:00:10.639 [META_GATEWAY_INBOX_RETRY] t-ldmubjvlmy-73 attempt=1 [TypeError: fetch failed] {
18:00:10.640 [META_GATEWAY_INBOX_RETRY] t-ldmubjvlmy-85 attempt=1 [TypeError: fetch failed] {
18:00:10.640 [META_GATEWAY_INBOX_RETRY] t-ldmubjvlmy-83 attempt=1 [TypeError: fetch failed] {
18:00:10.645 [META_GATEWAY_INBOX_RETRY] t-ldmubjvlmy-86 attempt=1 [TypeError: fetch failed] {
18:00:10.645 [META_GATEWAY_INBOX_RETRY] t-ldmubjvlmy-80 attempt=1 [TypeError: fetch failed] {
18:00:10.646 [META_GATEWAY_INBOX_RETRY] t-ldmubjvlmy-81 attempt=1 [TypeError: fetch failed] {
18:00:10.646 [META_GATEWAY_INBOX_RETRY] t-ldmubjvlmy-90 attempt=1 [TypeError: fetch failed] {
18:00:10.692 [META_GATEWAY_FAILED] client-0 network_error [TypeError: fetch failed] {
18:00:10.692 [META_GATEWAY_FAILED] client-0 network_error [TypeError: fetch failed] {
18:00:10.693 [META_GATEWAY_FAILED] client-0 network_error [TypeError: fetch failed] {
18:00:10.694 [META_GATEWAY_FAILED] client-0 network_error [TypeError: fetch failed] {
18:00:10.697 [META_GATEWAY_FAILED] client-0 network_error [TypeError: fetch failed] {
18:00:10.698 [META_GATEWAY_FAILED] client-0 network_error [TypeError: fetch failed] {
18:00:10.699 [META_GATEWAY_FAILED] client-0 network_error [TypeError: fetch failed] {
18:00:10.706 [META_GATEWAY_INBOX_RETRY] t-ldmubjvlmy-96 attempt=1 [TypeError: fetch failed] {
18:00:10.706 [META_GATEWAY_INBOX_RETRY] t-ldmubjvlmy-95 attempt=1 [TypeError: fetch failed] {
18:00:10.706 [META_GATEWAY_INBOX_RETRY] t-ldmubjvlmy-91 attempt=1 [TypeError: fetch failed] {
18:00:10.706 [META_GATEWAY_INBOX_RETRY] t-ldmubjvlmy-94 attempt=1 [TypeError: fetch failed] {
18:00:10.707 [META_GATEWAY_INBOX_RETRY] t-ldmubjvlmy-92 attempt=1 [TypeError: fetch failed] {
18:00:10.707 [META_GATEWAY_INBOX_RETRY] t-ldmubjvlmy-93 attempt=1 [TypeError: fetch failed] {
18:00:10.707 [META_GATEWAY_INBOX_RETRY] t-ldmubjvlmy-3 attempt=1 [TypeError: fetch failed] {
18:00:10.719 [META_GATEWAY_FAILED] client-0 network_error [TypeError: fetch failed] {
18:00:10.719 [META_GATEWAY_FAILED] client-0 network_error [TypeError: fetch failed] {
18:00:10.720 [META_GATEWAY_FAILED] client-0 network_error [TypeError: fetch failed] {
18:00:10.722 [META_GATEWAY_FAILED] client-0 network_error [TypeError: fetch failed] {
18:00:10.726 [META_GATEWAY_INBOX_RETRY] t-ldmubjvlmy-101 attempt=1 [TypeError: fetch failed] {
18:00:10.726 [META_GATEWAY_INBOX_RETRY] t-ldmubjvlmy-103 attempt=1 [TypeError: fetch failed] {
18:00:10.727 [META_GATEWAY_INBOX_RETRY] t-ldmubjvlmy-102 attempt=1 [TypeError: fetch failed] {
18:00:10.728 [META_GATEWAY_INBOX_RETRY] t-ldmubjvlmy-100 attempt=1 [TypeError: fetch failed] {
18:00:10.750 [META_GATEWAY_FAILED] client-0 network_error [TypeError: fetch failed] {
18:00:10.750 [META_GATEWAY_FAILED] client-0 network_error [TypeError: fetch failed] {
18:00:10.751 [META_GATEWAY_FAILED] client-0 network_error [TypeError: fetch failed] {
18:00:10.757 [META_GATEWAY_INBOX_RETRY] t-ldmubjvlmy-105 attempt=1 [TypeError: fetch failed] {
18:00:10.757 [META_GATEWAY_INBOX_RETRY] t-ldmubjvlmy-104 attempt=1 [TypeError: fetch failed] {
18:00:10.758 [META_GATEWAY_INBOX_RETRY] t-ldmubjvlmy-106 attempt=1 [TypeError: fetch failed] {
18:00:10.917 [META_GATEWAY_PENDING_CHECK_FAILED] client-0 [TypeError: fetch failed] {
18:00:10.918 [META_GATEWAY_PENDING_CHECK_FAILED] client-0 [TypeError: fetch failed] {
18:00:10.919 [META_GATEWAY_PENDING_CHECK_FAILED] client-0 [TypeError: fetch failed] {
18:00:10.920 [META_GATEWAY_PENDING_CHECK_FAILED] client-0 [TypeError: fetch failed] {
18:00:10.921 [META_GATEWAY_PENDING_CHECK_FAILED] client-0 [TypeError: fetch failed] {
18:00:10.922 [META_GATEWAY_PENDING_CHECK_FAILED] client-0 [TypeError: fetch failed] {
18:00:10.923 [META_GATEWAY_PENDING_CHECK_FAILED] client-0 [TypeError: fetch failed] {
18:00:10.923 [META_GATEWAY_PENDING_CHECK_FAILED] client-0 [TypeError: fetch failed] {
18:00:10.924 [META_GATEWAY_PENDING_CHECK_FAILED] client-0 [TypeError: fetch failed] {
18:00:10.925 [META_GATEWAY_PENDING_CHECK_FAILED] client-0 [TypeError: fetch failed] {
18:00:10.926 [META_GATEWAY_PENDING_CHECK_FAILED] client-0 [TypeError: fetch failed] {
18:00:10.927 [META_GATEWAY_PENDING_CHECK_FAILED] client-0 [TypeError: fetch failed] {
18:00:10.928 [META_GATEWAY_PENDING_CHECK_FAILED] client-0 [TypeError: fetch failed] {
18:00:10.929 [META_GATEWAY_PENDING_CHECK_FAILED] client-0 [TypeError: fetch failed] {
18:00:10.930 [META_GATEWAY_PENDING_CHECK_FAILED] client-0 [TypeError: fetch failed] {
18:00:10.931 [META_GATEWAY_PENDING_CHECK_FAILED] client-0 [TypeError: fetch failed] {
18:00:10.931 [META_GATEWAY_PENDING_CHECK_FAILED] client-0 [TypeError: fetch failed] {
18:00:10.932 [META_GATEWAY_PENDING_CHECK_FAILED] client-0 [TypeError: fetch failed] {
18:00:10.933 [META_GATEWAY_PENDING_CHECK_FAILED] client-0 [TypeError: fetch failed] {
18:00:10.934 [META_GATEWAY_PENDING_CHECK_FAILED] client-0 [TypeError: fetch failed] {
18:00:10.935 [META_GATEWAY_RETRY] client-0 attempt=2 network_error [TypeError: fetch failed] {
18:00:10.935 [META_GATEWAY_RETRY] client-0 attempt=2 network_error [TypeError: fetch failed] {
18:00:10.936 [META_GATEWAY_RETRY] client-0 attempt=2 network_error [TypeError: fetch failed] {
18:00:10.936 [META_GATEWAY_RETRY] client-0 attempt=2 network_error [TypeError: fetch failed] {
18:00:10.937 [META_GATEWAY_RETRY] client-0 attempt=2 network_error [TypeError: fetch failed] {
18:00:10.937 [META_GATEWAY_RETRY] client-0 attempt=2 network_error [TypeError: fetch failed] {
18:00:10.937 [META_GATEWAY_RETRY] client-0 attempt=2 network_error [TypeError: fetch failed] {
18:00:10.938 [META_GATEWAY_RETRY] client-0 attempt=2 network_error [TypeError: fetch failed] {
18:00:10.938 [META_GATEWAY_RETRY] client-0 attempt=1 network_error [TypeError: fetch failed] {
18:00:10.939 [META_GATEWAY_RETRY] client-0 attempt=1 network_error [TypeError: fetch failed] {
18:00:10.939 [META_GATEWAY_RETRY] client-0 attempt=1 network_error [TypeError: fetch failed] {
18:00:10.939 [META_GATEWAY_RETRY] client-0 attempt=1 network_error [TypeError: fetch failed] {
18:00:10.940 [META_GATEWAY_RETRY] client-0 attempt=1 network_error [TypeError: fetch failed] {
18:00:10.940 [META_GATEWAY_RETRY] client-0 attempt=1 network_error [TypeError: fetch failed] {
18:00:10.940 [META_GATEWAY_RETRY] client-0 attempt=1 network_error [TypeError: fetch failed] {
18:00:10.941 [META_GATEWAY_RETRY] client-0 attempt=1 network_error [TypeError: fetch failed] {
18:00:10.941 [META_GATEWAY_RETRY] client-0 attempt=1 network_error [TypeError: fetch failed] {
18:00:10.941 [META_GATEWAY_CLEAR_PENDING_FAILED] client-0 [TypeError: fetch failed] {
18:00:10.942 [META_GATEWAY_CLEAR_PENDING_FAILED] client-0 [TypeError: fetch failed] {
18:00:10.943 [META_GATEWAY_RETRY] client-0 attempt=1 network_error [TypeError: fetch failed] {
18:00:10.943 [META_GATEWAY_RETRY] client-0 attempt=1 network_error [TypeError: fetch failed] {
18:00:10.943 [META_GATEWAY_CLEAR_PENDING_FAILED] client-0 [TypeError: fetch failed] {
18:00:10.944 [META_GATEWAY_CLEAR_PENDING_FAILED] client-0 [TypeError: fetch failed] {
18:00:10.944 [META_GATEWAY_RETRY] client-0 attempt=1 network_error [TypeError: fetch failed] {
18:00:10.944 [META_GATEWAY_RETRY] client-0 attempt=1 network_error [TypeError: fetch failed] {
18:00:10.945 [META_GATEWAY_CLEAR_PENDING_FAILED] client-0 [TypeError: fetch failed] {
18:00:10.945 [META_GATEWAY_CLEAR_PENDING_FAILED] client-0 [TypeError: fetch failed] {
18:00:10.946 [META_GATEWAY_RETRY] client-0 attempt=1 network_error [TypeError: fetch failed] {
18:00:10.958 [META_GATEWAY_INBOX_RETRY] t-ldmubjvlmy-138 attempt=1 [TypeError: fetch failed] {
18:00:10.989 [META_GATEWAY_INBOX_RETRY] t-ldmubjvlmy-137 attempt=1 [TypeError: fetch failed] {
18:00:10.989 [META_GATEWAY_INBOX_RETRY] t-ldmubjvlmy-128 attempt=1 [TypeError: fetch failed] {
18:00:10.989 [META_GATEWAY_INBOX_RETRY] t-ldmubjvlmy-129 attempt=1 [TypeError: fetch failed] {