17:12:41.316 [harness] SIGTERM sent
17:12:41.320 [client] SIGTERM received, draining…
17:12:41.320 [client] @@STAGE server.close called 1790010761319
17:12:41.399 [META_GATEWAY_PENDING_CHECK_FAILED] client-0 [TypeError: fetch failed] {
17:12:41.400 [META_GATEWAY_PENDING_CHECK_FAILED] client-0 [TypeError: fetch failed] {
17:12:41.402 [META_GATEWAY_PENDING_CHECK_FAILED] client-0 [TypeError: fetch failed] {
17:12:41.403 [META_GATEWAY_PENDING_CHECK_FAILED] client-0 [TypeError: fetch failed] {
17:12:41.405 [META_GATEWAY_PENDING_CHECK_FAILED] client-0 [TypeError: fetch failed] {
17:12:41.407 [META_GATEWAY_PENDING_CHECK_FAILED] client-0 [TypeError: fetch failed] {
17:12:41.408 [META_GATEWAY_PENDING_CHECK_FAILED] client-0 [TypeError: fetch failed] {
17:12:41.409 [META_GATEWAY_PENDING_CHECK_FAILED] client-0 [TypeError: fetch failed] {
17:12:41.410 [META_GATEWAY_PENDING_CHECK_FAILED] client-0 [TypeError: fetch failed] {
17:12:41.414 [META_GATEWAY_CLEAR_PENDING_FAILED] client-0 [TypeError: fetch failed] {
17:12:41.415 [META_GATEWAY_RETRY] client-0 attempt=1 network_error [TypeError: fetch failed] {
17:12:41.416 [META_GATEWAY_RETRY] client-0 attempt=1 network_error [TypeError: fetch failed] {
17:12:41.416 [META_GATEWAY_RETRY] client-0 attempt=1 network_error [TypeError: fetch failed] {
17:12:41.417 [META_GATEWAY_RETRY] client-0 attempt=1 network_error [TypeError: fetch failed] {
17:12:41.417 [META_GATEWAY_CLEAR_PENDING_FAILED] client-0 [TypeError: fetch failed] {
17:12:41.417 [META_GATEWAY_RETRY] client-0 attempt=1 network_error [TypeError: fetch failed] {
17:12:41.418 [META_GATEWAY_RETRY] client-0 attempt=1 network_error [TypeError: fetch failed] {
17:12:41.418 [META_GATEWAY_CLEAR_PENDING_FAILED] client-0 [TypeError: fetch failed] {
17:12:41.419 [META_GATEWAY_RETRY] client-0 attempt=1 network_error [TypeError: fetch failed] {
17:12:41.482 [META_GATEWAY_INBOX_RETRY] t-ldmubi6l5s-49 attempt=1 [TypeError: fetch failed] {
17:12:41.482 [META_GATEWAY_INBOX_RETRY] t-ldmubi6l5s-47 attempt=1 [TypeError: fetch failed] {
17:12:41.483 [META_GATEWAY_INBOX_RETRY] t-ldmubi6l5s-48 attempt=1 [TypeError: fetch failed] {
17:12:41.592 [META_GATEWAY_RETRY] client-0 attempt=1 network_error [TypeError: fetch failed] {
17:12:41.593 [META_GATEWAY_RETRY] client-0 attempt=1 network_error [TypeError: fetch failed] {
17:12:41.594 [META_GATEWAY_RETRY] client-0 attempt=1 network_error [TypeError: fetch failed] {
17:12:41.595 [META_GATEWAY_PENDING_CHECK_FAILED] client-0 [TypeError: fetch failed] {
17:12:41.596 [META_GATEWAY_PENDING_CHECK_FAILED] client-0 [TypeError: fetch failed] {
17:12:41.597 [META_GATEWAY_PENDING_CHECK_FAILED] client-0 [TypeError: fetch failed] {
17:12:41.598 [META_GATEWAY_PENDING_CHECK_FAILED] client-0 [TypeError: fetch failed] {
17:12:41.598 [META_GATEWAY_PENDING_CHECK_FAILED] client-0 [TypeError: fetch failed] {
17:12:41.599 [META_GATEWAY_PENDING_CHECK_FAILED] client-0 [TypeError: fetch failed] {
17:12:41.600 [META_GATEWAY_PENDING_CHECK_FAILED] client-0 [TypeError: fetch failed] {
17:12:41.601 [META_GATEWAY_RETRY] client-0 attempt=1 network_error [TypeError: fetch failed] {
17:12:41.601 [META_GATEWAY_PENDING_CHECK_FAILED] client-0 [TypeError: fetch failed] {
17:12:41.602 [META_GATEWAY_PENDING_CHECK_FAILED] client-0 [TypeError: fetch failed] {
17:12:41.603 [META_GATEWAY_PENDING_CHECK_FAILED] client-0 [TypeError: fetch failed] {
17:12:41.605 [META_GATEWAY_RETRY] client-0 attempt=1 network_error [TypeError: fetch failed] {
17:12:41.606 [META_GATEWAY_PENDING_CHECK_FAILED] client-0 [TypeError: fetch failed] {
17:12:41.608 [META_GATEWAY_PENDING_CHECK_FAILED] client-0 [TypeError: fetch failed] {
17:12:41.609 [META_GATEWAY_PENDING_CHECK_FAILED] client-0 [TypeError: fetch failed] {
17:12:41.612 [META_GATEWAY_RETRY] client-0 attempt=1 network_error [TypeError: fetch failed] {
17:12:41.613 [META_GATEWAY_RETRY] client-0 attempt=1 network_error [TypeError: fetch failed] {
17:12:41.613 [META_GATEWAY_RETRY] client-0 attempt=1 network_error [TypeError: fetch failed] {
17:12:41.614 [META_GATEWAY_CLEAR_PENDING_FAILED] client-0 [TypeError: fetch failed] {
17:12:41.615 [META_GATEWAY_RETRY] client-0 attempt=1 network_error [TypeError: fetch failed] {
17:12:41.616 [META_GATEWAY_RETRY] client-0 attempt=1 network_error [TypeError: fetch failed] {
17:12:41.755 [META_GATEWAY_INBOX_RETRY] t-ldmubi6l5s-67 attempt=1 [TypeError: fetch failed] {
17:12:41.757 [META_GATEWAY_RETRY] client-0 attempt=1 network_error [TypeError: fetch failed] {
17:12:41.759 [META_GATEWAY_RETRY] client-0 attempt=1 network_error [TypeError: fetch failed] {
17:12:41.760 [META_GATEWAY_RETRY] client-0 attempt=1 network_error [TypeError: fetch failed] {
17:12:41.762 [META_GATEWAY_PENDING_CHECK_FAILED] client-0 [TypeError: fetch failed] {
17:12:41.763 [META_GATEWAY_PENDING_CHECK_FAILED] client-0 [TypeError: fetch failed] {
17:12:41.764 [META_GATEWAY_PENDING_CHECK_FAILED] client-0 [TypeError: fetch failed] {
17:12:41.765 [META_GATEWAY_PENDING_CHECK_FAILED] client-0 [TypeError: fetch failed] {
17:12:41.767 [META_GATEWAY_PENDING_CHECK_FAILED] client-0 [TypeError: fetch failed] {
17:12:41.768 [META_GATEWAY_PENDING_CHECK_FAILED] client-0 [TypeError: fetch failed] {
17:12:41.769 [META_GATEWAY_PENDING_CHECK_FAILED] client-0 [TypeError: fetch failed] {
17:12:41.771 [META_GATEWAY_PENDING_CHECK_FAILED] client-0 [TypeError: fetch failed] {
17:12:41.774 [META_GATEWAY_PENDING_CHECK_FAILED] client-0 [TypeError: fetch failed] {
17:12:41.775 [META_GATEWAY_PENDING_CHECK_FAILED] client-0 [TypeError: fetch failed] {
17:12:41.777 [META_GATEWAY_PENDING_CHECK_FAILED] client-0 [TypeError: fetch failed] {
17:12:41.778 [META_GATEWAY_PENDING_CHECK_FAILED] client-0 [TypeError: fetch failed] {
17:12:41.779 [META_GATEWAY_PENDING_CHECK_FAILED] client-0 [TypeError: fetch failed] {
17:12:41.780 [META_GATEWAY_PENDING_CHECK_FAILED] client-0 [TypeError: fetch failed] {
17:12:41.785 [META_GATEWAY_RETRY] client-0 attempt=1 network_error [TypeError: fetch failed] {
17:12:41.788 [META_GATEWAY_CLEAR_PENDING_FAILED] client-0 [TypeError: fetch failed] {
17:12:41.790 [META_GATEWAY_RETRY] client-0 attempt=1 network_error [TypeError: fetch failed] {
17:12:41.790 [META_GATEWAY_RETRY] client-0 attempt=1 network_error [TypeError: fetch failed] {
17:12:41.792 [META_GATEWAY_CLEAR_PENDING_FAILED] client-0 [TypeError: fetch failed] {
17:12:41.792 [META_GATEWAY_RETRY] client-0 attempt=1 network_error [TypeError: fetch failed] {
17:12:41.792 [META_GATEWAY_CLEAR_PENDING_FAILED] client-0 [TypeError: fetch failed] {
17:12:41.793 [META_GATEWAY_CLEAR_PENDING_FAILED] client-0 [TypeError: fetch failed] {
17:12:41.819 [META_GATEWAY_INBOX_RETRY] t-ldmubi6l5s-8 attempt=1 [TypeError: fetch failed] {
17:12:41.835 [META_GATEWAY_INBOX_RETRY] t-ldmubi6l5s-7 attempt=1 [TypeError: fetch failed] {
17:12:41.835 [META_GATEWAY_INBOX_RETRY] t-ldmubi6l5s-9 attempt=1 [TypeError: fetch failed] {
17:12:41.836 [META_GATEWAY_INBOX_RETRY] t-ldmubi6l5s-87 attempt=1 [TypeError: fetch failed] {
17:12:41.870 [META_GATEWAY_RETRY] client-0 attempt=1 network_error [TypeError: fetch failed] {
17:12:41.872 [META_GATEWAY_RETRY] client-0 attempt=1 network_error [TypeError: fetch failed] {
17:12:41.965 [META_GATEWAY_RETRY] client-0 attempt=2 network_error [TypeError: fetch failed] {
17:12:41.966 [META_GATEWAY_RETRY] client-0 attempt=2 network_error [TypeError: fetch failed] {
17:12:41.966 [META_GATEWAY_RETRY] client-0 attempt=2 network_error [TypeError: fetch failed] {
17:12:41.966 [META_GATEWAY_RETRY] client-0 attempt=2 network_error [TypeError: fetch failed] {
17:12:41.967 [META_GATEWAY_RETRY] client-0 attempt=2 network_error [TypeError: fetch failed] {
17:12:41.967 [META_GATEWAY_RETRY] client-0 attempt=2 network_error [TypeError: fetch failed] {
17:12:41.967 [META_GATEWAY_RETRY] client-0 attempt=2 network_error [TypeError: fetch failed] {
17:12:41.968 [META_GATEWAY_RETRY] client-0 attempt=1 network_error [TypeError: fetch failed] {
17:12:41.970 [META_GATEWAY_RETRY] client-0 attempt=1 network_error [TypeError: fetch failed] {
17:12:41.982 [META_GATEWAY_RETRY] client-0 attempt=1 network_error [TypeError: fetch failed] {
17:12:41.982 [META_GATEWAY_PENDING_CHECK_FAILED] client-0 [TypeError: fetch failed] {
17:12:41.983 [META_GATEWAY_PENDING_CHECK_FAILED] client-0 [TypeError: fetch failed] {
17:12:41.984 [META_GATEWAY_PENDING_CHECK_FAILED] client-0 [TypeError: fetch failed] {
17:12:41.985 [META_GATEWAY_PENDING_CHECK_FAILED] client-0 [TypeError: fetch failed] {
17:12:41.985 [META_GATEWAY_PENDING_CHECK_FAILED] client-0 [TypeError: fetch failed] {
17:12:41.986 [META_GATEWAY_PENDING_CHECK_FAILED] client-0 [TypeError: fetch failed] {
17:12:41.986 [META_GATEWAY_PENDING_CHECK_FAILED] client-0 [TypeError: fetch failed] {
17:12:41.987 [META_GATEWAY_PENDING_CHECK_FAILED] client-0 [TypeError: fetch failed] {
17:12:41.989 [META_GATEWAY_PENDING_CHECK_FAILED] client-0 [TypeError: fetch failed] {
17:12:41.991 [META_GATEWAY_RETRY] client-0 attempt=1 network_error [TypeError: fetch failed] {
17:12:41.992 [META_GATEWAY_RETRY] client-0 attempt=1 network_error [TypeError: fetch failed] {
17:12:42.024 [META_GATEWAY_RETRY] client-0 attempt=1 network_error [TypeError: fetch failed] {
17:12:42.072 [META_GATEWAY_RETRY] client-0 attempt=1 network_error [TypeError: fetch failed] {
17:12:42.074 [META_GATEWAY_RETRY] client-0 attempt=1 network_error [TypeError: fetch failed] {
17:12:42.074 [META_GATEWAY_RETRY] client-0 attempt=1 network_error [TypeError: fetch failed] {
17:12:42.074 [META_GATEWAY_PENDING_CHECK_FAILED] client-0 [TypeError: fetch failed] {
17:12:42.075 [META_GATEWAY_PENDING_CHECK_FAILED] client-0 [TypeError: fetch failed] {
17:12:42.076 [META_GATEWAY_PENDING_CHECK_FAILED] client-0 [TypeError: fetch failed] {
17:12:42.077 [META_GATEWAY_PENDING_CHECK_FAILED] client-0 [TypeError: fetch failed] {
17:12:42.104 [META_GATEWAY_RETRY] client-0 attempt=1 network_error [TypeError: fetch failed] {
17:12:42.104 [META_GATEWAY_PENDING_CHECK_FAILED] client-0 [TypeError: fetch failed] {
17:12:42.131 [META_GATEWAY_RETRY] client-0 attempt=2 network_error [TypeError: fetch failed] {
17:12:42.146 [META_GATEWAY_PENDING_CHECK_FAILED] client-0 [TypeError: fetch failed] {
17:12:42.147 [META_GATEWAY_PENDING_CHECK_FAILED] client-0 [TypeError: fetch failed] {
17:12:42.148 [META_GATEWAY_PENDING_CHECK_FAILED] client-0 [TypeError: fetch failed] {
17:12:43.503 [META_GATEWAY_RETRY] client-0 attempt=1 network_error [TypeError: fetch failed] {
17:12:43.504 [META_GATEWAY_RETRY] client-0 attempt=1 network_error [TypeError: fetch failed] {
17:12:43.505 [META_GATEWAY_RETRY] client-0 attempt=1 network_error [TypeError: fetch failed] {
17:12:43.506 [META_GATEWAY_RETRY] client-0 attempt=1 network_error [TypeError: fetch failed] {
17:12:43.507 [META_GATEWAY_RETRY] client-0 attempt=1 network_error [TypeError: fetch failed] {
17:12:43.507 [META_GATEWAY_PENDING_CHECK_FAILED] client-0 [TypeError: fetch failed] {
17:12:43.508 [META_GATEWAY_PENDING_CHECK_FAILED] client-0 [TypeError: fetch failed] {
17:12:43.508 [META_GATEWAY_PENDING_CHECK_FAILED] client-0 [TypeError: fetch failed] {
17:12:43.509 [META_GATEWAY_PENDING_CHECK_FAILED] client-0 [TypeError: fetch failed] {
17:12:43.510 [META_GATEWAY_PENDING_CHECK_FAILED] client-0 [TypeError: fetch failed] {
17:12:43.510 [META_GATEWAY_PENDING_CHECK_FAILED] client-0 [TypeError: fetch failed] {
17:12:43.513 [META_GATEWAY_PENDING_CHECK_FAILED] client-0 [TypeError: fetch failed] {
17:12:43.513 [META_GATEWAY_PENDING_CHECK_FAILED] client-0 [TypeError: fetch failed] {
17:12:43.513 [META_GATEWAY_PENDING_CHECK_FAILED] client-0 [TypeError: fetch failed] {
17:12:43.513 [META_GATEWAY_PENDING_CHECK_FAILED] client-0 [TypeError: fetch failed] {
17:12:43.513 [META_GATEWAY_PENDING_CHECK_FAILED] client-0 [TypeError: fetch failed] {
17:12:43.513 [META_GATEWAY_PENDING_CHECK_FAILED] client-0 [TypeError: fetch failed] {
17:12:43.513 [META_GATEWAY_PENDING_CHECK_FAILED] client-0 [TypeError: fetch failed] {
17:12:43.597 [META_GATEWAY_INBOX_RETRY] a-ldmubi6l5s-14 attempt=1 Error: Pending Meta routing incomplete for 1 client(s); refusing unsafe fallback
17:12:43.598 [META_GATEWAY_INBOX_RETRY] a-ldmubi6l5s-36 attempt=1 Error: Pending Meta routing incomplete for 1 client(s); refusing unsafe fallback
17:12:43.598 [META_GATEWAY_INBOX_RETRY] a-ldmubi6l5s-13 attempt=1 Error: Pending Meta routing incomplete for 1 client(s); refusing unsafe fallback
17:12:43.622 [META_GATEWAY_INBOX_RETRY] a-ldmubi6l5s-26 attempt=1 Error: Pending Meta routing incomplete for 1 client(s); refusing unsafe fallback
17:12:43.622 [META_GATEWAY_INBOX_RETRY] a-ldmubi6l5s-29 attempt=1 Error: Pending Meta routing incomplete for 1 client(s); refusing unsafe fallback
17:12:43.623 [META_GATEWAY_INBOX_RETRY] a-ldmubi6l5s-20 attempt=1 Error: Pending Meta routing incomplete for 1 client(s); refusing unsafe fallback
17:12:43.631 [META_GATEWAY_INBOX_RETRY] a-ldmubi6l5s-25 attempt=1 Error: Pending Meta routing incomplete for 1 client(s); refusing unsafe fallback
17:12:43.638 [META_GATEWAY_PENDING_CHECK_FAILED] client-0 [TypeError: fetch failed] {
17:12:43.648 [META_GATEWAY_INBOX_RETRY] a-ldmubi6l5s-2 attempt=1 Error: Pending Meta routing incomplete for 1 client(s); refusing unsafe fallback
17:12:43.648 [META_GATEWAY_INBOX_RETRY] a-ldmubi6l5s-3 attempt=1 Error: Pending Meta routing incomplete for 1 client(s); refusing unsafe fallback
17:12:43.648 [META_GATEWAY_INBOX_RETRY] a-ldmubi6l5s-30 attempt=1 Error: Pending Meta routing incomplete for 1 client(s); refusing unsafe fallback
17:12:43.651 [META_GATEWAY_INBOX_RETRY] a-ldmubi6l5s-24 attempt=1 Error: Pending Meta routing incomplete for 1 client(s); refusing unsafe fallback
17:12:43.652 [META_GATEWAY_INBOX_RETRY] a-ldmubi6l5s-31 attempt=1 Error: Pending Meta routing incomplete for 1 client(s); refusing unsafe fallback
17:12:43.659 [META_GATEWAY_INBOX_RETRY] a-ldmubi6l5s-10 attempt=1 Error: Pending Meta routing incomplete for 1 client(s); refusing unsafe fallback
17:12:43.687 [META_GATEWAY_INBOX_RETRY] a-ldmubi6l5s-44 attempt=1 Error: Pending Meta routing incomplete for 1 client(s); refusing unsafe fallback
17:12:44.007 [META_GATEWAY_RETRY] client-0 attempt=1 network_error [TypeError: fetch failed] {
17:12:44.008 [META_GATEWAY_RETRY] client-0 attempt=1 network_error [TypeError: fetch failed] {
17:12:44.008 [META_GATEWAY_RETRY] client-0 attempt=1 network_error [TypeError: fetch failed] {
17:12:44.008 [META_GATEWAY_RETRY] client-0 attempt=1 network_error [TypeError: fetch failed] {
17:12:44.009 [META_GATEWAY_RETRY] client-0 attempt=1 network_error [TypeError: fetch failed] {
17:12:44.009 [META_GATEWAY_RETRY] client-0 attempt=1 network_error [TypeError: fetch failed] {
17:12:44.010 [META_GATEWAY_PENDING_CHECK_FAILED] client-0 [TypeError: fetch failed] {
17:12:44.011 [META_GATEWAY_PENDING_CHECK_FAILED] client-0 [TypeError: fetch failed] {
17:12:44.011 [META_GATEWAY_PENDING_CHECK_FAILED] client-0 [TypeError: fetch failed] {
17:12:44.012 [META_GATEWAY_PENDING_CHECK_FAILED] client-0 [TypeError: fetch failed] {
17:12:44.012 [META_GATEWAY_PENDING_CHECK_FAILED] client-0 [TypeError: fetch failed] {
17:12:44.013 [META_GATEWAY_PENDING_CHECK_FAILED] client-0 [TypeError: fetch failed] {
17:12:44.013 [META_GATEWAY_PENDING_CHECK_FAILED] client-0 [TypeError: fetch failed] {
17:12:44.014 [META_GATEWAY_PENDING_CHECK_FAILED] client-0 [TypeError: fetch failed] {
17:12:44.014 [META_GATEWAY_PENDING_CHECK_FAILED] client-0 [TypeError: fetch failed] {
17:12:44.014 [META_GATEWAY_PENDING_CHECK_FAILED] client-0 [TypeError: fetch failed] {
17:12:44.015 [META_GATEWAY_PENDING_CHECK_FAILED] client-0 [TypeError: fetch failed] {
17:12:44.015 [META_GATEWAY_PENDING_CHECK_FAILED] client-0 [TypeError: fetch failed] {
17:12:44.016 [META_GATEWAY_PENDING_CHECK_FAILED] client-0 [TypeError: fetch failed] {
17:12:44.028 [META_GATEWAY_INBOX_RETRY] a-ldmubi6l5s-76 attempt=1 Error: Pending Meta routing incomplete for 1 client(s); refusing unsafe fallback
17:12:44.028 [META_GATEWAY_INBOX_RETRY] a-ldmubi6l5s-73 attempt=1 Error: Pending Meta routing incomplete for 1 client(s); refusing unsafe fallback
17:12:44.029 [META_GATEWAY_INBOX_RETRY] a-ldmubi6l5s-71 attempt=1 Error: Pending Meta routing incomplete for 1 client(s); refusing unsafe fallback
17:12:44.029 [META_GATEWAY_INBOX_RETRY] a-ldmubi6l5s-97 attempt=1 Error: Pending Meta routing incomplete for 1 client(s); refusing unsafe fallback
17:12:44.029 [META_GATEWAY_INBOX_RETRY] a-ldmubi6l5s-65 attempt=1 Error: Pending Meta routing incomplete for 1 client(s); refusing unsafe fallback
17:12:44.030 [META_GATEWAY_INBOX_RETRY] a-ldmubi6l5s-93 attempt=1 Error: Pending Meta routing incomplete for 1 client(s); refusing unsafe fallback
17:12:44.030 [META_GATEWAY_INBOX_RETRY] a-ldmubi6l5s-78 attempt=1 Error: Pending Meta routing incomplete for 1 client(s); refusing unsafe fallback
17:12:44.065 [META_GATEWAY_INBOX_RETRY] a-ldmubi6l5s-63 attempt=1 Error: Pending Meta routing incomplete for 1 client(s); refusing unsafe fallback
17:12:44.111 [META_GATEWAY_RETRY] client-0 attempt=1 network_error [TypeError: fetch failed] {
17:12:44.112 [META_GATEWAY_RETRY] client-0 attempt=1 network_error [TypeError: fetch failed] {
17:12:44.112 [META_GATEWAY_RETRY] client-0 attempt=1 network_error [TypeError: fetch failed] {
17:12:44.113 [META_GATEWAY_PENDING_CHECK_FAILED] client-0 [TypeError: fetch failed] {
17:12:44.113 [META_GATEWAY_PENDING_CHECK_FAILED] client-0 [TypeError: fetch failed] {
17:12:44.114 [META_GATEWAY_PENDING_CHECK_FAILED] client-0 [TypeError: fetch failed] {
17:12:44.114 [META_GATEWAY_PENDING_CHECK_FAILED] client-0 [TypeError: fetch failed] {
17:12:44.115 [META_GATEWAY_PENDING_CHECK_FAILED] client-0 [TypeError: fetch failed] {
17:12:44.115 [META_GATEWAY_PENDING_CHECK_FAILED] client-0 [TypeError: fetch failed] {
17:12:44.115 [META_GATEWAY_PENDING_CHECK_FAILED] client-0 [TypeError: fetch failed] {
17:12:44.116 [META_GATEWAY_PENDING_CHECK_FAILED] client-0 [TypeError: fetch failed] {
17:12:44.116 [META_GATEWAY_PENDING_CHECK_FAILED] client-0 [TypeError: fetch failed] {
17:12:44.116 [META_GATEWAY_PENDING_CHECK_FAILED] client-0 [TypeError: fetch failed] {
17:12:44.117 [META_GATEWAY_PENDING_CHECK_FAILED] client-0 [TypeError: fetch failed] {
17:12:44.117 [META_GATEWAY_PENDING_CHECK_FAILED] client-0 [TypeError: fetch failed] {
17:12:44.117 [META_GATEWAY_PENDING_CHECK_FAILED] client-0 [TypeError: fetch failed] {
17:12:44.123 [META_GATEWAY_INBOX_RETRY] a-ldmubi6l5s-89 attempt=1 Error: Pending Meta routing incomplete for 1 client(s); refusing unsafe fallback
17:12:44.125 [META_GATEWAY_INBOX_RETRY] a-ldmubi6l5s-77 attempt=1 Error: Pending Meta routing incomplete for 1 client(s); refusing unsafe fallback
17:12:44.125 [META_GATEWAY_INBOX_RETRY] a-ldmubi6l5s-5 attempt=1 Error: Pending Meta routing incomplete for 1 client(s); refusing unsafe fallback
17:12:44.125 [META_GATEWAY_INBOX_RETRY] a-ldmubi6l5s-62 attempt=1 Error: Pending Meta routing incomplete for 1 client(s); refusing unsafe fallback
17:12:44.125 [META_GATEWAY_INBOX_RETRY] a-ldmubi6l5s-83 attempt=1 Error: Pending Meta routing incomplete for 1 client(s); refusing unsafe fallback
17:12:44.153 [META_GATEWAY_INBOX_RETRY] a-ldmubi6l5s-119 attempt=1 Error: Pending Meta routing incomplete for 1 client(s); refusing unsafe fallback
17:12:44.155 [META_GATEWAY_INBOX_RETRY] a-ldmubi6l5s-114 attempt=1 Error: Pending Meta routing incomplete for 1 client(s); refusing unsafe fallback
17:12:44.155 [META_GATEWAY_INBOX_RETRY] a-ldmubi6l5s-129 attempt=1 Error: Pending Meta routing incomplete for 1 client(s); refusing unsafe fallback
17:12:44.156 [META_GATEWAY_INBOX_RETRY] a-ldmubi6l5s-139 attempt=1 Error: Pending Meta routing incomplete for 1 client(s); refusing unsafe fallback
17:12:44.179 [META_GATEWAY_INBOX_RETRY] a-ldmubi6l5s-102 attempt=1 Error: Pending Meta routing incomplete for 1 client(s); refusing unsafe fallback
17:12:44.182 [META_GATEWAY_RETRY] client-0 attempt=1 network_error [TypeError: fetch failed] {
17:12:44.182 [META_GATEWAY_RETRY] client-0 attempt=1 network_error [TypeError: fetch failed] {
17:12:44.182 [META_GATEWAY_RETRY] client-0 attempt=1 network_error [TypeError: fetch failed] {
17:12:44.183 [META_GATEWAY_RETRY] client-0 attempt=1 network_error [TypeError: fetch failed] {
17:12:44.183 [META_GATEWAY_RETRY] client-0 attempt=1 network_error [TypeError: fetch failed] {
17:12:44.183 [META_GATEWAY_PENDING_CHECK_FAILED] client-0 [TypeError: fetch failed] {
17:12:44.184 [META_GATEWAY_PENDING_CHECK_FAILED] client-0 [TypeError: fetch failed] {
17:12:44.184 [META_GATEWAY_PENDING_CHECK_FAILED] client-0 [TypeError: fetch failed] {
17:12:44.185 [META_GATEWAY_PENDING_CHECK_FAILED] client-0 [TypeError: fetch failed] {
17:12:44.185 [META_GATEWAY_RETRY] client-0 attempt=1 network_error [TypeError: fetch failed] {
17:12:44.186 [META_GATEWAY_PENDING_CHECK_FAILED] client-0 [TypeError: fetch failed] {
17:12:44.186 [META_GATEWAY_PENDING_CHECK_FAILED] client-0 [TypeError: fetch failed] {
17:12:44.191 [META_GATEWAY_INBOX_RETRY] a-ldmubi6l5s-121 attempt=1 Error: Pending Meta routing incomplete for 1 client(s); refusing unsafe fallback
17:12:44.192 [META_GATEWAY_INBOX_RETRY] a-ldmubi6l5s-131 attempt=1 Error: Pending Meta routing incomplete for 1 client(s); refusing unsafe fallback
17:12:44.193 [META_GATEWAY_INBOX_RETRY] a-ldmubi6l5s-110 attempt=1 Error: Pending Meta routing incomplete for 1 client(s); refusing unsafe fallback
17:12:44.198 [META_GATEWAY_INBOX_RETRY] a-ldmubi6l5s-98 attempt=1 Error: Pending Meta routing incomplete for 1 client(s); refusing unsafe fallback
17:12:44.198 [META_GATEWAY_INBOX_RETRY] a-ldmubi6l5s-147 attempt=1 Error: Pending Meta routing incomplete for 1 client(s); refusing unsafe fallback
17:12:44.198 [META_GATEWAY_INBOX_RETRY] a-ldmubi6l5s-104 attempt=1 Error: Pending Meta routing incomplete for 1 client(s); refusing unsafe fallback
17:12:44.198 [META_GATEWAY_INBOX_RETRY] a-ldmubi6l5s-142 attempt=1 Error: Pending Meta routing incomplete for 1 client(s); refusing unsafe fallback
17:12:44.199 [META_GATEWAY_INBOX_RETRY] a-ldmubi6l5s-124 attempt=1 Error: Pending Meta routing incomplete for 1 client(s); refusing unsafe fallback
17:12:44.199 [META_GATEWAY_INBOX_RETRY] a-ldmubi6l5s-3 attempt=2 Error: Pending Meta routing incomplete for 1 client(s); refusing unsafe fallback
17:12:44.199 [META_GATEWAY_INBOX_RETRY] a-ldmubi6l5s-135 attempt=1 Error: Pending Meta routing incomplete for 1 client(s); refusing unsafe fallback
17:12:44.209 [META_GATEWAY_INBOX_RETRY] a-ldmubi6l5s-120 attempt=1 Error: Pending Meta routing incomplete for 1 client(s); refusing unsafe fallback
17:12:44.209 [META_GATEWAY_INBOX_RETRY] a-ldmubi6l5s-25 attempt=2 Error: Pending Meta routing incomplete for 1 client(s); refusing unsafe fallback
17:12:44.224 [META_GATEWAY_RETRY] client-0 attempt=1 network_error [TypeError: fetch failed] {
17:12:44.224 [META_GATEWAY_RETRY] client-0 attempt=1 network_error [TypeError: fetch failed] {
17:12:44.225 [META_GATEWAY_RETRY] client-0 attempt=1 network_error [TypeError: fetch failed] {
17:12:44.241 [META_GATEWAY_RETRY] client-0 attempt=1 network_error [TypeError: fetch failed] {
17:12:44.244 [META_GATEWAY_INBOX_RETRY] a-ldmubi6l5s-140 attempt=1 Error: Pending Meta routing incomplete for 1 client(s); refusing unsafe fallback
17:12:44.244 [META_GATEWAY_INBOX_RETRY] a-ldmubi6l5s-145 attempt=1 Error: Pending Meta routing incomplete for 1 client(s); refusing unsafe fallback
17:12:44.438 [META_GATEWAY_RETRY] client-0 attempt=1 network_error [TypeError: fetch failed] {
17:12:44.439 [META_GATEWAY_PENDING_CHECK_FAILED] client-0 [TypeError: fetch failed] {
17:12:44.440 [META_GATEWAY_PENDING_CHECK_FAILED] client-0 [TypeError: fetch failed] {
17:12:44.441 [META_GATEWAY_RETRY] client-0 attempt=1 network_error [TypeError: fetch failed] {
17:12:44.442 [META_GATEWAY_PENDING_CHECK_FAILED] client-0 [TypeError: fetch failed] {
17:12:44.442 [META_GATEWAY_RETRY] client-0 attempt=1 network_error [TypeError: fetch failed] {
17:12:44.465 [META_GATEWAY_INBOX_RETRY] a-ldmubi6l5s-9 attempt=1 Error: Pending Meta routing incomplete for 1 client(s); refusing unsafe fallback
17:12:44.465 [META_GATEWAY_INBOX_RETRY] a-ldmubi6l5s-103 attempt=1 Error: Pending Meta routing incomplete for 1 client(s); refusing unsafe fallback
17:12:44.465 [META_GATEWAY_INBOX_RETRY] a-ldmubi6l5s-87 attempt=1 Error: Pending Meta routing incomplete for 1 client(s); refusing unsafe fallback
17:12:44.480 [META_GATEWAY_RETRY] client-0 attempt=1 network_error [TypeError: fetch failed] {
17:12:44.480 [META_GATEWAY_RETRY] client-0 attempt=1 network_error [TypeError: fetch failed] {
17:12:44.975 [META_GATEWAY_RETRY] client-0 attempt=1 network_error [TypeError: fetch failed] {
17:12:44.975 [META_GATEWAY_RETRY] client-0 attempt=1 network_error [TypeError: fetch failed] {
17:12:44.976 [META_GATEWAY_RETRY] client-0 attempt=1 network_error [TypeError: fetch failed] {
17:12:44.976 [META_GATEWAY_RETRY] client-0 attempt=1 network_error [TypeError: fetch failed] {
17:12:44.977 [META_GATEWAY_RETRY] client-0 attempt=1 network_error [TypeError: fetch failed] {
17:12:44.978 [META_GATEWAY_PENDING_CHECK_FAILED] client-0 [TypeError: fetch failed] {
17:12:44.978 [META_GATEWAY_PENDING_CHECK_FAILED] client-0 [TypeError: fetch failed] {
17:12:44.979 [META_GATEWAY_PENDING_CHECK_FAILED] client-0 [TypeError: fetch failed] {
17:12:44.979 [META_GATEWAY_PENDING_CHECK_FAILED] client-0 [TypeError: fetch failed] {
17:12:44.980 [META_GATEWAY_PENDING_CHECK_FAILED] client-0 [TypeError: fetch failed] {
17:12:44.980 [META_GATEWAY_PENDING_CHECK_FAILED] client-0 [TypeError: fetch failed] {
17:12:44.981 [META_GATEWAY_PENDING_CHECK_FAILED] client-0 [TypeError: fetch failed] {
17:12:44.981 [META_GATEWAY_PENDING_CHECK_FAILED] client-0 [TypeError: fetch failed] {
17:12:44.982 [META_GATEWAY_PENDING_CHECK_FAILED] client-0 [TypeError: fetch failed] {
17:12:44.982 [META_GATEWAY_PENDING_CHECK_FAILED] client-0 [TypeError: fetch failed] {
17:12:44.983 [META_GATEWAY_PENDING_CHECK_FAILED] client-0 [TypeError: fetch failed] {
17:12:44.983 [META_GATEWAY_PENDING_CHECK_FAILED] client-0 [TypeError: fetch failed] {
17:12:44.983 [META_GATEWAY_PENDING_CHECK_FAILED] client-0 [TypeError: fetch failed] {
17:12:44.997 [META_GATEWAY_INBOX_RETRY] a-ldmubi6l5s-65 attempt=2 Error: Pending Meta routing incomplete for 1 client(s); refusing unsafe fallback
17:12:45.030 [META_GATEWAY_INBOX_RETRY] a-ldmubi6l5s-5 attempt=2 Error: Pending Meta routing incomplete for 1 client(s); refusing unsafe fallback
17:12:45.030 [META_GATEWAY_INBOX_RETRY] a-ldmubi6l5s-78 attempt=2 Error: Pending Meta routing incomplete for 1 client(s); refusing unsafe fallback
17:12:45.030 [META_GATEWAY_INBOX_RETRY] a-ldmubi6l5s-76 attempt=2 Error: Pending Meta routing incomplete for 1 client(s); refusing unsafe fallback
17:12:45.032 [META_GATEWAY_INBOX_RETRY] a-ldmubi6l5s-73 attempt=2 Error: Pending Meta routing incomplete for 1 client(s); refusing unsafe fallback
17:12:45.032 [META_GATEWAY_INBOX_RETRY] a-ldmubi6l5s-89 attempt=2 Error: Pending Meta routing incomplete for 1 client(s); refusing unsafe fallback
17:12:45.059 [META_GATEWAY_INBOX_RETRY] a-ldmubi6l5s-77 attempt=2 Error: Pending Meta routing incomplete for 1 client(s); refusing unsafe fallback
17:12:45.064 [META_GATEWAY_RETRY] client-0 attempt=1 network_error [TypeError: fetch failed] {
17:12:45.064 [META_GATEWAY_RETRY] client-0 attempt=1 network_error [TypeError: fetch failed] {
17:12:45.064 [META_GATEWAY_RETRY] client-0 attempt=1 network_error [TypeError: fetch failed] {
17:12:45.065 [META_GATEWAY_RETRY] client-0 attempt=1 network_error [TypeError: fetch failed] {
17:12:45.065 [META_GATEWAY_RETRY] client-0 attempt=1 network_error [TypeError: fetch failed] {
17:12:45.066 [META_GATEWAY_RETRY] client-0 attempt=1 network_error [TypeError: fetch failed] {
17:12:45.066 [META_GATEWAY_PENDING_CHECK_FAILED] client-0 [TypeError: fetch failed] {
17:12:45.066 [META_GATEWAY_PENDING_CHECK_FAILED] client-0 [TypeError: fetch failed] {
17:12:45.067 [META_GATEWAY_PENDING_CHECK_FAILED] client-0 [TypeError: fetch failed] {
17:12:45.067 [META_GATEWAY_PENDING_CHECK_FAILED] client-0 [TypeError: fetch failed] {
17:12:45.067 [META_GATEWAY_PENDING_CHECK_FAILED] client-0 [TypeError: fetch failed] {
17:12:45.068 [META_GATEWAY_PENDING_CHECK_FAILED] client-0 [TypeError: fetch failed] {
17:12:45.073 [META_GATEWAY_INBOX_RETRY] a-ldmubi6l5s-97 attempt=2 Error: Pending Meta routing incomplete for 1 client(s); refusing unsafe fallback
17:12:45.074 [META_GATEWAY_INBOX_RETRY] a-ldmubi6l5s-71 attempt=2 Error: Pending Meta routing incomplete for 1 client(s); refusing unsafe fallback
17:12:45.074 [META_GATEWAY_INBOX_RETRY] a-ldmubi6l5s-114 attempt=2 Error: Pending Meta routing incomplete for 1 client(s); refusing unsafe fallback
17:12:45.074 [META_GATEWAY_INBOX_RETRY] a-ldmubi6l5s-102 attempt=2 Error: Pending Meta routing incomplete for 1 client(s); refusing unsafe fallback
17:12:45.075 [META_GATEWAY_INBOX_RETRY] a-ldmubi6l5s-129 attempt=2 Error: Pending Meta routing incomplete for 1 client(s); refusing unsafe fallback
17:12:45.075 [META_GATEWAY_INBOX_RETRY] a-ldmubi6l5s-93 attempt=2 Error: Pending Meta routing incomplete for 1 client(s); refusing unsafe fallback
17:12:45.081 [META_GATEWAY_INBOX_RETRY] a-ldmubi6l5s-145 attempt=2 Error: Pending Meta routing incomplete for 1 client(s); refusing unsafe fallback
17:12:45.081 [META_GATEWAY_INBOX_RETRY] a-ldmubi6l5s-147 attempt=2 Error: Pending Meta routing incomplete for 1 client(s); refusing unsafe fallback
17:12:45.081 [META_GATEWAY_INBOX_RETRY] a-ldmubi6l5s-131 attempt=2 Error: Pending Meta routing incomplete for 1 client(s); refusing unsafe fallback
17:12:45.081 [META_GATEWAY_INBOX_RETRY] a-ldmubi6l5s-103 attempt=2 Error: Pending Meta routing incomplete for 1 client(s); refusing unsafe fallback
17:12:45.082 [META_GATEWAY_INBOX_RETRY] a-ldmubi6l5s-9 attempt=2 Error: Pending Meta routing incomplete for 1 client(s); refusing unsafe fallback
17:12:45.082 [META_GATEWAY_INBOX_RETRY] a-ldmubi6l5s-87 attempt=2 Error: Pending Meta routing incomplete for 1 client(s); refusing unsafe fallback
17:12:46.516 [META_GATEWAY_PENDING_CHECK_FAILED] client-0 [TypeError: fetch failed] {
17:12:46.518 [META_GATEWAY_PENDING_CHECK_FAILED] client-0 [TypeError: fetch failed] {
17:12:46.519 [META_GATEWAY_PENDING_CHECK_FAILED] client-0 [TypeError: fetch failed] {
17:12:46.521 [META_GATEWAY_PENDING_CHECK_FAILED] client-0 [TypeError: fetch failed] {
17:12:46.522 [META_GATEWAY_PENDING_CHECK_FAILED] client-0 [TypeError: fetch failed] {
17:12:46.523 [META_GATEWAY_PENDING_CHECK_FAILED] client-0 [TypeError: fetch failed] {
17:12:46.524 [META_GATEWAY_PENDING_CHECK_FAILED] client-0 [TypeError: fetch failed] {
17:12:46.524 [META_GATEWAY_PENDING_CHECK_FAILED] client-0 [TypeError: fetch failed] {
17:12:46.525 [META_GATEWAY_PENDING_CHECK_FAILED] client-0 [TypeError: fetch failed] {
17:12:46.526 [META_GATEWAY_PENDING_CHECK_FAILED] client-0 [TypeError: fetch failed] {
17:12:46.526 [META_GATEWAY_PENDING_CHECK_FAILED] client-0 [TypeError: fetch failed] {
17:12:46.527 [META_GATEWAY_PENDING_CHECK_FAILED] client-0 [TypeError: fetch failed] {
17:12:46.545 [META_GATEWAY_INBOX_RETRY] a-ldmubi6l5s-97 attempt=3 Error: Pending Meta routing incomplete for 1 client(s); refusing unsafe fallback
17:12:46.546 [META_GATEWAY_INBOX_RETRY] a-ldmubi6l5s-71 attempt=3 Error: Pending Meta routing incomplete for 1 client(s); refusing unsafe fallback
17:12:46.546 [META_GATEWAY_INBOX_RETRY] a-ldmubi6l5s-103 attempt=3 Error: Pending Meta routing incomplete for 1 client(s); refusing unsafe fallback
17:12:46.546 [META_GATEWAY_INBOX_RETRY] a-ldmubi6l5s-102 attempt=3 Error: Pending Meta routing incomplete for 1 client(s); refusing unsafe fallback
17:12:46.547 [META_GATEWAY_INBOX_RETRY] a-ldmubi6l5s-114 attempt=3 Error: Pending Meta routing incomplete for 1 client(s); refusing unsafe fallback
17:12:46.547 [META_GATEWAY_INBOX_RETRY] a-ldmubi6l5s-129 attempt=3 Error: Pending Meta routing incomplete for 1 client(s); refusing unsafe fallback
17:12:46.549 [META_GATEWAY_INBOX_RETRY] a-ldmubi6l5s-9 attempt=3 Error: Pending Meta routing incomplete for 1 client(s); refusing unsafe fallback
17:12:46.549 [META_GATEWAY_INBOX_RETRY] a-ldmubi6l5s-5 attempt=3 Error: Pending Meta routing incomplete for 1 client(s); refusing unsafe fallback
17:12:46.549 [META_GATEWAY_INBOX_RETRY] a-ldmubi6l5s-87 attempt=3 Error: Pending Meta routing incomplete for 1 client(s); refusing unsafe fallback
17:12:46.550 [META_GATEWAY_INBOX_RETRY] a-ldmubi6l5s-89 attempt=3 Error: Pending Meta routing incomplete for 1 client(s); refusing unsafe fallback
17:12:46.557 [META_GATEWAY_INBOX_RETRY] a-ldmubi6l5s-77 attempt=3 Error: Pending Meta routing incomplete for 1 client(s); refusing unsafe fallback
17:12:46.558 [META_GATEWAY_INBOX_RETRY] a-ldmubi6l5s-131 attempt=3 Error: Pending Meta routing incomplete for 1 client(s); refusing unsafe fallback
17:12:49.014 [META_GATEWAY_RETRY] client-0 attempt=1 network_error [TypeError: fetch failed] {
17:12:49.015 [META_GATEWAY_RETRY] client-0 attempt=1 network_error [TypeError: fetch failed] {
17:12:49.016 [META_GATEWAY_PENDING_CHECK_FAILED] client-0 [TypeError: fetch failed] {
17:12:49.017 [META_GATEWAY_PENDING_CHECK_FAILED] client-0 [TypeError: fetch failed] {
17:12:49.018 [META_GATEWAY_PENDING_CHECK_FAILED] client-0 [TypeError: fetch failed] {
17:12:49.018 [META_GATEWAY_PENDING_CHECK_FAILED] client-0 [TypeError: fetch failed] {
17:12:49.019 [META_GATEWAY_RETRY] client-0 attempt=1 network_error [TypeError: fetch failed] {
17:12:49.019 [META_GATEWAY_PENDING_CHECK_FAILED] client-0 [TypeError: fetch failed] {
17:12:49.030 [META_GATEWAY_INBOX_RETRY] a-ldmubi6l5s-103 attempt=4 Error: Pending Meta routing incomplete for 1 client(s); refusing unsafe fallback
17:12:49.031 [META_GATEWAY_INBOX_RETRY] a-ldmubi6l5s-77 attempt=4 Error: Pending Meta routing incomplete for 1 client(s); refusing unsafe fallback
17:12:49.031 [META_GATEWAY_INBOX_RETRY] a-ldmubi6l5s-5 attempt=4 Error: Pending Meta routing incomplete for 1 client(s); refusing unsafe fallback
17:12:49.031 [META_GATEWAY_INBOX_RETRY] a-ldmubi6l5s-131 attempt=4 Error: Pending Meta routing incomplete for 1 client(s); refusing unsafe fallback
17:12:49.031 [META_GATEWAY_INBOX_RETRY] a-ldmubi6l5s-89 attempt=4 Error: Pending Meta routing incomplete for 1 client(s); refusing unsafe fallback
17:12:49.327 [client] Shutdown grace period exceeded, forcing exit. undefined
17:12:49.389 [client] EXIT code=1 signal=null
17:12:49.519 [META_GATEWAY_RETRY] client-0 attempt=2 network_error [TypeError: fetch failed] {
17:12:49.520 [META_GATEWAY_RETRY] client-0 attempt=2 network_error [TypeError: fetch failed] {
17:12:49.521 [META_GATEWAY_RETRY] client-0 attempt=2 network_error [TypeError: fetch failed] {
17:12:51.030 [META_GATEWAY_FAILED] client-0 network_error [TypeError: fetch failed] {
17:12:51.031 [META_GATEWAY_FAILED] client-0 network_error [TypeError: fetch failed] {
17:12:51.032 [META_GATEWAY_FAILED] client-0 network_error [TypeError: fetch failed] {
17:12:51.041 [META_GATEWAY_INBOX_RETRY] a-ldmubi6l5s-114 attempt=4 [TypeError: fetch failed] {
17:12:51.041 [META_GATEWAY_INBOX_RETRY] a-ldmubi6l5s-102 attempt=4 [TypeError: fetch failed] {
17:12:51.041 [META_GATEWAY_INBOX_RETRY] a-ldmubi6l5s-71 attempt=4 [TypeError: fetch failed] {
17:12:52.827 [META_ROUTES_CACHE_REFRESH_FAILED] client-0 [TypeError: fetch failed] {
17:12:53.546 [META_GATEWAY_INBOX_RETRY] a-ldmubi6l5s-5 attempt=5 Error: Campaign routing incomplete for 1 client(s); refusing unsafe fallback
17:12:53.546 [META_GATEWAY_INBOX_RETRY] a-ldmubi6l5s-77 attempt=5 Error: Campaign routing incomplete for 1 client(s); refusing unsafe fallback
17:12:53.547 [META_GATEWAY_INBOX_RETRY] a-ldmubi6l5s-89 attempt=5 Error: Campaign routing incomplete for 1 client(s); refusing unsafe fallback
17:12:53.547 [META_GATEWAY_INBOX_RETRY] a-ldmubi6l5s-103 attempt=5 Error: Campaign routing incomplete for 1 client(s); refusing unsafe fallback
17:12:53.547 [META_GATEWAY_INBOX_RETRY] a-ldmubi6l5s-131 attempt=5 Error: Campaign routing incomplete for 1 client(s); refusing unsafe fallback