18:01:30.770 [harness] SIGTERM sent
18:01:30.773 [client] SIGTERM received, draining…
18:01:30.773 [client] @@STAGE server.close called 1790013690772
18:01:30.774 [client] @@STAGE at close: {"requestsInFlight":["POST /internal/meta/whatsapp age=142ms","POST /internal/meta/whatsapp age=140ms","POST /internal/meta/whatsapp age=139ms","POST /internal/meta/whatsapp age=135ms","POST /internal/meta/whatsapp age=131ms","POST /internal/meta/whatsapp age=128ms","POST /internal
18:01:30.779 [client] @@STAGE sockets at close: ["remote=::ffff:127.0.0.1:62928 local=57242 bytesRead=1267 idleSinceLastReadOrWrite=?","remote=::ffff:127.0.0.1:62935 local=57242 bytesRead=1009 idleSinceLastReadOrWrite=?","remote=::ffff:127.0.0.1:62936 local=57242 bytesRead=1009 idleSinceLastReadOrWrite=?","remote=::ffff:
18:01:30.903 [META_GATEWAY_PENDING_CHECK_FAILED] client-0 [TypeError: fetch failed] {
18:01:30.909 [META_GATEWAY_PENDING_CHECK_FAILED] client-0 [TypeError: fetch failed] {
18:01:30.912 [META_GATEWAY_PENDING_CHECK_FAILED] client-0 [TypeError: fetch failed] {
18:01:30.913 [META_GATEWAY_PENDING_CHECK_FAILED] client-0 [TypeError: fetch failed] {
18:01:30.918 [META_GATEWAY_PENDING_CHECK_FAILED] client-0 [TypeError: fetch failed] {
18:01:30.920 [META_GATEWAY_PENDING_CHECK_FAILED] client-0 [TypeError: fetch failed] {
18:01:30.922 [META_GATEWAY_PENDING_CHECK_FAILED] client-0 [TypeError: fetch failed] {
18:01:30.924 [META_GATEWAY_PENDING_CHECK_FAILED] client-0 [TypeError: fetch failed] {
18:01:30.925 [META_GATEWAY_PENDING_CHECK_FAILED] client-0 [TypeError: fetch failed] {
18:01:30.926 [META_GATEWAY_PENDING_CHECK_FAILED] client-0 [TypeError: fetch failed] {
18:01:30.931 [META_GATEWAY_RETRY] client-0 attempt=1 network_error [TypeError: fetch failed] {
18:01:30.932 [META_GATEWAY_RETRY] client-0 attempt=1 network_error [TypeError: fetch failed] {
18:01:30.934 [META_GATEWAY_RETRY] client-0 attempt=1 network_error [TypeError: fetch failed] {
18:01:30.934 [META_GATEWAY_CLEAR_PENDING_FAILED] client-0 [TypeError: fetch failed] {
18:01:30.937 [META_GATEWAY_CLEAR_PENDING_FAILED] client-0 [TypeError: fetch failed] {
18:01:30.938 [META_GATEWAY_RETRY] client-0 attempt=1 network_error [TypeError: fetch failed] {
18:01:30.939 [META_GATEWAY_RETRY] client-0 attempt=1 network_error [TypeError: fetch failed] {
18:01:30.939 [META_GATEWAY_CLEAR_PENDING_FAILED] client-0 [TypeError: fetch failed] {
18:01:30.940 [META_GATEWAY_RETRY] client-0 attempt=1 network_error [TypeError: fetch failed] {
18:01:30.987 [META_GATEWAY_INBOX_RETRY] t-ldmubjxdjr-48 attempt=1 [TypeError: fetch failed] {
18:01:30.990 [META_GATEWAY_INBOX_RETRY] t-ldmubjxdjr-49 attempt=1 [TypeError: fetch failed] {
18:01:30.990 [META_GATEWAY_INBOX_RETRY] t-ldmubjxdjr-47 attempt=1 [TypeError: fetch failed] {
18:01:31.002 [client] @@STAGE server.close done +228ms
18:01:31.425 [META_GATEWAY_PENDING_CHECK_FAILED] client-0 [TypeError: fetch failed] {
18:01:31.427 [META_GATEWAY_PENDING_CHECK_FAILED] client-0 [TypeError: fetch failed] {
18:01:31.428 [META_GATEWAY_PENDING_CHECK_FAILED] client-0 [TypeError: fetch failed] {
18:01:31.429 [META_GATEWAY_PENDING_CHECK_FAILED] client-0 [TypeError: fetch failed] {
18:01:31.430 [META_GATEWAY_PENDING_CHECK_FAILED] client-0 [TypeError: fetch failed] {
18:01:31.431 [META_GATEWAY_PENDING_CHECK_FAILED] client-0 [TypeError: fetch failed] {
18:01:31.432 [META_GATEWAY_PENDING_CHECK_FAILED] client-0 [TypeError: fetch failed] {
18:01:31.433 [META_GATEWAY_PENDING_CHECK_FAILED] client-0 [TypeError: fetch failed] {
18:01:31.435 [META_GATEWAY_PENDING_CHECK_FAILED] client-0 [TypeError: fetch failed] {
18:01:31.438 [META_GATEWAY_PENDING_CHECK_FAILED] client-0 [TypeError: fetch failed] {
18:01:31.439 [META_GATEWAY_PENDING_CHECK_FAILED] client-0 [TypeError: fetch failed] {
18:01:31.440 [META_GATEWAY_PENDING_CHECK_FAILED] client-0 [TypeError: fetch failed] {
18:01:31.442 [META_GATEWAY_PENDING_CHECK_FAILED] client-0 [TypeError: fetch failed] {
18:01:31.442 [META_GATEWAY_PENDING_CHECK_FAILED] client-0 [TypeError: fetch failed] {
18:01:31.443 [META_GATEWAY_PENDING_CHECK_FAILED] client-0 [TypeError: fetch failed] {
18:01:31.444 [META_GATEWAY_PENDING_CHECK_FAILED] client-0 [TypeError: fetch failed] {
18:01:31.445 [META_GATEWAY_PENDING_CHECK_FAILED] client-0 [TypeError: fetch failed] {
18:01:31.446 [META_GATEWAY_PENDING_CHECK_FAILED] client-0 [TypeError: fetch failed] {
18:01:31.447 [META_GATEWAY_PENDING_CHECK_FAILED] client-0 [TypeError: fetch failed] {
18:01:31.449 [META_GATEWAY_PENDING_CHECK_FAILED] client-0 [TypeError: fetch failed] {
18:01:31.454 [META_GATEWAY_CLEAR_PENDING_FAILED] client-0 [TypeError: fetch failed] {
18:01:31.455 [META_GATEWAY_RETRY] client-0 attempt=1 network_error [TypeError: fetch failed] {
18:01:31.456 [META_GATEWAY_CLEAR_PENDING_FAILED] client-0 [TypeError: fetch failed] {
18:01:31.456 [META_GATEWAY_CLEAR_PENDING_FAILED] client-0 [TypeError: fetch failed] {
18:01:31.457 [META_GATEWAY_RETRY] client-0 attempt=1 network_error [TypeError: fetch failed] {
18:01:31.457 [META_GATEWAY_RETRY] client-0 attempt=1 network_error [TypeError: fetch failed] {
18:01:31.458 [META_GATEWAY_CLEAR_PENDING_FAILED] client-0 [TypeError: fetch failed] {
18:01:31.458 [META_GATEWAY_CLEAR_PENDING_FAILED] client-0 [TypeError: fetch failed] {
18:01:31.459 [META_GATEWAY_RETRY] client-0 attempt=1 network_error [TypeError: fetch failed] {
18:01:31.459 [META_GATEWAY_RETRY] client-0 attempt=1 network_error [TypeError: fetch failed] {
18:01:31.460 [META_GATEWAY_RETRY] client-0 attempt=1 network_error [TypeError: fetch failed] {
18:01:31.460 [META_GATEWAY_RETRY] client-0 attempt=1 network_error [TypeError: fetch failed] {
18:01:31.461 [META_GATEWAY_RETRY] client-0 attempt=1 network_error [TypeError: fetch failed] {
18:01:31.461 [META_GATEWAY_RETRY] client-0 attempt=1 network_error [TypeError: fetch failed] {
18:01:31.461 [META_GATEWAY_RETRY] client-0 attempt=1 network_error [TypeError: fetch failed] {
18:01:31.462 [META_GATEWAY_RETRY] client-0 attempt=1 network_error [TypeError: fetch failed] {
18:01:31.462 [META_GATEWAY_RETRY] client-0 attempt=1 network_error [TypeError: fetch failed] {
18:01:31.463 [META_GATEWAY_CLEAR_PENDING_FAILED] client-0 [TypeError: fetch failed] {
18:01:31.463 [META_GATEWAY_RETRY] client-0 attempt=1 network_error [TypeError: fetch failed] {
18:01:31.464 [META_GATEWAY_RETRY] client-0 attempt=1 network_error [TypeError: fetch failed] {
18:01:31.464 [META_GATEWAY_RETRY] client-0 attempt=2 network_error [TypeError: fetch failed] {
18:01:31.464 [META_GATEWAY_RETRY] client-0 attempt=2 network_error [TypeError: fetch failed] {
18:01:31.465 [META_GATEWAY_RETRY] client-0 attempt=2 network_error [TypeError: fetch failed] {
18:01:31.465 [META_GATEWAY_RETRY] client-0 attempt=2 network_error [TypeError: fetch failed] {
18:01:31.465 [META_GATEWAY_RETRY] client-0 attempt=2 network_error [TypeError: fetch failed] {
18:01:31.466 [META_GATEWAY_RETRY] client-0 attempt=2 network_error [TypeError: fetch failed] {
18:01:31.477 [META_GATEWAY_INBOX_RETRY] t-ldmubjxdjr-59 attempt=1 [TypeError: fetch failed] {
18:01:31.477 [META_GATEWAY_INBOX_RETRY] t-ldmubjxdjr-57 attempt=1 [TypeError: fetch failed] {
18:01:31.483 [client] @@STAGE pg pool.end called 1790013691482
18:01:31.486 [client] @@STAGE pg pool.end called 1790013691485
18:01:31.530 [META_GATEWAY_INBOX_RETRY] t-ldmubjxdjr-69 attempt=1 [TypeError: fetch failed] {
18:01:31.530 [META_GATEWAY_INBOX_RETRY] t-ldmubjxdjr-68 attempt=1 [TypeError: fetch failed] {
18:01:31.530 [META_GATEWAY_INBOX_RETRY] t-ldmubjxdjr-58 attempt=1 [TypeError: fetch failed] {
18:01:31.530 [META_GATEWAY_INBOX_RETRY] t-ldmubjxdjr-67 attempt=1 [TypeError: fetch failed] {
18:01:31.539 [client] EXIT code=0 signal=null
18:01:31.581 [META_GATEWAY_PENDING_CHECK_FAILED] client-0 [TypeError: fetch failed] {
18:01:31.582 [META_GATEWAY_PENDING_CHECK_FAILED] client-0 [TypeError: fetch failed] {
18:01:31.583 [META_GATEWAY_PENDING_CHECK_FAILED] client-0 [TypeError: fetch failed] {
18:01:31.584 [META_GATEWAY_PENDING_CHECK_FAILED] client-0 [TypeError: fetch failed] {
18:01:31.585 [META_GATEWAY_PENDING_CHECK_FAILED] client-0 [TypeError: fetch failed] {
18:01:31.586 [META_GATEWAY_PENDING_CHECK_FAILED] client-0 [TypeError: fetch failed] {
18:01:31.587 [META_GATEWAY_PENDING_CHECK_FAILED] client-0 [TypeError: fetch failed] {
18:01:31.589 [META_GATEWAY_PENDING_CHECK_FAILED] client-0 [TypeError: fetch failed] {
18:01:31.590 [META_GATEWAY_PENDING_CHECK_FAILED] client-0 [TypeError: fetch failed] {
18:01:31.591 [META_GATEWAY_PENDING_CHECK_FAILED] client-0 [TypeError: fetch failed] {
18:01:31.592 [META_GATEWAY_PENDING_CHECK_FAILED] client-0 [TypeError: fetch failed] {
18:01:31.593 [META_GATEWAY_PENDING_CHECK_FAILED] client-0 [TypeError: fetch failed] {
18:01:31.594 [META_GATEWAY_PENDING_CHECK_FAILED] client-0 [TypeError: fetch failed] {
18:01:31.595 [META_GATEWAY_PENDING_CHECK_FAILED] client-0 [TypeError: fetch failed] {
18:01:31.596 [META_GATEWAY_PENDING_CHECK_FAILED] client-0 [TypeError: fetch failed] {
18:01:31.597 [META_GATEWAY_PENDING_CHECK_FAILED] client-0 [TypeError: fetch failed] {
18:01:31.598 [META_GATEWAY_PENDING_CHECK_FAILED] client-0 [TypeError: fetch failed] {
18:01:31.599 [META_GATEWAY_PENDING_CHECK_FAILED] client-0 [TypeError: fetch failed] {
18:01:31.600 [META_GATEWAY_PENDING_CHECK_FAILED] client-0 [TypeError: fetch failed] {
18:01:31.601 [META_GATEWAY_PENDING_CHECK_FAILED] client-0 [TypeError: fetch failed] {
18:01:31.605 [META_GATEWAY_RETRY] client-0 attempt=1 network_error [TypeError: fetch failed] {
18:01:31.606 [META_GATEWAY_RETRY] client-0 attempt=1 network_error [TypeError: fetch failed] {
18:01:31.607 [META_GATEWAY_CLEAR_PENDING_FAILED] client-0 [TypeError: fetch failed] {
18:01:31.608 [META_GATEWAY_RETRY] client-0 attempt=1 network_error [TypeError: fetch failed] {
18:01:31.609 [META_GATEWAY_RETRY] client-0 attempt=1 network_error [TypeError: fetch failed] {
18:01:31.610 [META_GATEWAY_CLEAR_PENDING_FAILED] client-0 [TypeError: fetch failed] {
18:01:31.611 [META_GATEWAY_CLEAR_PENDING_FAILED] client-0 [TypeError: fetch failed] {
18:01:31.612 [META_GATEWAY_RETRY] client-0 attempt=1 network_error [TypeError: fetch failed] {
18:01:31.612 [META_GATEWAY_RETRY] client-0 attempt=1 network_error [TypeError: fetch failed] {
18:01:31.613 [META_GATEWAY_CLEAR_PENDING_FAILED] client-0 [TypeError: fetch failed] {
18:01:31.613 [META_GATEWAY_RETRY] client-0 attempt=1 network_error [TypeError: fetch failed] {
18:01:31.614 [META_GATEWAY_CLEAR_PENDING_FAILED] client-0 [TypeError: fetch failed] {
18:01:31.614 [META_GATEWAY_RETRY] client-0 attempt=1 network_error [TypeError: fetch failed] {
18:01:31.615 [META_GATEWAY_RETRY] client-0 attempt=1 network_error [TypeError: fetch failed] {
18:01:31.615 [META_GATEWAY_RETRY] client-0 attempt=1 network_error [TypeError: fetch failed] {
18:01:31.615 [META_GATEWAY_RETRY] client-0 attempt=1 network_error [TypeError: fetch failed] {
18:01:31.616 [META_GATEWAY_CLEAR_PENDING_FAILED] client-0 [TypeError: fetch failed] {
18:01:31.616 [META_GATEWAY_CLEAR_PENDING_FAILED] client-0 [TypeError: fetch failed] {
18:01:31.617 [META_GATEWAY_RETRY] client-0 attempt=1 network_error [TypeError: fetch failed] {
18:01:31.617 [META_GATEWAY_CLEAR_PENDING_FAILED] client-0 [TypeError: fetch failed] {
18:01:31.643 [META_GATEWAY_INBOX_RETRY] t-ldmubjxdjr-9 attempt=1 [TypeError: fetch failed] {
18:01:31.643 [META_GATEWAY_INBOX_RETRY] t-ldmubjxdjr-79 attempt=1 [TypeError: fetch failed] {
18:01:31.644 [META_GATEWAY_INBOX_RETRY] t-ldmubjxdjr-78 attempt=1 [TypeError: fetch failed] {
18:01:31.644 [META_GATEWAY_INBOX_RETRY] t-ldmubjxdjr-88 attempt=1 [TypeError: fetch failed] {
18:01:31.644 [META_GATEWAY_INBOX_RETRY] t-ldmubjxdjr-87 attempt=1 [TypeError: fetch failed] {
18:01:31.644 [META_GATEWAY_INBOX_RETRY] t-ldmubjxdjr-89 attempt=1 [TypeError: fetch failed] {
18:01:31.644 [META_GATEWAY_INBOX_RETRY] t-ldmubjxdjr-77 attempt=1 [TypeError: fetch failed] {
18:01:31.644 [META_GATEWAY_INBOX_RETRY] t-ldmubjxdjr-8 attempt=1 [TypeError: fetch failed] {
18:01:31.661 [META_GATEWAY_PENDING_CHECK_FAILED] client-0 [TypeError: fetch failed] {
18:01:31.662 [META_GATEWAY_PENDING_CHECK_FAILED] client-0 [TypeError: fetch failed] {
18:01:31.663 [META_GATEWAY_PENDING_CHECK_FAILED] client-0 [TypeError: fetch failed] {
18:01:31.664 [META_GATEWAY_PENDING_CHECK_FAILED] client-0 [TypeError: fetch failed] {
18:01:31.665 [META_GATEWAY_PENDING_CHECK_FAILED] client-0 [TypeError: fetch failed] {
18:01:31.666 [META_GATEWAY_PENDING_CHECK_FAILED] client-0 [TypeError: fetch failed] {
18:01:31.667 [META_GATEWAY_RETRY] client-0 attempt=1 network_error [TypeError: fetch failed] {
18:01:31.668 [META_GATEWAY_RETRY] client-0 attempt=1 network_error [TypeError: fetch failed] {
18:01:31.668 [META_GATEWAY_RETRY] client-0 attempt=1 network_error [TypeError: fetch failed] {
18:01:31.669 [META_GATEWAY_RETRY] client-0 attempt=1 network_error [TypeError: fetch failed] {
18:01:31.670 [META_GATEWAY_RETRY] client-0 attempt=1 network_error [TypeError: fetch failed] {
18:01:31.670 [META_GATEWAY_CLEAR_PENDING_FAILED] client-0 [TypeError: fetch failed] {
18:01:31.692 [META_GATEWAY_INBOX_RETRY] t-ldmubjxdjr-7 attempt=1 [TypeError: fetch failed] {
18:01:31.693 [META_GATEWAY_PENDING_CHECK_FAILED] client-0 [TypeError: fetch failed] {
18:01:31.694 [META_GATEWAY_PENDING_CHECK_FAILED] client-0 [TypeError: fetch failed] {
18:01:31.694 [META_GATEWAY_PENDING_CHECK_FAILED] client-0 [TypeError: fetch failed] {
18:01:31.696 [META_GATEWAY_PENDING_CHECK_FAILED] client-0 [TypeError: fetch failed] {
18:01:31.697 [META_GATEWAY_CLEAR_PENDING_FAILED] client-0 [TypeError: fetch failed] {
18:01:31.697 [META_GATEWAY_CLEAR_PENDING_FAILED] client-0 [TypeError: fetch failed] {
18:01:31.698 [META_GATEWAY_CLEAR_PENDING_FAILED] client-0 [TypeError: fetch failed] {
18:01:31.699 [META_GATEWAY_RETRY] client-0 attempt=1 network_error [TypeError: fetch failed] {
18:01:31.704 [META_GATEWAY_INBOX_RETRY] t-ldmubjxdjr-98 attempt=1 [TypeError: fetch failed] {
18:01:31.704 [META_GATEWAY_INBOX_RETRY] t-ldmubjxdjr-97 attempt=1 [TypeError: fetch failed] {
18:01:31.704 [META_GATEWAY_INBOX_RETRY] t-ldmubjxdjr-99 attempt=1 [TypeError: fetch failed] {
18:01:31.738 [META_GATEWAY_PENDING_CHECK_FAILED] client-0 [TypeError: fetch failed] {
18:01:31.739 [META_GATEWAY_PENDING_CHECK_FAILED] client-0 [TypeError: fetch failed] {
18:01:31.740 [META_GATEWAY_PENDING_CHECK_FAILED] client-0 [TypeError: fetch failed] {
18:01:31.750 [META_GATEWAY_PENDING_CHECK_FAILED] client-0 [TypeError: fetch failed] {
18:01:31.752 [META_GATEWAY_PENDING_CHECK_FAILED] client-0 [TypeError: fetch failed] {
18:01:31.754 [META_GATEWAY_PENDING_CHECK_FAILED] client-0 [TypeError: fetch failed] {
18:01:31.755 [META_GATEWAY_PENDING_CHECK_FAILED] client-0 [TypeError: fetch failed] {
18:01:31.756 [META_GATEWAY_PENDING_CHECK_FAILED] client-0 [TypeError: fetch failed] {
18:01:31.757 [META_GATEWAY_CLEAR_PENDING_FAILED] client-0 [TypeError: fetch failed] {
18:01:31.757 [META_GATEWAY_RETRY] client-0 attempt=1 network_error [TypeError: fetch failed] {
18:01:31.758 [META_GATEWAY_RETRY] client-0 attempt=1 network_error [TypeError: fetch failed] {
18:01:31.758 [META_GATEWAY_RETRY] client-0 attempt=1 network_error [TypeError: fetch failed] {
18:01:31.758 [META_GATEWAY_RETRY] client-0 attempt=1 network_error [TypeError: fetch failed] {
18:01:31.759 [META_GATEWAY_RETRY] client-0 attempt=1 network_error [TypeError: fetch failed] {
18:01:31.759 [META_GATEWAY_RETRY] client-0 attempt=1 network_error [TypeError: fetch failed] {
18:01:31.759 [META_GATEWAY_RETRY] client-0 attempt=1 network_error [TypeError: fetch failed] {
18:01:31.775 [META_GATEWAY_INBOX_RETRY] t-ldmubjxdjr-107 attempt=1 [TypeError: fetch failed] {
18:01:31.784 [META_GATEWAY_PENDING_CHECK_FAILED] client-0 [TypeError: fetch failed] {
18:01:31.785 [META_GATEWAY_PENDING_CHECK_FAILED] client-0 [TypeError: fetch failed] {
18:01:31.787 [META_GATEWAY_PENDING_CHECK_FAILED] client-0 [TypeError: fetch failed] {
18:01:31.788 [META_GATEWAY_PENDING_CHECK_FAILED] client-0 [TypeError: fetch failed] {
18:01:31.789 [META_GATEWAY_CLEAR_PENDING_FAILED] client-0 [TypeError: fetch failed] {
18:01:31.789 [META_GATEWAY_CLEAR_PENDING_FAILED] client-0 [TypeError: fetch failed] {
18:01:31.790 [META_GATEWAY_RETRY] client-0 attempt=1 network_error [TypeError: fetch failed] {
18:01:31.790 [META_GATEWAY_RETRY] client-0 attempt=1 network_error [TypeError: fetch failed] {
18:01:31.795 [META_GATEWAY_INBOX_RETRY] t-ldmubjxdjr-109 attempt=1 [TypeError: fetch failed] {
18:01:31.795 [META_GATEWAY_INBOX_RETRY] t-ldmubjxdjr-108 attempt=1 [TypeError: fetch failed] {
18:01:31.820 [META_GATEWAY_PENDING_CHECK_FAILED] client-0 [TypeError: fetch failed] {
18:01:31.822 [META_GATEWAY_PENDING_CHECK_FAILED] client-0 [TypeError: fetch failed] {
18:01:31.823 [META_GATEWAY_PENDING_CHECK_FAILED] client-0 [TypeError: fetch failed] {
18:01:31.824 [META_GATEWAY_RETRY] client-0 attempt=1 network_error [TypeError: fetch failed] {
18:01:31.824 [META_GATEWAY_RETRY] client-0 attempt=1 network_error [TypeError: fetch failed] {
18:01:31.825 [META_GATEWAY_RETRY] client-0 attempt=1 network_error [TypeError: fetch failed] {
18:01:31.970 [META_GATEWAY_RETRY] client-0 attempt=2 network_error [TypeError: fetch failed] {
18:01:31.971 [META_GATEWAY_RETRY] client-0 attempt=2 network_error [TypeError: fetch failed] {
18:01:31.971 [META_GATEWAY_RETRY] client-0 attempt=2 network_error [TypeError: fetch failed] {
18:01:31.971 [META_GATEWAY_RETRY] client-0 attempt=2 network_error [TypeError: fetch failed] {
18:01:31.972 [META_GATEWAY_RETRY] client-0 attempt=2 network_error [TypeError: fetch failed] {
18:01:31.972 [META_GATEWAY_RETRY] client-0 attempt=2 network_error [TypeError: fetch failed] {
18:01:31.972 [META_GATEWAY_RETRY] client-0 attempt=2 network_error [TypeError: fetch failed] {
18:01:31.973 [META_GATEWAY_RETRY] client-0 attempt=2 network_error [TypeError: fetch failed] {
18:01:31.973 [META_GATEWAY_RETRY] client-0 attempt=2 network_error [TypeError: fetch failed] {
18:01:31.973 [META_GATEWAY_RETRY] client-0 attempt=2 network_error [TypeError: fetch failed] {
18:01:31.974 [META_GATEWAY_RETRY] client-0 attempt=2 network_error [TypeError: fetch failed] {
18:01:31.976 [META_GATEWAY_RETRY] client-0 attempt=2 network_error [TypeError: fetch failed] {
18:01:31.976 [META_GATEWAY_RETRY] client-0 attempt=2 network_error [TypeError: fetch failed] {
18:01:31.977 [META_GATEWAY_RETRY] client-0 attempt=2 network_error [TypeError: fetch failed] {
18:01:32.126 [META_GATEWAY_RETRY] client-0 attempt=2 network_error [TypeError: fetch failed] {
18:01:32.126 [META_GATEWAY_RETRY] client-0 attempt=2 network_error [TypeError: fetch failed] {
18:01:32.127 [META_GATEWAY_RETRY] client-0 attempt=2 network_error [TypeError: fetch failed] {
18:01:32.127 [META_GATEWAY_RETRY] client-0 attempt=2 network_error [TypeError: fetch failed] {
18:01:32.127 [META_GATEWAY_RETRY] client-0 attempt=2 network_error [TypeError: fetch failed] {
18:01:32.128 [META_GATEWAY_RETRY] client-0 attempt=2 network_error [TypeError: fetch failed] {
18:01:32.128 [META_GATEWAY_RETRY] client-0 attempt=2 network_error [TypeError: fetch failed] {
18:01:32.128 [META_GATEWAY_RETRY] client-0 attempt=2 network_error [TypeError: fetch failed] {
18:01:32.129 [META_GATEWAY_RETRY] client-0 attempt=2 network_error [TypeError: fetch failed] {
18:01:32.129 [META_GATEWAY_RETRY] client-0 attempt=2 network_error [TypeError: fetch failed] {
18:01:32.129 [META_GATEWAY_RETRY] client-0 attempt=2 network_error [TypeError: fetch failed] {
18:01:32.130 [META_GATEWAY_RETRY] client-0 attempt=2 network_error [TypeError: fetch failed] {
18:01:32.186 [META_GATEWAY_RETRY] client-0 attempt=2 network_error [TypeError: fetch failed] {
18:01:32.186 [META_GATEWAY_RETRY] client-0 attempt=2 network_error [TypeError: fetch failed] {
18:01:32.186 [META_GATEWAY_RETRY] client-0 attempt=2 network_error [TypeError: fetch failed] {
18:01:32.187 [META_GATEWAY_RETRY] client-0 attempt=2 network_error [TypeError: fetch failed] {
18:01:32.187 [META_GATEWAY_RETRY] client-0 attempt=2 network_error [TypeError: fetch failed] {
18:01:32.214 [META_GATEWAY_RETRY] client-0 attempt=2 network_error [TypeError: fetch failed] {
18:01:32.260 [META_GATEWAY_RETRY] client-0 attempt=2 network_error [TypeError: fetch failed] {
18:01:32.261 [META_GATEWAY_RETRY] client-0 attempt=2 network_error [TypeError: fetch failed] {
18:01:32.264 [META_GATEWAY_RETRY] client-0 attempt=2 network_error [TypeError: fetch failed] {
18:01:32.264 [META_GATEWAY_RETRY] client-0 attempt=2 network_error [TypeError: fetch failed] {
18:01:32.265 [META_GATEWAY_RETRY] client-0 attempt=2 network_error [TypeError: fetch failed] {
18:01:32.265 [META_GATEWAY_RETRY] client-0 attempt=2 network_error [TypeError: fetch failed] {
18:01:32.265 [META_GATEWAY_RETRY] client-0 attempt=2 network_error [TypeError: fetch failed] {
18:01:32.312 [META_GATEWAY_RETRY] client-0 attempt=2 network_error [TypeError: fetch failed] {
18:01:32.312 [META_GATEWAY_RETRY] client-0 attempt=2 network_error [TypeError: fetch failed] {
18:01:32.338 [META_GATEWAY_RETRY] client-0 attempt=2 network_error [TypeError: fetch failed] {
18:01:32.339 [META_GATEWAY_RETRY] client-0 attempt=2 network_error [TypeError: fetch failed] {
18:01:32.339 [META_GATEWAY_RETRY] client-0 attempt=2 network_error [TypeError: fetch failed] {
18:01:32.980 [META_GATEWAY_FAILED] client-0 network_error [TypeError: fetch failed] {
18:01:32.980 [META_GATEWAY_FAILED] client-0 network_error [TypeError: fetch failed] {
18:01:32.981 [META_GATEWAY_FAILED] client-0 network_error [TypeError: fetch failed] {
18:01:32.981 [META_GATEWAY_FAILED] client-0 network_error [TypeError: fetch failed] {
18:01:32.982 [META_GATEWAY_FAILED] client-0 network_error [TypeError: fetch failed] {
18:01:32.982 [META_GATEWAY_FAILED] client-0 network_error [TypeError: fetch failed] {
18:01:32.996 [META_GATEWAY_INBOX_RETRY] t-ldmubjxdjr-50 attempt=1 [TypeError: fetch failed] {
18:01:32.996 [META_GATEWAY_INBOX_RETRY] t-ldmubjxdjr-55 attempt=1 [TypeError: fetch failed] {
18:01:32.996 [META_GATEWAY_INBOX_RETRY] t-ldmubjxdjr-52 attempt=1 [TypeError: fetch failed] {
18:01:32.996 [META_GATEWAY_INBOX_RETRY] t-ldmubjxdjr-53 attempt=1 [TypeError: fetch failed] {
18:01:32.996 [META_GATEWAY_INBOX_RETRY] t-ldmubjxdjr-56 attempt=1 [TypeError: fetch failed] {
18:01:32.997 [META_GATEWAY_INBOX_RETRY] t-ldmubjxdjr-51 attempt=1 [TypeError: fetch failed] {
18:01:33.369 [META_GATEWAY_PENDING_CHECK_FAILED] client-0 [TypeError: fetch failed] {
18:01:33.371 [META_GATEWAY_PENDING_CHECK_FAILED] client-0 [TypeError: fetch failed] {
18:01:33.372 [META_GATEWAY_PENDING_CHECK_FAILED] client-0 [TypeError: fetch failed] {
18:01:33.373 [META_GATEWAY_PENDING_CHECK_FAILED] client-0 [TypeError: fetch failed] {
18:01:33.374 [META_GATEWAY_PENDING_CHECK_FAILED] client-0 [TypeError: fetch failed] {
18:01:33.375 [META_GATEWAY_PENDING_CHECK_FAILED] client-0 [TypeError: fetch failed] {
18:01:33.378 [META_GATEWAY_CLEAR_PENDING_FAILED] client-0 [TypeError: fetch failed] {
18:01:33.379 [META_GATEWAY_CLEAR_PENDING_FAILED] client-0 [TypeError: fetch failed] {
18:01:33.379 [META_GATEWAY_CLEAR_PENDING_FAILED] client-0 [TypeError: fetch failed] {
18:01:33.380 [META_GATEWAY_RETRY] client-0 attempt=1 network_error [TypeError: fetch failed] {
18:01:33.380 [META_GATEWAY_RETRY] client-0 attempt=1 network_error [TypeError: fetch failed] {
18:01:33.381 [META_GATEWAY_RETRY] client-0 attempt=1 network_error [TypeError: fetch failed] {
18:01:33.386 [META_GATEWAY_INBOX_RETRY] t-ldmubjxdjr-119 attempt=1 [TypeError: fetch failed] {
18:01:33.386 [META_GATEWAY_INBOX_RETRY] t-ldmubjxdjr-118 attempt=1 [TypeError: fetch failed] {
18:01:33.387 [META_GATEWAY_INBOX_RETRY] t-ldmubjxdjr-117 attempt=1 [TypeError: fetch failed] {
18:01:33.487 [META_GATEWAY_FAILED] client-0 network_error [TypeError: fetch failed] {
18:01:33.488 [META_GATEWAY_FAILED] client-0 network_error [TypeError: fetch failed] {
18:01:33.489 [META_GATEWAY_FAILED] client-0 network_error [TypeError: fetch failed] {
18:01:33.489 [META_GATEWAY_FAILED] client-0 network_error [TypeError: fetch failed] {
18:01:33.489 [META_GATEWAY_FAILED] client-0 network_error [TypeError: fetch failed] {
18:01:33.490 [META_GATEWAY_FAILED] client-0 network_error [TypeError: fetch failed] {
18:01:33.490 [META_GATEWAY_FAILED] client-0 network_error [TypeError: fetch failed] {
18:01:33.491 [META_GATEWAY_FAILED] client-0 network_error [TypeError: fetch failed] {
18:01:33.491 [META_GATEWAY_FAILED] client-0 network_error [TypeError: fetch failed] {
18:01:33.492 [META_GATEWAY_FAILED] client-0 network_error [TypeError: fetch failed] {
18:01:33.492 [META_GATEWAY_FAILED] client-0 network_error [TypeError: fetch failed] {
18:01:33.493 [META_GATEWAY_FAILED] client-0 network_error [TypeError: fetch failed] {
18:01:33.493 [META_GATEWAY_FAILED] client-0 network_error [TypeError: fetch failed] {
18:01:33.493 [META_GATEWAY_FAILED] client-0 network_error [TypeError: fetch failed] {
18:01:33.501 [META_GATEWAY_INBOX_RETRY] t-ldmubjxdjr-62 attempt=1 [TypeError: fetch failed] {
18:01:33.502 [META_GATEWAY_INBOX_RETRY] t-ldmubjxdjr-60 attempt=1 [TypeError: fetch failed] {
18:01:33.503 [META_GATEWAY_INBOX_RETRY] t-ldmubjxdjr-63 attempt=1 [TypeError: fetch failed] {
18:01:33.503 [META_GATEWAY_INBOX_RETRY] t-ldmubjxdjr-3 attempt=1 [TypeError: fetch failed] {
18:01:33.503 [META_GATEWAY_INBOX_RETRY] t-ldmubjxdjr-64 attempt=1 [TypeError: fetch failed] {
18:01:33.504 [META_GATEWAY_INBOX_RETRY] t-ldmubjxdjr-61 attempt=1 [TypeError: fetch failed] {
18:01:33.504 [META_GATEWAY_INBOX_RETRY] t-ldmubjxdjr-5 attempt=1 [TypeError: fetch failed] {
18:01:33.504 [META_GATEWAY_INBOX_RETRY] t-ldmubjxdjr-66 attempt=1 [TypeError: fetch failed] {
18:01:33.505 [META_GATEWAY_INBOX_RETRY] t-ldmubjxdjr-65 attempt=1 [TypeError: fetch failed] {
18:01:33.505 [META_GATEWAY_INBOX_RETRY] t-ldmubjxdjr-70 attempt=1 [TypeError: fetch failed] {
18:01:33.508 [META_GATEWAY_INBOX_RETRY] t-ldmubjxdjr-71 attempt=1 [TypeError: fetch failed] {
18:01:33.508 [META_GATEWAY_INBOX_RETRY] t-ldmubjxdjr-4 attempt=1 [TypeError: fetch failed] {
18:01:33.509 [META_GATEWAY_INBOX_RETRY] t-ldmubjxdjr-72 attempt=1 [TypeError: fetch failed] {
18:01:33.510 [META_GATEWAY_INBOX_RETRY] t-ldmubjxdjr-73 attempt=1 [TypeError: fetch failed] {
18:01:33.642 [META_GATEWAY_FAILED] client-0 network_error [TypeError: fetch failed] {
18:01:33.642 [META_GATEWAY_FAILED] client-0 network_error [TypeError: fetch failed] {
18:01:33.643 [META_GATEWAY_FAILED] client-0 network_error [TypeError: fetch failed] {
18:01:33.643 [META_GATEWAY_FAILED] client-0 network_error [TypeError: fetch failed] {
18:01:33.644 [META_GATEWAY_FAILED] client-0 network_error [TypeError: fetch failed] {
18:01:33.644 [META_GATEWAY_FAILED] client-0 network_error [TypeError: fetch failed] {
18:01:33.644 [META_GATEWAY_FAILED] client-0 network_error [TypeError: fetch failed] {
18:01:33.645 [META_GATEWAY_FAILED] client-0 network_error [TypeError: fetch failed] {
18:01:33.645 [META_GATEWAY_FAILED] client-0 network_error [TypeError: fetch failed] {
18:01:33.646 [META_GATEWAY_FAILED] client-0 network_error [TypeError: fetch failed] {
18:01:33.646 [META_GATEWAY_FAILED] client-0 network_error [TypeError: fetch failed] {
18:01:33.647 [META_GATEWAY_FAILED] client-0 network_error [TypeError: fetch failed] {
18:01:33.664 [META_GATEWAY_INBOX_RETRY] t-ldmubjxdjr-75 attempt=1 [TypeError: fetch failed] {
18:01:33.664 [META_GATEWAY_INBOX_RETRY] t-ldmubjxdjr-81 attempt=1 [TypeError: fetch failed] {
18:01:33.664 [META_GATEWAY_INBOX_RETRY] t-ldmubjxdjr-90 attempt=1 [TypeError: fetch failed] {
18:01:33.664 [META_GATEWAY_INBOX_RETRY] t-ldmubjxdjr-76 attempt=1 [TypeError: fetch failed] {
18:01:33.664 [META_GATEWAY_INBOX_RETRY] t-ldmubjxdjr-82 attempt=1 [TypeError: fetch failed] {
18:01:33.664 [META_GATEWAY_INBOX_RETRY] t-ldmubjxdjr-80 attempt=1 [TypeError: fetch failed] {
18:01:33.665 [META_GATEWAY_INBOX_RETRY] t-ldmubjxdjr-74 attempt=1 [TypeError: fetch failed] {
18:01:33.665 [META_GATEWAY_INBOX_RETRY] t-ldmubjxdjr-86 attempt=1 [TypeError: fetch failed] {
18:01:33.665 [META_GATEWAY_INBOX_RETRY] t-ldmubjxdjr-84 attempt=1 [TypeError: fetch failed] {
18:01:33.665 [META_GATEWAY_INBOX_RETRY] t-ldmubjxdjr-83 attempt=1 [TypeError: fetch failed] {
18:01:33.672 [META_GATEWAY_INBOX_RETRY] t-ldmubjxdjr-85 attempt=1 [TypeError: fetch failed] {
18:01:33.672 [META_GATEWAY_INBOX_RETRY] t-ldmubjxdjr-6 attempt=1 [TypeError: fetch failed] {
18:01:33.699 [META_GATEWAY_FAILED] client-0 network_error [TypeError: fetch failed] {
18:01:33.700 [META_GATEWAY_FAILED] client-0 network_error [TypeError: fetch failed] {
18:01:33.700 [META_GATEWAY_FAILED] client-0 network_error [TypeError: fetch failed] {
18:01:33.701 [META_GATEWAY_FAILED] client-0 network_error [TypeError: fetch failed] {
18:01:33.701 [META_GATEWAY_FAILED] client-0 network_error [TypeError: fetch failed] {
18:01:33.707 [META_GATEWAY_INBOX_RETRY] t-ldmubjxdjr-93 attempt=1 [TypeError: fetch failed] {
18:01:33.707 [META_GATEWAY_INBOX_RETRY] t-ldmubjxdjr-91 attempt=1 [TypeError: fetch failed] {
18:01:33.707 [META_GATEWAY_INBOX_RETRY] t-ldmubjxdjr-92 attempt=1 [TypeError: fetch failed] {
18:01:33.707 [META_GATEWAY_INBOX_RETRY] t-ldmubjxdjr-95 attempt=1 [TypeError: fetch failed] {
18:01:33.707 [META_GATEWAY_INBOX_RETRY] t-ldmubjxdjr-94 attempt=1 [TypeError: fetch failed] {
18:01:33.729 [META_GATEWAY_FAILED] client-0 network_error [TypeError: fetch failed] {
18:01:33.734 [META_GATEWAY_INBOX_RETRY] t-ldmubjxdjr-96 attempt=1 [TypeError: fetch failed] {
18:01:33.775 [META_GATEWAY_FAILED] client-0 network_error [TypeError: fetch failed] {
18:01:33.776 [META_GATEWAY_FAILED] client-0 network_error [TypeError: fetch failed] {
18:01:33.776 [META_GATEWAY_FAILED] client-0 network_error [TypeError: fetch failed] {
18:01:33.777 [META_GATEWAY_FAILED] client-0 network_error [TypeError: fetch failed] {
18:01:33.777 [META_GATEWAY_FAILED] client-0 network_error [TypeError: fetch failed] {
18:01:33.778 [META_GATEWAY_FAILED] client-0 network_error [TypeError: fetch failed] {
18:01:33.778 [META_GATEWAY_FAILED] client-0 network_error [TypeError: fetch failed] {
18:01:33.787 [META_GATEWAY_INBOX_RETRY] t-ldmubjxdjr-106 attempt=1 [TypeError: fetch failed] {
18:01:33.787 [META_GATEWAY_INBOX_RETRY] t-ldmubjxdjr-103 attempt=1 [TypeError: fetch failed] {
18:01:33.787 [META_GATEWAY_INBOX_RETRY] t-ldmubjxdjr-102 attempt=1 [TypeError: fetch failed] {
18:01:33.788 [META_GATEWAY_INBOX_RETRY] t-ldmubjxdjr-101 attempt=1 [TypeError: fetch failed] {
18:01:33.788 [META_GATEWAY_INBOX_RETRY] t-ldmubjxdjr-105 attempt=1 [TypeError: fetch failed] {
18:01:33.789 [META_GATEWAY_INBOX_RETRY] t-ldmubjxdjr-104 attempt=1 [TypeError: fetch failed] {
18:01:33.789 [META_GATEWAY_INBOX_RETRY] t-ldmubjxdjr-100 attempt=1 [TypeError: fetch failed] {
18:01:33.822 [META_GATEWAY_FAILED] client-0 network_error [TypeError: fetch failed] {
18:01:33.823 [META_GATEWAY_FAILED] client-0 network_error [TypeError: fetch failed] {
18:01:33.830 [META_GATEWAY_INBOX_RETRY] t-ldmubjxdjr-110 attempt=1 [TypeError: fetch failed] {
18:01:33.830 [META_GATEWAY_INBOX_RETRY] t-ldmubjxdjr-111 attempt=1 [TypeError: fetch failed] {
18:01:33.921 [META_GATEWAY_FAILED] client-0 network_error [TypeError: fetch failed] {
18:01:33.922 [META_GATEWAY_FAILED] client-0 network_error [TypeError: fetch failed] {
18:01:33.922 [META_GATEWAY_FAILED] client-0 network_error [TypeError: fetch failed] {
18:01:33.926 [META_GATEWAY_PENDING_CHECK_FAILED] client-0 [TypeError: fetch failed] {
18:01:33.927 [META_GATEWAY_PENDING_CHECK_FAILED] client-0 [TypeError: fetch failed] {
18:01:33.928 [META_GATEWAY_PENDING_CHECK_FAILED] client-0 [TypeError: fetch failed] {
18:01:33.929 [META_GATEWAY_PENDING_CHECK_FAILED] client-0 [TypeError: fetch failed] {
18:01:33.930 [META_GATEWAY_PENDING_CHECK_FAILED] client-0 [TypeError: fetch failed] {
18:01:33.931 [META_GATEWAY_PENDING_CHECK_FAILED] client-0 [TypeError: fetch failed] {
18:01:33.931 [META_GATEWAY_PENDING_CHECK_FAILED] client-0 [TypeError: fetch failed] {
18:01:33.932 [META_GATEWAY_PENDING_CHECK_FAILED] client-0 [TypeError: fetch failed] {
18:01:33.933 [META_GATEWAY_PENDING_CHECK_FAILED] client-0 [TypeError: fetch failed] {
18:01:33.934 [META_GATEWAY_PENDING_CHECK_FAILED] client-0 [TypeError: fetch failed] {
18:01:33.936 [META_GATEWAY_PENDING_CHECK_FAILED] client-0 [TypeError: fetch failed] {
18:01:33.937 [META_GATEWAY_PENDING_CHECK_FAILED] client-0 [TypeError: fetch failed] {
18:01:33.938 [META_GATEWAY_PENDING_CHECK_FAILED] client-0 [TypeError: fetch failed] {
18:01:33.939 [META_GATEWAY_PENDING_CHECK_FAILED] client-0 [TypeError: fetch failed] {
18:01:33.940 [META_GATEWAY_PENDING_CHECK_FAILED] client-0 [TypeError: fetch failed] {
18:01:33.941 [META_GATEWAY_PENDING_CHECK_FAILED] client-0 [TypeError: fetch failed] {
18:01:33.941 [META_GATEWAY_PENDING_CHECK_FAILED] client-0 [TypeError: fetch failed] {
18:01:33.942 [META_GATEWAY_PENDING_CHECK_FAILED] client-0 [TypeError: fetch failed] {
18:01:33.943 [META_GATEWAY_PENDING_CHECK_FAILED] client-0 [TypeError: fetch failed] {
18:01:33.944 [META_GATEWAY_PENDING_CHECK_FAILED] client-0 [TypeError: fetch failed] {
18:01:33.946 [META_GATEWAY_RETRY] client-0 attempt=2 network_error [TypeError: fetch failed] {
18:01:33.946 [META_GATEWAY_RETRY] client-0 attempt=2 network_error [TypeError: fetch failed] {
18:01:33.946 [META_GATEWAY_RETRY] client-0 attempt=2 network_error [TypeError: fetch failed] {
18:01:33.947 [META_GATEWAY_CLEAR_PENDING_FAILED] client-0 [TypeError: fetch failed] {
18:01:33.947 [META_GATEWAY_CLEAR_PENDING_FAILED] client-0 [TypeError: fetch failed] {
18:01:33.948 [META_GATEWAY_RETRY] client-0 attempt=1 network_error [TypeError: fetch failed] {
18:01:33.948 [META_GATEWAY_RETRY] client-0 attempt=1 network_error [TypeError: fetch failed] {
18:01:33.949 [META_GATEWAY_CLEAR_PENDING_FAILED] client-0 [TypeError: fetch failed] {
18:01:33.949 [META_GATEWAY_CLEAR_PENDING_FAILED] client-0 [TypeError: fetch failed] {
18:01:33.950 [META_GATEWAY_RETRY] client-0 attempt=1 network_error [TypeError: fetch failed] {
18:01:33.950 [META_GATEWAY_RETRY] client-0 attempt=1 network_error [TypeError: fetch failed] {
18:01:33.950 [META_GATEWAY_RETRY] client-0 attempt=1 network_error [TypeError: fetch failed] {
18:01:33.951 [META_GATEWAY_RETRY] client-0 attempt=1 network_error [TypeError: fetch failed] {
18:01:33.951 [META_GATEWAY_RETRY] client-0 attempt=1 network_error [TypeError: fetch failed] {
18:01:33.952 [META_GATEWAY_RETRY] client-0 attempt=1 network_error [TypeError: fetch failed] {
18:01:33.952 [META_GATEWAY_RETRY] client-0 attempt=1 network_error [TypeError: fetch failed] {
18:01:33.952 [META_GATEWAY_RETRY] client-0 attempt=1 network_error [TypeError: fetch failed] {
18:01:33.953 [META_GATEWAY_RETRY] client-0 attempt=1 network_error [TypeError: fetch failed] {
18:01:33.953 [META_GATEWAY_RETRY] client-0 attempt=1 network_error [TypeError: fetch failed] {
18:01:33.953 [META_GATEWAY_RETRY] client-0 attempt=1 network_error [TypeError: fetch failed] {
18:01:33.954 [META_GATEWAY_RETRY] client-0 attempt=1 network_error [TypeError: fetch failed] {
18:01:33.954 [META_GATEWAY_CLEAR_PENDING_FAILED] client-0 [TypeError: fetch failed] {
18:01:33.955 [META_GATEWAY_CLEAR_PENDING_FAILED] client-0 [TypeError: fetch failed] {
18:01:33.967 [META_GATEWAY_INBOX_RETRY] t-ldmubjxdjr-114 attempt=1 [TypeError: fetch failed] {
18:01:33.967 [META_GATEWAY_INBOX_RETRY] t-ldmubjxdjr-129 attempt=1 [TypeError: fetch failed] {
18:01:33.968 [META_GATEWAY_INBOX_RETRY] t-ldmubjxdjr-113 attempt=1 [TypeError: fetch failed] {
18:01:33.968 [META_GATEWAY_INBOX_RETRY] t-ldmubjxdjr-128 attempt=1 [TypeError: fetch failed] {
18:01:33.968 [META_GATEWAY_INBOX_RETRY] t-ldmubjxdjr-138 attempt=1 [TypeError: fetch failed] {
18:01:33.968 [META_GATEWAY_INBOX_RETRY] t-ldmubjxdjr-127 attempt=1 [TypeError: fetch failed] {
18:01:34.006 [META_GATEWAY_INBOX_RETRY] t-ldmubjxdjr-139 attempt=1 [TypeError: fetch failed] {
18:01:34.006 [META_GATEWAY_INBOX_RETRY] t-ldmubjxdjr-137 attempt=1 [TypeError: fetch failed] {
18:01:34.006 [META_GATEWAY_INBOX_RETRY] t-ldmubjxdjr-112 attempt=1 [TypeError: fetch failed] {
18:01:34.055 [META_GATEWAY_PENDING_CHECK_FAILED] client-0 [TypeError: fetch failed] {
18:01:34.056 [META_GATEWAY_PENDING_CHECK_FAILED] client-0 [TypeError: fetch failed] {
18:01:34.057 [META_GATEWAY_PENDING_CHECK_FAILED] client-0 [TypeError: fetch failed] {
18:01:34.058 [META_GATEWAY_PENDING_CHECK_FAILED] client-0 [TypeError: fetch failed] {