17:14:11.250 [harness] SIGTERM sent
17:14:11.251 [client] SIGTERM received, draining…
17:14:11.251 [client] @@STAGE server.close called 1790010851253
17:14:11.255 [client] @@STAGE server.close done +3ms
17:14:11.255 [client] @@STAGE pg pool.end called 1790010851257
17:14:11.463 [META_GATEWAY_RETRY] client-0 attempt=1 network_error [TypeError: fetch failed] {
17:14:11.464 [META_GATEWAY_RETRY] client-0 attempt=1 network_error [TypeError: fetch failed] {
17:14:11.464 [META_GATEWAY_RETRY] client-0 attempt=1 network_error [TypeError: fetch failed] {
17:14:11.465 [META_GATEWAY_RETRY] client-0 attempt=1 network_error [TypeError: fetch failed] {
17:14:11.465 [META_GATEWAY_RETRY] client-0 attempt=1 network_error [TypeError: fetch failed] {
17:14:11.466 [META_GATEWAY_RETRY] client-0 attempt=1 network_error [TypeError: fetch failed] {
17:14:11.466 [META_GATEWAY_RETRY] client-0 attempt=1 network_error [TypeError: fetch failed] {
17:14:11.466 [META_GATEWAY_RETRY] client-0 attempt=1 network_error [TypeError: fetch failed] {
17:14:11.467 [META_GATEWAY_RETRY] client-0 attempt=1 network_error [TypeError: fetch failed] {
17:14:11.468 [META_GATEWAY_RETRY] client-0 attempt=1 network_error [TypeError: fetch failed] {
17:14:11.468 [META_GATEWAY_RETRY] client-0 attempt=1 network_error [TypeError: fetch failed] {
17:14:11.468 [META_GATEWAY_RETRY] client-0 attempt=1 network_error [TypeError: fetch failed] {
17:14:11.469 [META_GATEWAY_RETRY] client-0 attempt=1 network_error [TypeError: fetch failed] {
17:14:11.469 [META_GATEWAY_RETRY] client-0 attempt=1 network_error [TypeError: fetch failed] {
17:14:11.471 [META_GATEWAY_RETRY] client-0 attempt=1 network_error [TypeError: fetch failed] {
17:14:11.471 [META_GATEWAY_RETRY] client-0 attempt=1 network_error [TypeError: fetch failed] {
17:14:11.472 [META_GATEWAY_RETRY] client-0 attempt=1 network_error [TypeError: fetch failed] {
17:14:11.473 [META_GATEWAY_PENDING_CHECK_FAILED] client-0 [TypeError: fetch failed] {
17:14:11.474 [META_GATEWAY_PENDING_CHECK_FAILED] client-0 [TypeError: fetch failed] {
17:14:11.479 [META_GATEWAY_PENDING_CHECK_FAILED] client-0 [TypeError: fetch failed] {
17:14:11.482 [META_GATEWAY_PENDING_CHECK_FAILED] client-0 [TypeError: fetch failed] {
17:14:11.485 [META_GATEWAY_PENDING_CHECK_FAILED] client-0 [TypeError: fetch failed] {
17:14:11.489 [META_GATEWAY_PENDING_CHECK_FAILED] client-0 [TypeError: fetch failed] {
17:14:11.493 [META_GATEWAY_PENDING_CHECK_FAILED] client-0 [TypeError: fetch failed] {
17:14:11.496 [META_GATEWAY_PENDING_CHECK_FAILED] client-0 [TypeError: fetch failed] {
17:14:11.499 [META_GATEWAY_PENDING_CHECK_FAILED] client-0 [TypeError: fetch failed] {
17:14:11.502 [META_GATEWAY_PENDING_CHECK_FAILED] client-0 [TypeError: fetch failed] {
17:14:11.506 [META_GATEWAY_PENDING_CHECK_FAILED] client-0 [TypeError: fetch failed] {
17:14:11.511 [META_GATEWAY_PENDING_CHECK_FAILED] client-0 [TypeError: fetch failed] {
17:14:11.514 [META_GATEWAY_PENDING_CHECK_FAILED] client-0 [TypeError: fetch failed] {
17:14:11.518 [META_GATEWAY_PENDING_CHECK_FAILED] client-0 [TypeError: fetch failed] {
17:14:11.521 [META_GATEWAY_PENDING_CHECK_FAILED] client-0 [TypeError: fetch failed] {
17:14:11.524 [META_GATEWAY_PENDING_CHECK_FAILED] client-0 [TypeError: fetch failed] {
17:14:11.526 [META_GATEWAY_PENDING_CHECK_FAILED] client-0 [TypeError: fetch failed] {
17:14:11.529 [META_GATEWAY_PENDING_CHECK_FAILED] client-0 [TypeError: fetch failed] {
17:14:11.533 [META_GATEWAY_PENDING_CHECK_FAILED] client-0 [TypeError: fetch failed] {
17:14:11.536 [META_GATEWAY_PENDING_CHECK_FAILED] client-0 [TypeError: fetch failed] {
17:14:11.542 [META_GATEWAY_CLEAR_PENDING_FAILED] client-0 [TypeError: fetch failed] {
17:14:11.543 [META_GATEWAY_RETRY] client-0 attempt=1 network_error [TypeError: fetch failed] {
17:14:11.544 [META_GATEWAY_RETRY] client-0 attempt=1 network_error [TypeError: fetch failed] {
17:14:11.544 [META_GATEWAY_CLEAR_PENDING_FAILED] client-0 [TypeError: fetch failed] {
17:14:11.546 [META_GATEWAY_RETRY] client-0 attempt=1 network_error [TypeError: fetch failed] {
17:14:11.548 [META_GATEWAY_RETRY] client-0 attempt=1 network_error [TypeError: fetch failed] {
17:14:11.548 [META_GATEWAY_RETRY] client-0 attempt=1 network_error [TypeError: fetch failed] {
17:14:11.548 [META_GATEWAY_CLEAR_PENDING_FAILED] client-0 [TypeError: fetch failed] {
17:14:11.549 [META_GATEWAY_RETRY] client-0 attempt=1 network_error [TypeError: fetch failed] {
17:14:11.549 [META_GATEWAY_RETRY] client-0 attempt=1 network_error [TypeError: fetch failed] {
17:14:11.550 [META_GATEWAY_CLEAR_PENDING_FAILED] client-0 [TypeError: fetch failed] {
17:14:11.550 [META_GATEWAY_RETRY] client-0 attempt=1 network_error [TypeError: fetch failed] {
17:14:11.551 [META_GATEWAY_RETRY] client-0 attempt=1 network_error [TypeError: fetch failed] {
17:14:11.551 [META_GATEWAY_CLEAR_PENDING_FAILED] client-0 [TypeError: fetch failed] {
17:14:11.552 [META_GATEWAY_RETRY] client-0 attempt=1 network_error [TypeError: fetch failed] {
17:14:11.552 [META_GATEWAY_RETRY] client-0 attempt=1 network_error [TypeError: fetch failed] {
17:14:11.553 [META_GATEWAY_CLEAR_PENDING_FAILED] client-0 [TypeError: fetch failed] {
17:14:11.553 [META_GATEWAY_RETRY] client-0 attempt=1 network_error [TypeError: fetch failed] {
17:14:11.554 [META_GATEWAY_RETRY] client-0 attempt=1 network_error [TypeError: fetch failed] {
17:14:11.554 [META_GATEWAY_RETRY] client-0 attempt=1 network_error [TypeError: fetch failed] {
17:14:11.617 [META_GATEWAY_INBOX_RETRY] t-ldmubi8jj3-27 attempt=1 [TypeError: fetch failed] {
17:14:11.618 [META_GATEWAY_INBOX_RETRY] t-ldmubi8jj3-28 attempt=1 [TypeError: fetch failed] {
17:14:11.619 [META_GATEWAY_PENDING_CHECK_FAILED] client-0 [TypeError: fetch failed] {
17:14:11.620 [META_GATEWAY_PENDING_CHECK_FAILED] client-0 [TypeError: fetch failed] {
17:14:11.622 [META_GATEWAY_PENDING_CHECK_FAILED] client-0 [TypeError: fetch failed] {
17:14:11.623 [META_GATEWAY_PENDING_CHECK_FAILED] client-0 [TypeError: fetch failed] {
17:14:11.624 [META_GATEWAY_PENDING_CHECK_FAILED] client-0 [TypeError: fetch failed] {
17:14:11.625 [META_GATEWAY_PENDING_CHECK_FAILED] client-0 [TypeError: fetch failed] {
17:14:11.626 [META_GATEWAY_PENDING_CHECK_FAILED] client-0 [TypeError: fetch failed] {
17:14:11.627 [META_GATEWAY_PENDING_CHECK_FAILED] client-0 [TypeError: fetch failed] {
17:14:11.628 [META_GATEWAY_PENDING_CHECK_FAILED] client-0 [TypeError: fetch failed] {
17:14:11.629 [META_GATEWAY_PENDING_CHECK_FAILED] client-0 [TypeError: fetch failed] {
17:14:11.630 [META_GATEWAY_INBOX_RETRY] t-ldmubi8jj3-37 attempt=1 [TypeError: fetch failed] {
17:14:11.630 [META_GATEWAY_INBOX_RETRY] t-ldmubi8jj3-29 attempt=1 [TypeError: fetch failed] {
17:14:11.631 [META_GATEWAY_INBOX_RETRY] t-ldmubi8jj3-39 attempt=1 [TypeError: fetch failed] {
17:14:11.631 [META_GATEWAY_INBOX_RETRY] t-ldmubi8jj3-38 attempt=1 [TypeError: fetch failed] {
17:14:11.631 [META_GATEWAY_RETRY] client-0 attempt=1 network_error [TypeError: fetch failed] {
17:14:11.632 [META_GATEWAY_CLEAR_PENDING_FAILED] client-0 [TypeError: fetch failed] {
17:14:11.642 [META_GATEWAY_RETRY] client-0 attempt=1 network_error [TypeError: fetch failed] {
17:14:11.643 [META_GATEWAY_CLEAR_PENDING_FAILED] client-0 [TypeError: fetch failed] {
17:14:11.643 [META_GATEWAY_RETRY] client-0 attempt=1 network_error [TypeError: fetch failed] {
17:14:11.644 [META_GATEWAY_RETRY] client-0 attempt=1 network_error [TypeError: fetch failed] {
17:14:11.644 [META_GATEWAY_RETRY] client-0 attempt=1 network_error [TypeError: fetch failed] {
17:14:11.644 [META_GATEWAY_CLEAR_PENDING_FAILED] client-0 [TypeError: fetch failed] {
17:14:11.645 [META_GATEWAY_RETRY] client-0 attempt=1 network_error [TypeError: fetch failed] {
17:14:11.646 [META_GATEWAY_RETRY] client-0 attempt=1 network_error [TypeError: fetch failed] {
17:14:11.650 [META_GATEWAY_INBOX_RETRY] t-ldmubi8jj3-49 attempt=1 [TypeError: fetch failed] {
17:14:11.650 [META_GATEWAY_INBOX_RETRY] t-ldmubi8jj3-48 attempt=1 [TypeError: fetch failed] {
17:14:11.651 [META_GATEWAY_INBOX_RETRY] t-ldmubi8jj3-47 attempt=1 [TypeError: fetch failed] {
17:14:11.968 [META_GATEWAY_RETRY] client-0 attempt=2 network_error [TypeError: fetch failed] {
17:14:11.969 [META_GATEWAY_RETRY] client-0 attempt=2 network_error [TypeError: fetch failed] {
17:14:11.969 [META_GATEWAY_RETRY] client-0 attempt=2 network_error [TypeError: fetch failed] {
17:14:11.976 [META_GATEWAY_RETRY] client-0 attempt=2 network_error [TypeError: fetch failed] {
17:14:11.976 [META_GATEWAY_RETRY] client-0 attempt=2 network_error [TypeError: fetch failed] {
17:14:11.977 [META_GATEWAY_RETRY] client-0 attempt=2 network_error [TypeError: fetch failed] {
17:14:11.977 [META_GATEWAY_RETRY] client-0 attempt=2 network_error [TypeError: fetch failed] {
17:14:11.977 [META_GATEWAY_RETRY] client-0 attempt=2 network_error [TypeError: fetch failed] {
17:14:11.978 [META_GATEWAY_RETRY] client-0 attempt=2 network_error [TypeError: fetch failed] {
17:14:11.978 [META_GATEWAY_RETRY] client-0 attempt=2 network_error [TypeError: fetch failed] {
17:14:11.978 [META_GATEWAY_RETRY] client-0 attempt=2 network_error [TypeError: fetch failed] {
17:14:11.979 [META_GATEWAY_RETRY] client-0 attempt=2 network_error [TypeError: fetch failed] {
17:14:11.979 [META_GATEWAY_RETRY] client-0 attempt=2 network_error [TypeError: fetch failed] {
17:14:11.979 [META_GATEWAY_RETRY] client-0 attempt=2 network_error [TypeError: fetch failed] {
17:14:11.981 [META_GATEWAY_RETRY] client-0 attempt=2 network_error [TypeError: fetch failed] {
17:14:11.982 [META_GATEWAY_RETRY] client-0 attempt=2 network_error [TypeError: fetch failed] {
17:14:11.982 [META_GATEWAY_RETRY] client-0 attempt=2 network_error [TypeError: fetch failed] {
17:14:12.046 [META_GATEWAY_RETRY] client-0 attempt=2 network_error [TypeError: fetch failed] {
17:14:12.047 [META_GATEWAY_RETRY] client-0 attempt=2 network_error [TypeError: fetch failed] {
17:14:12.048 [META_GATEWAY_RETRY] client-0 attempt=2 network_error [TypeError: fetch failed] {
17:14:12.050 [META_GATEWAY_RETRY] client-0 attempt=2 network_error [TypeError: fetch failed] {
17:14:12.051 [META_GATEWAY_RETRY] client-0 attempt=2 network_error [TypeError: fetch failed] {
17:14:12.054 [META_GATEWAY_RETRY] client-0 attempt=2 network_error [TypeError: fetch failed] {
17:14:12.054 [META_GATEWAY_RETRY] client-0 attempt=2 network_error [TypeError: fetch failed] {
17:14:12.055 [META_GATEWAY_RETRY] client-0 attempt=2 network_error [TypeError: fetch failed] {
17:14:12.055 [META_GATEWAY_RETRY] client-0 attempt=2 network_error [TypeError: fetch failed] {
17:14:12.059 [META_GATEWAY_RETRY] client-0 attempt=2 network_error [TypeError: fetch failed] {
17:14:12.060 [META_GATEWAY_RETRY] client-0 attempt=2 network_error [TypeError: fetch failed] {
17:14:12.060 [META_GATEWAY_RETRY] client-0 attempt=2 network_error [TypeError: fetch failed] {
17:14:12.060 [META_GATEWAY_RETRY] client-0 attempt=2 network_error [TypeError: fetch failed] {
17:14:12.060 [META_GATEWAY_RETRY] client-0 attempt=2 network_error [TypeError: fetch failed] {
17:14:12.115 [META_GATEWAY_PENDING_CHECK_FAILED] client-0 [TypeError: fetch failed] {
17:14:12.116 [META_GATEWAY_PENDING_CHECK_FAILED] client-0 [TypeError: fetch failed] {
17:14:12.117 [META_GATEWAY_PENDING_CHECK_FAILED] client-0 [TypeError: fetch failed] {
17:14:12.118 [META_GATEWAY_PENDING_CHECK_FAILED] client-0 [TypeError: fetch failed] {
17:14:12.119 [META_GATEWAY_PENDING_CHECK_FAILED] client-0 [TypeError: fetch failed] {
17:14:12.120 [META_GATEWAY_PENDING_CHECK_FAILED] client-0 [TypeError: fetch failed] {
17:14:12.121 [META_GATEWAY_PENDING_CHECK_FAILED] client-0 [TypeError: fetch failed] {
17:14:12.122 [META_GATEWAY_PENDING_CHECK_FAILED] client-0 [TypeError: fetch failed] {
17:14:12.123 [META_GATEWAY_PENDING_CHECK_FAILED] client-0 [TypeError: fetch failed] {
17:14:12.124 [META_GATEWAY_PENDING_CHECK_FAILED] client-0 [TypeError: fetch failed] {
17:14:12.126 [META_GATEWAY_PENDING_CHECK_FAILED] client-0 [TypeError: fetch failed] {
17:14:12.127 [META_GATEWAY_PENDING_CHECK_FAILED] client-0 [TypeError: fetch failed] {
17:14:12.128 [META_GATEWAY_CLEAR_PENDING_FAILED] client-0 [TypeError: fetch failed] {
17:14:12.129 [META_GATEWAY_RETRY] client-0 attempt=1 network_error [TypeError: fetch failed] {
17:14:12.129 [META_GATEWAY_RETRY] client-0 attempt=1 network_error [TypeError: fetch failed] {
17:14:12.129 [META_GATEWAY_RETRY] client-0 attempt=1 network_error [TypeError: fetch failed] {
17:14:12.130 [META_GATEWAY_RETRY] client-0 attempt=1 network_error [TypeError: fetch failed] {
17:14:12.130 [META_GATEWAY_RETRY] client-0 attempt=1 network_error [TypeError: fetch failed] {
17:14:12.131 [META_GATEWAY_CLEAR_PENDING_FAILED] client-0 [TypeError: fetch failed] {
17:14:12.131 [META_GATEWAY_RETRY] client-0 attempt=1 network_error [TypeError: fetch failed] {
17:14:12.131 [META_GATEWAY_CLEAR_PENDING_FAILED] client-0 [TypeError: fetch failed] {
17:14:12.132 [META_GATEWAY_RETRY] client-0 attempt=1 network_error [TypeError: fetch failed] {
17:14:12.133 [META_GATEWAY_RETRY] client-0 attempt=1 network_error [TypeError: fetch failed] {
17:14:12.133 [META_GATEWAY_CLEAR_PENDING_FAILED] client-0 [TypeError: fetch failed] {
17:14:12.135 [META_GATEWAY_RETRY] client-0 attempt=2 network_error [TypeError: fetch failed] {
17:14:12.139 [META_GATEWAY_INBOX_RETRY] t-ldmubi8jj3-58 attempt=1 [TypeError: fetch failed] {
17:14:12.140 [META_GATEWAY_INBOX_RETRY] t-ldmubi8jj3-8 attempt=1 [TypeError: fetch failed] {
17:14:12.140 [META_GATEWAY_INBOX_RETRY] t-ldmubi8jj3-59 attempt=1 [TypeError: fetch failed] {
17:14:12.140 [META_GATEWAY_INBOX_RETRY] t-ldmubi8jj3-57 attempt=1 [TypeError: fetch failed] {
17:14:12.155 [META_GATEWAY_RETRY] client-0 attempt=2 network_error [TypeError: fetch failed] {
17:14:12.156 [META_GATEWAY_RETRY] client-0 attempt=2 network_error [TypeError: fetch failed] {
17:14:12.156 [META_GATEWAY_RETRY] client-0 attempt=2 network_error [TypeError: fetch failed] {
17:14:12.156 [META_GATEWAY_RETRY] client-0 attempt=2 network_error [TypeError: fetch failed] {
17:14:12.157 [META_GATEWAY_RETRY] client-0 attempt=2 network_error [TypeError: fetch failed] {
17:14:12.157 [META_GATEWAY_RETRY] client-0 attempt=2 network_error [TypeError: fetch failed] {
17:14:12.182 [client] @@STAGE pg pool.end called 1790010852184
17:14:12.217 [client] EXIT code=0 signal=null
17:14:12.572 [META_GATEWAY_PENDING_CHECK_FAILED] client-0 [TypeError: fetch failed] {
17:14:12.573 [META_GATEWAY_PENDING_CHECK_FAILED] client-0 [TypeError: fetch failed] {
17:14:12.575 [META_GATEWAY_PENDING_CHECK_FAILED] client-0 [TypeError: fetch failed] {
17:14:12.576 [META_GATEWAY_PENDING_CHECK_FAILED] client-0 [TypeError: fetch failed] {
17:14:12.577 [META_GATEWAY_RETRY] client-0 attempt=1 network_error [TypeError: fetch failed] {
17:14:12.578 [META_GATEWAY_CLEAR_PENDING_FAILED] client-0 [TypeError: fetch failed] {
17:14:12.578 [META_GATEWAY_CLEAR_PENDING_FAILED] client-0 [TypeError: fetch failed] {
17:14:12.579 [META_GATEWAY_RETRY] client-0 attempt=1 network_error [TypeError: fetch failed] {
17:14:12.584 [META_GATEWAY_INBOX_RETRY] t-ldmubi8jj3-67 attempt=1 [TypeError: fetch failed] {
17:14:12.584 [META_GATEWAY_INBOX_RETRY] t-ldmubi8jj3-68 attempt=1 [TypeError: fetch failed] {
17:14:12.642 [META_GATEWAY_RETRY] client-0 attempt=2 network_error [TypeError: fetch failed] {
17:14:12.643 [META_GATEWAY_RETRY] client-0 attempt=2 network_error [TypeError: fetch failed] {
17:14:12.643 [META_GATEWAY_RETRY] client-0 attempt=2 network_error [TypeError: fetch failed] {
17:14:12.644 [META_GATEWAY_RETRY] client-0 attempt=2 network_error [TypeError: fetch failed] {
17:14:12.644 [META_GATEWAY_RETRY] client-0 attempt=2 network_error [TypeError: fetch failed] {
17:14:12.644 [META_GATEWAY_RETRY] client-0 attempt=2 network_error [TypeError: fetch failed] {
17:14:12.645 [META_GATEWAY_RETRY] client-0 attempt=2 network_error [TypeError: fetch failed] {
17:14:12.645 [META_GATEWAY_RETRY] client-0 attempt=2 network_error [TypeError: fetch failed] {
17:14:13.076 [META_GATEWAY_PENDING_CHECK_FAILED] client-0 [TypeError: fetch failed] {
17:14:13.077 [META_GATEWAY_PENDING_CHECK_FAILED] client-0 [TypeError: fetch failed] {
17:14:13.079 [META_GATEWAY_RETRY] client-0 attempt=1 network_error [TypeError: fetch failed] {
17:14:13.079 [META_GATEWAY_CLEAR_PENDING_FAILED] client-0 [TypeError: fetch failed] {
17:14:13.080 [META_GATEWAY_RETRY] client-0 attempt=2 network_error [TypeError: fetch failed] {
17:14:13.081 [META_GATEWAY_RETRY] client-0 attempt=2 network_error [TypeError: fetch failed] {
17:14:13.085 [META_GATEWAY_INBOX_RETRY] t-ldmubi8jj3-69 attempt=1 [TypeError: fetch failed] {
17:14:13.489 [META_GATEWAY_FAILED] client-0 network_error [TypeError: fetch failed] {
17:14:13.491 [META_GATEWAY_FAILED] client-0 network_error [TypeError: fetch failed] {
17:14:13.491 [META_GATEWAY_FAILED] client-0 network_error [TypeError: fetch failed] {
17:14:13.492 [META_GATEWAY_FAILED] client-0 network_error [TypeError: fetch failed] {
17:14:13.492 [META_GATEWAY_FAILED] client-0 network_error [TypeError: fetch failed] {
17:14:13.493 [META_GATEWAY_FAILED] client-0 network_error [TypeError: fetch failed] {
17:14:13.493 [META_GATEWAY_FAILED] client-0 network_error [TypeError: fetch failed] {
17:14:13.494 [META_GATEWAY_FAILED] client-0 network_error [TypeError: fetch failed] {
17:14:13.494 [META_GATEWAY_FAILED] client-0 network_error [TypeError: fetch failed] {
17:14:13.495 [META_GATEWAY_FAILED] client-0 network_error [TypeError: fetch failed] {
17:14:13.495 [META_GATEWAY_FAILED] client-0 network_error [TypeError: fetch failed] {
17:14:13.496 [META_GATEWAY_FAILED] client-0 network_error [TypeError: fetch failed] {
17:14:13.496 [META_GATEWAY_FAILED] client-0 network_error [TypeError: fetch failed] {
17:14:13.496 [META_GATEWAY_FAILED] client-0 network_error [TypeError: fetch failed] {
17:14:13.501 [META_GATEWAY_FAILED] client-0 network_error [TypeError: fetch failed] {
17:14:13.502 [META_GATEWAY_FAILED] client-0 network_error [TypeError: fetch failed] {
17:14:13.502 [META_GATEWAY_FAILED] client-0 network_error [TypeError: fetch failed] {
17:14:13.513 [META_GATEWAY_INBOX_RETRY] t-ldmubi8jj3-21 attempt=1 [TypeError: fetch failed] {
17:14:13.513 [META_GATEWAY_INBOX_RETRY] t-ldmubi8jj3-16 attempt=1 [TypeError: fetch failed] {
17:14:13.518 [META_GATEWAY_INBOX_RETRY] t-ldmubi8jj3-15 attempt=1 [TypeError: fetch failed] {
17:14:13.520 [META_GATEWAY_INBOX_RETRY] t-ldmubi8jj3-11 attempt=1 [TypeError: fetch failed] {
17:14:13.521 [META_GATEWAY_INBOX_RETRY] t-ldmubi8jj3-10 attempt=1 [TypeError: fetch failed] {
17:14:13.523 [META_GATEWAY_INBOX_RETRY] t-ldmubi8jj3-22 attempt=1 [TypeError: fetch failed] {
17:14:13.524 [META_GATEWAY_INBOX_RETRY] t-ldmubi8jj3-0 attempt=1 [TypeError: fetch failed] {
17:14:13.525 [META_GATEWAY_INBOX_RETRY] t-ldmubi8jj3-1 attempt=1 [TypeError: fetch failed] {
17:14:13.525 [META_GATEWAY_INBOX_RETRY] t-ldmubi8jj3-13 attempt=1 [TypeError: fetch failed] {
17:14:13.525 [META_GATEWAY_INBOX_RETRY] t-ldmubi8jj3-25 attempt=1 [TypeError: fetch failed] {
17:14:13.526 [META_GATEWAY_INBOX_RETRY] t-ldmubi8jj3-24 attempt=1 [TypeError: fetch failed] {
17:14:13.527 [META_GATEWAY_INBOX_RETRY] t-ldmubi8jj3-2 attempt=1 [TypeError: fetch failed] {
17:14:13.530 [META_GATEWAY_INBOX_RETRY] t-ldmubi8jj3-12 attempt=1 [TypeError: fetch failed] {
17:14:13.531 [META_GATEWAY_INBOX_RETRY] t-ldmubi8jj3-14 attempt=1 [TypeError: fetch failed] {
17:14:13.532 [META_GATEWAY_INBOX_RETRY] t-ldmubi8jj3-20 attempt=1 [TypeError: fetch failed] {
17:14:13.532 [META_GATEWAY_INBOX_RETRY] t-ldmubi8jj3-23 attempt=1 [TypeError: fetch failed] {
17:14:13.533 [META_GATEWAY_INBOX_RETRY] t-ldmubi8jj3-26 attempt=1 [TypeError: fetch failed] {
17:14:13.639 [META_GATEWAY_FAILED] client-0 network_error [TypeError: fetch failed] {
17:14:13.639 [META_GATEWAY_FAILED] client-0 network_error [TypeError: fetch failed] {
17:14:13.640 [META_GATEWAY_FAILED] client-0 network_error [TypeError: fetch failed] {
17:14:13.641 [META_GATEWAY_FAILED] client-0 network_error [TypeError: fetch failed] {
17:14:13.641 [META_GATEWAY_FAILED] client-0 network_error [TypeError: fetch failed] {
17:14:13.642 [META_GATEWAY_FAILED] client-0 network_error [TypeError: fetch failed] {
17:14:13.643 [META_GATEWAY_FAILED] client-0 network_error [TypeError: fetch failed] {
17:14:13.644 [META_GATEWAY_FAILED] client-0 network_error [TypeError: fetch failed] {
17:14:13.644 [META_GATEWAY_FAILED] client-0 network_error [TypeError: fetch failed] {
17:14:13.645 [META_GATEWAY_FAILED] client-0 network_error [TypeError: fetch failed] {
17:14:13.646 [META_GATEWAY_FAILED] client-0 network_error [TypeError: fetch failed] {
17:14:13.646 [META_GATEWAY_FAILED] client-0 network_error [TypeError: fetch failed] {
17:14:13.647 [META_GATEWAY_FAILED] client-0 network_error [TypeError: fetch failed] {
17:14:13.647 [META_GATEWAY_FAILED] client-0 network_error [TypeError: fetch failed] {
17:14:13.648 [META_GATEWAY_RETRY] client-0 attempt=2 network_error [TypeError: fetch failed] {
17:14:13.652 [META_GATEWAY_PENDING_CHECK_FAILED] client-0 [TypeError: fetch failed] {
17:14:13.655 [META_GATEWAY_PENDING_CHECK_FAILED] client-0 [TypeError: fetch failed] {
17:14:13.657 [META_GATEWAY_PENDING_CHECK_FAILED] client-0 [TypeError: fetch failed] {
17:14:13.658 [META_GATEWAY_PENDING_CHECK_FAILED] client-0 [TypeError: fetch failed] {
17:14:13.659 [META_GATEWAY_PENDING_CHECK_FAILED] client-0 [TypeError: fetch failed] {
17:14:13.661 [META_GATEWAY_PENDING_CHECK_FAILED] client-0 [TypeError: fetch failed] {
17:14:13.662 [META_GATEWAY_PENDING_CHECK_FAILED] client-0 [TypeError: fetch failed] {
17:14:13.663 [META_GATEWAY_PENDING_CHECK_FAILED] client-0 [TypeError: fetch failed] {
17:14:13.664 [META_GATEWAY_PENDING_CHECK_FAILED] client-0 [TypeError: fetch failed] {
17:14:13.665 [META_GATEWAY_PENDING_CHECK_FAILED] client-0 [TypeError: fetch failed] {
17:14:13.666 [META_GATEWAY_PENDING_CHECK_FAILED] client-0 [TypeError: fetch failed] {
17:14:13.668 [META_GATEWAY_PENDING_CHECK_FAILED] client-0 [TypeError: fetch failed] {
17:14:13.669 [META_GATEWAY_PENDING_CHECK_FAILED] client-0 [TypeError: fetch failed] {
17:14:13.671 [META_GATEWAY_PENDING_CHECK_FAILED] client-0 [TypeError: fetch failed] {
17:14:13.673 [META_GATEWAY_PENDING_CHECK_FAILED] client-0 [TypeError: fetch failed] {
17:14:13.674 [META_GATEWAY_PENDING_CHECK_FAILED] client-0 [TypeError: fetch failed] {
17:14:13.676 [META_GATEWAY_PENDING_CHECK_FAILED] client-0 [TypeError: fetch failed] {
17:14:13.677 [META_GATEWAY_PENDING_CHECK_FAILED] client-0 [TypeError: fetch failed] {
17:14:13.680 [META_GATEWAY_FAILED] client-0 network_error [TypeError: fetch failed] {
17:14:13.684 [META_GATEWAY_CLEAR_PENDING_FAILED] client-0 [TypeError: fetch failed] {
17:14:13.685 [META_GATEWAY_RETRY] client-0 attempt=1 network_error [TypeError: fetch failed] {
17:14:13.685 [META_GATEWAY_CLEAR_PENDING_FAILED] client-0 [TypeError: fetch failed] {
17:14:13.686 [META_GATEWAY_RETRY] client-0 attempt=1 network_error [TypeError: fetch failed] {
17:14:13.686 [META_GATEWAY_CLEAR_PENDING_FAILED] client-0 [TypeError: fetch failed] {
17:14:13.687 [META_GATEWAY_RETRY] client-0 attempt=1 network_error [TypeError: fetch failed] {
17:14:13.687 [META_GATEWAY_RETRY] client-0 attempt=1 network_error [TypeError: fetch failed] {
17:14:13.688 [META_GATEWAY_RETRY] client-0 attempt=1 network_error [TypeError: fetch failed] {
17:14:13.688 [META_GATEWAY_RETRY] client-0 attempt=1 network_error [TypeError: fetch failed] {
17:14:13.689 [META_GATEWAY_RETRY] client-0 attempt=1 network_error [TypeError: fetch failed] {
17:14:13.689 [META_GATEWAY_RETRY] client-0 attempt=1 network_error [TypeError: fetch failed] {
17:14:13.689 [META_GATEWAY_CLEAR_PENDING_FAILED] client-0 [TypeError: fetch failed] {
17:14:13.690 [META_GATEWAY_RETRY] client-0 attempt=1 network_error [TypeError: fetch failed] {
17:14:13.690 [META_GATEWAY_RETRY] client-0 attempt=1 network_error [TypeError: fetch failed] {
17:14:13.690 [META_GATEWAY_RETRY] client-0 attempt=1 network_error [TypeError: fetch failed] {
17:14:13.691 [META_GATEWAY_RETRY] client-0 attempt=1 network_error [TypeError: fetch failed] {
17:14:13.691 [META_GATEWAY_RETRY] client-0 attempt=1 network_error [TypeError: fetch failed] {
17:14:13.692 [META_GATEWAY_RETRY] client-0 attempt=1 network_error [TypeError: fetch failed] {
17:14:13.694 [META_GATEWAY_FAILED] client-0 network_error [TypeError: fetch failed] {
17:14:13.695 [META_GATEWAY_FAILED] client-0 network_error [TypeError: fetch failed] {
17:14:13.695 [META_GATEWAY_FAILED] client-0 network_error [TypeError: fetch failed] {
17:14:13.695 [META_GATEWAY_FAILED] client-0 network_error [TypeError: fetch failed] {
17:14:13.696 [META_GATEWAY_FAILED] client-0 network_error [TypeError: fetch failed] {
17:14:13.696 [META_GATEWAY_FAILED] client-0 network_error [TypeError: fetch failed] {
17:14:13.702 [META_GATEWAY_INBOX_RETRY] t-ldmubi8jj3-34 attempt=1 [TypeError: fetch failed] {
17:14:13.702 [META_GATEWAY_INBOX_RETRY] t-ldmubi8jj3-30 attempt=1 [TypeError: fetch failed] {
17:14:13.702 [META_GATEWAY_INBOX_RETRY] t-ldmubi8jj3-31 attempt=1 [TypeError: fetch failed] {
17:14:13.703 [META_GATEWAY_INBOX_RETRY] t-ldmubi8jj3-36 attempt=1 [TypeError: fetch failed] {
17:14:13.703 [META_GATEWAY_INBOX_RETRY] t-ldmubi8jj3-32 attempt=1 [TypeError: fetch failed] {
17:14:13.704 [META_GATEWAY_INBOX_RETRY] t-ldmubi8jj3-35 attempt=1 [TypeError: fetch failed] {
17:14:13.704 [META_GATEWAY_INBOX_RETRY] t-ldmubi8jj3-40 attempt=1 [TypeError: fetch failed] {
17:14:13.704 [META_GATEWAY_INBOX_RETRY] t-ldmubi8jj3-33 attempt=1 [TypeError: fetch failed] {
17:14:13.706 [META_GATEWAY_INBOX_RETRY] t-ldmubi8jj3-43 attempt=1 [TypeError: fetch failed] {
17:14:13.706 [META_GATEWAY_INBOX_RETRY] t-ldmubi8jj3-41 attempt=1 [TypeError: fetch failed] {
17:14:13.712 [META_GATEWAY_INBOX_RETRY] t-ldmubi8jj3-44 attempt=1 [TypeError: fetch failed] {
17:14:13.713 [META_GATEWAY_INBOX_RETRY] t-ldmubi8jj3-45 attempt=1 [TypeError: fetch failed] {
17:14:13.714 [META_GATEWAY_INBOX_RETRY] t-ldmubi8jj3-42 attempt=1 [TypeError: fetch failed] {
17:14:13.714 [META_GATEWAY_INBOX_RETRY] t-ldmubi8jj3-3 attempt=1 [TypeError: fetch failed] {
17:14:13.714 [META_GATEWAY_INBOX_RETRY] t-ldmubi8jj3-46 attempt=1 [TypeError: fetch failed] {
17:14:13.714 [META_GATEWAY_INBOX_RETRY] t-ldmubi8jj3-77 attempt=1 [TypeError: fetch failed] {
17:14:13.715 [META_GATEWAY_INBOX_RETRY] t-ldmubi8jj3-79 attempt=1 [TypeError: fetch failed] {
17:14:13.715 [META_GATEWAY_INBOX_RETRY] t-ldmubi8jj3-78 attempt=1 [TypeError: fetch failed] {
17:14:13.715 [META_GATEWAY_INBOX_RETRY] t-ldmubi8jj3-53 attempt=1 [TypeError: fetch failed] {
17:14:13.716 [META_GATEWAY_INBOX_RETRY] t-ldmubi8jj3-9 attempt=1 [TypeError: fetch failed] {
17:14:13.719 [META_GATEWAY_INBOX_RETRY] t-ldmubi8jj3-50 attempt=1 [TypeError: fetch failed] {
17:14:13.719 [META_GATEWAY_INBOX_RETRY] t-ldmubi8jj3-52 attempt=1 [TypeError: fetch failed] {
17:14:13.720 [META_GATEWAY_INBOX_RETRY] t-ldmubi8jj3-54 attempt=1 [TypeError: fetch failed] {
17:14:13.720 [META_GATEWAY_INBOX_RETRY] t-ldmubi8jj3-51 attempt=1 [TypeError: fetch failed] {
17:14:13.720 [META_GATEWAY_INBOX_RETRY] t-ldmubi8jj3-55 attempt=1 [TypeError: fetch failed] {
17:14:14.150 [META_GATEWAY_FAILED] client-0 network_error [TypeError: fetch failed] {
17:14:14.151 [META_GATEWAY_FAILED] client-0 network_error [TypeError: fetch failed] {
17:14:14.152 [META_GATEWAY_FAILED] client-0 network_error [TypeError: fetch failed] {
17:14:14.153 [META_GATEWAY_FAILED] client-0 network_error [TypeError: fetch failed] {
17:14:14.221 [META_GATEWAY_FAILED] client-0 network_error [TypeError: fetch failed] {
17:14:14.222 [META_GATEWAY_FAILED] client-0 network_error [TypeError: fetch failed] {
17:14:14.223 [META_GATEWAY_FAILED] client-0 network_error [TypeError: fetch failed] {
17:14:14.224 [META_GATEWAY_FAILED] client-0 network_error [TypeError: fetch failed] {
17:14:14.301 [META_GATEWAY_RETRY] client-0 attempt=2 network_error [TypeError: fetch failed] {
17:14:14.301 [META_GATEWAY_RETRY] client-0 attempt=2 network_error [TypeError: fetch failed] {
17:14:14.302 [META_GATEWAY_RETRY] client-0 attempt=2 network_error [TypeError: fetch failed] {
17:14:14.302 [META_GATEWAY_RETRY] client-0 attempt=2 network_error [TypeError: fetch failed] {
17:14:14.302 [META_GATEWAY_RETRY] client-0 attempt=2 network_error [TypeError: fetch failed] {
17:14:14.303 [META_GATEWAY_RETRY] client-0 attempt=2 network_error [TypeError: fetch failed] {
17:14:14.303 [META_GATEWAY_RETRY] client-0 attempt=2 network_error [TypeError: fetch failed] {
17:14:14.303 [META_GATEWAY_RETRY] client-0 attempt=2 network_error [TypeError: fetch failed] {
17:14:14.304 [META_GATEWAY_RETRY] client-0 attempt=2 network_error [TypeError: fetch failed] {
17:14:14.304 [META_GATEWAY_RETRY] client-0 attempt=2 network_error [TypeError: fetch failed] {
17:14:14.304 [META_GATEWAY_RETRY] client-0 attempt=2 network_error [TypeError: fetch failed] {
17:14:14.304 [META_GATEWAY_RETRY] client-0 attempt=2 network_error [TypeError: fetch failed] {
17:14:14.305 [META_GATEWAY_RETRY] client-0 attempt=2 network_error [TypeError: fetch failed] {
17:14:14.305 [META_GATEWAY_RETRY] client-0 attempt=2 network_error [TypeError: fetch failed] {
17:14:14.327 [META_GATEWAY_PENDING_CHECK_FAILED] client-0 [TypeError: fetch failed] {
17:14:14.329 [META_GATEWAY_PENDING_CHECK_FAILED] client-0 [TypeError: fetch failed] {
17:14:14.330 [META_GATEWAY_PENDING_CHECK_FAILED] client-0 [TypeError: fetch failed] {
17:14:14.331 [META_GATEWAY_PENDING_CHECK_FAILED] client-0 [TypeError: fetch failed] {
17:14:14.333 [META_GATEWAY_PENDING_CHECK_FAILED] client-0 [TypeError: fetch failed] {
17:14:14.334 [META_GATEWAY_PENDING_CHECK_FAILED] client-0 [TypeError: fetch failed] {
17:14:14.335 [META_GATEWAY_PENDING_CHECK_FAILED] client-0 [TypeError: fetch failed] {
17:14:14.336 [META_GATEWAY_PENDING_CHECK_FAILED] client-0 [TypeError: fetch failed] {
17:14:14.339 [META_GATEWAY_PENDING_CHECK_FAILED] client-0 [TypeError: fetch failed] {
17:14:14.341 [META_GATEWAY_PENDING_CHECK_FAILED] client-0 [TypeError: fetch failed] {
17:14:14.343 [META_GATEWAY_PENDING_CHECK_FAILED] client-0 [TypeError: fetch failed] {
17:14:14.345 [META_GATEWAY_PENDING_CHECK_FAILED] client-0 [TypeError: fetch failed] {
17:14:14.346 [META_GATEWAY_PENDING_CHECK_FAILED] client-0 [TypeError: fetch failed] {
17:14:14.348 [META_GATEWAY_PENDING_CHECK_FAILED] client-0 [TypeError: fetch failed] {
17:14:14.349 [META_GATEWAY_PENDING_CHECK_FAILED] client-0 [TypeError: fetch failed] {
17:14:14.351 [META_GATEWAY_PENDING_CHECK_FAILED] client-0 [TypeError: fetch failed] {
17:14:14.353 [META_GATEWAY_PENDING_CHECK_FAILED] client-0 [TypeError: fetch failed] {
17:14:14.355 [META_GATEWAY_PENDING_CHECK_FAILED] client-0 [TypeError: fetch failed] {
17:14:14.357 [META_GATEWAY_PENDING_CHECK_FAILED] client-0 [TypeError: fetch failed] {
17:14:14.359 [META_GATEWAY_PENDING_CHECK_FAILED] client-0 [TypeError: fetch failed] {
17:14:14.372 [META_GATEWAY_CLEAR_PENDING_FAILED] client-0 [TypeError: fetch failed] {
17:14:14.373 [META_GATEWAY_RETRY] client-0 attempt=1 network_error [TypeError: fetch failed] {
17:14:14.374 [META_GATEWAY_CLEAR_PENDING_FAILED] client-0 [TypeError: fetch failed] {
17:14:14.375 [META_GATEWAY_CLEAR_PENDING_FAILED] client-0 [TypeError: fetch failed] {
17:14:14.375 [META_GATEWAY_RETRY] client-0 attempt=1 network_error [TypeError: fetch failed] {
17:14:14.376 [META_GATEWAY_CLEAR_PENDING_FAILED] client-0 [TypeError: fetch failed] {
17:14:14.376 [META_GATEWAY_CLEAR_PENDING_FAILED] client-0 [TypeError: fetch failed] {
17:14:14.377 [META_GATEWAY_RETRY] client-0 attempt=1 network_error [TypeError: fetch failed] {
17:14:14.377 [META_GATEWAY_RETRY] client-0 attempt=1 network_error [TypeError: fetch failed] {
17:14:14.378 [META_GATEWAY_RETRY] client-0 attempt=1 network_error [TypeError: fetch failed] {
17:14:14.378 [META_GATEWAY_RETRY] client-0 attempt=1 network_error [TypeError: fetch failed] {
17:14:14.379 [META_GATEWAY_RETRY] client-0 attempt=1 network_error [TypeError: fetch failed] {
17:14:14.379 [META_GATEWAY_CLEAR_PENDING_FAILED] client-0 [TypeError: fetch failed] {
17:14:14.379 [META_GATEWAY_RETRY] client-0 attempt=1 network_error [TypeError: fetch failed] {
17:14:14.380 [META_GATEWAY_RETRY] client-0 attempt=1 network_error [TypeError: fetch failed] {
17:14:14.380 [META_GATEWAY_RETRY] client-0 attempt=1 network_error [TypeError: fetch failed] {
17:14:14.380 [META_GATEWAY_CLEAR_PENDING_FAILED] client-0 [TypeError: fetch failed] {
17:14:14.381 [META_GATEWAY_RETRY] client-0 attempt=1 network_error [TypeError: fetch failed] {
17:14:14.381 [META_GATEWAY_RETRY] client-0 attempt=1 network_error [TypeError: fetch failed] {
17:14:14.382 [META_GATEWAY_RETRY] client-0 attempt=1 network_error [TypeError: fetch failed] {
17:14:14.392 [META_GATEWAY_INBOX_RETRY] t-ldmubi8jj3-60 attempt=1 [TypeError: fetch failed] {
17:14:14.392 [META_GATEWAY_INBOX_RETRY] t-ldmubi8jj3-64 attempt=1 [TypeError: fetch failed] {
17:14:14.393 [META_GATEWAY_INBOX_RETRY] t-ldmubi8jj3-61 attempt=1 [TypeError: fetch failed] {
17:14:14.394 [META_GATEWAY_INBOX_RETRY] t-ldmubi8jj3-56 attempt=1 [TypeError: fetch failed] {
17:14:14.395 [META_GATEWAY_INBOX_RETRY] t-ldmubi8jj3-62 attempt=1 [TypeError: fetch failed] {
17:14:14.396 [META_GATEWAY_INBOX_RETRY] t-ldmubi8jj3-65 attempt=1 [TypeError: fetch failed] {
17:14:14.396 [META_GATEWAY_INBOX_RETRY] t-ldmubi8jj3-63 attempt=1 [TypeError: fetch failed] {
17:14:14.396 [META_GATEWAY_INBOX_RETRY] t-ldmubi8jj3-4 attempt=1 [TypeError: fetch failed] {
17:14:14.426 [META_GATEWAY_PENDING_CHECK_FAILED] client-0 [TypeError: fetch failed] {
17:14:14.427 [META_GATEWAY_PENDING_CHECK_FAILED] client-0 [TypeError: fetch failed] {
17:14:14.428 [META_GATEWAY_PENDING_CHECK_FAILED] client-0 [TypeError: fetch failed] {
17:14:14.429 [META_GATEWAY_PENDING_CHECK_FAILED] client-0 [TypeError: fetch failed] {
17:14:14.429 [META_GATEWAY_PENDING_CHECK_FAILED] client-0 [TypeError: fetch failed] {
17:14:14.431 [META_GATEWAY_INBOX_RETRY] t-ldmubi8jj3-87 attempt=1 [TypeError: fetch failed] {
17:14:14.432 [META_GATEWAY_RETRY] client-0 attempt=1 network_error [TypeError: fetch failed] {
17:14:14.432 [META_GATEWAY_CLEAR_PENDING_FAILED] client-0 [TypeError: fetch failed] {
17:14:14.433 [META_GATEWAY_RETRY] client-0 attempt=1 network_error [TypeError: fetch failed] {
17:14:14.433 [META_GATEWAY_CLEAR_PENDING_FAILED] client-0 [TypeError: fetch failed] {
17:14:14.434 [META_GATEWAY_CLEAR_PENDING_FAILED] client-0 [TypeError: fetch failed] {
17:14:14.435 [META_GATEWAY_INBOX_RETRY] t-ldmubi8jj3-99 attempt=1 [TypeError: fetch failed] {
17:14:14.435 [META_GATEWAY_INBOX_RETRY] t-ldmubi8jj3-89 attempt=1 [TypeError: fetch failed] {
17:14:14.435 [META_GATEWAY_INBOX_RETRY] t-ldmubi8jj3-97 attempt=1 [TypeError: fetch failed] {
17:14:14.436 [META_GATEWAY_INBOX_RETRY] t-ldmubi8jj3-88 attempt=1 [TypeError: fetch failed] {
17:14:14.437 [META_GATEWAY_INBOX_RETRY] t-ldmubi8jj3-98 attempt=1 [TypeError: fetch failed] {
17:14:14.438 [META_GATEWAY_INBOX_RETRY] t-ldmubi8jj3-7 attempt=1 [TypeError: fetch failed] {
17:14:14.440 [META_GATEWAY_INBOX_RETRY] t-ldmubi8jj3-107 attempt=1 [TypeError: fetch failed] {
17:14:14.440 [META_GATEWAY_INBOX_RETRY] t-ldmubi8jj3-109 attempt=1 [TypeError: fetch failed] {
17:14:14.452 [META_GATEWAY_INBOX_RETRY] t-ldmubi8jj3-108 attempt=1 [TypeError: fetch failed] {
17:14:14.470 [META_GATEWAY_PENDING_CHECK_FAILED] client-0 [TypeError: fetch failed] {
17:14:14.471 [META_GATEWAY_PENDING_CHECK_FAILED] client-0 [TypeError: fetch failed] {
17:14:14.472 [META_GATEWAY_PENDING_CHECK_FAILED] client-0 [TypeError: fetch failed] {
17:14:14.473 [META_GATEWAY_PENDING_CHECK_FAILED] client-0 [TypeError: fetch failed] {
17:14:14.474 [META_GATEWAY_PENDING_CHECK_FAILED] client-0 [TypeError: fetch failed] {
17:14:14.475 [META_GATEWAY_PENDING_CHECK_FAILED] client-0 [TypeError: fetch failed] {
17:14:14.476 [META_GATEWAY_PENDING_CHECK_FAILED] client-0 [TypeError: fetch failed] {
17:14:14.477 [META_GATEWAY_PENDING_CHECK_FAILED] client-0 [TypeError: fetch failed] {
17:14:14.478 [META_GATEWAY_RETRY] client-0 attempt=1 network_error [TypeError: fetch failed] {