17:59:24.659 [harness] SIGTERM sent
17:59:24.687 [client] SIGTERM received, draining…
17:59:24.688 [client] @@STAGE server.close called 1790013564688
17:59:24.688 [client] @@STAGE at close: {"requestsInFlight":[],"n":0}
17:59:24.689 [client] @@STAGE sockets at close: ["remote=::ffff:127.0.0.1:63726 local=63521 bytesRead=259 idleSinceLastReadOrWrite=?","remote=::ffff:127.0.0.1:63752 local=63521 bytesRead=311 idleSinceLastReadOrWrite=?","remote=::ffff:127.0.0.1:63753 local=63521 bytesRead=311 idleSinceLastReadOrWrite=?","remote=::ffff:127
17:59:24.693 [client] @@STAGE server.close done +5ms
17:59:24.694 [client] @@STAGE pg pool.end called 1790013564694
17:59:24.937 [META_GATEWAY_RETRY] client-0 attempt=1 network_error [TypeError: fetch failed] {
17:59:24.938 [META_GATEWAY_RETRY] client-0 attempt=1 network_error [TypeError: fetch failed] {
17:59:24.938 [META_GATEWAY_RETRY] client-0 attempt=1 network_error [TypeError: fetch failed] {
17:59:24.938 [META_GATEWAY_RETRY] client-0 attempt=1 network_error [TypeError: fetch failed] {
17:59:24.939 [META_GATEWAY_RETRY] client-0 attempt=1 network_error [TypeError: fetch failed] {
17:59:24.940 [META_GATEWAY_RETRY] client-0 attempt=1 network_error [TypeError: fetch failed] {
17:59:24.940 [META_GATEWAY_RETRY] client-0 attempt=1 network_error [TypeError: fetch failed] {
17:59:24.963 [META_GATEWAY_RETRY] client-0 attempt=1 network_error [TypeError: fetch failed] {
17:59:24.963 [META_GATEWAY_RETRY] client-0 attempt=1 network_error [TypeError: fetch failed] {
17:59:24.964 [META_GATEWAY_RETRY] client-0 attempt=1 network_error [TypeError: fetch failed] {
17:59:24.964 [META_GATEWAY_RETRY] client-0 attempt=1 network_error [TypeError: fetch failed] {
17:59:24.965 [META_GATEWAY_RETRY] client-0 attempt=1 network_error [TypeError: fetch failed] {
17:59:24.965 [META_GATEWAY_RETRY] client-0 attempt=1 network_error [TypeError: fetch failed] {
17:59:24.965 [META_GATEWAY_RETRY] client-0 attempt=1 network_error [TypeError: fetch failed] {
17:59:24.966 [META_GATEWAY_RETRY] client-0 attempt=1 network_error [TypeError: fetch failed] {
17:59:24.966 [META_GATEWAY_RETRY] client-0 attempt=1 network_error [TypeError: fetch failed] {
17:59:24.966 [META_GATEWAY_RETRY] client-0 attempt=1 network_error [TypeError: fetch failed] {
17:59:24.967 [META_GATEWAY_PENDING_CHECK_FAILED] client-0 [TypeError: fetch failed] {
17:59:24.972 [META_GATEWAY_PENDING_CHECK_FAILED] client-0 [TypeError: fetch failed] {
17:59:24.977 [META_GATEWAY_PENDING_CHECK_FAILED] client-0 [TypeError: fetch failed] {
17:59:24.981 [META_GATEWAY_PENDING_CHECK_FAILED] client-0 [TypeError: fetch failed] {
17:59:24.983 [META_GATEWAY_PENDING_CHECK_FAILED] client-0 [TypeError: fetch failed] {
17:59:24.984 [META_GATEWAY_PENDING_CHECK_FAILED] client-0 [TypeError: fetch failed] {
17:59:24.986 [META_GATEWAY_PENDING_CHECK_FAILED] client-0 [TypeError: fetch failed] {
17:59:24.995 [META_GATEWAY_PENDING_CHECK_FAILED] client-0 [TypeError: fetch failed] {
17:59:25.000 [META_GATEWAY_PENDING_CHECK_FAILED] client-0 [TypeError: fetch failed] {
17:59:25.002 [META_GATEWAY_PENDING_CHECK_FAILED] client-0 [TypeError: fetch failed] {
17:59:25.004 [META_GATEWAY_PENDING_CHECK_FAILED] client-0 [TypeError: fetch failed] {
17:59:25.005 [META_GATEWAY_PENDING_CHECK_FAILED] client-0 [TypeError: fetch failed] {
17:59:25.006 [META_GATEWAY_PENDING_CHECK_FAILED] client-0 [TypeError: fetch failed] {
17:59:25.010 [META_GATEWAY_PENDING_CHECK_FAILED] client-0 [TypeError: fetch failed] {
17:59:25.012 [META_GATEWAY_PENDING_CHECK_FAILED] client-0 [TypeError: fetch failed] {
17:59:25.013 [META_GATEWAY_PENDING_CHECK_FAILED] client-0 [TypeError: fetch failed] {
17:59:25.021 [META_GATEWAY_PENDING_CHECK_FAILED] client-0 [TypeError: fetch failed] {
17:59:25.027 [META_GATEWAY_PENDING_CHECK_FAILED] client-0 [TypeError: fetch failed] {
17:59:25.030 [META_GATEWAY_PENDING_CHECK_FAILED] client-0 [TypeError: fetch failed] {
17:59:25.034 [META_GATEWAY_PENDING_CHECK_FAILED] client-0 [TypeError: fetch failed] {
17:59:25.036 [META_GATEWAY_CLEAR_PENDING_FAILED] client-0 [TypeError: fetch failed] {
17:59:25.038 [META_GATEWAY_RETRY] client-0 attempt=1 network_error [TypeError: fetch failed] {
17:59:25.039 [META_GATEWAY_CLEAR_PENDING_FAILED] client-0 [TypeError: fetch failed] {
17:59:25.040 [META_GATEWAY_RETRY] client-0 attempt=1 network_error [TypeError: fetch failed] {
17:59:25.040 [META_GATEWAY_RETRY] client-0 attempt=1 network_error [TypeError: fetch failed] {
17:59:25.040 [META_GATEWAY_CLEAR_PENDING_FAILED] client-0 [TypeError: fetch failed] {
17:59:25.041 [META_GATEWAY_RETRY] client-0 attempt=1 network_error [TypeError: fetch failed] {
17:59:25.041 [META_GATEWAY_RETRY] client-0 attempt=1 network_error [TypeError: fetch failed] {
17:59:25.042 [META_GATEWAY_RETRY] client-0 attempt=1 network_error [TypeError: fetch failed] {
17:59:25.042 [META_GATEWAY_RETRY] client-0 attempt=1 network_error [TypeError: fetch failed] {
17:59:25.043 [META_GATEWAY_RETRY] client-0 attempt=1 network_error [TypeError: fetch failed] {
17:59:25.043 [META_GATEWAY_RETRY] client-0 attempt=1 network_error [TypeError: fetch failed] {
17:59:25.043 [META_GATEWAY_CLEAR_PENDING_FAILED] client-0 [TypeError: fetch failed] {
17:59:25.044 [META_GATEWAY_RETRY] client-0 attempt=1 network_error [TypeError: fetch failed] {
17:59:25.044 [META_GATEWAY_RETRY] client-0 attempt=1 network_error [TypeError: fetch failed] {
17:59:25.045 [META_GATEWAY_RETRY] client-0 attempt=1 network_error [TypeError: fetch failed] {
17:59:25.045 [META_GATEWAY_CLEAR_PENDING_FAILED] client-0 [TypeError: fetch failed] {
17:59:25.046 [META_GATEWAY_RETRY] client-0 attempt=1 network_error [TypeError: fetch failed] {
17:59:25.047 [META_GATEWAY_RETRY] client-0 attempt=1 network_error [TypeError: fetch failed] {
17:59:25.048 [META_GATEWAY_CLEAR_PENDING_FAILED] client-0 [TypeError: fetch failed] {
17:59:25.115 [META_GATEWAY_INBOX_RETRY] t-ldmubjuoh4-28 attempt=1 [TypeError: fetch failed] {
17:59:25.115 [META_GATEWAY_INBOX_RETRY] t-ldmubjuoh4-39 attempt=1 [TypeError: fetch failed] {
17:59:25.115 [META_GATEWAY_INBOX_RETRY] t-ldmubjuoh4-29 attempt=1 [TypeError: fetch failed] {
17:59:25.115 [META_GATEWAY_INBOX_RETRY] t-ldmubjuoh4-37 attempt=1 [TypeError: fetch failed] {
17:59:25.118 [META_GATEWAY_PENDING_CHECK_FAILED] client-0 [TypeError: fetch failed] {
17:59:25.120 [META_GATEWAY_PENDING_CHECK_FAILED] client-0 [TypeError: fetch failed] {
17:59:25.121 [META_GATEWAY_PENDING_CHECK_FAILED] client-0 [TypeError: fetch failed] {
17:59:25.122 [META_GATEWAY_PENDING_CHECK_FAILED] client-0 [TypeError: fetch failed] {
17:59:25.123 [META_GATEWAY_PENDING_CHECK_FAILED] client-0 [TypeError: fetch failed] {
17:59:25.124 [META_GATEWAY_PENDING_CHECK_FAILED] client-0 [TypeError: fetch failed] {
17:59:25.125 [META_GATEWAY_PENDING_CHECK_FAILED] client-0 [TypeError: fetch failed] {
17:59:25.126 [META_GATEWAY_PENDING_CHECK_FAILED] client-0 [TypeError: fetch failed] {
17:59:25.127 [META_GATEWAY_PENDING_CHECK_FAILED] client-0 [TypeError: fetch failed] {
17:59:25.129 [META_GATEWAY_PENDING_CHECK_FAILED] client-0 [TypeError: fetch failed] {
17:59:25.130 [META_GATEWAY_INBOX_RETRY] t-ldmubjuoh4-27 attempt=1 [TypeError: fetch failed] {
17:59:25.130 [META_GATEWAY_INBOX_RETRY] t-ldmubjuoh4-38 attempt=1 [TypeError: fetch failed] {
17:59:25.130 [META_GATEWAY_CLEAR_PENDING_FAILED] client-0 [TypeError: fetch failed] {
17:59:25.131 [META_GATEWAY_CLEAR_PENDING_FAILED] client-0 [TypeError: fetch failed] {
17:59:25.132 [META_GATEWAY_RETRY] client-0 attempt=1 network_error [TypeError: fetch failed] {
17:59:25.132 [META_GATEWAY_RETRY] client-0 attempt=1 network_error [TypeError: fetch failed] {
17:59:25.132 [META_GATEWAY_CLEAR_PENDING_FAILED] client-0 [TypeError: fetch failed] {
17:59:25.133 [META_GATEWAY_RETRY] client-0 attempt=1 network_error [TypeError: fetch failed] {
17:59:25.133 [META_GATEWAY_RETRY] client-0 attempt=1 network_error [TypeError: fetch failed] {
17:59:25.134 [META_GATEWAY_RETRY] client-0 attempt=1 network_error [TypeError: fetch failed] {
17:59:25.134 [META_GATEWAY_RETRY] client-0 attempt=1 network_error [TypeError: fetch failed] {
17:59:25.134 [META_GATEWAY_RETRY] client-0 attempt=1 network_error [TypeError: fetch failed] {
17:59:25.140 [META_GATEWAY_INBOX_RETRY] t-ldmubjuoh4-49 attempt=1 [TypeError: fetch failed] {
17:59:25.140 [META_GATEWAY_INBOX_RETRY] t-ldmubjuoh4-47 attempt=1 [TypeError: fetch failed] {
17:59:25.140 [META_GATEWAY_INBOX_RETRY] t-ldmubjuoh4-48 attempt=1 [TypeError: fetch failed] {
17:59:25.443 [META_GATEWAY_RETRY] client-0 attempt=2 network_error [TypeError: fetch failed] {
17:59:25.443 [META_GATEWAY_RETRY] client-0 attempt=2 network_error [TypeError: fetch failed] {
17:59:25.444 [META_GATEWAY_RETRY] client-0 attempt=2 network_error [TypeError: fetch failed] {
17:59:25.444 [META_GATEWAY_RETRY] client-0 attempt=2 network_error [TypeError: fetch failed] {
17:59:25.446 [META_GATEWAY_RETRY] client-0 attempt=2 network_error [TypeError: fetch failed] {
17:59:25.447 [META_GATEWAY_RETRY] client-0 attempt=2 network_error [TypeError: fetch failed] {
17:59:25.447 [META_GATEWAY_RETRY] client-0 attempt=2 network_error [TypeError: fetch failed] {
17:59:25.477 [META_GATEWAY_RETRY] client-0 attempt=2 network_error [TypeError: fetch failed] {
17:59:25.477 [META_GATEWAY_RETRY] client-0 attempt=2 network_error [TypeError: fetch failed] {
17:59:25.477 [META_GATEWAY_RETRY] client-0 attempt=2 network_error [TypeError: fetch failed] {
17:59:25.478 [META_GATEWAY_RETRY] client-0 attempt=2 network_error [TypeError: fetch failed] {
17:59:25.478 [META_GATEWAY_RETRY] client-0 attempt=2 network_error [TypeError: fetch failed] {
17:59:25.478 [META_GATEWAY_RETRY] client-0 attempt=2 network_error [TypeError: fetch failed] {
17:59:25.479 [META_GATEWAY_RETRY] client-0 attempt=2 network_error [TypeError: fetch failed] {
17:59:25.479 [META_GATEWAY_RETRY] client-0 attempt=2 network_error [TypeError: fetch failed] {
17:59:25.479 [META_GATEWAY_RETRY] client-0 attempt=2 network_error [TypeError: fetch failed] {
17:59:25.480 [META_GATEWAY_RETRY] client-0 attempt=2 network_error [TypeError: fetch failed] {
17:59:25.542 [META_GATEWAY_RETRY] client-0 attempt=2 network_error [TypeError: fetch failed] {
17:59:25.542 [META_GATEWAY_RETRY] client-0 attempt=2 network_error [TypeError: fetch failed] {
17:59:25.546 [META_GATEWAY_RETRY] client-0 attempt=2 network_error [TypeError: fetch failed] {
17:59:25.546 [META_GATEWAY_RETRY] client-0 attempt=2 network_error [TypeError: fetch failed] {
17:59:25.547 [META_GATEWAY_RETRY] client-0 attempt=2 network_error [TypeError: fetch failed] {
17:59:25.547 [META_GATEWAY_RETRY] client-0 attempt=2 network_error [TypeError: fetch failed] {
17:59:25.547 [META_GATEWAY_RETRY] client-0 attempt=2 network_error [TypeError: fetch failed] {
17:59:25.548 [META_GATEWAY_RETRY] client-0 attempt=2 network_error [TypeError: fetch failed] {
17:59:25.553 [META_GATEWAY_RETRY] client-0 attempt=2 network_error [TypeError: fetch failed] {
17:59:25.553 [META_GATEWAY_RETRY] client-0 attempt=2 network_error [TypeError: fetch failed] {
17:59:25.554 [META_GATEWAY_RETRY] client-0 attempt=2 network_error [TypeError: fetch failed] {
17:59:25.554 [META_GATEWAY_RETRY] client-0 attempt=2 network_error [TypeError: fetch failed] {
17:59:25.554 [META_GATEWAY_RETRY] client-0 attempt=2 network_error [TypeError: fetch failed] {
17:59:25.555 [META_GATEWAY_RETRY] client-0 attempt=2 network_error [TypeError: fetch failed] {
17:59:25.611 [client] @@STAGE pg pool.end called 1790013565611
17:59:25.616 [META_GATEWAY_PENDING_CHECK_FAILED] client-0 [TypeError: fetch failed] {
17:59:25.618 [META_GATEWAY_PENDING_CHECK_FAILED] client-0 [TypeError: fetch failed] {
17:59:25.620 [META_GATEWAY_PENDING_CHECK_FAILED] client-0 [TypeError: fetch failed] {
17:59:25.621 [META_GATEWAY_PENDING_CHECK_FAILED] client-0 [TypeError: fetch failed] {
17:59:25.623 [META_GATEWAY_PENDING_CHECK_FAILED] client-0 [TypeError: fetch failed] {
17:59:25.624 [META_GATEWAY_PENDING_CHECK_FAILED] client-0 [TypeError: fetch failed] {
17:59:25.626 [META_GATEWAY_PENDING_CHECK_FAILED] client-0 [TypeError: fetch failed] {
17:59:25.627 [META_GATEWAY_PENDING_CHECK_FAILED] client-0 [TypeError: fetch failed] {
17:59:25.629 [META_GATEWAY_PENDING_CHECK_FAILED] client-0 [TypeError: fetch failed] {
17:59:25.631 [META_GATEWAY_PENDING_CHECK_FAILED] client-0 [TypeError: fetch failed] {
17:59:25.633 [META_GATEWAY_PENDING_CHECK_FAILED] client-0 [TypeError: fetch failed] {
17:59:25.634 [META_GATEWAY_PENDING_CHECK_FAILED] client-0 [TypeError: fetch failed] {
17:59:25.642 [META_GATEWAY_CLEAR_PENDING_FAILED] client-0 [TypeError: fetch failed] {
17:59:25.642 [META_GATEWAY_CLEAR_PENDING_FAILED] client-0 [TypeError: fetch failed] {
17:59:25.643 [META_GATEWAY_RETRY] client-0 attempt=1 network_error [TypeError: fetch failed] {
17:59:25.644 [META_GATEWAY_CLEAR_PENDING_FAILED] client-0 [TypeError: fetch failed] {
17:59:25.644 [META_GATEWAY_RETRY] client-0 attempt=1 network_error [TypeError: fetch failed] {
17:59:25.645 [META_GATEWAY_RETRY] client-0 attempt=1 network_error [TypeError: fetch failed] {
17:59:25.645 [META_GATEWAY_RETRY] client-0 attempt=1 network_error [TypeError: fetch failed] {
17:59:25.646 [META_GATEWAY_RETRY] client-0 attempt=1 network_error [TypeError: fetch failed] {
17:59:25.646 [META_GATEWAY_RETRY] client-0 attempt=1 network_error [TypeError: fetch failed] {
17:59:25.646 [META_GATEWAY_RETRY] client-0 attempt=1 network_error [TypeError: fetch failed] {
17:59:25.647 [META_GATEWAY_RETRY] client-0 attempt=1 network_error [TypeError: fetch failed] {
17:59:25.647 [META_GATEWAY_RETRY] client-0 attempt=1 network_error [TypeError: fetch failed] {
17:59:25.647 [META_GATEWAY_RETRY] client-0 attempt=2 network_error [TypeError: fetch failed] {
17:59:25.648 [META_GATEWAY_RETRY] client-0 attempt=2 network_error [TypeError: fetch failed] {
17:59:25.648 [META_GATEWAY_RETRY] client-0 attempt=2 network_error [TypeError: fetch failed] {
17:59:25.648 [META_GATEWAY_RETRY] client-0 attempt=2 network_error [TypeError: fetch failed] {
17:59:25.649 [META_GATEWAY_RETRY] client-0 attempt=2 network_error [TypeError: fetch failed] {
17:59:25.649 [META_GATEWAY_RETRY] client-0 attempt=2 network_error [TypeError: fetch failed] {
17:59:25.649 [META_GATEWAY_RETRY] client-0 attempt=2 network_error [TypeError: fetch failed] {
17:59:25.655 [client] EXIT code=0 signal=null
17:59:25.658 [META_GATEWAY_INBOX_RETRY] t-ldmubjuoh4-58 attempt=1 [TypeError: fetch failed] {
17:59:25.658 [META_GATEWAY_INBOX_RETRY] t-ldmubjuoh4-57 attempt=1 [TypeError: fetch failed] {
17:59:25.658 [META_GATEWAY_INBOX_RETRY] t-ldmubjuoh4-59 attempt=1 [TypeError: fetch failed] {
17:59:26.078 [META_GATEWAY_PENDING_CHECK_FAILED] client-0 [TypeError: fetch failed] {
17:59:26.079 [META_GATEWAY_PENDING_CHECK_FAILED] client-0 [TypeError: fetch failed] {
17:59:26.080 [META_GATEWAY_PENDING_CHECK_FAILED] client-0 [TypeError: fetch failed] {
17:59:26.081 [META_GATEWAY_RETRY] client-0 attempt=1 network_error [TypeError: fetch failed] {
17:59:26.082 [META_GATEWAY_RETRY] client-0 attempt=1 network_error [TypeError: fetch failed] {
17:59:26.082 [META_GATEWAY_CLEAR_PENDING_FAILED] client-0 [TypeError: fetch failed] {
17:59:26.088 [META_GATEWAY_INBOX_RETRY] t-ldmubjuoh4-7 attempt=1 [TypeError: fetch failed] {
17:59:26.162 [META_GATEWAY_RETRY] client-0 attempt=2 network_error [TypeError: fetch failed] {
17:59:26.162 [META_GATEWAY_RETRY] client-0 attempt=2 network_error [TypeError: fetch failed] {
17:59:26.163 [META_GATEWAY_RETRY] client-0 attempt=2 network_error [TypeError: fetch failed] {
17:59:26.163 [META_GATEWAY_RETRY] client-0 attempt=2 network_error [TypeError: fetch failed] {
17:59:26.164 [META_GATEWAY_RETRY] client-0 attempt=2 network_error [TypeError: fetch failed] {
17:59:26.164 [META_GATEWAY_RETRY] client-0 attempt=2 network_error [TypeError: fetch failed] {
17:59:26.164 [META_GATEWAY_RETRY] client-0 attempt=2 network_error [TypeError: fetch failed] {
17:59:26.165 [META_GATEWAY_RETRY] client-0 attempt=2 network_error [TypeError: fetch failed] {
17:59:26.165 [META_GATEWAY_RETRY] client-0 attempt=2 network_error [TypeError: fetch failed] {
17:59:26.560 [META_GATEWAY_PENDING_CHECK_FAILED] client-0 [TypeError: fetch failed] {
17:59:26.561 [META_GATEWAY_CLEAR_PENDING_FAILED] client-0 [TypeError: fetch failed] {
17:59:26.566 [META_GATEWAY_INBOX_RETRY] t-ldmubjuoh4-67 attempt=1 [TypeError: fetch failed] {
17:59:26.596 [META_GATEWAY_RETRY] client-0 attempt=2 network_error [TypeError: fetch failed] {
17:59:26.597 [META_GATEWAY_RETRY] client-0 attempt=2 network_error [TypeError: fetch failed] {
17:59:26.962 [META_GATEWAY_FAILED] client-0 network_error [TypeError: fetch failed] {
17:59:26.963 [META_GATEWAY_FAILED] client-0 network_error [TypeError: fetch failed] {
17:59:26.963 [META_GATEWAY_FAILED] client-0 network_error [TypeError: fetch failed] {
17:59:26.964 [META_GATEWAY_FAILED] client-0 network_error [TypeError: fetch failed] {
17:59:26.964 [META_GATEWAY_FAILED] client-0 network_error [TypeError: fetch failed] {
17:59:26.965 [META_GATEWAY_FAILED] client-0 network_error [TypeError: fetch failed] {
17:59:26.965 [META_GATEWAY_FAILED] client-0 network_error [TypeError: fetch failed] {
17:59:26.981 [META_GATEWAY_INBOX_RETRY] t-ldmubjuoh4-14 attempt=1 [TypeError: fetch failed] {
17:59:26.982 [META_GATEWAY_INBOX_RETRY] t-ldmubjuoh4-2 attempt=1 [TypeError: fetch failed] {
17:59:26.982 [META_GATEWAY_INBOX_RETRY] t-ldmubjuoh4-0 attempt=1 [TypeError: fetch failed] {
17:59:26.982 [META_GATEWAY_INBOX_RETRY] t-ldmubjuoh4-1 attempt=1 [TypeError: fetch failed] {
17:59:26.989 [META_GATEWAY_INBOX_RETRY] t-ldmubjuoh4-12 attempt=1 [TypeError: fetch failed] {
17:59:26.989 [META_GATEWAY_INBOX_RETRY] t-ldmubjuoh4-11 attempt=1 [TypeError: fetch failed] {
17:59:26.989 [META_GATEWAY_INBOX_RETRY] t-ldmubjuoh4-20 attempt=1 [TypeError: fetch failed] {
17:59:26.990 [META_GATEWAY_FAILED] client-0 network_error [TypeError: fetch failed] {
17:59:26.991 [META_GATEWAY_FAILED] client-0 network_error [TypeError: fetch failed] {
17:59:26.992 [META_GATEWAY_FAILED] client-0 network_error [TypeError: fetch failed] {
17:59:26.993 [META_GATEWAY_FAILED] client-0 network_error [TypeError: fetch failed] {
17:59:26.993 [META_GATEWAY_FAILED] client-0 network_error [TypeError: fetch failed] {
17:59:26.994 [META_GATEWAY_FAILED] client-0 network_error [TypeError: fetch failed] {
17:59:26.995 [META_GATEWAY_FAILED] client-0 network_error [TypeError: fetch failed] {
17:59:26.995 [META_GATEWAY_FAILED] client-0 network_error [TypeError: fetch failed] {
17:59:26.996 [META_GATEWAY_FAILED] client-0 network_error [TypeError: fetch failed] {
17:59:26.996 [META_GATEWAY_FAILED] client-0 network_error [TypeError: fetch failed] {
17:59:27.010 [META_GATEWAY_INBOX_RETRY] t-ldmubjuoh4-13 attempt=1 [TypeError: fetch failed] {
17:59:27.011 [META_GATEWAY_INBOX_RETRY] t-ldmubjuoh4-24 attempt=1 [TypeError: fetch failed] {
17:59:27.011 [META_GATEWAY_INBOX_RETRY] t-ldmubjuoh4-10 attempt=1 [TypeError: fetch failed] {
17:59:27.011 [META_GATEWAY_INBOX_RETRY] t-ldmubjuoh4-16 attempt=1 [TypeError: fetch failed] {
17:59:27.011 [META_GATEWAY_INBOX_RETRY] t-ldmubjuoh4-21 attempt=1 [TypeError: fetch failed] {
17:59:27.012 [META_GATEWAY_INBOX_RETRY] t-ldmubjuoh4-15 attempt=1 [TypeError: fetch failed] {
17:59:27.012 [META_GATEWAY_INBOX_RETRY] t-ldmubjuoh4-22 attempt=1 [TypeError: fetch failed] {
17:59:27.013 [META_GATEWAY_INBOX_RETRY] t-ldmubjuoh4-23 attempt=1 [TypeError: fetch failed] {
17:59:27.013 [META_GATEWAY_INBOX_RETRY] t-ldmubjuoh4-26 attempt=1 [TypeError: fetch failed] {
17:59:27.013 [META_GATEWAY_INBOX_RETRY] t-ldmubjuoh4-25 attempt=1 [TypeError: fetch failed] {
17:59:27.129 [META_GATEWAY_FAILED] client-0 network_error [TypeError: fetch failed] {
17:59:27.130 [META_GATEWAY_FAILED] client-0 network_error [TypeError: fetch failed] {
17:59:27.130 [META_GATEWAY_FAILED] client-0 network_error [TypeError: fetch failed] {
17:59:27.131 [META_GATEWAY_FAILED] client-0 network_error [TypeError: fetch failed] {
17:59:27.131 [META_GATEWAY_FAILED] client-0 network_error [TypeError: fetch failed] {
17:59:27.132 [META_GATEWAY_FAILED] client-0 network_error [TypeError: fetch failed] {
17:59:27.132 [META_GATEWAY_FAILED] client-0 network_error [TypeError: fetch failed] {
17:59:27.133 [META_GATEWAY_FAILED] client-0 network_error [TypeError: fetch failed] {
17:59:27.133 [META_GATEWAY_FAILED] client-0 network_error [TypeError: fetch failed] {
17:59:27.134 [META_GATEWAY_FAILED] client-0 network_error [TypeError: fetch failed] {
17:59:27.135 [META_GATEWAY_FAILED] client-0 network_error [TypeError: fetch failed] {
17:59:27.135 [META_GATEWAY_FAILED] client-0 network_error [TypeError: fetch failed] {
17:59:27.136 [META_GATEWAY_FAILED] client-0 network_error [TypeError: fetch failed] {
17:59:27.136 [META_GATEWAY_FAILED] client-0 network_error [TypeError: fetch failed] {
17:59:27.138 [META_GATEWAY_PENDING_CHECK_FAILED] client-0 [TypeError: fetch failed] {
17:59:27.139 [META_GATEWAY_PENDING_CHECK_FAILED] client-0 [TypeError: fetch failed] {
17:59:27.140 [META_GATEWAY_PENDING_CHECK_FAILED] client-0 [TypeError: fetch failed] {
17:59:27.141 [META_GATEWAY_PENDING_CHECK_FAILED] client-0 [TypeError: fetch failed] {
17:59:27.142 [META_GATEWAY_PENDING_CHECK_FAILED] client-0 [TypeError: fetch failed] {
17:59:27.143 [META_GATEWAY_PENDING_CHECK_FAILED] client-0 [TypeError: fetch failed] {
17:59:27.144 [META_GATEWAY_PENDING_CHECK_FAILED] client-0 [TypeError: fetch failed] {
17:59:27.145 [META_GATEWAY_PENDING_CHECK_FAILED] client-0 [TypeError: fetch failed] {
17:59:27.146 [META_GATEWAY_PENDING_CHECK_FAILED] client-0 [TypeError: fetch failed] {
17:59:27.146 [META_GATEWAY_PENDING_CHECK_FAILED] client-0 [TypeError: fetch failed] {
17:59:27.147 [META_GATEWAY_PENDING_CHECK_FAILED] client-0 [TypeError: fetch failed] {
17:59:27.148 [META_GATEWAY_PENDING_CHECK_FAILED] client-0 [TypeError: fetch failed] {
17:59:27.149 [META_GATEWAY_PENDING_CHECK_FAILED] client-0 [TypeError: fetch failed] {
17:59:27.150 [META_GATEWAY_PENDING_CHECK_FAILED] client-0 [TypeError: fetch failed] {
17:59:27.151 [META_GATEWAY_PENDING_CHECK_FAILED] client-0 [TypeError: fetch failed] {
17:59:27.152 [META_GATEWAY_PENDING_CHECK_FAILED] client-0 [TypeError: fetch failed] {
17:59:27.153 [META_GATEWAY_PENDING_CHECK_FAILED] client-0 [TypeError: fetch failed] {
17:59:27.154 [META_GATEWAY_PENDING_CHECK_FAILED] client-0 [TypeError: fetch failed] {
17:59:27.160 [META_GATEWAY_RETRY] client-0 attempt=1 network_error [TypeError: fetch failed] {
17:59:27.161 [META_GATEWAY_CLEAR_PENDING_FAILED] client-0 [TypeError: fetch failed] {
17:59:27.161 [META_GATEWAY_RETRY] client-0 attempt=1 network_error [TypeError: fetch failed] {
17:59:27.161 [META_GATEWAY_RETRY] client-0 attempt=1 network_error [TypeError: fetch failed] {
17:59:27.162 [META_GATEWAY_CLEAR_PENDING_FAILED] client-0 [TypeError: fetch failed] {
17:59:27.162 [META_GATEWAY_RETRY] client-0 attempt=1 network_error [TypeError: fetch failed] {
17:59:27.162 [META_GATEWAY_RETRY] client-0 attempt=1 network_error [TypeError: fetch failed] {
17:59:27.163 [META_GATEWAY_RETRY] client-0 attempt=1 network_error [TypeError: fetch failed] {
17:59:27.163 [META_GATEWAY_RETRY] client-0 attempt=1 network_error [TypeError: fetch failed] {
17:59:27.163 [META_GATEWAY_RETRY] client-0 attempt=1 network_error [TypeError: fetch failed] {
17:59:27.164 [META_GATEWAY_RETRY] client-0 attempt=1 network_error [TypeError: fetch failed] {
17:59:27.164 [META_GATEWAY_CLEAR_PENDING_FAILED] client-0 [TypeError: fetch failed] {
17:59:27.164 [META_GATEWAY_CLEAR_PENDING_FAILED] client-0 [TypeError: fetch failed] {
17:59:27.165 [META_GATEWAY_CLEAR_PENDING_FAILED] client-0 [TypeError: fetch failed] {
17:59:27.165 [META_GATEWAY_RETRY] client-0 attempt=1 network_error [TypeError: fetch failed] {
17:59:27.165 [META_GATEWAY_CLEAR_PENDING_FAILED] client-0 [TypeError: fetch failed] {
17:59:27.166 [META_GATEWAY_CLEAR_PENDING_FAILED] client-0 [TypeError: fetch failed] {
17:59:27.166 [META_GATEWAY_RETRY] client-0 attempt=1 network_error [TypeError: fetch failed] {
17:59:27.169 [META_GATEWAY_FAILED] client-0 network_error [TypeError: fetch failed] {
17:59:27.169 [META_GATEWAY_FAILED] client-0 network_error [TypeError: fetch failed] {
17:59:27.170 [META_GATEWAY_FAILED] client-0 network_error [TypeError: fetch failed] {
17:59:27.170 [META_GATEWAY_FAILED] client-0 network_error [TypeError: fetch failed] {
17:59:27.170 [META_GATEWAY_FAILED] client-0 network_error [TypeError: fetch failed] {
17:59:27.171 [META_GATEWAY_FAILED] client-0 network_error [TypeError: fetch failed] {
17:59:27.171 [META_GATEWAY_FAILED] client-0 network_error [TypeError: fetch failed] {
17:59:27.177 [META_GATEWAY_INBOX_RETRY] t-ldmubjuoh4-33 attempt=1 [TypeError: fetch failed] {
17:59:27.177 [META_GATEWAY_INBOX_RETRY] t-ldmubjuoh4-43 attempt=1 [TypeError: fetch failed] {
17:59:27.177 [META_GATEWAY_INBOX_RETRY] t-ldmubjuoh4-31 attempt=1 [TypeError: fetch failed] {
17:59:27.177 [META_GATEWAY_INBOX_RETRY] t-ldmubjuoh4-40 attempt=1 [TypeError: fetch failed] {
17:59:27.178 [META_GATEWAY_INBOX_RETRY] t-ldmubjuoh4-30 attempt=1 [TypeError: fetch failed] {
17:59:27.178 [META_GATEWAY_INBOX_RETRY] t-ldmubjuoh4-35 attempt=1 [TypeError: fetch failed] {
17:59:27.178 [META_GATEWAY_INBOX_RETRY] t-ldmubjuoh4-46 attempt=1 [TypeError: fetch failed] {
17:59:27.179 [META_GATEWAY_INBOX_RETRY] t-ldmubjuoh4-32 attempt=1 [TypeError: fetch failed] {
17:59:27.179 [META_GATEWAY_INBOX_RETRY] t-ldmubjuoh4-36 attempt=1 [TypeError: fetch failed] {
17:59:27.180 [META_GATEWAY_INBOX_RETRY] t-ldmubjuoh4-41 attempt=1 [TypeError: fetch failed] {
17:59:27.186 [META_GATEWAY_INBOX_RETRY] t-ldmubjuoh4-34 attempt=1 [TypeError: fetch failed] {
17:59:27.187 [META_GATEWAY_INBOX_RETRY] t-ldmubjuoh4-45 attempt=1 [TypeError: fetch failed] {
17:59:27.187 [META_GATEWAY_INBOX_RETRY] t-ldmubjuoh4-44 attempt=1 [TypeError: fetch failed] {
17:59:27.187 [META_GATEWAY_INBOX_RETRY] t-ldmubjuoh4-42 attempt=1 [TypeError: fetch failed] {
17:59:27.188 [META_GATEWAY_INBOX_RETRY] t-ldmubjuoh4-78 attempt=1 [TypeError: fetch failed] {
17:59:27.189 [META_GATEWAY_INBOX_RETRY] t-ldmubjuoh4-79 attempt=1 [TypeError: fetch failed] {
17:59:27.189 [META_GATEWAY_INBOX_RETRY] t-ldmubjuoh4-68 attempt=1 [TypeError: fetch failed] {
17:59:27.189 [META_GATEWAY_INBOX_RETRY] t-ldmubjuoh4-9 attempt=1 [TypeError: fetch failed] {
17:59:27.189 [META_GATEWAY_INBOX_RETRY] t-ldmubjuoh4-69 attempt=1 [TypeError: fetch failed] {
17:59:27.190 [META_GATEWAY_INBOX_RETRY] t-ldmubjuoh4-77 attempt=1 [TypeError: fetch failed] {
17:59:27.194 [META_GATEWAY_INBOX_RETRY] t-ldmubjuoh4-8 attempt=1 [TypeError: fetch failed] {
17:59:27.194 [META_GATEWAY_INBOX_RETRY] t-ldmubjuoh4-50 attempt=1 [TypeError: fetch failed] {
17:59:27.195 [META_GATEWAY_INBOX_RETRY] t-ldmubjuoh4-51 attempt=1 [TypeError: fetch failed] {
17:59:27.195 [META_GATEWAY_INBOX_RETRY] t-ldmubjuoh4-53 attempt=1 [TypeError: fetch failed] {
17:59:27.195 [META_GATEWAY_INBOX_RETRY] t-ldmubjuoh4-54 attempt=1 [TypeError: fetch failed] {
17:59:27.196 [META_GATEWAY_INBOX_RETRY] t-ldmubjuoh4-52 attempt=1 [TypeError: fetch failed] {
17:59:27.196 [META_GATEWAY_INBOX_RETRY] t-ldmubjuoh4-56 attempt=1 [TypeError: fetch failed] {
17:59:27.196 [META_GATEWAY_INBOX_RETRY] t-ldmubjuoh4-55 attempt=1 [TypeError: fetch failed] {
17:59:27.690 [META_GATEWAY_PENDING_CHECK_FAILED] client-0 [TypeError: fetch failed] {
17:59:27.692 [META_GATEWAY_PENDING_CHECK_FAILED] client-0 [TypeError: fetch failed] {
17:59:27.693 [META_GATEWAY_PENDING_CHECK_FAILED] client-0 [TypeError: fetch failed] {
17:59:27.694 [META_GATEWAY_PENDING_CHECK_FAILED] client-0 [TypeError: fetch failed] {
17:59:27.695 [META_GATEWAY_PENDING_CHECK_FAILED] client-0 [TypeError: fetch failed] {
17:59:27.696 [META_GATEWAY_PENDING_CHECK_FAILED] client-0 [TypeError: fetch failed] {
17:59:27.697 [META_GATEWAY_PENDING_CHECK_FAILED] client-0 [TypeError: fetch failed] {
17:59:27.698 [META_GATEWAY_PENDING_CHECK_FAILED] client-0 [TypeError: fetch failed] {
17:59:27.699 [META_GATEWAY_PENDING_CHECK_FAILED] client-0 [TypeError: fetch failed] {
17:59:27.700 [META_GATEWAY_PENDING_CHECK_FAILED] client-0 [TypeError: fetch failed] {
17:59:27.701 [META_GATEWAY_PENDING_CHECK_FAILED] client-0 [TypeError: fetch failed] {
17:59:27.702 [META_GATEWAY_PENDING_CHECK_FAILED] client-0 [TypeError: fetch failed] {
17:59:27.703 [META_GATEWAY_PENDING_CHECK_FAILED] client-0 [TypeError: fetch failed] {
17:59:27.704 [META_GATEWAY_PENDING_CHECK_FAILED] client-0 [TypeError: fetch failed] {
17:59:27.705 [META_GATEWAY_PENDING_CHECK_FAILED] client-0 [TypeError: fetch failed] {
17:59:27.706 [META_GATEWAY_PENDING_CHECK_FAILED] client-0 [TypeError: fetch failed] {
17:59:27.707 [META_GATEWAY_PENDING_CHECK_FAILED] client-0 [TypeError: fetch failed] {
17:59:27.708 [META_GATEWAY_PENDING_CHECK_FAILED] client-0 [TypeError: fetch failed] {
17:59:27.709 [META_GATEWAY_PENDING_CHECK_FAILED] client-0 [TypeError: fetch failed] {
17:59:27.710 [META_GATEWAY_PENDING_CHECK_FAILED] client-0 [TypeError: fetch failed] {
17:59:27.711 [META_GATEWAY_RETRY] client-0 attempt=2 network_error [TypeError: fetch failed] {
17:59:27.712 [META_GATEWAY_RETRY] client-0 attempt=2 network_error [TypeError: fetch failed] {
17:59:27.712 [META_GATEWAY_RETRY] client-0 attempt=2 network_error [TypeError: fetch failed] {
17:59:27.712 [META_GATEWAY_RETRY] client-0 attempt=2 network_error [TypeError: fetch failed] {
17:59:27.713 [META_GATEWAY_RETRY] client-0 attempt=2 network_error [TypeError: fetch failed] {
17:59:27.713 [META_GATEWAY_RETRY] client-0 attempt=2 network_error [TypeError: fetch failed] {
17:59:27.713 [META_GATEWAY_RETRY] client-0 attempt=2 network_error [TypeError: fetch failed] {
17:59:27.714 [META_GATEWAY_RETRY] client-0 attempt=2 network_error [TypeError: fetch failed] {
17:59:27.714 [META_GATEWAY_RETRY] client-0 attempt=2 network_error [TypeError: fetch failed] {
17:59:27.714 [META_GATEWAY_RETRY] client-0 attempt=2 network_error [TypeError: fetch failed] {
17:59:27.715 [META_GATEWAY_RETRY] client-0 attempt=2 network_error [TypeError: fetch failed] {
17:59:27.715 [META_GATEWAY_FAILED] client-0 network_error [TypeError: fetch failed] {
17:59:27.715 [META_GATEWAY_FAILED] client-0 network_error [TypeError: fetch failed] {
17:59:27.716 [META_GATEWAY_FAILED] client-0 network_error [TypeError: fetch failed] {
17:59:27.716 [META_GATEWAY_FAILED] client-0 network_error [TypeError: fetch failed] {
17:59:27.717 [META_GATEWAY_FAILED] client-0 network_error [TypeError: fetch failed] {
17:59:27.717 [META_GATEWAY_FAILED] client-0 network_error [TypeError: fetch failed] {
17:59:27.718 [META_GATEWAY_FAILED] client-0 network_error [TypeError: fetch failed] {
17:59:27.718 [META_GATEWAY_FAILED] client-0 network_error [TypeError: fetch failed] {
17:59:27.719 [META_GATEWAY_FAILED] client-0 network_error [TypeError: fetch failed] {
17:59:27.721 [META_GATEWAY_CLEAR_PENDING_FAILED] client-0 [TypeError: fetch failed] {
17:59:27.721 [META_GATEWAY_RETRY] client-0 attempt=1 network_error [TypeError: fetch failed] {
17:59:27.722 [META_GATEWAY_CLEAR_PENDING_FAILED] client-0 [TypeError: fetch failed] {
17:59:27.722 [META_GATEWAY_CLEAR_PENDING_FAILED] client-0 [TypeError: fetch failed] {
17:59:27.722 [META_GATEWAY_RETRY] client-0 attempt=1 network_error [TypeError: fetch failed] {
17:59:27.723 [META_GATEWAY_RETRY] client-0 attempt=1 network_error [TypeError: fetch failed] {
17:59:27.723 [META_GATEWAY_RETRY] client-0 attempt=1 network_error [TypeError: fetch failed] {
17:59:27.724 [META_GATEWAY_RETRY] client-0 attempt=1 network_error [TypeError: fetch failed] {
17:59:27.724 [META_GATEWAY_RETRY] client-0 attempt=1 network_error [TypeError: fetch failed] {
17:59:27.724 [META_GATEWAY_RETRY] client-0 attempt=1 network_error [TypeError: fetch failed] {
17:59:27.725 [META_GATEWAY_RETRY] client-0 attempt=1 network_error [TypeError: fetch failed] {
17:59:27.725 [META_GATEWAY_CLEAR_PENDING_FAILED] client-0 [TypeError: fetch failed] {
17:59:27.725 [META_GATEWAY_RETRY] client-0 attempt=1 network_error [TypeError: fetch failed] {
17:59:27.726 [META_GATEWAY_RETRY] client-0 attempt=1 network_error [TypeError: fetch failed] {
17:59:27.726 [META_GATEWAY_RETRY] client-0 attempt=1 network_error [TypeError: fetch failed] {
17:59:27.726 [META_GATEWAY_CLEAR_PENDING_FAILED] client-0 [TypeError: fetch failed] {
17:59:27.727 [META_GATEWAY_CLEAR_PENDING_FAILED] client-0 [TypeError: fetch failed] {
17:59:27.727 [META_GATEWAY_RETRY] client-0 attempt=1 network_error [TypeError: fetch failed] {
17:59:27.727 [META_GATEWAY_RETRY] client-0 attempt=1 network_error [TypeError: fetch failed] {
17:59:27.728 [META_GATEWAY_RETRY] client-0 attempt=1 network_error [TypeError: fetch failed] {
17:59:27.742 [META_GATEWAY_INBOX_RETRY] t-ldmubjuoh4-61 attempt=1 [TypeError: fetch failed] {
17:59:27.743 [META_GATEWAY_INBOX_RETRY] t-ldmubjuoh4-6 attempt=1 [TypeError: fetch failed] {
17:59:27.759 [META_GATEWAY_INBOX_RETRY] t-ldmubjuoh4-5 attempt=1 [TypeError: fetch failed] {
17:59:27.759 [META_GATEWAY_INBOX_RETRY] t-ldmubjuoh4-64 attempt=1 [TypeError: fetch failed] {
17:59:27.759 [META_GATEWAY_INBOX_RETRY] t-ldmubjuoh4-3 attempt=1 [TypeError: fetch failed] {
17:59:27.760 [META_GATEWAY_INBOX_RETRY] t-ldmubjuoh4-60 attempt=1 [TypeError: fetch failed] {
17:59:27.760 [META_GATEWAY_INBOX_RETRY] t-ldmubjuoh4-4 attempt=1 [TypeError: fetch failed] {
17:59:27.760 [META_GATEWAY_INBOX_RETRY] t-ldmubjuoh4-63 attempt=1 [TypeError: fetch failed] {
17:59:27.760 [META_GATEWAY_INBOX_RETRY] t-ldmubjuoh4-62 attempt=1 [TypeError: fetch failed] {
17:59:27.783 [META_GATEWAY_PENDING_CHECK_FAILED] client-0 [TypeError: fetch failed] {
17:59:27.784 [META_GATEWAY_PENDING_CHECK_FAILED] client-0 [TypeError: fetch failed] {
17:59:27.786 [META_GATEWAY_PENDING_CHECK_FAILED] client-0 [TypeError: fetch failed] {
17:59:27.787 [META_GATEWAY_PENDING_CHECK_FAILED] client-0 [TypeError: fetch failed] {
17:59:27.788 [META_GATEWAY_PENDING_CHECK_FAILED] client-0 [TypeError: fetch failed] {
17:59:27.789 [META_GATEWAY_PENDING_CHECK_FAILED] client-0 [TypeError: fetch failed] {
17:59:27.790 [META_GATEWAY_PENDING_CHECK_FAILED] client-0 [TypeError: fetch failed] {
17:59:27.791 [META_GATEWAY_PENDING_CHECK_FAILED] client-0 [TypeError: fetch failed] {
17:59:27.793 [META_GATEWAY_RETRY] client-0 attempt=1 network_error [TypeError: fetch failed] {
17:59:27.794 [META_GATEWAY_CLEAR_PENDING_FAILED] client-0 [TypeError: fetch failed] {
17:59:27.794 [META_GATEWAY_RETRY] client-0 attempt=1 network_error [TypeError: fetch failed] {
17:59:27.795 [META_GATEWAY_RETRY] client-0 attempt=1 network_error [TypeError: fetch failed] {
17:59:27.795 [META_GATEWAY_CLEAR_PENDING_FAILED] client-0 [TypeError: fetch failed] {
17:59:27.795 [META_GATEWAY_CLEAR_PENDING_FAILED] client-0 [TypeError: fetch failed] {
17:59:27.796 [META_GATEWAY_RETRY] client-0 attempt=1 network_error [TypeError: fetch failed] {
17:59:27.796 [META_GATEWAY_RETRY] client-0 attempt=1 network_error [TypeError: fetch failed] {
17:59:27.798 [META_GATEWAY_INBOX_RETRY] t-ldmubjuoh4-87 attempt=1 [TypeError: fetch failed] {
17:59:27.800 [META_GATEWAY_INBOX_RETRY] t-ldmubjuoh4-88 attempt=1 [TypeError: fetch failed] {
17:59:27.800 [META_GATEWAY_INBOX_RETRY] t-ldmubjuoh4-98 attempt=1 [TypeError: fetch failed] {
17:59:27.801 [META_GATEWAY_INBOX_RETRY] t-ldmubjuoh4-97 attempt=1 [TypeError: fetch failed] {
17:59:27.801 [META_GATEWAY_INBOX_RETRY] t-ldmubjuoh4-99 attempt=1 [TypeError: fetch failed] {
17:59:27.801 [META_GATEWAY_INBOX_RETRY] t-ldmubjuoh4-89 attempt=1 [TypeError: fetch failed] {
17:59:27.812 [META_GATEWAY_INBOX_RETRY] t-ldmubjuoh4-109 attempt=1 [TypeError: fetch failed] {
17:59:27.812 [META_GATEWAY_INBOX_RETRY] t-ldmubjuoh4-108 attempt=1 [TypeError: fetch failed] {
17:59:27.812 [META_GATEWAY_INBOX_RETRY] t-ldmubjuoh4-107 attempt=1 [TypeError: fetch failed] {
17:59:27.813 [META_GATEWAY_PENDING_CHECK_FAILED] client-0 [TypeError: fetch failed] {
17:59:27.814 [META_GATEWAY_PENDING_CHECK_FAILED] client-0 [TypeError: fetch failed] {
17:59:27.815 [META_GATEWAY_RETRY] client-0 attempt=1 network_error [TypeError: fetch failed] {
17:59:27.815 [META_GATEWAY_RETRY] client-0 attempt=1 network_error [TypeError: fetch failed] {
17:59:27.885 [META_GATEWAY_PENDING_CHECK_FAILED] client-0 [TypeError: fetch failed] {
17:59:27.886 [META_GATEWAY_PENDING_CHECK_FAILED] client-0 [TypeError: fetch failed] {