17:11:02.463 [harness] SIGTERM sent
17:11:02.465 [client] SIGTERM received, draining…
17:11:02.465 [client] @@STAGE server.close called 1790010662465
17:11:02.468 [client] @@STAGE server.close done +3ms
17:11:02.469 [client] @@STAGE pg pool.end called 1790010662469
17:11:02.662 [META_GATEWAY_RETRY] client-0 attempt=1 network_error [TypeError: fetch failed] {
17:11:02.662 [META_GATEWAY_RETRY] client-0 attempt=1 network_error [TypeError: fetch failed] {
17:11:02.663 [META_GATEWAY_RETRY] client-0 attempt=1 network_error [TypeError: fetch failed] {
17:11:02.663 [META_GATEWAY_RETRY] client-0 attempt=1 network_error [TypeError: fetch failed] {
17:11:02.664 [META_GATEWAY_RETRY] client-0 attempt=1 network_error [TypeError: fetch failed] {
17:11:02.664 [META_GATEWAY_RETRY] client-0 attempt=1 network_error [TypeError: fetch failed] {
17:11:02.664 [META_GATEWAY_RETRY] client-0 attempt=1 network_error [TypeError: fetch failed] {
17:11:02.665 [META_GATEWAY_RETRY] client-0 attempt=1 network_error [TypeError: fetch failed] {
17:11:02.666 [META_GATEWAY_RETRY] client-0 attempt=1 network_error [TypeError: fetch failed] {
17:11:02.666 [META_GATEWAY_RETRY] client-0 attempt=1 network_error [TypeError: fetch failed] {
17:11:02.666 [META_GATEWAY_RETRY] client-0 attempt=1 network_error [TypeError: fetch failed] {
17:11:02.667 [META_GATEWAY_RETRY] client-0 attempt=1 network_error [TypeError: fetch failed] {
17:11:02.668 [META_GATEWAY_RETRY] client-0 attempt=1 network_error [TypeError: fetch failed] {
17:11:02.668 [META_GATEWAY_RETRY] client-0 attempt=1 network_error [TypeError: fetch failed] {
17:11:02.668 [META_GATEWAY_RETRY] client-0 attempt=1 network_error [TypeError: fetch failed] {
17:11:02.669 [META_GATEWAY_RETRY] client-0 attempt=1 network_error [TypeError: fetch failed] {
17:11:02.670 [META_GATEWAY_RETRY] client-0 attempt=1 network_error [TypeError: fetch failed] {
17:11:02.671 [META_GATEWAY_PENDING_CHECK_FAILED] client-0 [TypeError: fetch failed] {
17:11:02.672 [META_GATEWAY_PENDING_CHECK_FAILED] client-0 [TypeError: fetch failed] {
17:11:02.676 [META_GATEWAY_PENDING_CHECK_FAILED] client-0 [TypeError: fetch failed] {
17:11:02.680 [META_GATEWAY_PENDING_CHECK_FAILED] client-0 [TypeError: fetch failed] {
17:11:02.684 [META_GATEWAY_PENDING_CHECK_FAILED] client-0 [TypeError: fetch failed] {
17:11:02.688 [META_GATEWAY_PENDING_CHECK_FAILED] client-0 [TypeError: fetch failed] {
17:11:02.691 [META_GATEWAY_PENDING_CHECK_FAILED] client-0 [TypeError: fetch failed] {
17:11:02.694 [META_GATEWAY_PENDING_CHECK_FAILED] client-0 [TypeError: fetch failed] {
17:11:02.697 [META_GATEWAY_PENDING_CHECK_FAILED] client-0 [TypeError: fetch failed] {
17:11:02.701 [META_GATEWAY_PENDING_CHECK_FAILED] client-0 [TypeError: fetch failed] {
17:11:02.706 [META_GATEWAY_PENDING_CHECK_FAILED] client-0 [TypeError: fetch failed] {
17:11:02.709 [META_GATEWAY_PENDING_CHECK_FAILED] client-0 [TypeError: fetch failed] {
17:11:02.711 [META_GATEWAY_PENDING_CHECK_FAILED] client-0 [TypeError: fetch failed] {
17:11:02.713 [META_GATEWAY_PENDING_CHECK_FAILED] client-0 [TypeError: fetch failed] {
17:11:02.716 [META_GATEWAY_PENDING_CHECK_FAILED] client-0 [TypeError: fetch failed] {
17:11:02.719 [META_GATEWAY_PENDING_CHECK_FAILED] client-0 [TypeError: fetch failed] {
17:11:02.723 [META_GATEWAY_PENDING_CHECK_FAILED] client-0 [TypeError: fetch failed] {
17:11:02.727 [META_GATEWAY_PENDING_CHECK_FAILED] client-0 [TypeError: fetch failed] {
17:11:02.730 [META_GATEWAY_PENDING_CHECK_FAILED] client-0 [TypeError: fetch failed] {
17:11:02.732 [META_GATEWAY_PENDING_CHECK_FAILED] client-0 [TypeError: fetch failed] {
17:11:02.736 [META_GATEWAY_CLEAR_PENDING_FAILED] client-0 [TypeError: fetch failed] {
17:11:02.738 [META_GATEWAY_CLEAR_PENDING_FAILED] client-0 [TypeError: fetch failed] {
17:11:02.740 [META_GATEWAY_RETRY] client-0 attempt=1 network_error [TypeError: fetch failed] {
17:11:02.741 [META_GATEWAY_RETRY] client-0 attempt=1 network_error [TypeError: fetch failed] {
17:11:02.741 [META_GATEWAY_RETRY] client-0 attempt=1 network_error [TypeError: fetch failed] {
17:11:02.741 [META_GATEWAY_RETRY] client-0 attempt=1 network_error [TypeError: fetch failed] {
17:11:02.742 [META_GATEWAY_RETRY] client-0 attempt=1 network_error [TypeError: fetch failed] {
17:11:02.742 [META_GATEWAY_CLEAR_PENDING_FAILED] client-0 [TypeError: fetch failed] {
17:11:02.743 [META_GATEWAY_RETRY] client-0 attempt=1 network_error [TypeError: fetch failed] {
17:11:02.743 [META_GATEWAY_RETRY] client-0 attempt=1 network_error [TypeError: fetch failed] {
17:11:02.744 [META_GATEWAY_CLEAR_PENDING_FAILED] client-0 [TypeError: fetch failed] {
17:11:02.744 [META_GATEWAY_RETRY] client-0 attempt=1 network_error [TypeError: fetch failed] {
17:11:02.745 [META_GATEWAY_RETRY] client-0 attempt=1 network_error [TypeError: fetch failed] {
17:11:02.745 [META_GATEWAY_CLEAR_PENDING_FAILED] client-0 [TypeError: fetch failed] {
17:11:02.746 [META_GATEWAY_RETRY] client-0 attempt=1 network_error [TypeError: fetch failed] {
17:11:02.746 [META_GATEWAY_RETRY] client-0 attempt=1 network_error [TypeError: fetch failed] {
17:11:02.746 [META_GATEWAY_CLEAR_PENDING_FAILED] client-0 [TypeError: fetch failed] {
17:11:02.747 [META_GATEWAY_RETRY] client-0 attempt=1 network_error [TypeError: fetch failed] {
17:11:02.747 [META_GATEWAY_RETRY] client-0 attempt=1 network_error [TypeError: fetch failed] {
17:11:02.747 [META_GATEWAY_RETRY] client-0 attempt=1 network_error [TypeError: fetch failed] {
17:11:02.807 [META_GATEWAY_INBOX_RETRY] t-ldmubi4h30-29 attempt=1 [TypeError: fetch failed] {
17:11:02.807 [META_GATEWAY_INBOX_RETRY] t-ldmubi4h30-27 attempt=1 [TypeError: fetch failed] {
17:11:02.807 [META_GATEWAY_INBOX_RETRY] t-ldmubi4h30-28 attempt=1 [TypeError: fetch failed] {
17:11:02.807 [META_GATEWAY_INBOX_RETRY] t-ldmubi4h30-37 attempt=1 [TypeError: fetch failed] {
17:11:02.808 [META_GATEWAY_PENDING_CHECK_FAILED] client-0 [TypeError: fetch failed] {
17:11:02.809 [META_GATEWAY_PENDING_CHECK_FAILED] client-0 [TypeError: fetch failed] {
17:11:02.810 [META_GATEWAY_PENDING_CHECK_FAILED] client-0 [TypeError: fetch failed] {
17:11:02.811 [META_GATEWAY_PENDING_CHECK_FAILED] client-0 [TypeError: fetch failed] {
17:11:02.812 [META_GATEWAY_PENDING_CHECK_FAILED] client-0 [TypeError: fetch failed] {
17:11:02.813 [META_GATEWAY_PENDING_CHECK_FAILED] client-0 [TypeError: fetch failed] {
17:11:02.814 [META_GATEWAY_PENDING_CHECK_FAILED] client-0 [TypeError: fetch failed] {
17:11:02.815 [META_GATEWAY_PENDING_CHECK_FAILED] client-0 [TypeError: fetch failed] {
17:11:02.816 [META_GATEWAY_PENDING_CHECK_FAILED] client-0 [TypeError: fetch failed] {
17:11:02.817 [META_GATEWAY_PENDING_CHECK_FAILED] client-0 [TypeError: fetch failed] {
17:11:02.818 [META_GATEWAY_INBOX_RETRY] t-ldmubi4h30-39 attempt=1 [TypeError: fetch failed] {
17:11:02.818 [META_GATEWAY_INBOX_RETRY] t-ldmubi4h30-38 attempt=1 [TypeError: fetch failed] {
17:11:02.818 [META_GATEWAY_RETRY] client-0 attempt=1 network_error [TypeError: fetch failed] {
17:11:02.826 [META_GATEWAY_RETRY] client-0 attempt=1 network_error [TypeError: fetch failed] {
17:11:02.826 [META_GATEWAY_RETRY] client-0 attempt=1 network_error [TypeError: fetch failed] {
17:11:02.827 [META_GATEWAY_CLEAR_PENDING_FAILED] client-0 [TypeError: fetch failed] {
17:11:02.827 [META_GATEWAY_RETRY] client-0 attempt=1 network_error [TypeError: fetch failed] {
17:11:02.828 [META_GATEWAY_RETRY] client-0 attempt=1 network_error [TypeError: fetch failed] {
17:11:02.828 [META_GATEWAY_CLEAR_PENDING_FAILED] client-0 [TypeError: fetch failed] {
17:11:02.829 [META_GATEWAY_RETRY] client-0 attempt=1 network_error [TypeError: fetch failed] {
17:11:02.829 [META_GATEWAY_CLEAR_PENDING_FAILED] client-0 [TypeError: fetch failed] {
17:11:02.829 [META_GATEWAY_RETRY] client-0 attempt=1 network_error [TypeError: fetch failed] {
17:11:02.834 [META_GATEWAY_INBOX_RETRY] t-ldmubi4h30-48 attempt=1 [TypeError: fetch failed] {
17:11:02.835 [META_GATEWAY_INBOX_RETRY] t-ldmubi4h30-47 attempt=1 [TypeError: fetch failed] {
17:11:02.835 [META_GATEWAY_INBOX_RETRY] t-ldmubi4h30-49 attempt=1 [TypeError: fetch failed] {
17:11:03.165 [META_GATEWAY_RETRY] client-0 attempt=2 network_error [TypeError: fetch failed] {
17:11:03.169 [META_GATEWAY_RETRY] client-0 attempt=2 network_error [TypeError: fetch failed] {
17:11:03.170 [META_GATEWAY_RETRY] client-0 attempt=2 network_error [TypeError: fetch failed] {
17:11:03.170 [META_GATEWAY_RETRY] client-0 attempt=2 network_error [TypeError: fetch failed] {
17:11:03.170 [META_GATEWAY_RETRY] client-0 attempt=2 network_error [TypeError: fetch failed] {
17:11:03.171 [META_GATEWAY_RETRY] client-0 attempt=2 network_error [TypeError: fetch failed] {
17:11:03.171 [META_GATEWAY_RETRY] client-0 attempt=2 network_error [TypeError: fetch failed] {
17:11:03.171 [META_GATEWAY_RETRY] client-0 attempt=2 network_error [TypeError: fetch failed] {
17:11:03.177 [META_GATEWAY_RETRY] client-0 attempt=2 network_error [TypeError: fetch failed] {
17:11:03.177 [META_GATEWAY_RETRY] client-0 attempt=2 network_error [TypeError: fetch failed] {
17:11:03.177 [META_GATEWAY_RETRY] client-0 attempt=2 network_error [TypeError: fetch failed] {
17:11:03.178 [META_GATEWAY_RETRY] client-0 attempt=2 network_error [TypeError: fetch failed] {
17:11:03.178 [META_GATEWAY_RETRY] client-0 attempt=2 network_error [TypeError: fetch failed] {
17:11:03.178 [META_GATEWAY_RETRY] client-0 attempt=2 network_error [TypeError: fetch failed] {
17:11:03.179 [META_GATEWAY_RETRY] client-0 attempt=2 network_error [TypeError: fetch failed] {
17:11:03.179 [META_GATEWAY_RETRY] client-0 attempt=2 network_error [TypeError: fetch failed] {
17:11:03.179 [META_GATEWAY_RETRY] client-0 attempt=2 network_error [TypeError: fetch failed] {
17:11:03.243 [META_GATEWAY_RETRY] client-0 attempt=2 network_error [TypeError: fetch failed] {
17:11:03.246 [META_GATEWAY_RETRY] client-0 attempt=2 network_error [TypeError: fetch failed] {
17:11:03.247 [META_GATEWAY_RETRY] client-0 attempt=2 network_error [TypeError: fetch failed] {
17:11:03.247 [META_GATEWAY_RETRY] client-0 attempt=2 network_error [TypeError: fetch failed] {
17:11:03.248 [META_GATEWAY_RETRY] client-0 attempt=2 network_error [TypeError: fetch failed] {
17:11:03.248 [META_GATEWAY_RETRY] client-0 attempt=2 network_error [TypeError: fetch failed] {
17:11:03.248 [META_GATEWAY_RETRY] client-0 attempt=2 network_error [TypeError: fetch failed] {
17:11:03.254 [META_GATEWAY_RETRY] client-0 attempt=2 network_error [TypeError: fetch failed] {
17:11:03.254 [META_GATEWAY_RETRY] client-0 attempt=2 network_error [TypeError: fetch failed] {
17:11:03.255 [META_GATEWAY_RETRY] client-0 attempt=2 network_error [TypeError: fetch failed] {
17:11:03.255 [META_GATEWAY_RETRY] client-0 attempt=2 network_error [TypeError: fetch failed] {
17:11:03.255 [META_GATEWAY_RETRY] client-0 attempt=2 network_error [TypeError: fetch failed] {
17:11:03.256 [META_GATEWAY_RETRY] client-0 attempt=2 network_error [TypeError: fetch failed] {
17:11:03.256 [META_GATEWAY_RETRY] client-0 attempt=2 network_error [TypeError: fetch failed] {
17:11:03.356 [client] @@STAGE pg pool.end called 1790010663355
17:11:03.379 [META_GATEWAY_RETRY] client-0 attempt=2 network_error [TypeError: fetch failed] {
17:11:03.379 [META_GATEWAY_RETRY] client-0 attempt=2 network_error [TypeError: fetch failed] {
17:11:03.380 [META_GATEWAY_RETRY] client-0 attempt=2 network_error [TypeError: fetch failed] {
17:11:03.380 [META_GATEWAY_RETRY] client-0 attempt=2 network_error [TypeError: fetch failed] {
17:11:03.380 [META_GATEWAY_RETRY] client-0 attempt=2 network_error [TypeError: fetch failed] {
17:11:03.381 [META_GATEWAY_RETRY] client-0 attempt=2 network_error [TypeError: fetch failed] {
17:11:03.381 [META_GATEWAY_RETRY] client-0 attempt=2 network_error [TypeError: fetch failed] {
17:11:03.382 [META_GATEWAY_PENDING_CHECK_FAILED] client-0 [TypeError: fetch failed] {
17:11:03.384 [META_GATEWAY_PENDING_CHECK_FAILED] client-0 [TypeError: fetch failed] {
17:11:03.385 [META_GATEWAY_PENDING_CHECK_FAILED] client-0 [TypeError: fetch failed] {
17:11:03.387 [META_GATEWAY_PENDING_CHECK_FAILED] client-0 [TypeError: fetch failed] {
17:11:03.389 [META_GATEWAY_PENDING_CHECK_FAILED] client-0 [TypeError: fetch failed] {
17:11:03.390 [META_GATEWAY_PENDING_CHECK_FAILED] client-0 [TypeError: fetch failed] {
17:11:03.391 [META_GATEWAY_PENDING_CHECK_FAILED] client-0 [TypeError: fetch failed] {
17:11:03.393 [META_GATEWAY_PENDING_CHECK_FAILED] client-0 [TypeError: fetch failed] {
17:11:03.394 [META_GATEWAY_PENDING_CHECK_FAILED] client-0 [TypeError: fetch failed] {
17:11:03.396 [META_GATEWAY_PENDING_CHECK_FAILED] client-0 [TypeError: fetch failed] {
17:11:03.397 [META_GATEWAY_PENDING_CHECK_FAILED] client-0 [TypeError: fetch failed] {
17:11:03.399 [META_GATEWAY_PENDING_CHECK_FAILED] client-0 [TypeError: fetch failed] {
17:11:03.401 [META_GATEWAY_CLEAR_PENDING_FAILED] client-0 [TypeError: fetch failed] {
17:11:03.401 [META_GATEWAY_RETRY] client-0 attempt=1 network_error [TypeError: fetch failed] {
17:11:03.402 [client] EXIT code=0 signal=null
17:11:03.403 [META_GATEWAY_CLEAR_PENDING_FAILED] client-0 [TypeError: fetch failed] {
17:11:03.403 [META_GATEWAY_RETRY] client-0 attempt=1 network_error [TypeError: fetch failed] {
17:11:03.403 [META_GATEWAY_RETRY] client-0 attempt=1 network_error [TypeError: fetch failed] {
17:11:03.404 [META_GATEWAY_RETRY] client-0 attempt=1 network_error [TypeError: fetch failed] {
17:11:03.404 [META_GATEWAY_RETRY] client-0 attempt=1 network_error [TypeError: fetch failed] {
17:11:03.405 [META_GATEWAY_CLEAR_PENDING_FAILED] client-0 [TypeError: fetch failed] {
17:11:03.406 [META_GATEWAY_RETRY] client-0 attempt=1 network_error [TypeError: fetch failed] {
17:11:03.406 [META_GATEWAY_RETRY] client-0 attempt=1 network_error [TypeError: fetch failed] {
17:11:03.407 [META_GATEWAY_RETRY] client-0 attempt=1 network_error [TypeError: fetch failed] {
17:11:03.407 [META_GATEWAY_RETRY] client-0 attempt=1 network_error [TypeError: fetch failed] {
17:11:03.414 [META_GATEWAY_INBOX_RETRY] t-ldmubi4h30-58 attempt=1 [TypeError: fetch failed] {
17:11:03.415 [META_GATEWAY_INBOX_RETRY] t-ldmubi4h30-57 attempt=1 [TypeError: fetch failed] {
17:11:03.415 [META_GATEWAY_INBOX_RETRY] t-ldmubi4h30-59 attempt=1 [TypeError: fetch failed] {
17:11:03.833 [META_GATEWAY_PENDING_CHECK_FAILED] client-0 [TypeError: fetch failed] {
17:11:03.834 [META_GATEWAY_PENDING_CHECK_FAILED] client-0 [TypeError: fetch failed] {
17:11:03.835 [META_GATEWAY_PENDING_CHECK_FAILED] client-0 [TypeError: fetch failed] {
17:11:03.836 [META_GATEWAY_CLEAR_PENDING_FAILED] client-0 [TypeError: fetch failed] {
17:11:03.837 [META_GATEWAY_RETRY] client-0 attempt=1 network_error [TypeError: fetch failed] {
17:11:03.837 [META_GATEWAY_RETRY] client-0 attempt=1 network_error [TypeError: fetch failed] {
17:11:03.842 [META_GATEWAY_INBOX_RETRY] t-ldmubi4h30-68 attempt=1 [TypeError: fetch failed] {
17:11:03.921 [META_GATEWAY_RETRY] client-0 attempt=2 network_error [TypeError: fetch failed] {
17:11:03.921 [META_GATEWAY_RETRY] client-0 attempt=2 network_error [TypeError: fetch failed] {
17:11:03.922 [META_GATEWAY_RETRY] client-0 attempt=2 network_error [TypeError: fetch failed] {
17:11:03.922 [META_GATEWAY_RETRY] client-0 attempt=2 network_error [TypeError: fetch failed] {
17:11:03.923 [META_GATEWAY_RETRY] client-0 attempt=2 network_error [TypeError: fetch failed] {
17:11:03.923 [META_GATEWAY_RETRY] client-0 attempt=2 network_error [TypeError: fetch failed] {
17:11:03.923 [META_GATEWAY_RETRY] client-0 attempt=2 network_error [TypeError: fetch failed] {
17:11:03.924 [META_GATEWAY_RETRY] client-0 attempt=2 network_error [TypeError: fetch failed] {
17:11:03.924 [META_GATEWAY_RETRY] client-0 attempt=2 network_error [TypeError: fetch failed] {
17:11:04.333 [META_GATEWAY_PENDING_CHECK_FAILED] client-0 [TypeError: fetch failed] {
17:11:04.334 [META_GATEWAY_CLEAR_PENDING_FAILED] client-0 [TypeError: fetch failed] {
17:11:04.339 [META_GATEWAY_RETRY] client-0 attempt=2 network_error [TypeError: fetch failed] {
17:11:04.339 [META_GATEWAY_RETRY] client-0 attempt=2 network_error [TypeError: fetch failed] {
17:11:04.341 [META_GATEWAY_INBOX_RETRY] t-ldmubi4h30-67 attempt=1 [TypeError: fetch failed] {
17:11:04.674 [META_GATEWAY_FAILED] client-0 network_error [TypeError: fetch failed] {
17:11:04.675 [META_GATEWAY_FAILED] client-0 network_error [TypeError: fetch failed] {
17:11:04.675 [META_GATEWAY_FAILED] client-0 network_error [TypeError: fetch failed] {
17:11:04.676 [META_GATEWAY_FAILED] client-0 network_error [TypeError: fetch failed] {
17:11:04.676 [META_GATEWAY_FAILED] client-0 network_error [TypeError: fetch failed] {
17:11:04.681 [META_GATEWAY_FAILED] client-0 network_error [TypeError: fetch failed] {
17:11:04.682 [META_GATEWAY_FAILED] client-0 network_error [TypeError: fetch failed] {
17:11:04.682 [META_GATEWAY_FAILED] client-0 network_error [TypeError: fetch failed] {
17:11:04.683 [META_GATEWAY_FAILED] client-0 network_error [TypeError: fetch failed] {
17:11:04.683 [META_GATEWAY_FAILED] client-0 network_error [TypeError: fetch failed] {
17:11:04.684 [META_GATEWAY_FAILED] client-0 network_error [TypeError: fetch failed] {
17:11:04.690 [META_GATEWAY_FAILED] client-0 network_error [TypeError: fetch failed] {
17:11:04.691 [META_GATEWAY_FAILED] client-0 network_error [TypeError: fetch failed] {
17:11:04.691 [META_GATEWAY_FAILED] client-0 network_error [TypeError: fetch failed] {
17:11:04.691 [META_GATEWAY_FAILED] client-0 network_error [TypeError: fetch failed] {
17:11:04.692 [META_GATEWAY_FAILED] client-0 network_error [TypeError: fetch failed] {
17:11:04.692 [META_GATEWAY_FAILED] client-0 network_error [TypeError: fetch failed] {
17:11:04.704 [META_GATEWAY_INBOX_RETRY] t-ldmubi4h30-11 attempt=1 [TypeError: fetch failed] {
17:11:04.705 [META_GATEWAY_INBOX_RETRY] t-ldmubi4h30-20 attempt=1 [TypeError: fetch failed] {
17:11:04.705 [META_GATEWAY_INBOX_RETRY] t-ldmubi4h30-1 attempt=1 [TypeError: fetch failed] {
17:11:04.706 [META_GATEWAY_INBOX_RETRY] t-ldmubi4h30-24 attempt=1 [TypeError: fetch failed] {
17:11:04.706 [META_GATEWAY_INBOX_RETRY] t-ldmubi4h30-21 attempt=1 [TypeError: fetch failed] {
17:11:04.706 [META_GATEWAY_INBOX_RETRY] t-ldmubi4h30-0 attempt=1 [TypeError: fetch failed] {
17:11:04.707 [META_GATEWAY_INBOX_RETRY] t-ldmubi4h30-15 attempt=1 [TypeError: fetch failed] {
17:11:04.707 [META_GATEWAY_INBOX_RETRY] t-ldmubi4h30-12 attempt=1 [TypeError: fetch failed] {
17:11:04.707 [META_GATEWAY_INBOX_RETRY] t-ldmubi4h30-23 attempt=1 [TypeError: fetch failed] {
17:11:04.707 [META_GATEWAY_INBOX_RETRY] t-ldmubi4h30-14 attempt=1 [TypeError: fetch failed] {
17:11:04.714 [META_GATEWAY_INBOX_RETRY] t-ldmubi4h30-10 attempt=1 [TypeError: fetch failed] {
17:11:04.715 [META_GATEWAY_INBOX_RETRY] t-ldmubi4h30-2 attempt=1 [TypeError: fetch failed] {
17:11:04.715 [META_GATEWAY_INBOX_RETRY] t-ldmubi4h30-26 attempt=1 [TypeError: fetch failed] {
17:11:04.715 [META_GATEWAY_INBOX_RETRY] t-ldmubi4h30-13 attempt=1 [TypeError: fetch failed] {
17:11:04.715 [META_GATEWAY_INBOX_RETRY] t-ldmubi4h30-22 attempt=1 [TypeError: fetch failed] {
17:11:04.715 [META_GATEWAY_INBOX_RETRY] t-ldmubi4h30-25 attempt=1 [TypeError: fetch failed] {
17:11:04.715 [META_GATEWAY_INBOX_RETRY] t-ldmubi4h30-16 attempt=1 [TypeError: fetch failed] {
17:11:04.754 [META_GATEWAY_FAILED] client-0 network_error [TypeError: fetch failed] {
17:11:04.756 [META_GATEWAY_FAILED] client-0 network_error [TypeError: fetch failed] {
17:11:04.756 [META_GATEWAY_FAILED] client-0 network_error [TypeError: fetch failed] {
17:11:04.756 [META_GATEWAY_FAILED] client-0 network_error [TypeError: fetch failed] {
17:11:04.757 [META_GATEWAY_FAILED] client-0 network_error [TypeError: fetch failed] {
17:11:04.757 [META_GATEWAY_FAILED] client-0 network_error [TypeError: fetch failed] {
17:11:04.758 [META_GATEWAY_FAILED] client-0 network_error [TypeError: fetch failed] {
17:11:04.765 [META_GATEWAY_FAILED] client-0 network_error [TypeError: fetch failed] {
17:11:04.765 [META_GATEWAY_FAILED] client-0 network_error [TypeError: fetch failed] {
17:11:04.766 [META_GATEWAY_FAILED] client-0 network_error [TypeError: fetch failed] {
17:11:04.766 [META_GATEWAY_FAILED] client-0 network_error [TypeError: fetch failed] {
17:11:04.766 [META_GATEWAY_FAILED] client-0 network_error [TypeError: fetch failed] {
17:11:04.767 [META_GATEWAY_FAILED] client-0 network_error [TypeError: fetch failed] {
17:11:04.767 [META_GATEWAY_FAILED] client-0 network_error [TypeError: fetch failed] {
17:11:04.775 [META_GATEWAY_INBOX_RETRY] t-ldmubi4h30-34 attempt=1 [TypeError: fetch failed] {
17:11:04.775 [META_GATEWAY_INBOX_RETRY] t-ldmubi4h30-35 attempt=1 [TypeError: fetch failed] {
17:11:04.775 [META_GATEWAY_INBOX_RETRY] t-ldmubi4h30-32 attempt=1 [TypeError: fetch failed] {
17:11:04.776 [META_GATEWAY_INBOX_RETRY] t-ldmubi4h30-30 attempt=1 [TypeError: fetch failed] {
17:11:04.776 [META_GATEWAY_INBOX_RETRY] t-ldmubi4h30-31 attempt=1 [TypeError: fetch failed] {
17:11:04.777 [META_GATEWAY_INBOX_RETRY] t-ldmubi4h30-36 attempt=1 [TypeError: fetch failed] {
17:11:04.777 [META_GATEWAY_INBOX_RETRY] t-ldmubi4h30-33 attempt=1 [TypeError: fetch failed] {
17:11:04.778 [META_GATEWAY_INBOX_RETRY] t-ldmubi4h30-40 attempt=1 [TypeError: fetch failed] {
17:11:04.785 [META_GATEWAY_INBOX_RETRY] t-ldmubi4h30-42 attempt=1 [TypeError: fetch failed] {
17:11:04.785 [META_GATEWAY_INBOX_RETRY] t-ldmubi4h30-43 attempt=1 [TypeError: fetch failed] {
17:11:04.786 [META_GATEWAY_INBOX_RETRY] t-ldmubi4h30-41 attempt=1 [TypeError: fetch failed] {
17:11:04.786 [META_GATEWAY_INBOX_RETRY] t-ldmubi4h30-44 attempt=1 [TypeError: fetch failed] {
17:11:04.786 [META_GATEWAY_INBOX_RETRY] t-ldmubi4h30-45 attempt=1 [TypeError: fetch failed] {
17:11:04.787 [META_GATEWAY_INBOX_RETRY] t-ldmubi4h30-3 attempt=1 [TypeError: fetch failed] {
17:11:04.896 [META_GATEWAY_PENDING_CHECK_FAILED] client-0 [TypeError: fetch failed] {
17:11:04.897 [META_GATEWAY_PENDING_CHECK_FAILED] client-0 [TypeError: fetch failed] {
17:11:04.898 [META_GATEWAY_PENDING_CHECK_FAILED] client-0 [TypeError: fetch failed] {
17:11:04.899 [META_GATEWAY_PENDING_CHECK_FAILED] client-0 [TypeError: fetch failed] {
17:11:04.900 [META_GATEWAY_PENDING_CHECK_FAILED] client-0 [TypeError: fetch failed] {
17:11:04.901 [META_GATEWAY_PENDING_CHECK_FAILED] client-0 [TypeError: fetch failed] {
17:11:04.903 [META_GATEWAY_PENDING_CHECK_FAILED] client-0 [TypeError: fetch failed] {
17:11:04.905 [META_GATEWAY_PENDING_CHECK_FAILED] client-0 [TypeError: fetch failed] {
17:11:04.907 [META_GATEWAY_PENDING_CHECK_FAILED] client-0 [TypeError: fetch failed] {
17:11:04.908 [META_GATEWAY_PENDING_CHECK_FAILED] client-0 [TypeError: fetch failed] {
17:11:04.909 [META_GATEWAY_PENDING_CHECK_FAILED] client-0 [TypeError: fetch failed] {
17:11:04.910 [META_GATEWAY_PENDING_CHECK_FAILED] client-0 [TypeError: fetch failed] {
17:11:04.911 [META_GATEWAY_PENDING_CHECK_FAILED] client-0 [TypeError: fetch failed] {
17:11:04.911 [META_GATEWAY_PENDING_CHECK_FAILED] client-0 [TypeError: fetch failed] {
17:11:04.912 [META_GATEWAY_PENDING_CHECK_FAILED] client-0 [TypeError: fetch failed] {
17:11:04.913 [META_GATEWAY_PENDING_CHECK_FAILED] client-0 [TypeError: fetch failed] {
17:11:04.914 [META_GATEWAY_PENDING_CHECK_FAILED] client-0 [TypeError: fetch failed] {
17:11:04.915 [META_GATEWAY_PENDING_CHECK_FAILED] client-0 [TypeError: fetch failed] {
17:11:04.916 [META_GATEWAY_PENDING_CHECK_FAILED] client-0 [TypeError: fetch failed] {
17:11:04.917 [META_GATEWAY_PENDING_CHECK_FAILED] client-0 [TypeError: fetch failed] {
17:11:04.919 [META_GATEWAY_FAILED] client-0 network_error [TypeError: fetch failed] {
17:11:04.919 [META_GATEWAY_FAILED] client-0 network_error [TypeError: fetch failed] {
17:11:04.920 [META_GATEWAY_FAILED] client-0 network_error [TypeError: fetch failed] {
17:11:04.920 [META_GATEWAY_FAILED] client-0 network_error [TypeError: fetch failed] {
17:11:04.921 [META_GATEWAY_FAILED] client-0 network_error [TypeError: fetch failed] {
17:11:04.922 [META_GATEWAY_FAILED] client-0 network_error [TypeError: fetch failed] {
17:11:04.922 [META_GATEWAY_FAILED] client-0 network_error [TypeError: fetch failed] {
17:11:04.923 [META_GATEWAY_RETRY] client-0 attempt=1 network_error [TypeError: fetch failed] {
17:11:04.923 [META_GATEWAY_RETRY] client-0 attempt=1 network_error [TypeError: fetch failed] {
17:11:04.924 [META_GATEWAY_RETRY] client-0 attempt=1 network_error [TypeError: fetch failed] {
17:11:04.924 [META_GATEWAY_RETRY] client-0 attempt=1 network_error [TypeError: fetch failed] {
17:11:04.924 [META_GATEWAY_RETRY] client-0 attempt=1 network_error [TypeError: fetch failed] {
17:11:04.925 [META_GATEWAY_CLEAR_PENDING_FAILED] client-0 [TypeError: fetch failed] {
17:11:04.925 [META_GATEWAY_RETRY] client-0 attempt=1 network_error [TypeError: fetch failed] {
17:11:04.926 [META_GATEWAY_CLEAR_PENDING_FAILED] client-0 [TypeError: fetch failed] {
17:11:04.926 [META_GATEWAY_RETRY] client-0 attempt=1 network_error [TypeError: fetch failed] {
17:11:04.927 [META_GATEWAY_CLEAR_PENDING_FAILED] client-0 [TypeError: fetch failed] {
17:11:04.927 [META_GATEWAY_CLEAR_PENDING_FAILED] client-0 [TypeError: fetch failed] {
17:11:04.928 [META_GATEWAY_RETRY] client-0 attempt=1 network_error [TypeError: fetch failed] {
17:11:04.928 [META_GATEWAY_RETRY] client-0 attempt=1 network_error [TypeError: fetch failed] {
17:11:04.929 [META_GATEWAY_RETRY] client-0 attempt=1 network_error [TypeError: fetch failed] {
17:11:04.929 [META_GATEWAY_CLEAR_PENDING_FAILED] client-0 [TypeError: fetch failed] {
17:11:04.929 [META_GATEWAY_RETRY] client-0 attempt=1 network_error [TypeError: fetch failed] {
17:11:04.930 [META_GATEWAY_RETRY] client-0 attempt=1 network_error [TypeError: fetch failed] {
17:11:04.930 [META_GATEWAY_CLEAR_PENDING_FAILED] client-0 [TypeError: fetch failed] {
17:11:04.930 [META_GATEWAY_RETRY] client-0 attempt=1 network_error [TypeError: fetch failed] {
17:11:04.931 [META_GATEWAY_CLEAR_PENDING_FAILED] client-0 [TypeError: fetch failed] {
17:11:04.979 [META_GATEWAY_INBOX_RETRY] t-ldmubi4h30-54 attempt=1 [TypeError: fetch failed] {
17:11:04.979 [META_GATEWAY_INBOX_RETRY] t-ldmubi4h30-51 attempt=1 [TypeError: fetch failed] {
17:11:04.979 [META_GATEWAY_INBOX_RETRY] t-ldmubi4h30-53 attempt=1 [TypeError: fetch failed] {
17:11:04.980 [META_GATEWAY_INBOX_RETRY] t-ldmubi4h30-50 attempt=1 [TypeError: fetch failed] {
17:11:04.980 [META_GATEWAY_INBOX_RETRY] t-ldmubi4h30-46 attempt=1 [TypeError: fetch failed] {
17:11:04.980 [META_GATEWAY_INBOX_RETRY] t-ldmubi4h30-55 attempt=1 [TypeError: fetch failed] {
17:11:04.980 [META_GATEWAY_INBOX_RETRY] t-ldmubi4h30-79 attempt=1 [TypeError: fetch failed] {
17:11:04.980 [META_GATEWAY_INBOX_RETRY] t-ldmubi4h30-78 attempt=1 [TypeError: fetch failed] {
17:11:04.980 [META_GATEWAY_INBOX_RETRY] t-ldmubi4h30-52 attempt=1 [TypeError: fetch failed] {
17:11:05.027 [META_GATEWAY_PENDING_CHECK_FAILED] client-0 [TypeError: fetch failed] {
17:11:05.029 [META_GATEWAY_PENDING_CHECK_FAILED] client-0 [TypeError: fetch failed] {
17:11:05.030 [META_GATEWAY_PENDING_CHECK_FAILED] client-0 [TypeError: fetch failed] {
17:11:05.031 [META_GATEWAY_PENDING_CHECK_FAILED] client-0 [TypeError: fetch failed] {
17:11:05.031 [META_GATEWAY_PENDING_CHECK_FAILED] client-0 [TypeError: fetch failed] {
17:11:05.032 [META_GATEWAY_PENDING_CHECK_FAILED] client-0 [TypeError: fetch failed] {
17:11:05.033 [META_GATEWAY_PENDING_CHECK_FAILED] client-0 [TypeError: fetch failed] {
17:11:05.034 [META_GATEWAY_PENDING_CHECK_FAILED] client-0 [TypeError: fetch failed] {
17:11:05.035 [META_GATEWAY_PENDING_CHECK_FAILED] client-0 [TypeError: fetch failed] {
17:11:05.036 [META_GATEWAY_PENDING_CHECK_FAILED] client-0 [TypeError: fetch failed] {
17:11:05.037 [META_GATEWAY_PENDING_CHECK_FAILED] client-0 [TypeError: fetch failed] {
17:11:05.039 [META_GATEWAY_PENDING_CHECK_FAILED] client-0 [TypeError: fetch failed] {
17:11:05.043 [META_GATEWAY_RETRY] client-0 attempt=1 network_error [TypeError: fetch failed] {
17:11:05.043 [META_GATEWAY_RETRY] client-0 attempt=1 network_error [TypeError: fetch failed] {
17:11:05.043 [META_GATEWAY_RETRY] client-0 attempt=1 network_error [TypeError: fetch failed] {
17:11:05.044 [META_GATEWAY_RETRY] client-0 attempt=1 network_error [TypeError: fetch failed] {
17:11:05.044 [META_GATEWAY_RETRY] client-0 attempt=1 network_error [TypeError: fetch failed] {
17:11:05.045 [META_GATEWAY_CLEAR_PENDING_FAILED] client-0 [TypeError: fetch failed] {
17:11:05.046 [META_GATEWAY_CLEAR_PENDING_FAILED] client-0 [TypeError: fetch failed] {
17:11:05.046 [META_GATEWAY_CLEAR_PENDING_FAILED] client-0 [TypeError: fetch failed] {
17:11:05.047 [META_GATEWAY_CLEAR_PENDING_FAILED] client-0 [TypeError: fetch failed] {
17:11:05.048 [META_GATEWAY_RETRY] client-0 attempt=1 network_error [TypeError: fetch failed] {
17:11:05.048 [META_GATEWAY_RETRY] client-0 attempt=1 network_error [TypeError: fetch failed] {
17:11:05.048 [META_GATEWAY_RETRY] client-0 attempt=1 network_error [TypeError: fetch failed] {
17:11:05.059 [META_GATEWAY_INBOX_RETRY] t-ldmubi4h30-69 attempt=1 [TypeError: fetch failed] {
17:11:05.060 [META_GATEWAY_INBOX_RETRY] t-ldmubi4h30-7 attempt=1 [TypeError: fetch failed] {
17:11:05.060 [META_GATEWAY_INBOX_RETRY] t-ldmubi4h30-87 attempt=1 [TypeError: fetch failed] {
17:11:05.061 [META_GATEWAY_INBOX_RETRY] t-ldmubi4h30-89 attempt=1 [TypeError: fetch failed] {
17:11:05.061 [META_GATEWAY_INBOX_RETRY] t-ldmubi4h30-8 attempt=1 [TypeError: fetch failed] {
17:11:05.061 [META_GATEWAY_INBOX_RETRY] t-ldmubi4h30-77 attempt=1 [TypeError: fetch failed] {
17:11:05.061 [META_GATEWAY_INBOX_RETRY] t-ldmubi4h30-9 attempt=1 [TypeError: fetch failed] {
17:11:05.061 [META_GATEWAY_INBOX_RETRY] t-ldmubi4h30-97 attempt=1 [TypeError: fetch failed] {
17:11:05.062 [META_GATEWAY_INBOX_RETRY] t-ldmubi4h30-88 attempt=1 [TypeError: fetch failed] {
17:11:05.422 [META_GATEWAY_PENDING_CHECK_FAILED] client-0 [TypeError: fetch failed] {
17:11:05.423 [META_GATEWAY_PENDING_CHECK_FAILED] client-0 [TypeError: fetch failed] {
17:11:05.424 [META_GATEWAY_PENDING_CHECK_FAILED] client-0 [TypeError: fetch failed] {
17:11:05.425 [META_GATEWAY_PENDING_CHECK_FAILED] client-0 [TypeError: fetch failed] {
17:11:05.426 [META_GATEWAY_PENDING_CHECK_FAILED] client-0 [TypeError: fetch failed] {
17:11:05.427 [META_GATEWAY_PENDING_CHECK_FAILED] client-0 [TypeError: fetch failed] {
17:11:05.428 [META_GATEWAY_PENDING_CHECK_FAILED] client-0 [TypeError: fetch failed] {
17:11:05.429 [META_GATEWAY_PENDING_CHECK_FAILED] client-0 [TypeError: fetch failed] {
17:11:05.430 [META_GATEWAY_PENDING_CHECK_FAILED] client-0 [TypeError: fetch failed] {
17:11:05.431 [META_GATEWAY_PENDING_CHECK_FAILED] client-0 [TypeError: fetch failed] {
17:11:05.432 [META_GATEWAY_PENDING_CHECK_FAILED] client-0 [TypeError: fetch failed] {
17:11:05.432 [META_GATEWAY_PENDING_CHECK_FAILED] client-0 [TypeError: fetch failed] {
17:11:05.433 [META_GATEWAY_PENDING_CHECK_FAILED] client-0 [TypeError: fetch failed] {
17:11:05.434 [META_GATEWAY_PENDING_CHECK_FAILED] client-0 [TypeError: fetch failed] {
17:11:05.435 [META_GATEWAY_PENDING_CHECK_FAILED] client-0 [TypeError: fetch failed] {
17:11:05.436 [META_GATEWAY_PENDING_CHECK_FAILED] client-0 [TypeError: fetch failed] {
17:11:05.438 [META_GATEWAY_PENDING_CHECK_FAILED] client-0 [TypeError: fetch failed] {
17:11:05.439 [META_GATEWAY_PENDING_CHECK_FAILED] client-0 [TypeError: fetch failed] {
17:11:05.449 [META_GATEWAY_RETRY] client-0 attempt=1 network_error [TypeError: fetch failed] {
17:11:05.450 [META_GATEWAY_RETRY] client-0 attempt=1 network_error [TypeError: fetch failed] {
17:11:05.450 [META_GATEWAY_RETRY] client-0 attempt=1 network_error [TypeError: fetch failed] {
17:11:05.450 [META_GATEWAY_RETRY] client-0 attempt=1 network_error [TypeError: fetch failed] {
17:11:05.451 [META_GATEWAY_RETRY] client-0 attempt=1 network_error [TypeError: fetch failed] {
17:11:05.451 [META_GATEWAY_RETRY] client-0 attempt=1 network_error [TypeError: fetch failed] {
17:11:05.451 [META_GATEWAY_CLEAR_PENDING_FAILED] client-0 [TypeError: fetch failed] {
17:11:05.452 [META_GATEWAY_CLEAR_PENDING_FAILED] client-0 [TypeError: fetch failed] {
17:11:05.453 [META_GATEWAY_CLEAR_PENDING_FAILED] client-0 [TypeError: fetch failed] {
17:11:05.453 [META_GATEWAY_CLEAR_PENDING_FAILED] client-0 [TypeError: fetch failed] {
17:11:05.454 [META_GATEWAY_CLEAR_PENDING_FAILED] client-0 [TypeError: fetch failed] {
17:11:05.455 [META_GATEWAY_RETRY] client-0 attempt=1 network_error [TypeError: fetch failed] {
17:11:05.455 [META_GATEWAY_RETRY] client-0 attempt=1 network_error [TypeError: fetch failed] {
17:11:05.455 [META_GATEWAY_RETRY] client-0 attempt=1 network_error [TypeError: fetch failed] {
17:11:05.456 [META_GATEWAY_RETRY] client-0 attempt=1 network_error [TypeError: fetch failed] {
17:11:05.456 [META_GATEWAY_RETRY] client-0 attempt=1 network_error [TypeError: fetch failed] {
17:11:05.456 [META_GATEWAY_RETRY] client-0 attempt=1 network_error [TypeError: fetch failed] {
17:11:05.457 [META_GATEWAY_RETRY] client-0 attempt=1 network_error [TypeError: fetch failed] {
17:11:05.457 [META_GATEWAY_FAILED] client-0 network_error [TypeError: fetch failed] {
17:11:05.458 [META_GATEWAY_FAILED] client-0 network_error [TypeError: fetch failed] {
17:11:05.458 [META_GATEWAY_FAILED] client-0 network_error [TypeError: fetch failed] {
17:11:05.459 [META_GATEWAY_FAILED] client-0 network_error [TypeError: fetch failed] {
17:11:05.459 [META_GATEWAY_FAILED] client-0 network_error [TypeError: fetch failed] {
17:11:05.459 [META_GATEWAY_FAILED] client-0 network_error [TypeError: fetch failed] {
17:11:05.460 [META_GATEWAY_FAILED] client-0 network_error [TypeError: fetch failed] {
17:11:05.460 [META_GATEWAY_FAILED] client-0 network_error [TypeError: fetch failed] {
17:11:05.460 [META_GATEWAY_FAILED] client-0 network_error [TypeError: fetch failed] {
17:11:05.461 [META_GATEWAY_RETRY] client-0 attempt=2 network_error [TypeError: fetch failed] {
17:11:05.461 [META_GATEWAY_RETRY] client-0 attempt=2 network_error [TypeError: fetch failed] {
17:11:05.461 [META_GATEWAY_RETRY] client-0 attempt=2 network_error [TypeError: fetch failed] {
17:11:05.462 [META_GATEWAY_RETRY] client-0 attempt=2 network_error [TypeError: fetch failed] {
17:11:05.462 [META_GATEWAY_RETRY] client-0 attempt=2 network_error [TypeError: fetch failed] {
17:11:05.462 [META_GATEWAY_RETRY] client-0 attempt=2 network_error [TypeError: fetch failed] {
17:11:05.463 [META_GATEWAY_RETRY] client-0 attempt=2 network_error [TypeError: fetch failed] {
17:11:05.463 [META_GATEWAY_RETRY] client-0 attempt=2 network_error [TypeError: fetch failed] {
17:11:05.463 [META_GATEWAY_RETRY] client-0 attempt=2 network_error [TypeError: fetch failed] {
17:11:05.464 [META_GATEWAY_RETRY] client-0 attempt=2 network_error [TypeError: fetch failed] {
17:11:05.464 [META_GATEWAY_RETRY] client-0 attempt=2 network_error [TypeError: fetch failed] {
17:11:05.464 [META_GATEWAY_RETRY] client-0 attempt=2 network_error [TypeError: fetch failed] {
17:11:05.465 [META_GATEWAY_RETRY] client-0 attempt=2 network_error [TypeError: fetch failed] {
17:11:05.479 [META_GATEWAY_INBOX_RETRY] t-ldmubi4h30-99 attempt=1 [TypeError: fetch failed] {
17:11:05.479 [META_GATEWAY_INBOX_RETRY] t-ldmubi4h30-64 attempt=1 [TypeError: fetch failed] {
17:11:05.480 [META_GATEWAY_INBOX_RETRY] t-ldmubi4h30-109 attempt=1 [TypeError: fetch failed] {
17:11:05.480 [META_GATEWAY_INBOX_RETRY] t-ldmubi4h30-63 attempt=1 [TypeError: fetch failed] {
17:11:05.480 [META_GATEWAY_INBOX_RETRY] t-ldmubi4h30-60 attempt=1 [TypeError: fetch failed] {
17:11:05.480 [META_GATEWAY_INBOX_RETRY] t-ldmubi4h30-108 attempt=1 [TypeError: fetch failed] {
17:11:05.480 [META_GATEWAY_INBOX_RETRY] t-ldmubi4h30-62 attempt=1 [TypeError: fetch failed] {
17:11:05.480 [META_GATEWAY_INBOX_RETRY] t-ldmubi4h30-107 attempt=1 [TypeError: fetch failed] {
17:11:05.481 [META_GATEWAY_INBOX_RETRY] t-ldmubi4h30-98 attempt=1 [TypeError: fetch failed] {
17:11:05.481 [META_GATEWAY_INBOX_RETRY] t-ldmubi4h30-56 attempt=1 [TypeError: fetch failed] {
17:11:05.486 [META_GATEWAY_INBOX_RETRY] t-ldmubi4h30-61 attempt=1 [TypeError: fetch failed] {
17:11:05.488 [META_GATEWAY_INBOX_RETRY] t-ldmubi4h30-4 attempt=1 [TypeError: fetch failed] {