18:02:49.987 [harness] SIGTERM sent
18:02:49.994 [client] SIGTERM received, draining…
18:02:49.994 [client] @@STAGE server.close called 1790013769994
18:02:49.994 [client] @@STAGE at close: {"requestsInFlight":[],"n":0}
18:02:49.995 [client] @@STAGE sockets at close: ["remote=::ffff:127.0.0.1:50277 local=51286 bytesRead=2277 idleSinceLastReadOrWrite=?","remote=::ffff:127.0.0.1:50283 local=51286 bytesRead=2018 idleSinceLastReadOrWrite=?","remote=::ffff:127.0.0.1:50284 local=51286 bytesRead=2017 idleSinceLastReadOrWrite=?","remote=::ffff:
18:02:49.999 [client] @@STAGE server.close done +5ms
18:02:50.132 [META_GATEWAY_PENDING_CHECK_FAILED] client-0 [TypeError: fetch failed] {
18:02:50.134 [META_GATEWAY_PENDING_CHECK_FAILED] client-0 [TypeError: fetch failed] {
18:02:50.135 [META_GATEWAY_PENDING_CHECK_FAILED] client-0 [TypeError: fetch failed] {
18:02:50.136 [META_GATEWAY_PENDING_CHECK_FAILED] client-0 [TypeError: fetch failed] {
18:02:50.137 [META_GATEWAY_PENDING_CHECK_FAILED] client-0 [TypeError: fetch failed] {
18:02:50.138 [META_GATEWAY_PENDING_CHECK_FAILED] client-0 [TypeError: fetch failed] {
18:02:50.140 [META_GATEWAY_PENDING_CHECK_FAILED] client-0 [TypeError: fetch failed] {
18:02:50.141 [META_GATEWAY_PENDING_CHECK_FAILED] client-0 [TypeError: fetch failed] {
18:02:50.142 [META_GATEWAY_PENDING_CHECK_FAILED] client-0 [TypeError: fetch failed] {
18:02:50.143 [META_GATEWAY_PENDING_CHECK_FAILED] client-0 [TypeError: fetch failed] {
18:02:50.145 [META_GATEWAY_PENDING_CHECK_FAILED] client-0 [TypeError: fetch failed] {
18:02:50.146 [META_GATEWAY_PENDING_CHECK_FAILED] client-0 [TypeError: fetch failed] {
18:02:50.147 [META_GATEWAY_PENDING_CHECK_FAILED] client-0 [TypeError: fetch failed] {
18:02:50.149 [META_GATEWAY_PENDING_CHECK_FAILED] client-0 [TypeError: fetch failed] {
18:02:50.151 [META_GATEWAY_PENDING_CHECK_FAILED] client-0 [TypeError: fetch failed] {
18:02:50.153 [META_GATEWAY_PENDING_CHECK_FAILED] client-0 [TypeError: fetch failed] {
18:02:50.155 [META_GATEWAY_PENDING_CHECK_FAILED] client-0 [TypeError: fetch failed] {
18:02:50.158 [META_GATEWAY_PENDING_CHECK_FAILED] client-0 [TypeError: fetch failed] {
18:02:50.159 [META_GATEWAY_PENDING_CHECK_FAILED] client-0 [TypeError: fetch failed] {
18:02:50.160 [META_GATEWAY_PENDING_CHECK_FAILED] client-0 [TypeError: fetch failed] {
18:02:50.161 [META_GATEWAY_CLEAR_PENDING_FAILED] client-0 [TypeError: fetch failed] {
18:02:50.163 [META_GATEWAY_RETRY] client-0 attempt=1 network_error [TypeError: fetch failed] {
18:02:50.163 [META_GATEWAY_RETRY] client-0 attempt=1 network_error [TypeError: fetch failed] {
18:02:50.163 [META_GATEWAY_CLEAR_PENDING_FAILED] client-0 [TypeError: fetch failed] {
18:02:50.164 [META_GATEWAY_RETRY] client-0 attempt=1 network_error [TypeError: fetch failed] {
18:02:50.164 [META_GATEWAY_RETRY] client-0 attempt=1 network_error [TypeError: fetch failed] {
18:02:50.165 [META_GATEWAY_RETRY] client-0 attempt=1 network_error [TypeError: fetch failed] {
18:02:50.165 [META_GATEWAY_RETRY] client-0 attempt=1 network_error [TypeError: fetch failed] {
18:02:50.166 [META_GATEWAY_CLEAR_PENDING_FAILED] client-0 [TypeError: fetch failed] {
18:02:50.166 [META_GATEWAY_RETRY] client-0 attempt=1 network_error [TypeError: fetch failed] {
18:02:50.167 [META_GATEWAY_RETRY] client-0 attempt=1 network_error [TypeError: fetch failed] {
18:02:50.167 [META_GATEWAY_RETRY] client-0 attempt=1 network_error [TypeError: fetch failed] {
18:02:50.167 [META_GATEWAY_CLEAR_PENDING_FAILED] client-0 [TypeError: fetch failed] {
18:02:50.168 [META_GATEWAY_RETRY] client-0 attempt=1 network_error [TypeError: fetch failed] {
18:02:50.168 [META_GATEWAY_RETRY] client-0 attempt=1 network_error [TypeError: fetch failed] {
18:02:50.169 [META_GATEWAY_RETRY] client-0 attempt=1 network_error [TypeError: fetch failed] {
18:02:50.169 [META_GATEWAY_RETRY] client-0 attempt=1 network_error [TypeError: fetch failed] {
18:02:50.170 [META_GATEWAY_CLEAR_PENDING_FAILED] client-0 [TypeError: fetch failed] {
18:02:50.170 [META_GATEWAY_CLEAR_PENDING_FAILED] client-0 [TypeError: fetch failed] {
18:02:50.171 [META_GATEWAY_CLEAR_PENDING_FAILED] client-0 [TypeError: fetch failed] {
18:02:50.178 [META_GATEWAY_INBOX_RETRY] t-ldmubjz2p4-58 attempt=1 [TypeError: fetch failed] {
18:02:50.220 [META_GATEWAY_INBOX_RETRY] t-ldmubjz2p4-59 attempt=1 [TypeError: fetch failed] {
18:02:50.220 [META_GATEWAY_INBOX_RETRY] t-ldmubjz2p4-57 attempt=1 [TypeError: fetch failed] {
18:02:50.220 [META_GATEWAY_INBOX_RETRY] t-ldmubjz2p4-69 attempt=1 [TypeError: fetch failed] {
18:02:50.277 [META_GATEWAY_INBOX_RETRY] t-ldmubjz2p4-67 attempt=1 [TypeError: fetch failed] {
18:02:50.277 [META_GATEWAY_INBOX_RETRY] t-ldmubjz2p4-7 attempt=1 [TypeError: fetch failed] {
18:02:50.277 [META_GATEWAY_INBOX_RETRY] t-ldmubjz2p4-68 attempt=1 [TypeError: fetch failed] {
18:02:50.277 [META_GATEWAY_PENDING_CHECK_FAILED] client-0 [TypeError: fetch failed] {
18:02:50.278 [META_GATEWAY_PENDING_CHECK_FAILED] client-0 [TypeError: fetch failed] {
18:02:50.279 [META_GATEWAY_PENDING_CHECK_FAILED] client-0 [TypeError: fetch failed] {
18:02:50.280 [META_GATEWAY_PENDING_CHECK_FAILED] client-0 [TypeError: fetch failed] {
18:02:50.281 [META_GATEWAY_PENDING_CHECK_FAILED] client-0 [TypeError: fetch failed] {
18:02:50.282 [META_GATEWAY_PENDING_CHECK_FAILED] client-0 [TypeError: fetch failed] {
18:02:50.283 [client] @@STAGE pg pool.end called 1790013770283
18:02:50.283 [META_GATEWAY_PENDING_CHECK_FAILED] client-0 [TypeError: fetch failed] {
18:02:50.284 [client] @@STAGE pg pool.end called 1790013770284
18:02:50.285 [META_GATEWAY_PENDING_CHECK_FAILED] client-0 [TypeError: fetch failed] {
18:02:50.287 [META_GATEWAY_PENDING_CHECK_FAILED] client-0 [TypeError: fetch failed] {
18:02:50.288 [META_GATEWAY_PENDING_CHECK_FAILED] client-0 [TypeError: fetch failed] {
18:02:50.290 [META_GATEWAY_PENDING_CHECK_FAILED] client-0 [TypeError: fetch failed] {
18:02:50.292 [META_GATEWAY_PENDING_CHECK_FAILED] client-0 [TypeError: fetch failed] {
18:02:50.294 [META_GATEWAY_PENDING_CHECK_FAILED] client-0 [TypeError: fetch failed] {
18:02:50.295 [META_GATEWAY_PENDING_CHECK_FAILED] client-0 [TypeError: fetch failed] {
18:02:50.296 [META_GATEWAY_PENDING_CHECK_FAILED] client-0 [TypeError: fetch failed] {
18:02:50.297 [META_GATEWAY_PENDING_CHECK_FAILED] client-0 [TypeError: fetch failed] {
18:02:50.299 [META_GATEWAY_PENDING_CHECK_FAILED] client-0 [TypeError: fetch failed] {
18:02:50.300 [META_GATEWAY_PENDING_CHECK_FAILED] client-0 [TypeError: fetch failed] {
18:02:50.302 [META_GATEWAY_PENDING_CHECK_FAILED] client-0 [TypeError: fetch failed] {
18:02:50.303 [META_GATEWAY_PENDING_CHECK_FAILED] client-0 [TypeError: fetch failed] {
18:02:50.305 [META_GATEWAY_CLEAR_PENDING_FAILED] client-0 [TypeError: fetch failed] {
18:02:50.305 [META_GATEWAY_RETRY] client-0 attempt=1 network_error [TypeError: fetch failed] {
18:02:50.306 [META_GATEWAY_RETRY] client-0 attempt=1 network_error [TypeError: fetch failed] {
18:02:50.306 [META_GATEWAY_RETRY] client-0 attempt=1 network_error [TypeError: fetch failed] {
18:02:50.307 [META_GATEWAY_RETRY] client-0 attempt=1 network_error [TypeError: fetch failed] {
18:02:50.307 [META_GATEWAY_RETRY] client-0 attempt=1 network_error [TypeError: fetch failed] {
18:02:50.307 [META_GATEWAY_RETRY] client-0 attempt=1 network_error [TypeError: fetch failed] {
18:02:50.308 [META_GATEWAY_RETRY] client-0 attempt=1 network_error [TypeError: fetch failed] {
18:02:50.308 [META_GATEWAY_RETRY] client-0 attempt=1 network_error [TypeError: fetch failed] {
18:02:50.308 [META_GATEWAY_RETRY] client-0 attempt=1 network_error [TypeError: fetch failed] {
18:02:50.309 [META_GATEWAY_CLEAR_PENDING_FAILED] client-0 [TypeError: fetch failed] {
18:02:50.310 [META_GATEWAY_RETRY] client-0 attempt=1 network_error [TypeError: fetch failed] {
18:02:50.310 [META_GATEWAY_RETRY] client-0 attempt=1 network_error [TypeError: fetch failed] {
18:02:50.310 [META_GATEWAY_CLEAR_PENDING_FAILED] client-0 [TypeError: fetch failed] {
18:02:50.311 [META_GATEWAY_RETRY] client-0 attempt=1 network_error [TypeError: fetch failed] {
18:02:50.311 [META_GATEWAY_CLEAR_PENDING_FAILED] client-0 [TypeError: fetch failed] {
18:02:50.312 [META_GATEWAY_CLEAR_PENDING_FAILED] client-0 [TypeError: fetch failed] {
18:02:50.312 [META_GATEWAY_CLEAR_PENDING_FAILED] client-0 [TypeError: fetch failed] {
18:02:50.313 [META_GATEWAY_CLEAR_PENDING_FAILED] client-0 [TypeError: fetch failed] {
18:02:50.313 [META_GATEWAY_CLEAR_PENDING_FAILED] client-0 [TypeError: fetch failed] {
18:02:50.320 [client] EXIT code=0 signal=null
18:02:50.322 [META_GATEWAY_INBOX_RETRY] t-ldmubjz2p4-88 attempt=1 [TypeError: fetch failed] {
18:02:50.324 [META_GATEWAY_INBOX_RETRY] t-ldmubjz2p4-78 attempt=1 [TypeError: fetch failed] {
18:02:50.324 [META_GATEWAY_INBOX_RETRY] t-ldmubjz2p4-77 attempt=1 [TypeError: fetch failed] {
18:02:50.324 [META_GATEWAY_INBOX_RETRY] t-ldmubjz2p4-87 attempt=1 [TypeError: fetch failed] {
18:02:50.324 [META_GATEWAY_INBOX_RETRY] t-ldmubjz2p4-9 attempt=1 [TypeError: fetch failed] {
18:02:50.324 [META_GATEWAY_INBOX_RETRY] t-ldmubjz2p4-89 attempt=1 [TypeError: fetch failed] {
18:02:50.324 [META_GATEWAY_INBOX_RETRY] t-ldmubjz2p4-79 attempt=1 [TypeError: fetch failed] {
18:02:50.343 [META_GATEWAY_INBOX_RETRY] t-ldmubjz2p4-8 attempt=1 [TypeError: fetch failed] {
18:02:50.367 [META_GATEWAY_PENDING_CHECK_FAILED] client-0 [TypeError: fetch failed] {
18:02:50.368 [META_GATEWAY_PENDING_CHECK_FAILED] client-0 [TypeError: fetch failed] {
18:02:50.369 [META_GATEWAY_PENDING_CHECK_FAILED] client-0 [TypeError: fetch failed] {
18:02:50.370 [META_GATEWAY_PENDING_CHECK_FAILED] client-0 [TypeError: fetch failed] {
18:02:50.371 [META_GATEWAY_PENDING_CHECK_FAILED] client-0 [TypeError: fetch failed] {
18:02:50.372 [META_GATEWAY_PENDING_CHECK_FAILED] client-0 [TypeError: fetch failed] {
18:02:50.373 [META_GATEWAY_PENDING_CHECK_FAILED] client-0 [TypeError: fetch failed] {
18:02:50.374 [META_GATEWAY_PENDING_CHECK_FAILED] client-0 [TypeError: fetch failed] {
18:02:50.375 [META_GATEWAY_PENDING_CHECK_FAILED] client-0 [TypeError: fetch failed] {
18:02:50.376 [META_GATEWAY_PENDING_CHECK_FAILED] client-0 [TypeError: fetch failed] {
18:02:50.377 [META_GATEWAY_PENDING_CHECK_FAILED] client-0 [TypeError: fetch failed] {
18:02:50.378 [META_GATEWAY_RETRY] client-0 attempt=1 network_error [TypeError: fetch failed] {
18:02:50.379 [META_GATEWAY_RETRY] client-0 attempt=1 network_error [TypeError: fetch failed] {
18:02:50.379 [META_GATEWAY_RETRY] client-0 attempt=1 network_error [TypeError: fetch failed] {
18:02:50.379 [META_GATEWAY_RETRY] client-0 attempt=1 network_error [TypeError: fetch failed] {
18:02:50.380 [META_GATEWAY_RETRY] client-0 attempt=1 network_error [TypeError: fetch failed] {
18:02:50.380 [META_GATEWAY_CLEAR_PENDING_FAILED] client-0 [TypeError: fetch failed] {
18:02:50.380 [META_GATEWAY_RETRY] client-0 attempt=1 network_error [TypeError: fetch failed] {
18:02:50.381 [META_GATEWAY_CLEAR_PENDING_FAILED] client-0 [TypeError: fetch failed] {
18:02:50.381 [META_GATEWAY_RETRY] client-0 attempt=1 network_error [TypeError: fetch failed] {
18:02:50.382 [META_GATEWAY_CLEAR_PENDING_FAILED] client-0 [TypeError: fetch failed] {
18:02:50.382 [META_GATEWAY_RETRY] client-0 attempt=1 network_error [TypeError: fetch failed] {
18:02:50.391 [META_GATEWAY_INBOX_RETRY] t-ldmubjz2p4-98 attempt=1 [TypeError: fetch failed] {
18:02:50.415 [META_GATEWAY_INBOX_RETRY] t-ldmubjz2p4-99 attempt=1 [TypeError: fetch failed] {
18:02:50.415 [META_GATEWAY_INBOX_RETRY] t-ldmubjz2p4-97 attempt=1 [TypeError: fetch failed] {
18:02:50.451 [META_GATEWAY_PENDING_CHECK_FAILED] client-0 [TypeError: fetch failed] {
18:02:50.452 [META_GATEWAY_PENDING_CHECK_FAILED] client-0 [TypeError: fetch failed] {
18:02:50.453 [META_GATEWAY_PENDING_CHECK_FAILED] client-0 [TypeError: fetch failed] {
18:02:50.454 [META_GATEWAY_PENDING_CHECK_FAILED] client-0 [TypeError: fetch failed] {
18:02:50.455 [META_GATEWAY_PENDING_CHECK_FAILED] client-0 [TypeError: fetch failed] {
18:02:50.456 [META_GATEWAY_PENDING_CHECK_FAILED] client-0 [TypeError: fetch failed] {
18:02:50.457 [META_GATEWAY_PENDING_CHECK_FAILED] client-0 [TypeError: fetch failed] {
18:02:50.458 [META_GATEWAY_PENDING_CHECK_FAILED] client-0 [TypeError: fetch failed] {
18:02:50.459 [META_GATEWAY_PENDING_CHECK_FAILED] client-0 [TypeError: fetch failed] {
18:02:50.460 [META_GATEWAY_PENDING_CHECK_FAILED] client-0 [TypeError: fetch failed] {
18:02:50.461 [META_GATEWAY_PENDING_CHECK_FAILED] client-0 [TypeError: fetch failed] {
18:02:50.461 [META_GATEWAY_PENDING_CHECK_FAILED] client-0 [TypeError: fetch failed] {
18:02:50.462 [META_GATEWAY_PENDING_CHECK_FAILED] client-0 [TypeError: fetch failed] {
18:02:50.463 [META_GATEWAY_RETRY] client-0 attempt=1 network_error [TypeError: fetch failed] {
18:02:50.464 [META_GATEWAY_RETRY] client-0 attempt=1 network_error [TypeError: fetch failed] {
18:02:50.464 [META_GATEWAY_RETRY] client-0 attempt=1 network_error [TypeError: fetch failed] {
18:02:50.465 [META_GATEWAY_RETRY] client-0 attempt=1 network_error [TypeError: fetch failed] {
18:02:50.465 [META_GATEWAY_RETRY] client-0 attempt=1 network_error [TypeError: fetch failed] {
18:02:50.465 [META_GATEWAY_RETRY] client-0 attempt=1 network_error [TypeError: fetch failed] {
18:02:50.466 [META_GATEWAY_CLEAR_PENDING_FAILED] client-0 [TypeError: fetch failed] {
18:02:50.466 [META_GATEWAY_RETRY] client-0 attempt=1 network_error [TypeError: fetch failed] {
18:02:50.466 [META_GATEWAY_RETRY] client-0 attempt=1 network_error [TypeError: fetch failed] {
18:02:50.467 [META_GATEWAY_CLEAR_PENDING_FAILED] client-0 [TypeError: fetch failed] {
18:02:50.467 [META_GATEWAY_RETRY] client-0 attempt=1 network_error [TypeError: fetch failed] {
18:02:50.468 [META_GATEWAY_CLEAR_PENDING_FAILED] client-0 [TypeError: fetch failed] {
18:02:50.468 [META_GATEWAY_RETRY] client-0 attempt=1 network_error [TypeError: fetch failed] {
18:02:50.484 [META_GATEWAY_INBOX_RETRY] t-ldmubjz2p4-108 attempt=1 [TypeError: fetch failed] {
18:02:50.484 [META_GATEWAY_INBOX_RETRY] t-ldmubjz2p4-107 attempt=1 [TypeError: fetch failed] {
18:02:50.484 [META_GATEWAY_INBOX_RETRY] t-ldmubjz2p4-109 attempt=1 [TypeError: fetch failed] {
18:02:50.490 [META_GATEWAY_PENDING_CHECK_FAILED] client-0 [TypeError: fetch failed] {
18:02:50.491 [META_GATEWAY_PENDING_CHECK_FAILED] client-0 [TypeError: fetch failed] {
18:02:50.492 [META_GATEWAY_RETRY] client-0 attempt=1 network_error [TypeError: fetch failed] {
18:02:50.492 [META_GATEWAY_RETRY] client-0 attempt=1 network_error [TypeError: fetch failed] {
18:02:50.505 [META_GATEWAY_PENDING_CHECK_FAILED] client-0 [TypeError: fetch failed] {
18:02:50.506 [META_GATEWAY_PENDING_CHECK_FAILED] client-0 [TypeError: fetch failed] {
18:02:50.507 [META_GATEWAY_RETRY] client-0 attempt=1 network_error [TypeError: fetch failed] {
18:02:50.508 [META_GATEWAY_CLEAR_PENDING_FAILED] client-0 [TypeError: fetch failed] {
18:02:50.524 [META_GATEWAY_INBOX_RETRY] t-ldmubjz2p4-117 attempt=1 [TypeError: fetch failed] {
18:02:50.524 [META_GATEWAY_PENDING_CHECK_FAILED] client-0 [TypeError: fetch failed] {
18:02:50.525 [META_GATEWAY_PENDING_CHECK_FAILED] client-0 [TypeError: fetch failed] {
18:02:50.526 [META_GATEWAY_PENDING_CHECK_FAILED] client-0 [TypeError: fetch failed] {
18:02:50.528 [META_GATEWAY_CLEAR_PENDING_FAILED] client-0 [TypeError: fetch failed] {
18:02:50.528 [META_GATEWAY_RETRY] client-0 attempt=1 network_error [TypeError: fetch failed] {
18:02:50.529 [META_GATEWAY_CLEAR_PENDING_FAILED] client-0 [TypeError: fetch failed] {
18:02:50.533 [META_GATEWAY_INBOX_RETRY] t-ldmubjz2p4-118 attempt=1 [TypeError: fetch failed] {
18:02:50.534 [META_GATEWAY_INBOX_RETRY] t-ldmubjz2p4-119 attempt=1 [TypeError: fetch failed] {
18:02:50.682 [META_GATEWAY_RETRY] client-0 attempt=2 network_error [TypeError: fetch failed] {
18:02:50.682 [META_GATEWAY_RETRY] client-0 attempt=2 network_error [TypeError: fetch failed] {
18:02:50.683 [META_GATEWAY_RETRY] client-0 attempt=2 network_error [TypeError: fetch failed] {
18:02:50.683 [META_GATEWAY_RETRY] client-0 attempt=2 network_error [TypeError: fetch failed] {
18:02:50.683 [META_GATEWAY_RETRY] client-0 attempt=2 network_error [TypeError: fetch failed] {
18:02:50.684 [META_GATEWAY_RETRY] client-0 attempt=2 network_error [TypeError: fetch failed] {
18:02:50.684 [META_GATEWAY_RETRY] client-0 attempt=2 network_error [TypeError: fetch failed] {
18:02:50.684 [META_GATEWAY_RETRY] client-0 attempt=2 network_error [TypeError: fetch failed] {
18:02:50.685 [META_GATEWAY_RETRY] client-0 attempt=2 network_error [TypeError: fetch failed] {
18:02:50.685 [META_GATEWAY_RETRY] client-0 attempt=2 network_error [TypeError: fetch failed] {
18:02:50.685 [META_GATEWAY_RETRY] client-0 attempt=2 network_error [TypeError: fetch failed] {
18:02:50.686 [META_GATEWAY_RETRY] client-0 attempt=2 network_error [TypeError: fetch failed] {
18:02:50.686 [META_GATEWAY_RETRY] client-0 attempt=2 network_error [TypeError: fetch failed] {
18:02:50.824 [META_GATEWAY_RETRY] client-0 attempt=2 network_error [TypeError: fetch failed] {
18:02:50.824 [META_GATEWAY_RETRY] client-0 attempt=2 network_error [TypeError: fetch failed] {
18:02:50.825 [META_GATEWAY_RETRY] client-0 attempt=2 network_error [TypeError: fetch failed] {
18:02:50.825 [META_GATEWAY_RETRY] client-0 attempt=2 network_error [TypeError: fetch failed] {
18:02:50.825 [META_GATEWAY_RETRY] client-0 attempt=2 network_error [TypeError: fetch failed] {
18:02:50.826 [META_GATEWAY_RETRY] client-0 attempt=2 network_error [TypeError: fetch failed] {
18:02:50.826 [META_GATEWAY_RETRY] client-0 attempt=2 network_error [TypeError: fetch failed] {
18:02:50.826 [META_GATEWAY_RETRY] client-0 attempt=2 network_error [TypeError: fetch failed] {
18:02:50.827 [META_GATEWAY_RETRY] client-0 attempt=2 network_error [TypeError: fetch failed] {
18:02:50.827 [META_GATEWAY_RETRY] client-0 attempt=2 network_error [TypeError: fetch failed] {
18:02:50.827 [META_GATEWAY_RETRY] client-0 attempt=2 network_error [TypeError: fetch failed] {
18:02:50.828 [META_GATEWAY_RETRY] client-0 attempt=2 network_error [TypeError: fetch failed] {
18:02:50.898 [META_GATEWAY_RETRY] client-0 attempt=2 network_error [TypeError: fetch failed] {
18:02:50.898 [META_GATEWAY_RETRY] client-0 attempt=2 network_error [TypeError: fetch failed] {
18:02:50.898 [META_GATEWAY_RETRY] client-0 attempt=2 network_error [TypeError: fetch failed] {
18:02:50.899 [META_GATEWAY_RETRY] client-0 attempt=2 network_error [TypeError: fetch failed] {
18:02:50.899 [META_GATEWAY_RETRY] client-0 attempt=2 network_error [TypeError: fetch failed] {
18:02:50.899 [META_GATEWAY_RETRY] client-0 attempt=2 network_error [TypeError: fetch failed] {
18:02:50.899 [META_GATEWAY_RETRY] client-0 attempt=2 network_error [TypeError: fetch failed] {
18:02:50.900 [META_GATEWAY_RETRY] client-0 attempt=2 network_error [TypeError: fetch failed] {
18:02:50.980 [META_GATEWAY_RETRY] client-0 attempt=2 network_error [TypeError: fetch failed] {
18:02:50.980 [META_GATEWAY_RETRY] client-0 attempt=2 network_error [TypeError: fetch failed] {
18:02:50.980 [META_GATEWAY_RETRY] client-0 attempt=2 network_error [TypeError: fetch failed] {
18:02:50.981 [META_GATEWAY_RETRY] client-0 attempt=2 network_error [TypeError: fetch failed] {
18:02:50.981 [META_GATEWAY_RETRY] client-0 attempt=2 network_error [TypeError: fetch failed] {
18:02:50.981 [META_GATEWAY_RETRY] client-0 attempt=2 network_error [TypeError: fetch failed] {
18:02:50.982 [META_GATEWAY_RETRY] client-0 attempt=2 network_error [TypeError: fetch failed] {
18:02:50.982 [META_GATEWAY_RETRY] client-0 attempt=2 network_error [TypeError: fetch failed] {
18:02:50.982 [META_GATEWAY_RETRY] client-0 attempt=2 network_error [TypeError: fetch failed] {
18:02:50.983 [META_GATEWAY_RETRY] client-0 attempt=2 network_error [TypeError: fetch failed] {
18:02:51.008 [META_GATEWAY_RETRY] client-0 attempt=2 network_error [TypeError: fetch failed] {
18:02:51.008 [META_GATEWAY_RETRY] client-0 attempt=2 network_error [TypeError: fetch failed] {
18:02:51.009 [META_GATEWAY_RETRY] client-0 attempt=2 network_error [TypeError: fetch failed] {
18:02:51.045 [META_GATEWAY_RETRY] client-0 attempt=2 network_error [TypeError: fetch failed] {
18:02:51.052 [META_GATEWAY_PENDING_CHECK_FAILED] client-0 [TypeError: fetch failed] {
18:02:51.053 [META_GATEWAY_PENDING_CHECK_FAILED] client-0 [TypeError: fetch failed] {
18:02:51.054 [META_GATEWAY_PENDING_CHECK_FAILED] client-0 [TypeError: fetch failed] {
18:02:51.055 [META_GATEWAY_RETRY] client-0 attempt=1 network_error [TypeError: fetch failed] {
18:02:51.056 [META_GATEWAY_RETRY] client-0 attempt=1 network_error [TypeError: fetch failed] {
18:02:51.056 [META_GATEWAY_RETRY] client-0 attempt=1 network_error [TypeError: fetch failed] {
18:02:51.567 [META_GATEWAY_RETRY] client-0 attempt=2 network_error [TypeError: fetch failed] {
18:02:51.567 [META_GATEWAY_RETRY] client-0 attempt=2 network_error [TypeError: fetch failed] {
18:02:51.568 [META_GATEWAY_RETRY] client-0 attempt=2 network_error [TypeError: fetch failed] {
18:02:52.198 [META_GATEWAY_FAILED] client-0 network_error [TypeError: fetch failed] {
18:02:52.199 [META_GATEWAY_FAILED] client-0 network_error [TypeError: fetch failed] {
18:02:52.200 [META_GATEWAY_FAILED] client-0 network_error [TypeError: fetch failed] {
18:02:52.200 [META_GATEWAY_FAILED] client-0 network_error [TypeError: fetch failed] {
18:02:52.201 [META_GATEWAY_FAILED] client-0 network_error [TypeError: fetch failed] {
18:02:52.201 [META_GATEWAY_FAILED] client-0 network_error [TypeError: fetch failed] {
18:02:52.202 [META_GATEWAY_FAILED] client-0 network_error [TypeError: fetch failed] {
18:02:52.203 [META_GATEWAY_FAILED] client-0 network_error [TypeError: fetch failed] {
18:02:52.203 [META_GATEWAY_FAILED] client-0 network_error [TypeError: fetch failed] {
18:02:52.204 [META_GATEWAY_FAILED] client-0 network_error [TypeError: fetch failed] {
18:02:52.204 [META_GATEWAY_FAILED] client-0 network_error [TypeError: fetch failed] {
18:02:52.205 [META_GATEWAY_FAILED] client-0 network_error [TypeError: fetch failed] {
18:02:52.205 [META_GATEWAY_FAILED] client-0 network_error [TypeError: fetch failed] {
18:02:52.219 [META_GATEWAY_INBOX_RETRY] t-ldmubjz2p4-66 attempt=1 [TypeError: fetch failed] {
18:02:52.220 [META_GATEWAY_INBOX_RETRY] t-ldmubjz2p4-62 attempt=1 [TypeError: fetch failed] {
18:02:52.220 [META_GATEWAY_INBOX_RETRY] t-ldmubjz2p4-61 attempt=1 [TypeError: fetch failed] {
18:02:52.221 [META_GATEWAY_INBOX_RETRY] t-ldmubjz2p4-71 attempt=1 [TypeError: fetch failed] {
18:02:52.221 [META_GATEWAY_INBOX_RETRY] t-ldmubjz2p4-64 attempt=1 [TypeError: fetch failed] {
18:02:52.221 [META_GATEWAY_INBOX_RETRY] t-ldmubjz2p4-5 attempt=1 [TypeError: fetch failed] {
18:02:52.221 [META_GATEWAY_INBOX_RETRY] t-ldmubjz2p4-65 attempt=1 [TypeError: fetch failed] {
18:02:52.221 [META_GATEWAY_INBOX_RETRY] t-ldmubjz2p4-72 attempt=1 [TypeError: fetch failed] {
18:02:52.221 [META_GATEWAY_INBOX_RETRY] t-ldmubjz2p4-60 attempt=1 [TypeError: fetch failed] {
18:02:52.221 [META_GATEWAY_INBOX_RETRY] t-ldmubjz2p4-56 attempt=1 [TypeError: fetch failed] {
18:02:52.227 [META_GATEWAY_INBOX_RETRY] t-ldmubjz2p4-63 attempt=1 [TypeError: fetch failed] {
18:02:52.227 [META_GATEWAY_INBOX_RETRY] t-ldmubjz2p4-70 attempt=1 [TypeError: fetch failed] {
18:02:52.228 [META_GATEWAY_INBOX_RETRY] t-ldmubjz2p4-4 attempt=1 [TypeError: fetch failed] {
18:02:52.337 [META_GATEWAY_FAILED] client-0 network_error [TypeError: fetch failed] {
18:02:52.338 [META_GATEWAY_FAILED] client-0 network_error [TypeError: fetch failed] {
18:02:52.338 [META_GATEWAY_FAILED] client-0 network_error [TypeError: fetch failed] {
18:02:52.339 [META_GATEWAY_FAILED] client-0 network_error [TypeError: fetch failed] {
18:02:52.339 [META_GATEWAY_FAILED] client-0 network_error [TypeError: fetch failed] {
18:02:52.340 [META_GATEWAY_FAILED] client-0 network_error [TypeError: fetch failed] {
18:02:52.341 [META_GATEWAY_FAILED] client-0 network_error [TypeError: fetch failed] {
18:02:52.341 [META_GATEWAY_FAILED] client-0 network_error [TypeError: fetch failed] {
18:02:52.342 [META_GATEWAY_FAILED] client-0 network_error [TypeError: fetch failed] {
18:02:52.342 [META_GATEWAY_FAILED] client-0 network_error [TypeError: fetch failed] {
18:02:52.343 [META_GATEWAY_FAILED] client-0 network_error [TypeError: fetch failed] {
18:02:52.343 [META_GATEWAY_FAILED] client-0 network_error [TypeError: fetch failed] {
18:02:52.369 [META_GATEWAY_INBOX_RETRY] t-ldmubjz2p4-84 attempt=1 [TypeError: fetch failed] {
18:02:52.375 [META_GATEWAY_INBOX_RETRY] t-ldmubjz2p4-83 attempt=1 [TypeError: fetch failed] {
18:02:52.375 [META_GATEWAY_INBOX_RETRY] t-ldmubjz2p4-85 attempt=1 [TypeError: fetch failed] {
18:02:52.375 [META_GATEWAY_INBOX_RETRY] t-ldmubjz2p4-75 attempt=1 [TypeError: fetch failed] {
18:02:52.375 [META_GATEWAY_INBOX_RETRY] t-ldmubjz2p4-76 attempt=1 [TypeError: fetch failed] {
18:02:52.375 [META_GATEWAY_INBOX_RETRY] t-ldmubjz2p4-74 attempt=1 [TypeError: fetch failed] {
18:02:52.375 [META_GATEWAY_INBOX_RETRY] t-ldmubjz2p4-73 attempt=1 [TypeError: fetch failed] {
18:02:52.375 [META_GATEWAY_INBOX_RETRY] t-ldmubjz2p4-81 attempt=1 [TypeError: fetch failed] {
18:02:52.375 [META_GATEWAY_INBOX_RETRY] t-ldmubjz2p4-6 attempt=1 [TypeError: fetch failed] {
18:02:52.375 [META_GATEWAY_INBOX_RETRY] t-ldmubjz2p4-80 attempt=1 [TypeError: fetch failed] {
18:02:52.384 [META_GATEWAY_INBOX_RETRY] t-ldmubjz2p4-82 attempt=1 [TypeError: fetch failed] {
18:02:52.384 [META_GATEWAY_INBOX_RETRY] t-ldmubjz2p4-86 attempt=1 [TypeError: fetch failed] {
18:02:52.414 [META_GATEWAY_FAILED] client-0 network_error [TypeError: fetch failed] {
18:02:52.414 [META_GATEWAY_FAILED] client-0 network_error [TypeError: fetch failed] {
18:02:52.415 [META_GATEWAY_FAILED] client-0 network_error [TypeError: fetch failed] {
18:02:52.415 [META_GATEWAY_FAILED] client-0 network_error [TypeError: fetch failed] {
18:02:52.416 [META_GATEWAY_FAILED] client-0 network_error [TypeError: fetch failed] {
18:02:52.416 [META_GATEWAY_FAILED] client-0 network_error [TypeError: fetch failed] {
18:02:52.416 [META_GATEWAY_FAILED] client-0 network_error [TypeError: fetch failed] {
18:02:52.417 [META_GATEWAY_FAILED] client-0 network_error [TypeError: fetch failed] {
18:02:52.427 [META_GATEWAY_INBOX_RETRY] t-ldmubjz2p4-95 attempt=1 [TypeError: fetch failed] {
18:02:52.427 [META_GATEWAY_INBOX_RETRY] t-ldmubjz2p4-91 attempt=1 [TypeError: fetch failed] {
18:02:52.427 [META_GATEWAY_INBOX_RETRY] t-ldmubjz2p4-96 attempt=1 [TypeError: fetch failed] {
18:02:52.427 [META_GATEWAY_INBOX_RETRY] t-ldmubjz2p4-90 attempt=1 [TypeError: fetch failed] {
18:02:52.428 [META_GATEWAY_INBOX_RETRY] t-ldmubjz2p4-100 attempt=1 [TypeError: fetch failed] {
18:02:52.428 [META_GATEWAY_INBOX_RETRY] t-ldmubjz2p4-92 attempt=1 [TypeError: fetch failed] {
18:02:52.428 [META_GATEWAY_INBOX_RETRY] t-ldmubjz2p4-94 attempt=1 [TypeError: fetch failed] {
18:02:52.429 [META_GATEWAY_INBOX_RETRY] t-ldmubjz2p4-93 attempt=1 [TypeError: fetch failed] {
18:02:52.508 [META_GATEWAY_FAILED] client-0 network_error [TypeError: fetch failed] {
18:02:52.509 [META_GATEWAY_FAILED] client-0 network_error [TypeError: fetch failed] {
18:02:52.510 [META_GATEWAY_FAILED] client-0 network_error [TypeError: fetch failed] {
18:02:52.510 [META_GATEWAY_FAILED] client-0 network_error [TypeError: fetch failed] {
18:02:52.511 [META_GATEWAY_FAILED] client-0 network_error [TypeError: fetch failed] {
18:02:52.511 [META_GATEWAY_FAILED] client-0 network_error [TypeError: fetch failed] {
18:02:52.512 [META_GATEWAY_FAILED] client-0 network_error [TypeError: fetch failed] {
18:02:52.513 [META_GATEWAY_FAILED] client-0 network_error [TypeError: fetch failed] {
18:02:52.513 [META_GATEWAY_FAILED] client-0 network_error [TypeError: fetch failed] {
18:02:52.514 [META_GATEWAY_FAILED] client-0 network_error [TypeError: fetch failed] {
18:02:52.521 [META_GATEWAY_FAILED] client-0 network_error [TypeError: fetch failed] {
18:02:52.521 [META_GATEWAY_FAILED] client-0 network_error [TypeError: fetch failed] {
18:02:52.522 [META_GATEWAY_FAILED] client-0 network_error [TypeError: fetch failed] {
18:02:52.532 [META_GATEWAY_INBOX_RETRY] t-ldmubjz2p4-102 attempt=1 [TypeError: fetch failed] {
18:02:52.532 [META_GATEWAY_INBOX_RETRY] t-ldmubjz2p4-105 attempt=1 [TypeError: fetch failed] {
18:02:52.533 [META_GATEWAY_INBOX_RETRY] t-ldmubjz2p4-106 attempt=1 [TypeError: fetch failed] {
18:02:52.533 [META_GATEWAY_INBOX_RETRY] t-ldmubjz2p4-103 attempt=1 [TypeError: fetch failed] {
18:02:52.533 [META_GATEWAY_INBOX_RETRY] t-ldmubjz2p4-112 attempt=1 [TypeError: fetch failed] {
18:02:52.533 [META_GATEWAY_INBOX_RETRY] t-ldmubjz2p4-110 attempt=1 [TypeError: fetch failed] {
18:02:52.533 [META_GATEWAY_INBOX_RETRY] t-ldmubjz2p4-111 attempt=1 [TypeError: fetch failed] {
18:02:52.533 [META_GATEWAY_INBOX_RETRY] t-ldmubjz2p4-113 attempt=1 [TypeError: fetch failed] {
18:02:52.533 [META_GATEWAY_INBOX_RETRY] t-ldmubjz2p4-101 attempt=1 [TypeError: fetch failed] {
18:02:52.534 [META_GATEWAY_INBOX_RETRY] t-ldmubjz2p4-104 attempt=1 [TypeError: fetch failed] {
18:02:52.541 [META_GATEWAY_INBOX_RETRY] t-ldmubjz2p4-115 attempt=1 [TypeError: fetch failed] {
18:02:52.541 [META_GATEWAY_INBOX_RETRY] t-ldmubjz2p4-114 attempt=1 [TypeError: fetch failed] {
18:02:52.541 [META_GATEWAY_INBOX_RETRY] t-ldmubjz2p4-116 attempt=1 [TypeError: fetch failed] {
18:02:52.584 [META_GATEWAY_FAILED] client-0 network_error [TypeError: fetch failed] {
18:02:52.634 [META_GATEWAY_PENDING_CHECK_FAILED] client-0 [TypeError: fetch failed] {
18:02:52.635 [META_GATEWAY_PENDING_CHECK_FAILED] client-0 [TypeError: fetch failed] {
18:02:52.636 [META_GATEWAY_PENDING_CHECK_FAILED] client-0 [TypeError: fetch failed] {
18:02:52.637 [META_GATEWAY_PENDING_CHECK_FAILED] client-0 [TypeError: fetch failed] {
18:02:52.638 [META_GATEWAY_PENDING_CHECK_FAILED] client-0 [TypeError: fetch failed] {
18:02:52.639 [META_GATEWAY_PENDING_CHECK_FAILED] client-0 [TypeError: fetch failed] {
18:02:52.640 [META_GATEWAY_PENDING_CHECK_FAILED] client-0 [TypeError: fetch failed] {
18:02:52.642 [META_GATEWAY_PENDING_CHECK_FAILED] client-0 [TypeError: fetch failed] {
18:02:52.643 [META_GATEWAY_PENDING_CHECK_FAILED] client-0 [TypeError: fetch failed] {
18:02:52.644 [META_GATEWAY_PENDING_CHECK_FAILED] client-0 [TypeError: fetch failed] {
18:02:52.645 [META_GATEWAY_PENDING_CHECK_FAILED] client-0 [TypeError: fetch failed] {
18:02:52.646 [META_GATEWAY_PENDING_CHECK_FAILED] client-0 [TypeError: fetch failed] {
18:02:52.647 [META_GATEWAY_PENDING_CHECK_FAILED] client-0 [TypeError: fetch failed] {
18:02:52.648 [META_GATEWAY_PENDING_CHECK_FAILED] client-0 [TypeError: fetch failed] {
18:02:52.649 [META_GATEWAY_PENDING_CHECK_FAILED] client-0 [TypeError: fetch failed] {
18:02:52.650 [META_GATEWAY_PENDING_CHECK_FAILED] client-0 [TypeError: fetch failed] {
18:02:52.651 [META_GATEWAY_PENDING_CHECK_FAILED] client-0 [TypeError: fetch failed] {
18:02:52.652 [META_GATEWAY_PENDING_CHECK_FAILED] client-0 [TypeError: fetch failed] {
18:02:52.653 [META_GATEWAY_PENDING_CHECK_FAILED] client-0 [TypeError: fetch failed] {
18:02:52.653 [META_GATEWAY_PENDING_CHECK_FAILED] client-0 [TypeError: fetch failed] {
18:02:52.655 [META_GATEWAY_RETRY] client-0 attempt=1 network_error [TypeError: fetch failed] {
18:02:52.656 [META_GATEWAY_RETRY] client-0 attempt=1 network_error [TypeError: fetch failed] {
18:02:52.656 [META_GATEWAY_RETRY] client-0 attempt=1 network_error [TypeError: fetch failed] {
18:02:52.656 [META_GATEWAY_RETRY] client-0 attempt=1 network_error [TypeError: fetch failed] {
18:02:52.657 [META_GATEWAY_RETRY] client-0 attempt=1 network_error [TypeError: fetch failed] {
18:02:52.657 [META_GATEWAY_CLEAR_PENDING_FAILED] client-0 [TypeError: fetch failed] {
18:02:52.658 [META_GATEWAY_CLEAR_PENDING_FAILED] client-0 [TypeError: fetch failed] {
18:02:52.658 [META_GATEWAY_RETRY] client-0 attempt=1 network_error [TypeError: fetch failed] {
18:02:52.659 [META_GATEWAY_RETRY] client-0 attempt=1 network_error [TypeError: fetch failed] {
18:02:52.659 [META_GATEWAY_RETRY] client-0 attempt=1 network_error [TypeError: fetch failed] {
18:02:52.659 [META_GATEWAY_RETRY] client-0 attempt=1 network_error [TypeError: fetch failed] {
18:02:52.660 [META_GATEWAY_CLEAR_PENDING_FAILED] client-0 [TypeError: fetch failed] {
18:02:52.660 [META_GATEWAY_CLEAR_PENDING_FAILED] client-0 [TypeError: fetch failed] {
18:02:52.661 [META_GATEWAY_RETRY] client-0 attempt=1 network_error [TypeError: fetch failed] {
18:02:52.661 [META_GATEWAY_RETRY] client-0 attempt=1 network_error [TypeError: fetch failed] {
18:02:52.661 [META_GATEWAY_CLEAR_PENDING_FAILED] client-0 [TypeError: fetch failed] {
18:02:52.662 [META_GATEWAY_CLEAR_PENDING_FAILED] client-0 [TypeError: fetch failed] {
18:02:52.662 [META_GATEWAY_RETRY] client-0 attempt=1 network_error [TypeError: fetch failed] {
18:02:52.663 [META_GATEWAY_RETRY] client-0 attempt=1 network_error [TypeError: fetch failed] {
18:02:52.663 [META_GATEWAY_RETRY] client-0 attempt=1 network_error [TypeError: fetch failed] {
18:02:52.676 [META_GATEWAY_INBOX_RETRY] t-ldmubjz2p4-120 attempt=1 [TypeError: fetch failed] {
18:02:52.676 [META_GATEWAY_INBOX_RETRY] t-ldmubjz2p4-128 attempt=1 [TypeError: fetch failed] {
18:02:52.714 [META_GATEWAY_INBOX_RETRY] t-ldmubjz2p4-137 attempt=1 [TypeError: fetch failed] {
18:02:52.714 [META_GATEWAY_INBOX_RETRY] t-ldmubjz2p4-139 attempt=1 [TypeError: fetch failed] {
18:02:52.714 [META_GATEWAY_INBOX_RETRY] t-ldmubjz2p4-138 attempt=1 [TypeError: fetch failed] {
18:02:52.715 [META_GATEWAY_INBOX_RETRY] t-ldmubjz2p4-129 attempt=1 [TypeError: fetch failed] {
18:02:52.715 [META_GATEWAY_INBOX_RETRY] t-ldmubjz2p4-127 attempt=1 [TypeError: fetch failed] {
18:02:52.766 [META_GATEWAY_PENDING_CHECK_FAILED] client-0 [TypeError: fetch failed] {
18:02:52.767 [META_GATEWAY_PENDING_CHECK_FAILED] client-0 [TypeError: fetch failed] {
18:02:52.768 [META_GATEWAY_PENDING_CHECK_FAILED] client-0 [TypeError: fetch failed] {
18:02:52.769 [META_GATEWAY_PENDING_CHECK_FAILED] client-0 [TypeError: fetch failed] {
18:02:52.771 [META_GATEWAY_PENDING_CHECK_FAILED] client-0 [TypeError: fetch failed] {
18:02:52.772 [META_GATEWAY_PENDING_CHECK_FAILED] client-0 [TypeError: fetch failed] {
18:02:52.773 [META_GATEWAY_PENDING_CHECK_FAILED] client-0 [TypeError: fetch failed] {
18:02:52.774 [META_GATEWAY_PENDING_CHECK_FAILED] client-0 [TypeError: fetch failed] {
18:02:52.775 [META_GATEWAY_PENDING_CHECK_FAILED] client-0 [TypeError: fetch failed] {
18:02:52.776 [META_GATEWAY_PENDING_CHECK_FAILED] client-0 [TypeError: fetch failed] {
18:02:52.777 [META_GATEWAY_PENDING_CHECK_FAILED] client-0 [TypeError: fetch failed] {
18:02:52.778 [META_GATEWAY_PENDING_CHECK_FAILED] client-0 [TypeError: fetch failed] {
18:02:52.779 [META_GATEWAY_PENDING_CHECK_FAILED] client-0 [TypeError: fetch failed] {
18:02:52.780 [META_GATEWAY_PENDING_CHECK_FAILED] client-0 [TypeError: fetch failed] {
18:02:52.781 [META_GATEWAY_PENDING_CHECK_FAILED] client-0 [TypeError: fetch failed] {
18:02:52.782 [META_GATEWAY_PENDING_CHECK_FAILED] client-0 [TypeError: fetch failed] {
18:02:52.783 [META_GATEWAY_PENDING_CHECK_FAILED] client-0 [TypeError: fetch failed] {
18:02:52.784 [META_GATEWAY_PENDING_CHECK_FAILED] client-0 [TypeError: fetch failed] {
18:02:52.784 [META_GATEWAY_PENDING_CHECK_FAILED] client-0 [TypeError: fetch failed] {
18:02:52.785 [META_GATEWAY_PENDING_CHECK_FAILED] client-0 [TypeError: fetch failed] {
18:02:52.786 [META_GATEWAY_CLEAR_PENDING_FAILED] client-0 [TypeError: fetch failed] {
18:02:52.787 [META_GATEWAY_CLEAR_PENDING_FAILED] client-0 [TypeError: fetch failed] {
18:02:52.788 [META_GATEWAY_CLEAR_PENDING_FAILED] client-0 [TypeError: fetch failed] {
18:02:52.788 [META_GATEWAY_CLEAR_PENDING_FAILED] client-0 [TypeError: fetch failed] {
18:02:52.789 [META_GATEWAY_RETRY] client-0 attempt=1 network_error [TypeError: fetch failed] {
18:02:52.789 [META_GATEWAY_CLEAR_PENDING_FAILED] client-0 [TypeError: fetch failed] {
18:02:52.789 [META_GATEWAY_RETRY] client-0 attempt=1 network_error [TypeError: fetch failed] {
18:02:52.790 [META_GATEWAY_CLEAR_PENDING_FAILED] client-0 [TypeError: fetch failed] {
18:02:52.790 [META_GATEWAY_RETRY] client-0 attempt=1 network_error [TypeError: fetch failed] {