17:08:45.988 [harness] SIGTERM sent
17:08:46.016 [client] EXIT code=null signal=SIGTERM
17:08:46.163 [META_GATEWAY_PENDING_CHECK_FAILED] client-0 [TypeError: fetch failed] {
17:08:46.167 [META_GATEWAY_PENDING_CHECK_FAILED] client-0 [TypeError: fetch failed] {
17:08:46.171 [META_GATEWAY_PENDING_CHECK_FAILED] client-0 [TypeError: fetch failed] {
17:08:46.176 [META_GATEWAY_PENDING_CHECK_FAILED] client-0 [TypeError: fetch failed] {
17:08:46.179 [META_GATEWAY_PENDING_CHECK_FAILED] client-0 [TypeError: fetch failed] {
17:08:46.183 [META_GATEWAY_PENDING_CHECK_FAILED] client-0 [TypeError: fetch failed] {
17:08:46.188 [META_GATEWAY_PENDING_CHECK_FAILED] client-0 [TypeError: fetch failed] {
17:08:46.192 [META_GATEWAY_PENDING_CHECK_FAILED] client-0 [TypeError: fetch failed] {
17:08:46.195 [META_GATEWAY_PENDING_CHECK_FAILED] client-0 [TypeError: fetch failed] {
17:08:46.198 [META_GATEWAY_PENDING_CHECK_FAILED] client-0 [TypeError: fetch failed] {
17:08:46.202 [META_GATEWAY_PENDING_CHECK_FAILED] client-0 [TypeError: fetch failed] {
17:08:46.206 [META_GATEWAY_PENDING_CHECK_FAILED] client-0 [TypeError: fetch failed] {
17:08:46.208 [META_GATEWAY_PENDING_CHECK_FAILED] client-0 [TypeError: fetch failed] {
17:08:46.212 [META_GATEWAY_PENDING_CHECK_FAILED] client-0 [TypeError: fetch failed] {
17:08:46.215 [META_GATEWAY_PENDING_CHECK_FAILED] client-0 [TypeError: fetch failed] {
17:08:46.219 [META_GATEWAY_PENDING_CHECK_FAILED] client-0 [TypeError: fetch failed] {
17:08:46.223 [META_GATEWAY_PENDING_CHECK_FAILED] client-0 [TypeError: fetch failed] {
17:08:46.227 [META_GATEWAY_PENDING_CHECK_FAILED] client-0 [TypeError: fetch failed] {
17:08:46.231 [META_GATEWAY_PENDING_CHECK_FAILED] client-0 [TypeError: fetch failed] {
17:08:46.235 [META_GATEWAY_PENDING_CHECK_FAILED] client-0 [TypeError: fetch failed] {
17:08:46.240 [META_GATEWAY_RETRY] client-0 attempt=1 network_error [TypeError: fetch failed] {
17:08:46.240 [META_GATEWAY_RETRY] client-0 attempt=1 network_error [TypeError: fetch failed] {
17:08:46.241 [META_GATEWAY_RETRY] client-0 attempt=1 network_error [TypeError: fetch failed] {
17:08:46.242 [META_GATEWAY_CLEAR_PENDING_FAILED] client-0 [TypeError: fetch failed] {
17:08:46.243 [META_GATEWAY_RETRY] client-0 attempt=1 network_error [TypeError: fetch failed] {
17:08:46.244 [META_GATEWAY_RETRY] client-0 attempt=1 network_error [TypeError: fetch failed] {
17:08:46.244 [META_GATEWAY_RETRY] client-0 attempt=1 network_error [TypeError: fetch failed] {
17:08:46.245 [META_GATEWAY_RETRY] client-0 attempt=1 network_error [TypeError: fetch failed] {
17:08:46.246 [META_GATEWAY_RETRY] client-0 attempt=1 network_error [TypeError: fetch failed] {
17:08:46.246 [META_GATEWAY_CLEAR_PENDING_FAILED] client-0 [TypeError: fetch failed] {
17:08:46.247 [META_GATEWAY_RETRY] client-0 attempt=1 network_error [TypeError: fetch failed] {
17:08:46.248 [META_GATEWAY_RETRY] client-0 attempt=1 network_error [TypeError: fetch failed] {
17:08:46.248 [META_GATEWAY_RETRY] client-0 attempt=1 network_error [TypeError: fetch failed] {
17:08:46.249 [META_GATEWAY_RETRY] client-0 attempt=1 network_error [TypeError: fetch failed] {
17:08:46.249 [META_GATEWAY_RETRY] client-0 attempt=1 network_error [TypeError: fetch failed] {
17:08:46.250 [META_GATEWAY_RETRY] client-0 attempt=1 network_error [TypeError: fetch failed] {
17:08:46.250 [META_GATEWAY_CLEAR_PENDING_FAILED] client-0 [TypeError: fetch failed] {
17:08:46.251 [META_GATEWAY_RETRY] client-0 attempt=1 network_error [TypeError: fetch failed] {
17:08:46.251 [META_GATEWAY_RETRY] client-0 attempt=1 network_error [TypeError: fetch failed] {
17:08:46.252 [META_GATEWAY_RETRY] client-0 attempt=1 network_error [TypeError: fetch failed] {
17:08:46.392 [META_GATEWAY_INBOX_RETRY] t-ldmubi1jt1-19 attempt=1 [TypeError: fetch failed] {
17:08:46.392 [META_GATEWAY_INBOX_RETRY] t-ldmubi1jt1-18 attempt=1 [TypeError: fetch failed] {
17:08:46.393 [META_GATEWAY_INBOX_RETRY] t-ldmubi1jt1-17 attempt=1 [TypeError: fetch failed] {
17:08:46.394 [META_GATEWAY_PENDING_CHECK_FAILED] client-0 [TypeError: fetch failed] {
17:08:46.395 [META_GATEWAY_PENDING_CHECK_FAILED] client-0 [TypeError: fetch failed] {
17:08:46.397 [META_GATEWAY_PENDING_CHECK_FAILED] client-0 [TypeError: fetch failed] {
17:08:46.398 [META_GATEWAY_PENDING_CHECK_FAILED] client-0 [TypeError: fetch failed] {
17:08:46.400 [META_GATEWAY_PENDING_CHECK_FAILED] client-0 [TypeError: fetch failed] {
17:08:46.401 [META_GATEWAY_PENDING_CHECK_FAILED] client-0 [TypeError: fetch failed] {
17:08:46.403 [META_GATEWAY_PENDING_CHECK_FAILED] client-0 [TypeError: fetch failed] {
17:08:46.404 [META_GATEWAY_PENDING_CHECK_FAILED] client-0 [TypeError: fetch failed] {
17:08:46.406 [META_GATEWAY_PENDING_CHECK_FAILED] client-0 [TypeError: fetch failed] {
17:08:46.407 [META_GATEWAY_PENDING_CHECK_FAILED] client-0 [TypeError: fetch failed] {
17:08:46.408 [META_GATEWAY_PENDING_CHECK_FAILED] client-0 [TypeError: fetch failed] {
17:08:46.409 [META_GATEWAY_PENDING_CHECK_FAILED] client-0 [TypeError: fetch failed] {
17:08:46.410 [META_GATEWAY_PENDING_CHECK_FAILED] client-0 [TypeError: fetch failed] {
17:08:46.411 [META_GATEWAY_PENDING_CHECK_FAILED] client-0 [TypeError: fetch failed] {
17:08:46.412 [META_GATEWAY_PENDING_CHECK_FAILED] client-0 [TypeError: fetch failed] {
17:08:46.413 [META_GATEWAY_PENDING_CHECK_FAILED] client-0 [TypeError: fetch failed] {
17:08:46.415 [META_GATEWAY_PENDING_CHECK_FAILED] client-0 [TypeError: fetch failed] {
17:08:46.416 [META_GATEWAY_PENDING_CHECK_FAILED] client-0 [TypeError: fetch failed] {
17:08:46.417 [META_GATEWAY_PENDING_CHECK_FAILED] client-0 [TypeError: fetch failed] {
17:08:46.418 [META_GATEWAY_PENDING_CHECK_FAILED] client-0 [TypeError: fetch failed] {
17:08:46.421 [META_GATEWAY_CLEAR_PENDING_FAILED] client-0 [TypeError: fetch failed] {
17:08:46.422 [META_GATEWAY_RETRY] client-0 attempt=1 network_error [TypeError: fetch failed] {
17:08:46.422 [META_GATEWAY_RETRY] client-0 attempt=1 network_error [TypeError: fetch failed] {
17:08:46.423 [META_GATEWAY_CLEAR_PENDING_FAILED] client-0 [TypeError: fetch failed] {
17:08:46.423 [META_GATEWAY_RETRY] client-0 attempt=1 network_error [TypeError: fetch failed] {
17:08:46.424 [META_GATEWAY_RETRY] client-0 attempt=1 network_error [TypeError: fetch failed] {
17:08:46.424 [META_GATEWAY_CLEAR_PENDING_FAILED] client-0 [TypeError: fetch failed] {
17:08:46.425 [META_GATEWAY_RETRY] client-0 attempt=1 network_error [TypeError: fetch failed] {
17:08:46.426 [META_GATEWAY_RETRY] client-0 attempt=1 network_error [TypeError: fetch failed] {
17:08:46.426 [META_GATEWAY_RETRY] client-0 attempt=1 network_error [TypeError: fetch failed] {
17:08:46.427 [META_GATEWAY_RETRY] client-0 attempt=1 network_error [TypeError: fetch failed] {
17:08:46.427 [META_GATEWAY_RETRY] client-0 attempt=1 network_error [TypeError: fetch failed] {
17:08:46.428 [META_GATEWAY_CLEAR_PENDING_FAILED] client-0 [TypeError: fetch failed] {
17:08:46.429 [META_GATEWAY_RETRY] client-0 attempt=1 network_error [TypeError: fetch failed] {
17:08:46.430 [META_GATEWAY_RETRY] client-0 attempt=1 network_error [TypeError: fetch failed] {
17:08:46.430 [META_GATEWAY_CLEAR_PENDING_FAILED] client-0 [TypeError: fetch failed] {
17:08:46.431 [META_GATEWAY_RETRY] client-0 attempt=1 network_error [TypeError: fetch failed] {
17:08:46.432 [META_GATEWAY_CLEAR_PENDING_FAILED] client-0 [TypeError: fetch failed] {
17:08:46.433 [META_GATEWAY_RETRY] client-0 attempt=1 network_error [TypeError: fetch failed] {
17:08:46.433 [META_GATEWAY_RETRY] client-0 attempt=1 network_error [TypeError: fetch failed] {
17:08:46.481 [META_GATEWAY_INBOX_RETRY] t-ldmubi1jt1-38 attempt=1 [TypeError: fetch failed] {
17:08:46.481 [META_GATEWAY_INBOX_RETRY] t-ldmubi1jt1-39 attempt=1 [TypeError: fetch failed] {
17:08:46.481 [META_GATEWAY_INBOX_RETRY] t-ldmubi1jt1-37 attempt=1 [TypeError: fetch failed] {
17:08:46.482 [META_GATEWAY_INBOX_RETRY] t-ldmubi1jt1-28 attempt=1 [TypeError: fetch failed] {
17:08:46.482 [META_GATEWAY_INBOX_RETRY] t-ldmubi1jt1-27 attempt=1 [TypeError: fetch failed] {
17:08:46.482 [META_GATEWAY_INBOX_RETRY] t-ldmubi1jt1-29 attempt=1 [TypeError: fetch failed] {
17:08:46.518 [META_GATEWAY_PENDING_CHECK_FAILED] client-0 [TypeError: fetch failed] {
17:08:46.520 [META_GATEWAY_PENDING_CHECK_FAILED] client-0 [TypeError: fetch failed] {
17:08:46.522 [META_GATEWAY_PENDING_CHECK_FAILED] client-0 [TypeError: fetch failed] {
17:08:46.523 [META_GATEWAY_PENDING_CHECK_FAILED] client-0 [TypeError: fetch failed] {
17:08:46.525 [META_GATEWAY_PENDING_CHECK_FAILED] client-0 [TypeError: fetch failed] {
17:08:46.527 [META_GATEWAY_PENDING_CHECK_FAILED] client-0 [TypeError: fetch failed] {
17:08:46.528 [META_GATEWAY_PENDING_CHECK_FAILED] client-0 [TypeError: fetch failed] {
17:08:46.529 [META_GATEWAY_PENDING_CHECK_FAILED] client-0 [TypeError: fetch failed] {
17:08:46.531 [META_GATEWAY_PENDING_CHECK_FAILED] client-0 [TypeError: fetch failed] {
17:08:46.532 [META_GATEWAY_PENDING_CHECK_FAILED] client-0 [TypeError: fetch failed] {
17:08:46.535 [META_GATEWAY_RETRY] client-0 attempt=1 network_error [TypeError: fetch failed] {
17:08:46.536 [META_GATEWAY_CLEAR_PENDING_FAILED] client-0 [TypeError: fetch failed] {
17:08:46.537 [META_GATEWAY_RETRY] client-0 attempt=1 network_error [TypeError: fetch failed] {
17:08:46.537 [META_GATEWAY_RETRY] client-0 attempt=1 network_error [TypeError: fetch failed] {
17:08:46.545 [META_GATEWAY_CLEAR_PENDING_FAILED] client-0 [TypeError: fetch failed] {
17:08:46.546 [META_GATEWAY_CLEAR_PENDING_FAILED] client-0 [TypeError: fetch failed] {
17:08:46.547 [META_GATEWAY_RETRY] client-0 attempt=1 network_error [TypeError: fetch failed] {
17:08:46.548 [META_GATEWAY_CLEAR_PENDING_FAILED] client-0 [TypeError: fetch failed] {
17:08:46.548 [META_GATEWAY_CLEAR_PENDING_FAILED] client-0 [TypeError: fetch failed] {
17:08:46.549 [META_GATEWAY_CLEAR_PENDING_FAILED] client-0 [TypeError: fetch failed] {
17:08:46.580 [META_GATEWAY_INBOX_RETRY] t-ldmubi1jt1-48 attempt=1 [TypeError: fetch failed] {
17:08:46.580 [META_GATEWAY_INBOX_RETRY] t-ldmubi1jt1-49 attempt=1 [TypeError: fetch failed] {
17:08:46.580 [META_GATEWAY_INBOX_RETRY] t-ldmubi1jt1-47 attempt=1 [TypeError: fetch failed] {
17:08:46.581 [META_GATEWAY_INBOX_RETRY] t-ldmubi1jt1-7 attempt=1 [TypeError: fetch failed] {
17:08:46.581 [META_GATEWAY_INBOX_RETRY] t-ldmubi1jt1-9 attempt=1 [TypeError: fetch failed] {
17:08:46.581 [META_GATEWAY_INBOX_RETRY] t-ldmubi1jt1-8 attempt=1 [TypeError: fetch failed] {
17:08:46.581 [META_GATEWAY_PENDING_CHECK_FAILED] client-0 [TypeError: fetch failed] {
17:08:46.583 [META_GATEWAY_PENDING_CHECK_FAILED] client-0 [TypeError: fetch failed] {
17:08:46.584 [META_GATEWAY_PENDING_CHECK_FAILED] client-0 [TypeError: fetch failed] {
17:08:46.586 [META_GATEWAY_RETRY] client-0 attempt=1 network_error [TypeError: fetch failed] {
17:08:46.586 [META_GATEWAY_RETRY] client-0 attempt=1 network_error [TypeError: fetch failed] {
17:08:46.587 [META_GATEWAY_RETRY] client-0 attempt=1 network_error [TypeError: fetch failed] {
17:08:46.632 [META_GATEWAY_PENDING_CHECK_FAILED] client-0 [TypeError: fetch failed] {
17:08:46.633 [META_GATEWAY_PENDING_CHECK_FAILED] client-0 [TypeError: fetch failed] {
17:08:46.635 [META_GATEWAY_PENDING_CHECK_FAILED] client-0 [TypeError: fetch failed] {
17:08:46.636 [META_GATEWAY_PENDING_CHECK_FAILED] client-0 [TypeError: fetch failed] {
17:08:46.638 [META_GATEWAY_PENDING_CHECK_FAILED] client-0 [TypeError: fetch failed] {
17:08:46.639 [META_GATEWAY_PENDING_CHECK_FAILED] client-0 [TypeError: fetch failed] {
17:08:46.640 [META_GATEWAY_RETRY] client-0 attempt=1 network_error [TypeError: fetch failed] {
17:08:46.641 [META_GATEWAY_CLEAR_PENDING_FAILED] client-0 [TypeError: fetch failed] {
17:08:46.641 [META_GATEWAY_RETRY] client-0 attempt=1 network_error [TypeError: fetch failed] {
17:08:46.642 [META_GATEWAY_CLEAR_PENDING_FAILED] client-0 [TypeError: fetch failed] {
17:08:46.642 [META_GATEWAY_RETRY] client-0 attempt=1 network_error [TypeError: fetch failed] {
17:08:46.642 [META_GATEWAY_RETRY] client-0 attempt=1 network_error [TypeError: fetch failed] {
17:08:46.648 [META_GATEWAY_INBOX_RETRY] t-ldmubi1jt1-58 attempt=1 [TypeError: fetch failed] {
17:08:46.669 [META_GATEWAY_INBOX_RETRY] t-ldmubi1jt1-57 attempt=1 [TypeError: fetch failed] {
17:08:46.694 [META_GATEWAY_PENDING_CHECK_FAILED] client-0 [TypeError: fetch failed] {
17:08:46.695 [META_GATEWAY_PENDING_CHECK_FAILED] client-0 [TypeError: fetch failed] {
17:08:46.696 [META_GATEWAY_PENDING_CHECK_FAILED] client-0 [TypeError: fetch failed] {
17:08:46.698 [META_GATEWAY_PENDING_CHECK_FAILED] client-0 [TypeError: fetch failed] {
17:08:46.699 [META_GATEWAY_PENDING_CHECK_FAILED] client-0 [TypeError: fetch failed] {
17:08:46.701 [META_GATEWAY_PENDING_CHECK_FAILED] client-0 [TypeError: fetch failed] {
17:08:46.704 [META_GATEWAY_RETRY] client-0 attempt=1 network_error [TypeError: fetch failed] {
17:08:46.705 [META_GATEWAY_RETRY] client-0 attempt=1 network_error [TypeError: fetch failed] {
17:08:46.706 [META_GATEWAY_RETRY] client-0 attempt=1 network_error [TypeError: fetch failed] {
17:08:46.706 [META_GATEWAY_RETRY] client-0 attempt=1 network_error [TypeError: fetch failed] {
17:08:46.707 [META_GATEWAY_CLEAR_PENDING_FAILED] client-0 [TypeError: fetch failed] {
17:08:46.707 [META_GATEWAY_RETRY] client-0 attempt=1 network_error [TypeError: fetch failed] {
17:08:46.718 [META_GATEWAY_INBOX_RETRY] t-ldmubi1jt1-59 attempt=1 [TypeError: fetch failed] {
17:08:46.719 [META_GATEWAY_PENDING_CHECK_FAILED] client-0 [TypeError: fetch failed] {
17:08:46.721 [META_GATEWAY_RETRY] client-0 attempt=1 network_error [TypeError: fetch failed] {
17:08:46.731 [META_GATEWAY_PENDING_CHECK_FAILED] client-0 [TypeError: fetch failed] {
17:08:46.733 [META_GATEWAY_CLEAR_PENDING_FAILED] client-0 [TypeError: fetch failed] {
17:08:46.742 [META_GATEWAY_INBOX_RETRY] t-ldmubi1jt1-67 attempt=1 [TypeError: fetch failed] {
17:08:46.745 [META_GATEWAY_RETRY] client-0 attempt=2 network_error [TypeError: fetch failed] {
17:08:46.748 [META_GATEWAY_PENDING_CHECK_FAILED] client-0 [TypeError: fetch failed] {
17:08:46.749 [META_GATEWAY_RETRY] client-0 attempt=2 network_error [TypeError: fetch failed] {
17:08:46.750 [META_GATEWAY_RETRY] client-0 attempt=2 network_error [TypeError: fetch failed] {
17:08:46.750 [META_GATEWAY_RETRY] client-0 attempt=2 network_error [TypeError: fetch failed] {
17:08:46.750 [META_GATEWAY_RETRY] client-0 attempt=2 network_error [TypeError: fetch failed] {
17:08:46.751 [META_GATEWAY_RETRY] client-0 attempt=2 network_error [TypeError: fetch failed] {
17:08:46.751 [META_GATEWAY_RETRY] client-0 attempt=2 network_error [TypeError: fetch failed] {
17:08:46.758 [META_GATEWAY_CLEAR_PENDING_FAILED] client-0 [TypeError: fetch failed] {
17:08:46.759 [META_GATEWAY_RETRY] client-0 attempt=2 network_error [TypeError: fetch failed] {
17:08:46.759 [META_GATEWAY_RETRY] client-0 attempt=2 network_error [TypeError: fetch failed] {
17:08:46.759 [META_GATEWAY_RETRY] client-0 attempt=2 network_error [TypeError: fetch failed] {
17:08:46.760 [META_GATEWAY_RETRY] client-0 attempt=2 network_error [TypeError: fetch failed] {
17:08:46.760 [META_GATEWAY_RETRY] client-0 attempt=2 network_error [TypeError: fetch failed] {
17:08:46.760 [META_GATEWAY_RETRY] client-0 attempt=2 network_error [TypeError: fetch failed] {
17:08:46.761 [META_GATEWAY_RETRY] client-0 attempt=2 network_error [TypeError: fetch failed] {
17:08:46.761 [META_GATEWAY_RETRY] client-0 attempt=2 network_error [TypeError: fetch failed] {
17:08:46.761 [META_GATEWAY_RETRY] client-0 attempt=2 network_error [TypeError: fetch failed] {
17:08:46.762 [META_GATEWAY_RETRY] client-0 attempt=2 network_error [TypeError: fetch failed] {
17:08:46.767 [META_GATEWAY_INBOX_RETRY] t-ldmubi1jt1-68 attempt=1 [TypeError: fetch failed] {
17:08:46.862 [META_GATEWAY_PENDING_CHECK_FAILED] client-0 [TypeError: fetch failed] {
17:08:46.864 [META_GATEWAY_PENDING_CHECK_FAILED] client-0 [TypeError: fetch failed] {
17:08:46.866 [META_GATEWAY_CLEAR_PENDING_FAILED] client-0 [TypeError: fetch failed] {
17:08:46.866 [META_GATEWAY_RETRY] client-0 attempt=1 network_error [TypeError: fetch failed] {
17:08:46.873 [META_GATEWAY_INBOX_RETRY] t-ldmubi1jt1-69 attempt=1 [TypeError: fetch failed] {
17:08:46.946 [META_GATEWAY_RETRY] client-0 attempt=2 network_error [TypeError: fetch failed] {
17:08:46.947 [META_GATEWAY_RETRY] client-0 attempt=2 network_error [TypeError: fetch failed] {
17:08:46.947 [META_GATEWAY_RETRY] client-0 attempt=2 network_error [TypeError: fetch failed] {
17:08:46.947 [META_GATEWAY_RETRY] client-0 attempt=2 network_error [TypeError: fetch failed] {
17:08:46.948 [META_GATEWAY_RETRY] client-0 attempt=2 network_error [TypeError: fetch failed] {
17:08:46.948 [META_GATEWAY_RETRY] client-0 attempt=2 network_error [TypeError: fetch failed] {
17:08:46.949 [META_GATEWAY_RETRY] client-0 attempt=2 network_error [TypeError: fetch failed] {
17:08:46.949 [META_GATEWAY_RETRY] client-0 attempt=2 network_error [TypeError: fetch failed] {
17:08:46.950 [META_GATEWAY_RETRY] client-0 attempt=2 network_error [TypeError: fetch failed] {
17:08:46.950 [META_GATEWAY_RETRY] client-0 attempt=2 network_error [TypeError: fetch failed] {
17:08:46.951 [META_GATEWAY_RETRY] client-0 attempt=2 network_error [TypeError: fetch failed] {
17:08:46.951 [META_GATEWAY_RETRY] client-0 attempt=2 network_error [TypeError: fetch failed] {
17:08:46.952 [META_GATEWAY_RETRY] client-0 attempt=2 network_error [TypeError: fetch failed] {
17:08:46.952 [META_GATEWAY_RETRY] client-0 attempt=2 network_error [TypeError: fetch failed] {
17:08:47.049 [META_GATEWAY_RETRY] client-0 attempt=2 network_error [TypeError: fetch failed] {
17:08:47.060 [META_GATEWAY_RETRY] client-0 attempt=2 network_error [TypeError: fetch failed] {
17:08:47.060 [META_GATEWAY_RETRY] client-0 attempt=2 network_error [TypeError: fetch failed] {
17:08:47.060 [META_GATEWAY_RETRY] client-0 attempt=2 network_error [TypeError: fetch failed] {
17:08:47.097 [META_GATEWAY_RETRY] client-0 attempt=2 network_error [TypeError: fetch failed] {
17:08:47.098 [META_GATEWAY_RETRY] client-0 attempt=2 network_error [TypeError: fetch failed] {
17:08:47.098 [META_GATEWAY_RETRY] client-0 attempt=2 network_error [TypeError: fetch failed] {
17:08:47.157 [META_GATEWAY_RETRY] client-0 attempt=2 network_error [TypeError: fetch failed] {
17:08:47.157 [META_GATEWAY_RETRY] client-0 attempt=2 network_error [TypeError: fetch failed] {
17:08:47.157 [META_GATEWAY_RETRY] client-0 attempt=2 network_error [TypeError: fetch failed] {
17:08:47.158 [META_GATEWAY_RETRY] client-0 attempt=2 network_error [TypeError: fetch failed] {
17:08:47.220 [META_GATEWAY_RETRY] client-0 attempt=2 network_error [TypeError: fetch failed] {
17:08:47.220 [META_GATEWAY_RETRY] client-0 attempt=2 network_error [TypeError: fetch failed] {
17:08:47.221 [META_GATEWAY_RETRY] client-0 attempt=2 network_error [TypeError: fetch failed] {
17:08:47.221 [META_GATEWAY_RETRY] client-0 attempt=2 network_error [TypeError: fetch failed] {
17:08:47.222 [META_GATEWAY_RETRY] client-0 attempt=2 network_error [TypeError: fetch failed] {
17:08:47.223 [META_GATEWAY_RETRY] client-0 attempt=2 network_error [TypeError: fetch failed] {
17:08:47.370 [META_GATEWAY_PENDING_CHECK_FAILED] client-0 [TypeError: fetch failed] {
17:08:47.371 [META_GATEWAY_RETRY] client-0 attempt=2 network_error [TypeError: fetch failed] {
17:08:47.372 [META_GATEWAY_RETRY] client-0 attempt=1 network_error [TypeError: fetch failed] {
17:08:47.890 [META_GATEWAY_RETRY] client-0 attempt=2 network_error [TypeError: fetch failed] {
17:08:48.264 [META_GATEWAY_FAILED] client-0 network_error [TypeError: fetch failed] {
17:08:48.265 [META_GATEWAY_FAILED] client-0 network_error [TypeError: fetch failed] {
17:08:48.266 [META_GATEWAY_FAILED] client-0 network_error [TypeError: fetch failed] {
17:08:48.266 [META_GATEWAY_FAILED] client-0 network_error [TypeError: fetch failed] {
17:08:48.267 [META_GATEWAY_FAILED] client-0 network_error [TypeError: fetch failed] {
17:08:48.268 [META_GATEWAY_FAILED] client-0 network_error [TypeError: fetch failed] {
17:08:48.269 [META_GATEWAY_FAILED] client-0 network_error [TypeError: fetch failed] {
17:08:48.278 [META_GATEWAY_FAILED] client-0 network_error [TypeError: fetch failed] {
17:08:48.279 [META_GATEWAY_FAILED] client-0 network_error [TypeError: fetch failed] {
17:08:48.279 [META_GATEWAY_FAILED] client-0 network_error [TypeError: fetch failed] {
17:08:48.280 [META_GATEWAY_FAILED] client-0 network_error [TypeError: fetch failed] {
17:08:48.281 [META_GATEWAY_FAILED] client-0 network_error [TypeError: fetch failed] {
17:08:48.281 [META_GATEWAY_FAILED] client-0 network_error [TypeError: fetch failed] {
17:08:48.282 [META_GATEWAY_FAILED] client-0 network_error [TypeError: fetch failed] {
17:08:48.283 [META_GATEWAY_FAILED] client-0 network_error [TypeError: fetch failed] {
17:08:48.283 [META_GATEWAY_FAILED] client-0 network_error [TypeError: fetch failed] {
17:08:48.284 [META_GATEWAY_FAILED] client-0 network_error [TypeError: fetch failed] {
17:08:48.291 [META_GATEWAY_INBOX_RETRY] t-ldmubi1jt1-10 attempt=1 [TypeError: fetch failed] {
17:08:48.292 [META_GATEWAY_INBOX_RETRY] t-ldmubi1jt1-16 attempt=1 [TypeError: fetch failed] {
17:08:48.292 [META_GATEWAY_INBOX_RETRY] t-ldmubi1jt1-22 attempt=1 [TypeError: fetch failed] {
17:08:48.294 [META_GATEWAY_INBOX_RETRY] t-ldmubi1jt1-25 attempt=1 [TypeError: fetch failed] {
17:08:48.294 [META_GATEWAY_INBOX_RETRY] t-ldmubi1jt1-13 attempt=1 [TypeError: fetch failed] {
17:08:48.294 [META_GATEWAY_INBOX_RETRY] t-ldmubi1jt1-11 attempt=1 [TypeError: fetch failed] {
17:08:48.295 [META_GATEWAY_INBOX_RETRY] t-ldmubi1jt1-1 attempt=1 [TypeError: fetch failed] {
17:08:48.297 [META_GATEWAY_INBOX_RETRY] t-ldmubi1jt1-14 attempt=1 [TypeError: fetch failed] {
17:08:48.298 [META_GATEWAY_INBOX_RETRY] t-ldmubi1jt1-23 attempt=1 [TypeError: fetch failed] {
17:08:48.299 [META_GATEWAY_INBOX_RETRY] t-ldmubi1jt1-20 attempt=1 [TypeError: fetch failed] {
17:08:48.300 [META_GATEWAY_INBOX_RETRY] t-ldmubi1jt1-26 attempt=1 [TypeError: fetch failed] {
17:08:48.300 [META_GATEWAY_INBOX_RETRY] t-ldmubi1jt1-2 attempt=1 [TypeError: fetch failed] {
17:08:48.302 [META_GATEWAY_INBOX_RETRY] t-ldmubi1jt1-12 attempt=1 [TypeError: fetch failed] {
17:08:48.302 [META_GATEWAY_INBOX_RETRY] t-ldmubi1jt1-15 attempt=1 [TypeError: fetch failed] {
17:08:48.302 [META_GATEWAY_INBOX_RETRY] t-ldmubi1jt1-21 attempt=1 [TypeError: fetch failed] {
17:08:48.303 [META_GATEWAY_INBOX_RETRY] t-ldmubi1jt1-24 attempt=1 [TypeError: fetch failed] {
17:08:48.303 [META_GATEWAY_INBOX_RETRY] t-ldmubi1jt1-0 attempt=1 [TypeError: fetch failed] {
17:08:48.578 [META_GATEWAY_PENDING_CHECK_FAILED] client-0 [TypeError: fetch failed] {
17:08:48.580 [META_GATEWAY_PENDING_CHECK_FAILED] client-0 [TypeError: fetch failed] {
17:08:48.582 [META_GATEWAY_PENDING_CHECK_FAILED] client-0 [TypeError: fetch failed] {
17:08:48.584 [META_GATEWAY_PENDING_CHECK_FAILED] client-0 [TypeError: fetch failed] {
17:08:48.585 [META_GATEWAY_PENDING_CHECK_FAILED] client-0 [TypeError: fetch failed] {
17:08:48.587 [META_GATEWAY_PENDING_CHECK_FAILED] client-0 [TypeError: fetch failed] {
17:08:48.590 [META_GATEWAY_PENDING_CHECK_FAILED] client-0 [TypeError: fetch failed] {
17:08:48.592 [META_GATEWAY_PENDING_CHECK_FAILED] client-0 [TypeError: fetch failed] {
17:08:48.594 [META_GATEWAY_PENDING_CHECK_FAILED] client-0 [TypeError: fetch failed] {
17:08:48.596 [META_GATEWAY_PENDING_CHECK_FAILED] client-0 [TypeError: fetch failed] {
17:08:48.597 [META_GATEWAY_PENDING_CHECK_FAILED] client-0 [TypeError: fetch failed] {
17:08:48.599 [META_GATEWAY_PENDING_CHECK_FAILED] client-0 [TypeError: fetch failed] {
17:08:48.601 [META_GATEWAY_PENDING_CHECK_FAILED] client-0 [TypeError: fetch failed] {
17:08:48.603 [META_GATEWAY_PENDING_CHECK_FAILED] client-0 [TypeError: fetch failed] {
17:08:48.605 [META_GATEWAY_PENDING_CHECK_FAILED] client-0 [TypeError: fetch failed] {
17:08:48.607 [META_GATEWAY_PENDING_CHECK_FAILED] client-0 [TypeError: fetch failed] {
17:08:48.609 [META_GATEWAY_PENDING_CHECK_FAILED] client-0 [TypeError: fetch failed] {
17:08:48.611 [META_GATEWAY_FAILED] client-0 network_error [TypeError: fetch failed] {
17:08:48.612 [META_GATEWAY_FAILED] client-0 network_error [TypeError: fetch failed] {
17:08:48.612 [META_GATEWAY_FAILED] client-0 network_error [TypeError: fetch failed] {
17:08:48.613 [META_GATEWAY_FAILED] client-0 network_error [TypeError: fetch failed] {
17:08:48.614 [META_GATEWAY_FAILED] client-0 network_error [TypeError: fetch failed] {
17:08:48.614 [META_GATEWAY_FAILED] client-0 network_error [TypeError: fetch failed] {
17:08:48.615 [META_GATEWAY_FAILED] client-0 network_error [TypeError: fetch failed] {
17:08:48.616 [META_GATEWAY_FAILED] client-0 network_error [TypeError: fetch failed] {
17:08:48.616 [META_GATEWAY_FAILED] client-0 network_error [TypeError: fetch failed] {
17:08:48.617 [META_GATEWAY_FAILED] client-0 network_error [TypeError: fetch failed] {
17:08:48.617 [META_GATEWAY_FAILED] client-0 network_error [TypeError: fetch failed] {
17:08:48.618 [META_GATEWAY_FAILED] client-0 network_error [TypeError: fetch failed] {
17:08:48.618 [META_GATEWAY_FAILED] client-0 network_error [TypeError: fetch failed] {
17:08:48.619 [META_GATEWAY_FAILED] client-0 network_error [TypeError: fetch failed] {
17:08:48.619 [META_GATEWAY_FAILED] client-0 network_error [TypeError: fetch failed] {
17:08:48.620 [META_GATEWAY_FAILED] client-0 network_error [TypeError: fetch failed] {
17:08:48.620 [META_GATEWAY_FAILED] client-0 network_error [TypeError: fetch failed] {
17:08:48.621 [META_GATEWAY_FAILED] client-0 network_error [TypeError: fetch failed] {
17:08:48.626 [META_GATEWAY_CLEAR_PENDING_FAILED] client-0 [TypeError: fetch failed] {
17:08:48.626 [META_GATEWAY_RETRY] client-0 attempt=1 network_error [TypeError: fetch failed] {
17:08:48.627 [META_GATEWAY_RETRY] client-0 attempt=1 network_error [TypeError: fetch failed] {
17:08:48.627 [META_GATEWAY_RETRY] client-0 attempt=1 network_error [TypeError: fetch failed] {
17:08:48.628 [META_GATEWAY_CLEAR_PENDING_FAILED] client-0 [TypeError: fetch failed] {
17:08:48.628 [META_GATEWAY_RETRY] client-0 attempt=1 network_error [TypeError: fetch failed] {
17:08:48.629 [META_GATEWAY_RETRY] client-0 attempt=1 network_error [TypeError: fetch failed] {
17:08:48.629 [META_GATEWAY_CLEAR_PENDING_FAILED] client-0 [TypeError: fetch failed] {
17:08:48.630 [META_GATEWAY_RETRY] client-0 attempt=1 network_error [TypeError: fetch failed] {
17:08:48.630 [META_GATEWAY_CLEAR_PENDING_FAILED] client-0 [TypeError: fetch failed] {
17:08:48.631 [META_GATEWAY_RETRY] client-0 attempt=1 network_error [TypeError: fetch failed] {
17:08:48.631 [META_GATEWAY_RETRY] client-0 attempt=1 network_error [TypeError: fetch failed] {
17:08:48.632 [META_GATEWAY_RETRY] client-0 attempt=1 network_error [TypeError: fetch failed] {
17:08:48.632 [META_GATEWAY_RETRY] client-0 attempt=1 network_error [TypeError: fetch failed] {
17:08:48.632 [META_GATEWAY_RETRY] client-0 attempt=1 network_error [TypeError: fetch failed] {
17:08:48.633 [META_GATEWAY_RETRY] client-0 attempt=1 network_error [TypeError: fetch failed] {
17:08:48.633 [META_GATEWAY_RETRY] client-0 attempt=1 network_error [TypeError: fetch failed] {
17:08:48.636 [META_GATEWAY_FAILED] client-0 network_error [TypeError: fetch failed] {
17:08:48.636 [META_GATEWAY_FAILED] client-0 network_error [TypeError: fetch failed] {
17:08:48.637 [META_GATEWAY_FAILED] client-0 network_error [TypeError: fetch failed] {
17:08:48.652 [META_GATEWAY_INBOX_RETRY] t-ldmubi1jt1-30 attempt=1 [TypeError: fetch failed] {
17:08:48.652 [META_GATEWAY_INBOX_RETRY] t-ldmubi1jt1-42 attempt=1 [TypeError: fetch failed] {
17:08:48.652 [META_GATEWAY_INBOX_RETRY] t-ldmubi1jt1-31 attempt=1 [TypeError: fetch failed] {
17:08:48.653 [META_GATEWAY_INBOX_RETRY] t-ldmubi1jt1-34 attempt=1 [TypeError: fetch failed] {
17:08:48.653 [META_GATEWAY_INBOX_RETRY] t-ldmubi1jt1-36 attempt=1 [TypeError: fetch failed] {
17:08:48.653 [META_GATEWAY_INBOX_RETRY] t-ldmubi1jt1-35 attempt=1 [TypeError: fetch failed] {
17:08:48.653 [META_GATEWAY_INBOX_RETRY] t-ldmubi1jt1-32 attempt=1 [TypeError: fetch failed] {
17:08:48.655 [META_GATEWAY_INBOX_RETRY] t-ldmubi1jt1-33 attempt=1 [TypeError: fetch failed] {
17:08:48.655 [META_GATEWAY_INBOX_RETRY] t-ldmubi1jt1-40 attempt=1 [TypeError: fetch failed] {
17:08:48.655 [META_GATEWAY_INBOX_RETRY] t-ldmubi1jt1-3 attempt=1 [TypeError: fetch failed] {
17:08:48.663 [META_GATEWAY_FAILED] client-0 network_error [TypeError: fetch failed] {
17:08:48.664 [META_GATEWAY_FAILED] client-0 network_error [TypeError: fetch failed] {
17:08:48.664 [META_GATEWAY_FAILED] client-0 network_error [TypeError: fetch failed] {
17:08:48.665 [META_GATEWAY_FAILED] client-0 network_error [TypeError: fetch failed] {
17:08:48.670 [META_GATEWAY_INBOX_RETRY] t-ldmubi1jt1-43 attempt=1 [TypeError: fetch failed] {
17:08:48.670 [META_GATEWAY_INBOX_RETRY] t-ldmubi1jt1-41 attempt=1 [TypeError: fetch failed] {
17:08:48.671 [META_GATEWAY_INBOX_RETRY] t-ldmubi1jt1-5 attempt=1 [TypeError: fetch failed] {
17:08:48.671 [META_GATEWAY_INBOX_RETRY] t-ldmubi1jt1-46 attempt=1 [TypeError: fetch failed] {
17:08:48.671 [META_GATEWAY_INBOX_RETRY] t-ldmubi1jt1-45 attempt=1 [TypeError: fetch failed] {
17:08:48.672 [META_GATEWAY_INBOX_RETRY] t-ldmubi1jt1-44 attempt=1 [TypeError: fetch failed] {
17:08:48.672 [META_GATEWAY_INBOX_RETRY] t-ldmubi1jt1-4 attempt=1 [TypeError: fetch failed] {
17:08:48.674 [META_GATEWAY_INBOX_RETRY] t-ldmubi1jt1-77 attempt=1 [TypeError: fetch failed] {
17:08:48.674 [META_GATEWAY_INBOX_RETRY] t-ldmubi1jt1-79 attempt=1 [TypeError: fetch failed] {
17:08:48.676 [META_GATEWAY_INBOX_RETRY] t-ldmubi1jt1-6 attempt=1 [TypeError: fetch failed] {
17:08:48.681 [META_GATEWAY_INBOX_RETRY] t-ldmubi1jt1-78 attempt=1 [TypeError: fetch failed] {
17:08:48.681 [META_GATEWAY_INBOX_RETRY] t-ldmubi1jt1-51 attempt=1 [TypeError: fetch failed] {
17:08:48.681 [META_GATEWAY_INBOX_RETRY] t-ldmubi1jt1-87 attempt=1 [TypeError: fetch failed] {
17:08:48.681 [META_GATEWAY_INBOX_RETRY] t-ldmubi1jt1-50 attempt=1 [TypeError: fetch failed] {
17:08:48.682 [META_GATEWAY_INBOX_RETRY] t-ldmubi1jt1-53 attempt=1 [TypeError: fetch failed] {
17:08:48.682 [META_GATEWAY_INBOX_RETRY] t-ldmubi1jt1-56 attempt=1 [TypeError: fetch failed] {
17:08:48.682 [META_GATEWAY_INBOX_RETRY] t-ldmubi1jt1-52 attempt=1 [TypeError: fetch failed] {
17:08:48.683 [META_GATEWAY_INBOX_RETRY] t-ldmubi1jt1-55 attempt=1 [TypeError: fetch failed] {
17:08:48.683 [META_GATEWAY_INBOX_RETRY] t-ldmubi1jt1-54 attempt=1 [TypeError: fetch failed] {
17:08:48.731 [META_GATEWAY_FAILED] client-0 network_error [TypeError: fetch failed] {
17:08:48.732 [META_GATEWAY_FAILED] client-0 network_error [TypeError: fetch failed] {
17:08:48.732 [META_GATEWAY_FAILED] client-0 network_error [TypeError: fetch failed] {
17:08:48.733 [META_GATEWAY_FAILED] client-0 network_error [TypeError: fetch failed] {
17:08:48.734 [META_GATEWAY_FAILED] client-0 network_error [TypeError: fetch failed] {
17:08:48.734 [META_GATEWAY_FAILED] client-0 network_error [TypeError: fetch failed] {
17:08:48.741 [META_GATEWAY_INBOX_RETRY] t-ldmubi1jt1-61 attempt=1 [TypeError: fetch failed] {
17:08:48.741 [META_GATEWAY_INBOX_RETRY] t-ldmubi1jt1-60 attempt=1 [TypeError: fetch failed] {
17:08:48.741 [META_GATEWAY_INBOX_RETRY] t-ldmubi1jt1-64 attempt=1 [TypeError: fetch failed] {
17:08:48.741 [META_GATEWAY_INBOX_RETRY] t-ldmubi1jt1-63 attempt=1 [TypeError: fetch failed] {
17:08:48.741 [META_GATEWAY_INBOX_RETRY] t-ldmubi1jt1-62 attempt=1 [TypeError: fetch failed] {
17:08:48.742 [META_GATEWAY_INBOX_RETRY] t-ldmubi1jt1-65 attempt=1 [TypeError: fetch failed] {
17:08:48.875 [META_GATEWAY_FAILED] client-0 network_error [TypeError: fetch failed] {
17:08:49.025 [META_GATEWAY_INBOX_RETRY] t-ldmubi1jt1-66 attempt=1 [TypeError: fetch failed] {
17:08:49.027 [META_GATEWAY_PENDING_CHECK_FAILED] client-0 [TypeError: fetch failed] {
17:08:49.029 [META_GATEWAY_PENDING_CHECK_FAILED] client-0 [TypeError: fetch failed] {
17:08:49.030 [META_GATEWAY_PENDING_CHECK_FAILED] client-0 [TypeError: fetch failed] {
17:08:49.032 [META_GATEWAY_PENDING_CHECK_FAILED] client-0 [TypeError: fetch failed] {
17:08:49.033 [META_GATEWAY_PENDING_CHECK_FAILED] client-0 [TypeError: fetch failed] {
17:08:49.034 [META_GATEWAY_PENDING_CHECK_FAILED] client-0 [TypeError: fetch failed] {
17:08:49.035 [META_GATEWAY_PENDING_CHECK_FAILED] client-0 [TypeError: fetch failed] {
17:08:49.037 [META_GATEWAY_PENDING_CHECK_FAILED] client-0 [TypeError: fetch failed] {
17:08:49.039 [META_GATEWAY_PENDING_CHECK_FAILED] client-0 [TypeError: fetch failed] {
17:08:49.041 [META_GATEWAY_PENDING_CHECK_FAILED] client-0 [TypeError: fetch failed] {
17:08:49.042 [META_GATEWAY_PENDING_CHECK_FAILED] client-0 [TypeError: fetch failed] {
17:08:49.043 [META_GATEWAY_PENDING_CHECK_FAILED] client-0 [TypeError: fetch failed] {
17:08:49.044 [META_GATEWAY_PENDING_CHECK_FAILED] client-0 [TypeError: fetch failed] {
17:08:49.045 [META_GATEWAY_PENDING_CHECK_FAILED] client-0 [TypeError: fetch failed] {
17:08:49.046 [META_GATEWAY_PENDING_CHECK_FAILED] client-0 [TypeError: fetch failed] {
17:08:49.047 [META_GATEWAY_PENDING_CHECK_FAILED] client-0 [TypeError: fetch failed] {
17:08:49.048 [META_GATEWAY_PENDING_CHECK_FAILED] client-0 [TypeError: fetch failed] {
17:08:49.049 [META_GATEWAY_PENDING_CHECK_FAILED] client-0 [TypeError: fetch failed] {
17:08:49.050 [META_GATEWAY_PENDING_CHECK_FAILED] client-0 [TypeError: fetch failed] {
17:08:49.052 [META_GATEWAY_PENDING_CHECK_FAILED] client-0 [TypeError: fetch failed] {
17:08:49.063 [META_GATEWAY_RETRY] client-0 attempt=1 network_error [TypeError: fetch failed] {
17:08:49.064 [META_GATEWAY_RETRY] client-0 attempt=1 network_error [TypeError: fetch failed] {
17:08:49.064 [META_GATEWAY_RETRY] client-0 attempt=1 network_error [TypeError: fetch failed] {
17:08:49.065 [META_GATEWAY_RETRY] client-0 attempt=1 network_error [TypeError: fetch failed] {
17:08:49.065 [META_GATEWAY_CLEAR_PENDING_FAILED] client-0 [TypeError: fetch failed] {
17:08:49.066 [META_GATEWAY_CLEAR_PENDING_FAILED] client-0 [TypeError: fetch failed] {
17:08:49.067 [META_GATEWAY_RETRY] client-0 attempt=1 network_error [TypeError: fetch failed] {
17:08:49.067 [META_GATEWAY_RETRY] client-0 attempt=1 network_error [TypeError: fetch failed] {
17:08:49.068 [META_GATEWAY_CLEAR_PENDING_FAILED] client-0 [TypeError: fetch failed] {
17:08:49.069 [META_GATEWAY_CLEAR_PENDING_FAILED] client-0 [TypeError: fetch failed] {
17:08:49.069 [META_GATEWAY_RETRY] client-0 attempt=1 network_error [TypeError: fetch failed] {
17:08:49.070 [META_GATEWAY_RETRY] client-0 attempt=1 network_error [TypeError: fetch failed] {
17:08:49.070 [META_GATEWAY_CLEAR_PENDING_FAILED] client-0 [TypeError: fetch failed] {
17:08:49.071 [META_GATEWAY_CLEAR_PENDING_FAILED] client-0 [TypeError: fetch failed] {
17:08:49.072 [META_GATEWAY_RETRY] client-0 attempt=1 network_error [TypeError: fetch failed] {
17:08:49.072 [META_GATEWAY_RETRY] client-0 attempt=1 network_error [TypeError: fetch failed] {
17:08:49.073 [META_GATEWAY_RETRY] client-0 attempt=1 network_error [TypeError: fetch failed] {
17:08:49.073 [META_GATEWAY_RETRY] client-0 attempt=1 network_error [TypeError: fetch failed] {
17:08:49.073 [META_GATEWAY_RETRY] client-0 attempt=1 network_error [TypeError: fetch failed] {
17:08:49.074 [META_GATEWAY_RETRY] client-0 attempt=1 network_error [TypeError: fetch failed] {
17:08:49.169 [META_GATEWAY_INBOX_RETRY] t-ldmubi1jt1-88 attempt=1 [TypeError: fetch failed] {
17:08:49.169 [META_GATEWAY_INBOX_RETRY] t-ldmubi1jt1-99 attempt=1 [TypeError: fetch failed] {
17:08:49.169 [META_GATEWAY_INBOX_RETRY] t-ldmubi1jt1-89 attempt=1 [TypeError: fetch failed] {
17:08:49.170 [META_GATEWAY_INBOX_RETRY] t-ldmubi1jt1-98 attempt=1 [TypeError: fetch failed] {
17:08:49.170 [META_GATEWAY_INBOX_RETRY] t-ldmubi1jt1-97 attempt=1 [TypeError: fetch failed] {
17:08:49.170 [META_GATEWAY_INBOX_RETRY] t-ldmubi1jt1-107 attempt=1 [TypeError: fetch failed] {
17:08:49.171 [META_GATEWAY_PENDING_CHECK_FAILED] client-0 [TypeError: fetch failed] {
17:08:49.172 [META_GATEWAY_PENDING_CHECK_FAILED] client-0 [TypeError: fetch failed] {
17:08:49.174 [META_GATEWAY_PENDING_CHECK_FAILED] client-0 [TypeError: fetch failed] {