18:11:44.946 [client] EXIT code=null signal=SIGKILL
18:11:45.089 [META_GATEWAY_PENDING_CHECK_FAILED] client-0 [TypeError: fetch failed] {
18:11:45.090 [META_GATEWAY_PENDING_CHECK_FAILED] client-0 [TypeError: fetch failed] {
18:11:45.092 [META_GATEWAY_PENDING_CHECK_FAILED] client-0 [TypeError: fetch failed] {
18:11:45.105 [META_GATEWAY_PENDING_CHECK_FAILED] client-0 [TypeError: fetch failed] {
18:11:45.107 [META_GATEWAY_PENDING_CHECK_FAILED] client-0 [TypeError: fetch failed] {
18:11:45.108 [META_GATEWAY_PENDING_CHECK_FAILED] client-0 [TypeError: fetch failed] {
18:11:45.110 [META_GATEWAY_PENDING_CHECK_FAILED] client-0 [TypeError: fetch failed] {
18:11:45.111 [META_GATEWAY_PENDING_CHECK_FAILED] client-0 [TypeError: fetch failed] {
18:11:45.112 [META_GATEWAY_PENDING_CHECK_FAILED] client-0 [TypeError: fetch failed] {
18:11:45.113 [META_GATEWAY_PENDING_CHECK_FAILED] client-0 [TypeError: fetch failed] {
18:11:45.114 [META_GATEWAY_PENDING_CHECK_FAILED] client-0 [TypeError: fetch failed] {
18:11:45.115 [META_GATEWAY_PENDING_CHECK_FAILED] client-0 [TypeError: fetch failed] {
18:11:45.116 [META_GATEWAY_PENDING_CHECK_FAILED] client-0 [TypeError: fetch failed] {
18:11:45.117 [META_GATEWAY_PENDING_CHECK_FAILED] client-0 [TypeError: fetch failed] {
18:11:45.118 [META_GATEWAY_PENDING_CHECK_FAILED] client-0 [TypeError: fetch failed] {
18:11:45.119 [META_GATEWAY_PENDING_CHECK_FAILED] client-0 [TypeError: fetch failed] {
18:11:45.121 [META_GATEWAY_PENDING_CHECK_FAILED] client-0 [TypeError: fetch failed] {
18:11:45.122 [META_GATEWAY_PENDING_CHECK_FAILED] client-0 [TypeError: fetch failed] {
18:11:45.123 [META_GATEWAY_PENDING_CHECK_FAILED] client-0 [TypeError: fetch failed] {
18:11:45.124 [META_GATEWAY_PENDING_CHECK_FAILED] client-0 [TypeError: fetch failed] {
18:11:45.125 [META_GATEWAY_PENDING_CHECK_FAILED] client-0 [TypeError: fetch failed] {
18:11:45.126 [META_GATEWAY_PENDING_CHECK_FAILED] client-0 [TypeError: fetch failed] {
18:11:45.127 [META_GATEWAY_PENDING_CHECK_FAILED] client-0 [TypeError: fetch failed] {
18:11:45.128 [META_GATEWAY_PENDING_CHECK_FAILED] client-0 [TypeError: fetch failed] {
18:11:45.129 [META_GATEWAY_PENDING_CHECK_FAILED] client-0 [TypeError: fetch failed] {
18:11:45.139 [META_GATEWAY_PENDING_CHECK_FAILED] client-0 [TypeError: fetch failed] {
18:11:45.142 [META_GATEWAY_PENDING_CHECK_FAILED] client-0 [TypeError: fetch failed] {
18:11:45.145 [META_GATEWAY_PENDING_CHECK_FAILED] client-0 [TypeError: fetch failed] {
18:11:45.148 [META_GATEWAY_PENDING_CHECK_FAILED] client-0 [TypeError: fetch failed] {
18:11:45.151 [META_GATEWAY_PENDING_CHECK_FAILED] client-0 [TypeError: fetch failed] {
18:11:45.153 [META_GATEWAY_PENDING_CHECK_FAILED] client-0 [TypeError: fetch failed] {
18:11:45.156 [META_GATEWAY_PENDING_CHECK_FAILED] client-0 [TypeError: fetch failed] {
18:11:45.158 [META_GATEWAY_PENDING_CHECK_FAILED] client-0 [TypeError: fetch failed] {
18:11:45.162 [META_GATEWAY_PENDING_CHECK_FAILED] client-0 [TypeError: fetch failed] {
18:11:45.165 [META_GATEWAY_PENDING_CHECK_FAILED] client-0 [TypeError: fetch failed] {
18:11:45.168 [META_GATEWAY_PENDING_CHECK_FAILED] client-0 [TypeError: fetch failed] {
18:11:45.169 [META_GATEWAY_PENDING_CHECK_FAILED] client-0 [TypeError: fetch failed] {
18:11:45.170 [META_GATEWAY_PENDING_CHECK_FAILED] client-0 [TypeError: fetch failed] {
18:11:45.171 [META_GATEWAY_PENDING_CHECK_FAILED] client-0 [TypeError: fetch failed] {
18:11:45.172 [META_GATEWAY_PENDING_CHECK_FAILED] client-0 [TypeError: fetch failed] {
18:11:45.175 [META_GATEWAY_CLEAR_PENDING_FAILED] client-0 [TypeError: fetch failed] {
18:11:45.176 [META_GATEWAY_RETRY] client-0 attempt=1 network_error [TypeError: fetch failed] {
18:11:45.177 [META_GATEWAY_RETRY] client-0 attempt=1 network_error [TypeError: fetch failed] {
18:11:45.178 [META_GATEWAY_CLEAR_PENDING_FAILED] client-0 [TypeError: fetch failed] {
18:11:45.178 [META_GATEWAY_RETRY] client-0 attempt=1 network_error [TypeError: fetch failed] {
18:11:45.179 [META_GATEWAY_RETRY] client-0 attempt=1 network_error [TypeError: fetch failed] {
18:11:45.179 [META_GATEWAY_RETRY] client-0 attempt=1 network_error [TypeError: fetch failed] {
18:11:45.179 [META_GATEWAY_CLEAR_PENDING_FAILED] client-0 [TypeError: fetch failed] {
18:11:45.180 [META_GATEWAY_RETRY] client-0 attempt=1 network_error [TypeError: fetch failed] {
18:11:45.180 [META_GATEWAY_RETRY] client-0 attempt=1 network_error [TypeError: fetch failed] {
18:11:45.181 [META_GATEWAY_RETRY] client-0 attempt=1 network_error [TypeError: fetch failed] {
18:11:45.181 [META_GATEWAY_RETRY] client-0 attempt=1 network_error [TypeError: fetch failed] {
18:11:45.182 [META_GATEWAY_RETRY] client-0 attempt=1 network_error [TypeError: fetch failed] {
18:11:45.182 [META_GATEWAY_CLEAR_PENDING_FAILED] client-0 [TypeError: fetch failed] {
18:11:45.182 [META_GATEWAY_RETRY] client-0 attempt=1 network_error [TypeError: fetch failed] {
18:11:45.183 [META_GATEWAY_RETRY] client-0 attempt=1 network_error [TypeError: fetch failed] {
18:11:45.183 [META_GATEWAY_RETRY] client-0 attempt=1 network_error [TypeError: fetch failed] {
18:11:45.184 [META_GATEWAY_RETRY] client-0 attempt=1 network_error [TypeError: fetch failed] {
18:11:45.184 [META_GATEWAY_RETRY] client-0 attempt=1 network_error [TypeError: fetch failed] {
18:11:45.184 [META_GATEWAY_CLEAR_PENDING_FAILED] client-0 [TypeError: fetch failed] {
18:11:45.185 [META_GATEWAY_RETRY] client-0 attempt=1 network_error [TypeError: fetch failed] {
18:11:45.185 [META_GATEWAY_RETRY] client-0 attempt=1 network_error [TypeError: fetch failed] {
18:11:45.186 [META_GATEWAY_RETRY] client-0 attempt=1 network_error [TypeError: fetch failed] {
18:11:45.186 [META_GATEWAY_RETRY] client-0 attempt=1 network_error [TypeError: fetch failed] {
18:11:45.186 [META_GATEWAY_RETRY] client-0 attempt=1 network_error [TypeError: fetch failed] {
18:11:45.187 [META_GATEWAY_RETRY] client-0 attempt=1 network_error [TypeError: fetch failed] {
18:11:45.187 [META_GATEWAY_RETRY] client-0 attempt=1 network_error [TypeError: fetch failed] {
18:11:45.188 [META_GATEWAY_CLEAR_PENDING_FAILED] client-0 [TypeError: fetch failed] {
18:11:45.188 [META_GATEWAY_RETRY] client-0 attempt=1 network_error [TypeError: fetch failed] {
18:11:45.189 [META_GATEWAY_CLEAR_PENDING_FAILED] client-0 [TypeError: fetch failed] {
18:11:45.189 [META_GATEWAY_RETRY] client-0 attempt=1 network_error [TypeError: fetch failed] {
18:11:45.190 [META_GATEWAY_CLEAR_PENDING_FAILED] client-0 [TypeError: fetch failed] {
18:11:45.190 [META_GATEWAY_RETRY] client-0 attempt=1 network_error [TypeError: fetch failed] {
18:11:45.191 [META_GATEWAY_RETRY] client-0 attempt=1 network_error [TypeError: fetch failed] {
18:11:45.191 [META_GATEWAY_RETRY] client-0 attempt=1 network_error [TypeError: fetch failed] {
18:11:45.192 [META_GATEWAY_RETRY] client-0 attempt=1 network_error [TypeError: fetch failed] {
18:11:45.193 [META_GATEWAY_RETRY] client-0 attempt=1 network_error [TypeError: fetch failed] {
18:11:45.193 [META_GATEWAY_CLEAR_PENDING_FAILED] client-0 [TypeError: fetch failed] {
18:11:45.194 [META_GATEWAY_RETRY] client-0 attempt=1 network_error [TypeError: fetch failed] {
18:11:45.195 [META_GATEWAY_RETRY] client-0 attempt=1 network_error [TypeError: fetch failed] {
18:11:45.232 [META_GATEWAY_INBOX_RETRY] t-ldmubkakv9-19 attempt=1 [TypeError: fetch failed] {
18:11:45.232 [META_GATEWAY_INBOX_RETRY] t-ldmubkakv9-28 attempt=1 [TypeError: fetch failed] {
18:11:45.232 [META_GATEWAY_INBOX_RETRY] t-ldmubkakv9-37 attempt=1 [TypeError: fetch failed] {
18:11:45.232 [META_GATEWAY_INBOX_RETRY] t-ldmubkakv9-27 attempt=1 [TypeError: fetch failed] {
18:11:45.233 [META_GATEWAY_INBOX_RETRY] t-ldmubkakv9-18 attempt=1 [TypeError: fetch failed] {
18:11:45.233 [META_GATEWAY_INBOX_RETRY] t-ldmubkakv9-38 attempt=1 [TypeError: fetch failed] {
18:11:45.233 [META_GATEWAY_INBOX_RETRY] t-ldmubkakv9-29 attempt=1 [TypeError: fetch failed] {
18:11:45.233 [META_GATEWAY_INBOX_RETRY] t-ldmubkakv9-39 attempt=1 [TypeError: fetch failed] {
18:11:45.233 [META_GATEWAY_INBOX_RETRY] t-ldmubkakv9-17 attempt=1 [TypeError: fetch failed] {
18:11:45.258 [META_GATEWAY_PENDING_CHECK_FAILED] client-0 [TypeError: fetch failed] {
18:11:45.259 [META_GATEWAY_PENDING_CHECK_FAILED] client-0 [TypeError: fetch failed] {
18:11:45.260 [META_GATEWAY_PENDING_CHECK_FAILED] client-0 [TypeError: fetch failed] {
18:11:45.261 [META_GATEWAY_PENDING_CHECK_FAILED] client-0 [TypeError: fetch failed] {
18:11:45.262 [META_GATEWAY_PENDING_CHECK_FAILED] client-0 [TypeError: fetch failed] {
18:11:45.263 [META_GATEWAY_PENDING_CHECK_FAILED] client-0 [TypeError: fetch failed] {
18:11:45.264 [META_GATEWAY_PENDING_CHECK_FAILED] client-0 [TypeError: fetch failed] {
18:11:45.265 [META_GATEWAY_PENDING_CHECK_FAILED] client-0 [TypeError: fetch failed] {
18:11:45.266 [META_GATEWAY_PENDING_CHECK_FAILED] client-0 [TypeError: fetch failed] {
18:11:45.267 [META_GATEWAY_PENDING_CHECK_FAILED] client-0 [TypeError: fetch failed] {
18:11:45.268 [META_GATEWAY_CLEAR_PENDING_FAILED] client-0 [TypeError: fetch failed] {
18:11:45.269 [META_GATEWAY_RETRY] client-0 attempt=1 network_error [TypeError: fetch failed] {
18:11:45.269 [META_GATEWAY_RETRY] client-0 attempt=1 network_error [TypeError: fetch failed] {
18:11:45.270 [META_GATEWAY_RETRY] client-0 attempt=1 network_error [TypeError: fetch failed] {
18:11:45.270 [META_GATEWAY_RETRY] client-0 attempt=1 network_error [TypeError: fetch failed] {
18:11:45.270 [META_GATEWAY_RETRY] client-0 attempt=1 network_error [TypeError: fetch failed] {
18:11:45.271 [META_GATEWAY_RETRY] client-0 attempt=1 network_error [TypeError: fetch failed] {
18:11:45.271 [META_GATEWAY_CLEAR_PENDING_FAILED] client-0 [TypeError: fetch failed] {
18:11:45.272 [META_GATEWAY_CLEAR_PENDING_FAILED] client-0 [TypeError: fetch failed] {
18:11:45.272 [META_GATEWAY_RETRY] client-0 attempt=1 network_error [TypeError: fetch failed] {
18:11:45.278 [META_GATEWAY_INBOX_RETRY] t-ldmubkakv9-48 attempt=1 [TypeError: fetch failed] {
18:11:45.278 [META_GATEWAY_INBOX_RETRY] t-ldmubkakv9-49 attempt=1 [TypeError: fetch failed] {
18:11:45.279 [META_GATEWAY_INBOX_RETRY] t-ldmubkakv9-47 attempt=1 [TypeError: fetch failed] {
18:11:45.705 [META_GATEWAY_RETRY] client-0 attempt=2 network_error [TypeError: fetch failed] {
18:11:45.705 [META_GATEWAY_RETRY] client-0 attempt=2 network_error [TypeError: fetch failed] {
18:11:45.706 [META_GATEWAY_RETRY] client-0 attempt=2 network_error [TypeError: fetch failed] {
18:11:45.706 [META_GATEWAY_RETRY] client-0 attempt=2 network_error [TypeError: fetch failed] {
18:11:45.707 [META_GATEWAY_RETRY] client-0 attempt=2 network_error [TypeError: fetch failed] {
18:11:45.707 [META_GATEWAY_RETRY] client-0 attempt=2 network_error [TypeError: fetch failed] {
18:11:45.708 [META_GATEWAY_RETRY] client-0 attempt=2 network_error [TypeError: fetch failed] {
18:11:45.708 [META_GATEWAY_RETRY] client-0 attempt=2 network_error [TypeError: fetch failed] {
18:11:45.708 [META_GATEWAY_RETRY] client-0 attempt=2 network_error [TypeError: fetch failed] {
18:11:45.709 [META_GATEWAY_RETRY] client-0 attempt=2 network_error [TypeError: fetch failed] {
18:11:45.709 [META_GATEWAY_RETRY] client-0 attempt=2 network_error [TypeError: fetch failed] {
18:11:45.710 [META_GATEWAY_RETRY] client-0 attempt=2 network_error [TypeError: fetch failed] {
18:11:45.710 [META_GATEWAY_RETRY] client-0 attempt=2 network_error [TypeError: fetch failed] {
18:11:45.710 [META_GATEWAY_RETRY] client-0 attempt=2 network_error [TypeError: fetch failed] {
18:11:45.711 [META_GATEWAY_RETRY] client-0 attempt=2 network_error [TypeError: fetch failed] {
18:11:45.711 [META_GATEWAY_RETRY] client-0 attempt=2 network_error [TypeError: fetch failed] {
18:11:45.711 [META_GATEWAY_RETRY] client-0 attempt=2 network_error [TypeError: fetch failed] {
18:11:45.712 [META_GATEWAY_RETRY] client-0 attempt=2 network_error [TypeError: fetch failed] {
18:11:45.712 [META_GATEWAY_RETRY] client-0 attempt=2 network_error [TypeError: fetch failed] {
18:11:45.712 [META_GATEWAY_RETRY] client-0 attempt=2 network_error [TypeError: fetch failed] {
18:11:45.713 [META_GATEWAY_RETRY] client-0 attempt=2 network_error [TypeError: fetch failed] {
18:11:45.713 [META_GATEWAY_RETRY] client-0 attempt=2 network_error [TypeError: fetch failed] {
18:11:45.713 [META_GATEWAY_RETRY] client-0 attempt=2 network_error [TypeError: fetch failed] {
18:11:45.714 [META_GATEWAY_RETRY] client-0 attempt=2 network_error [TypeError: fetch failed] {
18:11:45.718 [META_GATEWAY_RETRY] client-0 attempt=2 network_error [TypeError: fetch failed] {
18:11:45.719 [META_GATEWAY_RETRY] client-0 attempt=2 network_error [TypeError: fetch failed] {
18:11:45.719 [META_GATEWAY_RETRY] client-0 attempt=2 network_error [TypeError: fetch failed] {
18:11:45.719 [META_GATEWAY_RETRY] client-0 attempt=2 network_error [TypeError: fetch failed] {
18:11:45.720 [META_GATEWAY_RETRY] client-0 attempt=2 network_error [TypeError: fetch failed] {
18:11:45.720 [META_GATEWAY_RETRY] client-0 attempt=2 network_error [TypeError: fetch failed] {
18:11:45.720 [META_GATEWAY_RETRY] client-0 attempt=2 network_error [TypeError: fetch failed] {
18:11:45.811 [META_GATEWAY_RETRY] client-0 attempt=2 network_error [TypeError: fetch failed] {
18:11:45.812 [META_GATEWAY_RETRY] client-0 attempt=2 network_error [TypeError: fetch failed] {
18:11:45.812 [META_GATEWAY_RETRY] client-0 attempt=2 network_error [TypeError: fetch failed] {
18:11:45.812 [META_GATEWAY_RETRY] client-0 attempt=2 network_error [TypeError: fetch failed] {
18:11:45.813 [META_GATEWAY_RETRY] client-0 attempt=2 network_error [TypeError: fetch failed] {
18:11:45.813 [META_GATEWAY_RETRY] client-0 attempt=2 network_error [TypeError: fetch failed] {
18:11:45.814 [META_GATEWAY_RETRY] client-0 attempt=2 network_error [TypeError: fetch failed] {
18:11:45.815 [META_GATEWAY_PENDING_CHECK_FAILED] client-0 [TypeError: fetch failed] {
18:11:45.816 [META_GATEWAY_PENDING_CHECK_FAILED] client-0 [TypeError: fetch failed] {
18:11:45.817 [META_GATEWAY_PENDING_CHECK_FAILED] client-0 [TypeError: fetch failed] {
18:11:45.818 [META_GATEWAY_PENDING_CHECK_FAILED] client-0 [TypeError: fetch failed] {
18:11:45.819 [META_GATEWAY_PENDING_CHECK_FAILED] client-0 [TypeError: fetch failed] {
18:11:45.820 [META_GATEWAY_PENDING_CHECK_FAILED] client-0 [TypeError: fetch failed] {
18:11:45.821 [META_GATEWAY_PENDING_CHECK_FAILED] client-0 [TypeError: fetch failed] {
18:11:45.822 [META_GATEWAY_PENDING_CHECK_FAILED] client-0 [TypeError: fetch failed] {
18:11:45.823 [META_GATEWAY_PENDING_CHECK_FAILED] client-0 [TypeError: fetch failed] {
18:11:45.823 [META_GATEWAY_PENDING_CHECK_FAILED] client-0 [TypeError: fetch failed] {
18:11:45.824 [META_GATEWAY_PENDING_CHECK_FAILED] client-0 [TypeError: fetch failed] {
18:11:45.825 [META_GATEWAY_PENDING_CHECK_FAILED] client-0 [TypeError: fetch failed] {
18:11:45.827 [META_GATEWAY_RETRY] client-0 attempt=1 network_error [TypeError: fetch failed] {
18:11:45.827 [META_GATEWAY_RETRY] client-0 attempt=1 network_error [TypeError: fetch failed] {
18:11:45.827 [META_GATEWAY_RETRY] client-0 attempt=1 network_error [TypeError: fetch failed] {
18:11:45.828 [META_GATEWAY_CLEAR_PENDING_FAILED] client-0 [TypeError: fetch failed] {
18:11:45.829 [META_GATEWAY_CLEAR_PENDING_FAILED] client-0 [TypeError: fetch failed] {
18:11:45.829 [META_GATEWAY_RETRY] client-0 attempt=1 network_error [TypeError: fetch failed] {
18:11:45.829 [META_GATEWAY_RETRY] client-0 attempt=1 network_error [TypeError: fetch failed] {
18:11:45.830 [META_GATEWAY_RETRY] client-0 attempt=1 network_error [TypeError: fetch failed] {
18:11:45.830 [META_GATEWAY_RETRY] client-0 attempt=1 network_error [TypeError: fetch failed] {
18:11:45.831 [META_GATEWAY_CLEAR_PENDING_FAILED] client-0 [TypeError: fetch failed] {
18:11:45.831 [META_GATEWAY_CLEAR_PENDING_FAILED] client-0 [TypeError: fetch failed] {
18:11:45.832 [META_GATEWAY_CLEAR_PENDING_FAILED] client-0 [TypeError: fetch failed] {
18:11:45.845 [META_GATEWAY_INBOX_RETRY] t-ldmubkakv9-58 attempt=1 [TypeError: fetch failed] {
18:11:45.845 [META_GATEWAY_INBOX_RETRY] t-ldmubkakv9-57 attempt=1 [TypeError: fetch failed] {
18:11:45.845 [META_GATEWAY_INBOX_RETRY] t-ldmubkakv9-59 attempt=1 [TypeError: fetch failed] {
18:11:45.845 [META_GATEWAY_INBOX_RETRY] t-ldmubkakv9-7 attempt=1 [TypeError: fetch failed] {
18:11:45.845 [META_GATEWAY_INBOX_RETRY] t-ldmubkakv9-8 attempt=1 [TypeError: fetch failed] {
18:11:46.264 [META_GATEWAY_PENDING_CHECK_FAILED] client-0 [TypeError: fetch failed] {
18:11:46.266 [META_GATEWAY_PENDING_CHECK_FAILED] client-0 [TypeError: fetch failed] {
18:11:46.267 [META_GATEWAY_PENDING_CHECK_FAILED] client-0 [TypeError: fetch failed] {
18:11:46.267 [META_GATEWAY_PENDING_CHECK_FAILED] client-0 [TypeError: fetch failed] {
18:11:46.268 [META_GATEWAY_PENDING_CHECK_FAILED] client-0 [TypeError: fetch failed] {
18:11:46.269 [META_GATEWAY_RETRY] client-0 attempt=1 network_error [TypeError: fetch failed] {
18:11:46.270 [META_GATEWAY_RETRY] client-0 attempt=1 network_error [TypeError: fetch failed] {
18:11:46.270 [META_GATEWAY_RETRY] client-0 attempt=1 network_error [TypeError: fetch failed] {
18:11:46.271 [META_GATEWAY_RETRY] client-0 attempt=1 network_error [TypeError: fetch failed] {
18:11:46.271 [META_GATEWAY_CLEAR_PENDING_FAILED] client-0 [TypeError: fetch failed] {
18:11:46.276 [META_GATEWAY_INBOX_RETRY] t-ldmubkakv9-9 attempt=1 [TypeError: fetch failed] {
18:11:46.338 [META_GATEWAY_RETRY] client-0 attempt=2 network_error [TypeError: fetch failed] {
18:11:46.338 [META_GATEWAY_RETRY] client-0 attempt=2 network_error [TypeError: fetch failed] {
18:11:46.338 [META_GATEWAY_RETRY] client-0 attempt=2 network_error [TypeError: fetch failed] {
18:11:46.339 [META_GATEWAY_RETRY] client-0 attempt=2 network_error [TypeError: fetch failed] {
18:11:46.339 [META_GATEWAY_RETRY] client-0 attempt=2 network_error [TypeError: fetch failed] {
18:11:46.339 [META_GATEWAY_RETRY] client-0 attempt=2 network_error [TypeError: fetch failed] {
18:11:46.340 [META_GATEWAY_RETRY] client-0 attempt=2 network_error [TypeError: fetch failed] {
18:11:46.758 [META_GATEWAY_PENDING_CHECK_FAILED] client-0 [TypeError: fetch failed] {
18:11:46.759 [META_GATEWAY_CLEAR_PENDING_FAILED] client-0 [TypeError: fetch failed] {
18:11:46.764 [META_GATEWAY_INBOX_RETRY] t-ldmubkakv9-67 attempt=1 [TypeError: fetch failed] {
18:11:46.787 [META_GATEWAY_RETRY] client-0 attempt=2 network_error [TypeError: fetch failed] {
18:11:46.788 [META_GATEWAY_RETRY] client-0 attempt=2 network_error [TypeError: fetch failed] {
18:11:46.788 [META_GATEWAY_RETRY] client-0 attempt=2 network_error [TypeError: fetch failed] {
18:11:46.788 [META_GATEWAY_RETRY] client-0 attempt=2 network_error [TypeError: fetch failed] {
18:11:47.212 [META_GATEWAY_FAILED] client-0 network_error [TypeError: fetch failed] {
18:11:47.212 [META_GATEWAY_FAILED] client-0 network_error [TypeError: fetch failed] {
18:11:47.213 [META_GATEWAY_FAILED] client-0 network_error [TypeError: fetch failed] {
18:11:47.213 [META_GATEWAY_FAILED] client-0 network_error [TypeError: fetch failed] {
18:11:47.214 [META_GATEWAY_FAILED] client-0 network_error [TypeError: fetch failed] {
18:11:47.224 [META_GATEWAY_FAILED] client-0 network_error [TypeError: fetch failed] {
18:11:47.225 [META_GATEWAY_FAILED] client-0 network_error [TypeError: fetch failed] {
18:11:47.225 [META_GATEWAY_FAILED] client-0 network_error [TypeError: fetch failed] {
18:11:47.226 [META_GATEWAY_FAILED] client-0 network_error [TypeError: fetch failed] {
18:11:47.226 [META_GATEWAY_FAILED] client-0 network_error [TypeError: fetch failed] {
18:11:47.227 [META_GATEWAY_FAILED] client-0 network_error [TypeError: fetch failed] {
18:11:47.227 [META_GATEWAY_FAILED] client-0 network_error [TypeError: fetch failed] {
18:11:47.228 [META_GATEWAY_FAILED] client-0 network_error [TypeError: fetch failed] {
18:11:47.228 [META_GATEWAY_FAILED] client-0 network_error [TypeError: fetch failed] {
18:11:47.228 [META_GATEWAY_FAILED] client-0 network_error [TypeError: fetch failed] {
18:11:47.229 [META_GATEWAY_FAILED] client-0 network_error [TypeError: fetch failed] {
18:11:47.229 [META_GATEWAY_FAILED] client-0 network_error [TypeError: fetch failed] {
18:11:47.229 [META_GATEWAY_FAILED] client-0 network_error [TypeError: fetch failed] {
18:11:47.230 [META_GATEWAY_FAILED] client-0 network_error [TypeError: fetch failed] {
18:11:47.230 [META_GATEWAY_FAILED] client-0 network_error [TypeError: fetch failed] {
18:11:47.230 [META_GATEWAY_FAILED] client-0 network_error [TypeError: fetch failed] {
18:11:47.231 [META_GATEWAY_FAILED] client-0 network_error [TypeError: fetch failed] {
18:11:47.231 [META_GATEWAY_FAILED] client-0 network_error [TypeError: fetch failed] {
18:11:47.232 [META_GATEWAY_FAILED] client-0 network_error [TypeError: fetch failed] {
18:11:47.237 [META_GATEWAY_FAILED] client-0 network_error [TypeError: fetch failed] {
18:11:47.238 [META_GATEWAY_FAILED] client-0 network_error [TypeError: fetch failed] {
18:11:47.238 [META_GATEWAY_FAILED] client-0 network_error [TypeError: fetch failed] {
18:11:47.239 [META_GATEWAY_FAILED] client-0 network_error [TypeError: fetch failed] {
18:11:47.239 [META_GATEWAY_FAILED] client-0 network_error [TypeError: fetch failed] {
18:11:47.240 [META_GATEWAY_FAILED] client-0 network_error [TypeError: fetch failed] {
18:11:47.240 [META_GATEWAY_FAILED] client-0 network_error [TypeError: fetch failed] {
18:11:47.254 [META_GATEWAY_INBOX_RETRY] t-ldmubkakv9-26 attempt=1 [TypeError: fetch failed] {
18:11:47.255 [META_GATEWAY_INBOX_RETRY] t-ldmubkakv9-24 attempt=1 [TypeError: fetch failed] {
18:11:47.255 [META_GATEWAY_INBOX_RETRY] t-ldmubkakv9-20 attempt=1 [TypeError: fetch failed] {
18:11:47.255 [META_GATEWAY_INBOX_RETRY] t-ldmubkakv9-32 attempt=1 [TypeError: fetch failed] {
18:11:47.255 [META_GATEWAY_INBOX_RETRY] t-ldmubkakv9-21 attempt=1 [TypeError: fetch failed] {
18:11:47.256 [META_GATEWAY_INBOX_RETRY] t-ldmubkakv9-2 attempt=1 [TypeError: fetch failed] {
18:11:47.256 [META_GATEWAY_INBOX_RETRY] t-ldmubkakv9-36 attempt=1 [TypeError: fetch failed] {
18:11:47.256 [META_GATEWAY_INBOX_RETRY] t-ldmubkakv9-14 attempt=1 [TypeError: fetch failed] {
18:11:47.256 [META_GATEWAY_INBOX_RETRY] t-ldmubkakv9-11 attempt=1 [TypeError: fetch failed] {
18:11:47.256 [META_GATEWAY_INBOX_RETRY] t-ldmubkakv9-23 attempt=1 [TypeError: fetch failed] {
18:11:47.265 [META_GATEWAY_INBOX_RETRY] t-ldmubkakv9-15 attempt=1 [TypeError: fetch failed] {
18:11:47.265 [META_GATEWAY_INBOX_RETRY] t-ldmubkakv9-22 attempt=1 [TypeError: fetch failed] {
18:11:47.266 [META_GATEWAY_INBOX_RETRY] t-ldmubkakv9-1 attempt=1 [TypeError: fetch failed] {
18:11:47.266 [META_GATEWAY_INBOX_RETRY] t-ldmubkakv9-12 attempt=1 [TypeError: fetch failed] {
18:11:47.266 [META_GATEWAY_INBOX_RETRY] t-ldmubkakv9-16 attempt=1 [TypeError: fetch failed] {
18:11:47.266 [META_GATEWAY_INBOX_RETRY] t-ldmubkakv9-13 attempt=1 [TypeError: fetch failed] {
18:11:47.267 [META_GATEWAY_INBOX_RETRY] t-ldmubkakv9-25 attempt=1 [TypeError: fetch failed] {
18:11:47.267 [META_GATEWAY_INBOX_RETRY] t-ldmubkakv9-10 attempt=1 [TypeError: fetch failed] {
18:11:47.268 [META_GATEWAY_INBOX_RETRY] t-ldmubkakv9-0 attempt=1 [TypeError: fetch failed] {
18:11:47.268 [META_GATEWAY_INBOX_RETRY] t-ldmubkakv9-30 attempt=1 [TypeError: fetch failed] {
18:11:47.275 [META_GATEWAY_INBOX_RETRY] t-ldmubkakv9-43 attempt=1 [TypeError: fetch failed] {
18:11:47.275 [META_GATEWAY_INBOX_RETRY] t-ldmubkakv9-42 attempt=1 [TypeError: fetch failed] {
18:11:47.275 [META_GATEWAY_INBOX_RETRY] t-ldmubkakv9-40 attempt=1 [TypeError: fetch failed] {
18:11:47.275 [META_GATEWAY_INBOX_RETRY] t-ldmubkakv9-3 attempt=1 [TypeError: fetch failed] {
18:11:47.276 [META_GATEWAY_INBOX_RETRY] t-ldmubkakv9-41 attempt=1 [TypeError: fetch failed] {
18:11:47.276 [META_GATEWAY_INBOX_RETRY] t-ldmubkakv9-4 attempt=1 [TypeError: fetch failed] {
18:11:47.276 [META_GATEWAY_INBOX_RETRY] t-ldmubkakv9-5 attempt=1 [TypeError: fetch failed] {
18:11:47.277 [META_GATEWAY_INBOX_RETRY] t-ldmubkakv9-34 attempt=1 [TypeError: fetch failed] {
18:11:47.277 [META_GATEWAY_INBOX_RETRY] t-ldmubkakv9-35 attempt=1 [TypeError: fetch failed] {
18:11:47.277 [META_GATEWAY_INBOX_RETRY] t-ldmubkakv9-31 attempt=1 [TypeError: fetch failed] {
18:11:47.281 [META_GATEWAY_INBOX_RETRY] t-ldmubkakv9-33 attempt=1 [TypeError: fetch failed] {
18:11:47.304 [META_GATEWAY_PENDING_CHECK_FAILED] client-0 [TypeError: fetch failed] {
18:11:47.306 [META_GATEWAY_CLEAR_PENDING_FAILED] client-0 [TypeError: fetch failed] {
18:11:47.313 [META_GATEWAY_FAILED] client-0 network_error [TypeError: fetch failed] {
18:11:47.319 [META_GATEWAY_FAILED] client-0 network_error [TypeError: fetch failed] {
18:11:47.319 [META_GATEWAY_FAILED] client-0 network_error [TypeError: fetch failed] {
18:11:47.320 [META_GATEWAY_FAILED] client-0 network_error [TypeError: fetch failed] {
18:11:47.320 [META_GATEWAY_FAILED] client-0 network_error [TypeError: fetch failed] {
18:11:47.321 [META_GATEWAY_FAILED] client-0 network_error [TypeError: fetch failed] {
18:11:47.321 [META_GATEWAY_FAILED] client-0 network_error [TypeError: fetch failed] {
18:11:47.322 [META_GATEWAY_INBOX_RETRY] t-ldmubkakv9-68 attempt=1 [TypeError: fetch failed] {
18:11:47.438 [META_GATEWAY_PENDING_CHECK_FAILED] client-0 [TypeError: fetch failed] {
18:11:47.439 [META_GATEWAY_PENDING_CHECK_FAILED] client-0 [TypeError: fetch failed] {
18:11:47.440 [META_GATEWAY_PENDING_CHECK_FAILED] client-0 [TypeError: fetch failed] {
18:11:47.441 [META_GATEWAY_PENDING_CHECK_FAILED] client-0 [TypeError: fetch failed] {
18:11:47.442 [META_GATEWAY_PENDING_CHECK_FAILED] client-0 [TypeError: fetch failed] {
18:11:47.443 [META_GATEWAY_PENDING_CHECK_FAILED] client-0 [TypeError: fetch failed] {
18:11:47.444 [META_GATEWAY_PENDING_CHECK_FAILED] client-0 [TypeError: fetch failed] {
18:11:47.445 [META_GATEWAY_PENDING_CHECK_FAILED] client-0 [TypeError: fetch failed] {
18:11:47.446 [META_GATEWAY_PENDING_CHECK_FAILED] client-0 [TypeError: fetch failed] {
18:11:47.448 [META_GATEWAY_PENDING_CHECK_FAILED] client-0 [TypeError: fetch failed] {
18:11:47.449 [META_GATEWAY_PENDING_CHECK_FAILED] client-0 [TypeError: fetch failed] {
18:11:47.449 [META_GATEWAY_PENDING_CHECK_FAILED] client-0 [TypeError: fetch failed] {
18:11:47.450 [META_GATEWAY_PENDING_CHECK_FAILED] client-0 [TypeError: fetch failed] {
18:11:47.451 [META_GATEWAY_PENDING_CHECK_FAILED] client-0 [TypeError: fetch failed] {
18:11:47.452 [META_GATEWAY_PENDING_CHECK_FAILED] client-0 [TypeError: fetch failed] {
18:11:47.453 [META_GATEWAY_PENDING_CHECK_FAILED] client-0 [TypeError: fetch failed] {
18:11:47.454 [META_GATEWAY_PENDING_CHECK_FAILED] client-0 [TypeError: fetch failed] {
18:11:47.455 [META_GATEWAY_PENDING_CHECK_FAILED] client-0 [TypeError: fetch failed] {
18:11:47.456 [META_GATEWAY_PENDING_CHECK_FAILED] client-0 [TypeError: fetch failed] {
18:11:47.457 [META_GATEWAY_PENDING_CHECK_FAILED] client-0 [TypeError: fetch failed] {
18:11:47.461 [META_GATEWAY_RETRY] client-0 attempt=1 network_error [TypeError: fetch failed] {
18:11:47.461 [META_GATEWAY_CLEAR_PENDING_FAILED] client-0 [TypeError: fetch failed] {
18:11:47.462 [META_GATEWAY_CLEAR_PENDING_FAILED] client-0 [TypeError: fetch failed] {
18:11:47.463 [META_GATEWAY_CLEAR_PENDING_FAILED] client-0 [TypeError: fetch failed] {
18:11:47.463 [META_GATEWAY_CLEAR_PENDING_FAILED] client-0 [TypeError: fetch failed] {
18:11:47.464 [META_GATEWAY_RETRY] client-0 attempt=1 network_error [TypeError: fetch failed] {
18:11:47.464 [META_GATEWAY_RETRY] client-0 attempt=1 network_error [TypeError: fetch failed] {
18:11:47.464 [META_GATEWAY_RETRY] client-0 attempt=1 network_error [TypeError: fetch failed] {
18:11:47.465 [META_GATEWAY_RETRY] client-0 attempt=1 network_error [TypeError: fetch failed] {
18:11:47.465 [META_GATEWAY_RETRY] client-0 attempt=1 network_error [TypeError: fetch failed] {
18:11:47.465 [META_GATEWAY_CLEAR_PENDING_FAILED] client-0 [TypeError: fetch failed] {
18:11:47.466 [META_GATEWAY_CLEAR_PENDING_FAILED] client-0 [TypeError: fetch failed] {
18:11:47.466 [META_GATEWAY_RETRY] client-0 attempt=1 network_error [TypeError: fetch failed] {
18:11:47.466 [META_GATEWAY_RETRY] client-0 attempt=1 network_error [TypeError: fetch failed] {
18:11:47.467 [META_GATEWAY_RETRY] client-0 attempt=1 network_error [TypeError: fetch failed] {
18:11:47.467 [META_GATEWAY_RETRY] client-0 attempt=1 network_error [TypeError: fetch failed] {
18:11:47.467 [META_GATEWAY_RETRY] client-0 attempt=1 network_error [TypeError: fetch failed] {
18:11:47.468 [META_GATEWAY_RETRY] client-0 attempt=1 network_error [TypeError: fetch failed] {
18:11:47.468 [META_GATEWAY_RETRY] client-0 attempt=1 network_error [TypeError: fetch failed] {
18:11:47.468 [META_GATEWAY_RETRY] client-0 attempt=1 network_error [TypeError: fetch failed] {
18:11:47.470 [META_GATEWAY_INBOX_RETRY] t-ldmubkakv9-44 attempt=1 [TypeError: fetch failed] {
18:11:47.471 [META_GATEWAY_INBOX_RETRY] t-ldmubkakv9-45 attempt=1 [TypeError: fetch failed] {
18:11:47.471 [META_GATEWAY_INBOX_RETRY] t-ldmubkakv9-50 attempt=1 [TypeError: fetch failed] {
18:11:47.474 [META_GATEWAY_INBOX_RETRY] t-ldmubkakv9-51 attempt=1 [TypeError: fetch failed] {
18:11:47.475 [META_GATEWAY_INBOX_RETRY] t-ldmubkakv9-52 attempt=1 [TypeError: fetch failed] {
18:11:47.475 [META_GATEWAY_INBOX_RETRY] t-ldmubkakv9-46 attempt=1 [TypeError: fetch failed] {
18:11:47.475 [META_GATEWAY_INBOX_RETRY] t-ldmubkakv9-6 attempt=1 [TypeError: fetch failed] {
18:11:47.531 [META_GATEWAY_INBOX_RETRY] t-ldmubkakv9-87 attempt=1 [TypeError: fetch failed] {
18:11:47.531 [META_GATEWAY_INBOX_RETRY] t-ldmubkakv9-78 attempt=1 [TypeError: fetch failed] {
18:11:47.532 [META_GATEWAY_INBOX_RETRY] t-ldmubkakv9-69 attempt=1 [TypeError: fetch failed] {
18:11:47.532 [META_GATEWAY_INBOX_RETRY] t-ldmubkakv9-88 attempt=1 [TypeError: fetch failed] {
18:11:47.532 [META_GATEWAY_PENDING_CHECK_FAILED] client-0 [TypeError: fetch failed] {
18:11:47.534 [META_GATEWAY_PENDING_CHECK_FAILED] client-0 [TypeError: fetch failed] {
18:11:47.535 [META_GATEWAY_PENDING_CHECK_FAILED] client-0 [TypeError: fetch failed] {
18:11:47.536 [META_GATEWAY_PENDING_CHECK_FAILED] client-0 [TypeError: fetch failed] {
18:11:47.537 [META_GATEWAY_PENDING_CHECK_FAILED] client-0 [TypeError: fetch failed] {
18:11:47.538 [META_GATEWAY_PENDING_CHECK_FAILED] client-0 [TypeError: fetch failed] {
18:11:47.539 [META_GATEWAY_PENDING_CHECK_FAILED] client-0 [TypeError: fetch failed] {
18:11:47.539 [META_GATEWAY_PENDING_CHECK_FAILED] client-0 [TypeError: fetch failed] {
18:11:47.540 [META_GATEWAY_PENDING_CHECK_FAILED] client-0 [TypeError: fetch failed] {
18:11:47.541 [META_GATEWAY_PENDING_CHECK_FAILED] client-0 [TypeError: fetch failed] {
18:11:47.542 [META_GATEWAY_PENDING_CHECK_FAILED] client-0 [TypeError: fetch failed] {
18:11:47.543 [META_GATEWAY_PENDING_CHECK_FAILED] client-0 [TypeError: fetch failed] {
18:11:47.544 [META_GATEWAY_INBOX_RETRY] t-ldmubkakv9-79 attempt=1 [TypeError: fetch failed] {
18:11:47.545 [META_GATEWAY_CLEAR_PENDING_FAILED] client-0 [TypeError: fetch failed] {
18:11:47.545 [META_GATEWAY_CLEAR_PENDING_FAILED] client-0 [TypeError: fetch failed] {
18:11:47.546 [META_GATEWAY_RETRY] client-0 attempt=1 network_error [TypeError: fetch failed] {
18:11:47.546 [META_GATEWAY_CLEAR_PENDING_FAILED] client-0 [TypeError: fetch failed] {
18:11:47.547 [META_GATEWAY_RETRY] client-0 attempt=1 network_error [TypeError: fetch failed] {
18:11:47.547 [META_GATEWAY_CLEAR_PENDING_FAILED] client-0 [TypeError: fetch failed] {
18:11:47.548 [META_GATEWAY_RETRY] client-0 attempt=1 network_error [TypeError: fetch failed] {
18:11:47.548 [META_GATEWAY_RETRY] client-0 attempt=1 network_error [TypeError: fetch failed] {
18:11:47.548 [META_GATEWAY_RETRY] client-0 attempt=1 network_error [TypeError: fetch failed] {
18:11:47.549 [META_GATEWAY_RETRY] client-0 attempt=1 network_error [TypeError: fetch failed] {
18:11:47.549 [META_GATEWAY_RETRY] client-0 attempt=1 network_error [TypeError: fetch failed] {
18:11:47.549 [META_GATEWAY_RETRY] client-0 attempt=1 network_error [TypeError: fetch failed] {
18:11:47.549 [META_GATEWAY_INBOX_RETRY] t-ldmubkakv9-77 attempt=1 [TypeError: fetch failed] {
18:11:47.584 [META_GATEWAY_INBOX_RETRY] t-ldmubkakv9-98 attempt=1 [TypeError: fetch failed] {
18:11:47.585 [META_GATEWAY_INBOX_RETRY] t-ldmubkakv9-99 attempt=1 [TypeError: fetch failed] {
18:11:47.585 [META_GATEWAY_INBOX_RETRY] t-ldmubkakv9-97 attempt=1 [TypeError: fetch failed] {
18:11:47.585 [META_GATEWAY_INBOX_RETRY] t-ldmubkakv9-89 attempt=1 [TypeError: fetch failed] {
18:11:47.586 [META_GATEWAY_PENDING_CHECK_FAILED] client-0 [TypeError: fetch failed] {
18:11:47.587 [META_GATEWAY_PENDING_CHECK_FAILED] client-0 [TypeError: fetch failed] {
18:11:47.588 [META_GATEWAY_PENDING_CHECK_FAILED] client-0 [TypeError: fetch failed] {
18:11:47.589 [META_GATEWAY_PENDING_CHECK_FAILED] client-0 [TypeError: fetch failed] {
18:11:47.590 [META_GATEWAY_PENDING_CHECK_FAILED] client-0 [TypeError: fetch failed] {
18:11:47.590 [META_GATEWAY_PENDING_CHECK_FAILED] client-0 [TypeError: fetch failed] {
18:11:47.591 [META_GATEWAY_PENDING_CHECK_FAILED] client-0 [TypeError: fetch failed] {
18:11:47.593 [META_GATEWAY_CLEAR_PENDING_FAILED] client-0 [TypeError: fetch failed] {
18:11:47.593 [META_GATEWAY_RETRY] client-0 attempt=1 network_error [TypeError: fetch failed] {
18:11:47.594 [META_GATEWAY_RETRY] client-0 attempt=1 network_error [TypeError: fetch failed] {
18:11:47.594 [META_GATEWAY_RETRY] client-0 attempt=1 network_error [TypeError: fetch failed] {
18:11:47.594 [META_GATEWAY_RETRY] client-0 attempt=1 network_error [TypeError: fetch failed] {
18:11:47.595 [META_GATEWAY_RETRY] client-0 attempt=1 network_error [TypeError: fetch failed] {
18:11:47.595 [META_GATEWAY_RETRY] client-0 attempt=1 network_error [TypeError: fetch failed] {
18:11:47.600 [META_GATEWAY_INBOX_RETRY] t-ldmubkakv9-107 attempt=1 [TypeError: fetch failed] {
18:11:47.623 [META_GATEWAY_PENDING_CHECK_FAILED] client-0 [TypeError: fetch failed] {
18:11:47.624 [META_GATEWAY_PENDING_CHECK_FAILED] client-0 [TypeError: fetch failed] {
18:11:47.625 [META_GATEWAY_PENDING_CHECK_FAILED] client-0 [TypeError: fetch failed] {
18:11:47.626 [META_GATEWAY_PENDING_CHECK_FAILED] client-0 [TypeError: fetch failed] {
18:11:47.627 [META_GATEWAY_PENDING_CHECK_FAILED] client-0 [TypeError: fetch failed] {
18:11:47.628 [META_GATEWAY_PENDING_CHECK_FAILED] client-0 [TypeError: fetch failed] {
18:11:47.629 [META_GATEWAY_RETRY] client-0 attempt=1 network_error [TypeError: fetch failed] {
18:11:47.629 [META_GATEWAY_RETRY] client-0 attempt=1 network_error [TypeError: fetch failed] {
18:11:47.630 [META_GATEWAY_RETRY] client-0 attempt=1 network_error [TypeError: fetch failed] {
18:11:47.630 [META_GATEWAY_CLEAR_PENDING_FAILED] client-0 [TypeError: fetch failed] {
18:11:47.631 [META_GATEWAY_CLEAR_PENDING_FAILED] client-0 [TypeError: fetch failed] {
18:11:47.631 [META_GATEWAY_RETRY] client-0 attempt=1 network_error [TypeError: fetch failed] {
18:11:47.656 [META_GATEWAY_INBOX_RETRY] t-ldmubkakv9-108 attempt=1 [TypeError: fetch failed] {
18:11:47.656 [META_GATEWAY_INBOX_RETRY] t-ldmubkakv9-109 attempt=1 [TypeError: fetch failed] {
18:11:47.657 [META_GATEWAY_PENDING_CHECK_FAILED] client-0 [TypeError: fetch failed] {
18:11:47.658 [META_GATEWAY_PENDING_CHECK_FAILED] client-0 [TypeError: fetch failed] {
18:11:47.658 [META_GATEWAY_PENDING_CHECK_FAILED] client-0 [TypeError: fetch failed] {
18:11:47.659 [META_GATEWAY_PENDING_CHECK_FAILED] client-0 [TypeError: fetch failed] {
18:11:47.660 [META_GATEWAY_PENDING_CHECK_FAILED] client-0 [TypeError: fetch failed] {
18:11:47.661 [META_GATEWAY_CLEAR_PENDING_FAILED] client-0 [TypeError: fetch failed] {
18:11:47.662 [META_GATEWAY_RETRY] client-0 attempt=1 network_error [TypeError: fetch failed] {
18:11:47.663 [META_GATEWAY_RETRY] client-0 attempt=1 network_error [TypeError: fetch failed] {
18:11:47.663 [META_GATEWAY_CLEAR_PENDING_FAILED] client-0 [TypeError: fetch failed] {
18:11:47.663 [META_GATEWAY_RETRY] client-0 attempt=1 network_error [TypeError: fetch failed] {
18:11:47.668 [META_GATEWAY_INBOX_RETRY] t-ldmubkakv9-118 attempt=1 [TypeError: fetch failed] {
18:11:47.668 [META_GATEWAY_INBOX_RETRY] t-ldmubkakv9-117 attempt=1 [TypeError: fetch failed] {
18:11:47.777 [META_GATEWAY_PENDING_CHECK_FAILED] client-0 [TypeError: fetch failed] {