18:21:23.699 [client] EXIT code=null signal=SIGKILL
18:21:23.721 [META_GATEWAY_RETRY] client-0 attempt=1 network_error [TypeError: fetch failed] {
18:21:23.724 [META_GATEWAY_PENDING_CHECK_FAILED] client-0 [TypeError: fetch failed] {
18:21:23.741 [META_GATEWAY_PENDING_CHECK_FAILED] client-0 [TypeError: fetch failed] {
18:21:23.743 [META_GATEWAY_PENDING_CHECK_FAILED] client-0 [TypeError: fetch failed] {
18:21:23.744 [META_GATEWAY_PENDING_CHECK_FAILED] client-0 [TypeError: fetch failed] {
18:21:23.746 [META_GATEWAY_RETRY] client-0 attempt=1 network_error [TypeError: fetch failed] {
18:21:23.746 [META_GATEWAY_PENDING_CHECK_FAILED] client-0 [TypeError: fetch failed] {
18:21:23.747 [META_GATEWAY_PENDING_CHECK_FAILED] client-0 [TypeError: fetch failed] {
18:21:23.749 [META_GATEWAY_PENDING_CHECK_FAILED] client-0 [TypeError: fetch failed] {
18:21:23.750 [META_GATEWAY_PENDING_CHECK_FAILED] client-0 [TypeError: fetch failed] {
18:21:23.751 [META_GATEWAY_PENDING_CHECK_FAILED] client-0 [TypeError: fetch failed] {
18:21:23.752 [META_GATEWAY_PENDING_CHECK_FAILED] client-0 [TypeError: fetch failed] {
18:21:23.753 [META_GATEWAY_PENDING_CHECK_FAILED] client-0 [TypeError: fetch failed] {
18:21:23.755 [META_GATEWAY_PENDING_CHECK_FAILED] client-0 [TypeError: fetch failed] {
18:21:23.756 [META_GATEWAY_PENDING_CHECK_FAILED] client-0 [TypeError: fetch failed] {
18:21:23.757 [META_GATEWAY_PENDING_CHECK_FAILED] client-0 [TypeError: fetch failed] {
18:21:23.758 [META_GATEWAY_PENDING_CHECK_FAILED] client-0 [TypeError: fetch failed] {
18:21:23.759 [META_GATEWAY_PENDING_CHECK_FAILED] client-0 [TypeError: fetch failed] {
18:21:23.761 [META_GATEWAY_PENDING_CHECK_FAILED] client-0 [TypeError: fetch failed] {
18:21:23.762 [META_GATEWAY_PENDING_CHECK_FAILED] client-0 [TypeError: fetch failed] {
18:21:23.764 [META_GATEWAY_PENDING_CHECK_FAILED] client-0 [TypeError: fetch failed] {
18:21:23.765 [META_GATEWAY_RETRY] client-0 attempt=1 network_error [TypeError: fetch failed] {
18:21:23.766 [META_GATEWAY_RETRY] client-0 attempt=1 network_error [TypeError: fetch failed] {
18:21:23.767 [META_GATEWAY_CLEAR_PENDING_FAILED] client-0 [TypeError: fetch failed] {
18:21:23.770 [META_GATEWAY_RETRY] client-0 attempt=1 network_error [TypeError: fetch failed] {
18:21:23.771 [META_GATEWAY_RETRY] client-0 attempt=1 network_error [TypeError: fetch failed] {
18:21:23.772 [META_GATEWAY_RETRY] client-0 attempt=1 network_error [TypeError: fetch failed] {
18:21:23.773 [META_GATEWAY_RETRY] client-0 attempt=1 network_error [TypeError: fetch failed] {
18:21:23.774 [META_GATEWAY_RETRY] client-0 attempt=1 network_error [TypeError: fetch failed] {
18:21:23.774 [META_GATEWAY_RETRY] client-0 attempt=1 network_error [TypeError: fetch failed] {
18:21:23.775 [META_GATEWAY_CLEAR_PENDING_FAILED] client-0 [TypeError: fetch failed] {
18:21:23.776 [META_GATEWAY_RETRY] client-0 attempt=1 network_error [TypeError: fetch failed] {
18:21:23.776 [META_GATEWAY_RETRY] client-0 attempt=1 network_error [TypeError: fetch failed] {
18:21:23.777 [META_GATEWAY_RETRY] client-0 attempt=1 network_error [TypeError: fetch failed] {
18:21:23.777 [META_GATEWAY_RETRY] client-0 attempt=1 network_error [TypeError: fetch failed] {
18:21:23.778 [META_GATEWAY_RETRY] client-0 attempt=1 network_error [TypeError: fetch failed] {
18:21:23.778 [META_GATEWAY_CLEAR_PENDING_FAILED] client-0 [TypeError: fetch failed] {
18:21:23.779 [META_GATEWAY_RETRY] client-0 attempt=1 network_error [TypeError: fetch failed] {
18:21:23.779 [META_GATEWAY_RETRY] client-0 attempt=1 network_error [TypeError: fetch failed] {
18:21:23.897 [META_GATEWAY_PENDING_CHECK_FAILED] client-0 [TypeError: fetch failed] {
18:21:23.899 [META_GATEWAY_PENDING_CHECK_FAILED] client-0 [TypeError: fetch failed] {
18:21:23.901 [META_GATEWAY_PENDING_CHECK_FAILED] client-0 [TypeError: fetch failed] {
18:21:23.902 [META_GATEWAY_PENDING_CHECK_FAILED] client-0 [TypeError: fetch failed] {
18:21:23.903 [META_GATEWAY_PENDING_CHECK_FAILED] client-0 [TypeError: fetch failed] {
18:21:23.904 [META_GATEWAY_PENDING_CHECK_FAILED] client-0 [TypeError: fetch failed] {
18:21:23.905 [META_GATEWAY_PENDING_CHECK_FAILED] client-0 [TypeError: fetch failed] {
18:21:23.906 [META_GATEWAY_PENDING_CHECK_FAILED] client-0 [TypeError: fetch failed] {
18:21:23.908 [META_GATEWAY_PENDING_CHECK_FAILED] client-0 [TypeError: fetch failed] {
18:21:23.909 [META_GATEWAY_PENDING_CHECK_FAILED] client-0 [TypeError: fetch failed] {
18:21:23.910 [META_GATEWAY_PENDING_CHECK_FAILED] client-0 [TypeError: fetch failed] {
18:21:23.911 [META_GATEWAY_PENDING_CHECK_FAILED] client-0 [TypeError: fetch failed] {
18:21:23.912 [META_GATEWAY_PENDING_CHECK_FAILED] client-0 [TypeError: fetch failed] {
18:21:23.913 [META_GATEWAY_PENDING_CHECK_FAILED] client-0 [TypeError: fetch failed] {
18:21:23.915 [META_GATEWAY_PENDING_CHECK_FAILED] client-0 [TypeError: fetch failed] {
18:21:23.917 [META_GATEWAY_PENDING_CHECK_FAILED] client-0 [TypeError: fetch failed] {
18:21:23.918 [META_GATEWAY_PENDING_CHECK_FAILED] client-0 [TypeError: fetch failed] {
18:21:23.919 [META_GATEWAY_PENDING_CHECK_FAILED] client-0 [TypeError: fetch failed] {
18:21:23.920 [META_GATEWAY_PENDING_CHECK_FAILED] client-0 [TypeError: fetch failed] {
18:21:23.922 [META_GATEWAY_PENDING_CHECK_FAILED] client-0 [TypeError: fetch failed] {
18:21:23.924 [META_GATEWAY_CLEAR_PENDING_FAILED] client-0 [TypeError: fetch failed] {
18:21:23.925 [META_GATEWAY_RETRY] client-0 attempt=1 network_error [TypeError: fetch failed] {
18:21:23.925 [META_GATEWAY_RETRY] client-0 attempt=1 network_error [TypeError: fetch failed] {
18:21:23.926 [META_GATEWAY_RETRY] client-0 attempt=1 network_error [TypeError: fetch failed] {
18:21:23.926 [META_GATEWAY_CLEAR_PENDING_FAILED] client-0 [TypeError: fetch failed] {
18:21:23.927 [META_GATEWAY_RETRY] client-0 attempt=1 network_error [TypeError: fetch failed] {
18:21:23.927 [META_GATEWAY_RETRY] client-0 attempt=1 network_error [TypeError: fetch failed] {
18:21:23.927 [META_GATEWAY_CLEAR_PENDING_FAILED] client-0 [TypeError: fetch failed] {
18:21:23.928 [META_GATEWAY_RETRY] client-0 attempt=1 network_error [TypeError: fetch failed] {
18:21:23.928 [META_GATEWAY_RETRY] client-0 attempt=1 network_error [TypeError: fetch failed] {
18:21:23.929 [META_GATEWAY_CLEAR_PENDING_FAILED] client-0 [TypeError: fetch failed] {
18:21:23.930 [META_GATEWAY_RETRY] client-0 attempt=1 network_error [TypeError: fetch failed] {
18:21:23.930 [META_GATEWAY_RETRY] client-0 attempt=1 network_error [TypeError: fetch failed] {
18:21:23.930 [META_GATEWAY_CLEAR_PENDING_FAILED] client-0 [TypeError: fetch failed] {
18:21:23.932 [META_GATEWAY_RETRY] client-0 attempt=1 network_error [TypeError: fetch failed] {
18:21:23.932 [META_GATEWAY_RETRY] client-0 attempt=1 network_error [TypeError: fetch failed] {
18:21:23.933 [META_GATEWAY_RETRY] client-0 attempt=1 network_error [TypeError: fetch failed] {
18:21:23.933 [META_GATEWAY_CLEAR_PENDING_FAILED] client-0 [TypeError: fetch failed] {
18:21:23.934 [META_GATEWAY_RETRY] client-0 attempt=1 network_error [TypeError: fetch failed] {
18:21:23.934 [META_GATEWAY_RETRY] client-0 attempt=1 network_error [TypeError: fetch failed] {
18:21:23.936 [META_GATEWAY_INBOX_RETRY] t-ldmubkmx9f-19 attempt=1 [TypeError: fetch failed] {
18:21:23.936 [META_GATEWAY_INBOX_RETRY] t-ldmubkmx9f-18 attempt=1 [TypeError: fetch failed] {
18:21:23.936 [META_GATEWAY_INBOX_RETRY] t-ldmubkmx9f-17 attempt=1 [TypeError: fetch failed] {
18:21:23.995 [META_GATEWAY_INBOX_RETRY] t-ldmubkmx9f-29 attempt=1 [TypeError: fetch failed] {
18:21:23.995 [META_GATEWAY_INBOX_RETRY] t-ldmubkmx9f-27 attempt=1 [TypeError: fetch failed] {
18:21:23.995 [META_GATEWAY_INBOX_RETRY] t-ldmubkmx9f-37 attempt=1 [TypeError: fetch failed] {
18:21:23.996 [META_GATEWAY_INBOX_RETRY] t-ldmubkmx9f-39 attempt=1 [TypeError: fetch failed] {
18:21:23.996 [META_GATEWAY_INBOX_RETRY] t-ldmubkmx9f-28 attempt=1 [TypeError: fetch failed] {
18:21:23.996 [META_GATEWAY_INBOX_RETRY] t-ldmubkmx9f-38 attempt=1 [TypeError: fetch failed] {
18:21:23.997 [META_GATEWAY_PENDING_CHECK_FAILED] client-0 [TypeError: fetch failed] {
18:21:23.998 [META_GATEWAY_PENDING_CHECK_FAILED] client-0 [TypeError: fetch failed] {
18:21:23.999 [META_GATEWAY_PENDING_CHECK_FAILED] client-0 [TypeError: fetch failed] {
18:21:24.001 [META_GATEWAY_PENDING_CHECK_FAILED] client-0 [TypeError: fetch failed] {
18:21:24.002 [META_GATEWAY_PENDING_CHECK_FAILED] client-0 [TypeError: fetch failed] {
18:21:24.003 [META_GATEWAY_PENDING_CHECK_FAILED] client-0 [TypeError: fetch failed] {
18:21:24.004 [META_GATEWAY_PENDING_CHECK_FAILED] client-0 [TypeError: fetch failed] {
18:21:24.005 [META_GATEWAY_PENDING_CHECK_FAILED] client-0 [TypeError: fetch failed] {
18:21:24.006 [META_GATEWAY_PENDING_CHECK_FAILED] client-0 [TypeError: fetch failed] {
18:21:24.007 [META_GATEWAY_PENDING_CHECK_FAILED] client-0 [TypeError: fetch failed] {
18:21:24.009 [META_GATEWAY_CLEAR_PENDING_FAILED] client-0 [TypeError: fetch failed] {
18:21:24.010 [META_GATEWAY_RETRY] client-0 attempt=1 network_error [TypeError: fetch failed] {
18:21:24.010 [META_GATEWAY_RETRY] client-0 attempt=1 network_error [TypeError: fetch failed] {
18:21:24.010 [META_GATEWAY_RETRY] client-0 attempt=1 network_error [TypeError: fetch failed] {
18:21:24.011 [META_GATEWAY_RETRY] client-0 attempt=1 network_error [TypeError: fetch failed] {
18:21:24.011 [META_GATEWAY_RETRY] client-0 attempt=1 network_error [TypeError: fetch failed] {
18:21:24.012 [META_GATEWAY_CLEAR_PENDING_FAILED] client-0 [TypeError: fetch failed] {
18:21:24.012 [META_GATEWAY_CLEAR_PENDING_FAILED] client-0 [TypeError: fetch failed] {
18:21:24.013 [META_GATEWAY_RETRY] client-0 attempt=1 network_error [TypeError: fetch failed] {
18:21:24.013 [META_GATEWAY_RETRY] client-0 attempt=1 network_error [TypeError: fetch failed] {
18:21:24.037 [META_GATEWAY_INBOX_RETRY] t-ldmubkmx9f-48 attempt=1 [TypeError: fetch failed] {
18:21:24.037 [META_GATEWAY_INBOX_RETRY] t-ldmubkmx9f-49 attempt=1 [TypeError: fetch failed] {
18:21:24.037 [META_GATEWAY_INBOX_RETRY] t-ldmubkmx9f-47 attempt=1 [TypeError: fetch failed] {
18:21:24.038 [META_GATEWAY_PENDING_CHECK_FAILED] client-0 [TypeError: fetch failed] {
18:21:24.039 [META_GATEWAY_PENDING_CHECK_FAILED] client-0 [TypeError: fetch failed] {
18:21:24.040 [META_GATEWAY_PENDING_CHECK_FAILED] client-0 [TypeError: fetch failed] {
18:21:24.042 [META_GATEWAY_CLEAR_PENDING_FAILED] client-0 [TypeError: fetch failed] {
18:21:24.042 [META_GATEWAY_CLEAR_PENDING_FAILED] client-0 [TypeError: fetch failed] {
18:21:24.043 [META_GATEWAY_CLEAR_PENDING_FAILED] client-0 [TypeError: fetch failed] {
18:21:24.063 [META_GATEWAY_INBOX_RETRY] t-ldmubkmx9f-57 attempt=1 [TypeError: fetch failed] {
18:21:24.063 [META_GATEWAY_INBOX_RETRY] t-ldmubkmx9f-58 attempt=1 [TypeError: fetch failed] {
18:21:24.080 [META_GATEWAY_INBOX_RETRY] t-ldmubkmx9f-59 attempt=1 [TypeError: fetch failed] {
18:21:24.081 [META_GATEWAY_PENDING_CHECK_FAILED] client-0 [TypeError: fetch failed] {
18:21:24.082 [META_GATEWAY_PENDING_CHECK_FAILED] client-0 [TypeError: fetch failed] {
18:21:24.084 [META_GATEWAY_PENDING_CHECK_FAILED] client-0 [TypeError: fetch failed] {
18:21:24.085 [META_GATEWAY_PENDING_CHECK_FAILED] client-0 [TypeError: fetch failed] {
18:21:24.086 [META_GATEWAY_PENDING_CHECK_FAILED] client-0 [TypeError: fetch failed] {
18:21:24.087 [META_GATEWAY_PENDING_CHECK_FAILED] client-0 [TypeError: fetch failed] {
18:21:24.088 [META_GATEWAY_RETRY] client-0 attempt=1 network_error [TypeError: fetch failed] {
18:21:24.089 [META_GATEWAY_RETRY] client-0 attempt=1 network_error [TypeError: fetch failed] {
18:21:24.089 [META_GATEWAY_RETRY] client-0 attempt=1 network_error [TypeError: fetch failed] {
18:21:24.090 [META_GATEWAY_RETRY] client-0 attempt=1 network_error [TypeError: fetch failed] {
18:21:24.090 [META_GATEWAY_RETRY] client-0 attempt=1 network_error [TypeError: fetch failed] {
18:21:24.090 [META_GATEWAY_RETRY] client-0 attempt=1 network_error [TypeError: fetch failed] {
18:21:24.112 [META_GATEWAY_PENDING_CHECK_FAILED] client-0 [TypeError: fetch failed] {
18:21:24.114 [META_GATEWAY_PENDING_CHECK_FAILED] client-0 [TypeError: fetch failed] {
18:21:24.115 [META_GATEWAY_PENDING_CHECK_FAILED] client-0 [TypeError: fetch failed] {
18:21:24.117 [META_GATEWAY_RETRY] client-0 attempt=1 network_error [TypeError: fetch failed] {
18:21:24.117 [META_GATEWAY_RETRY] client-0 attempt=1 network_error [TypeError: fetch failed] {
18:21:24.117 [META_GATEWAY_CLEAR_PENDING_FAILED] client-0 [TypeError: fetch failed] {
18:21:24.141 [META_GATEWAY_INBOX_RETRY] t-ldmubkmx9f-67 attempt=1 [TypeError: fetch failed] {
18:21:24.141 [META_GATEWAY_PENDING_CHECK_FAILED] client-0 [TypeError: fetch failed] {
18:21:24.143 [META_GATEWAY_PENDING_CHECK_FAILED] client-0 [TypeError: fetch failed] {
18:21:24.144 [META_GATEWAY_PENDING_CHECK_FAILED] client-0 [TypeError: fetch failed] {
18:21:24.145 [META_GATEWAY_CLEAR_PENDING_FAILED] client-0 [TypeError: fetch failed] {
18:21:24.146 [META_GATEWAY_CLEAR_PENDING_FAILED] client-0 [TypeError: fetch failed] {
18:21:24.146 [META_GATEWAY_RETRY] client-0 attempt=1 network_error [TypeError: fetch failed] {
18:21:24.151 [META_GATEWAY_INBOX_RETRY] t-ldmubkmx9f-68 attempt=1 [TypeError: fetch failed] {
18:21:24.152 [META_GATEWAY_INBOX_RETRY] t-ldmubkmx9f-69 attempt=1 [TypeError: fetch failed] {
18:21:24.225 [META_GATEWAY_RETRY] client-0 attempt=2 network_error [TypeError: fetch failed] {
18:21:24.250 [META_GATEWAY_RETRY] client-0 attempt=2 network_error [TypeError: fetch failed] {
18:21:24.288 [META_GATEWAY_RETRY] client-0 attempt=2 network_error [TypeError: fetch failed] {
18:21:24.288 [META_GATEWAY_RETRY] client-0 attempt=2 network_error [TypeError: fetch failed] {
18:21:24.289 [META_GATEWAY_RETRY] client-0 attempt=2 network_error [TypeError: fetch failed] {
18:21:24.289 [META_GATEWAY_RETRY] client-0 attempt=2 network_error [TypeError: fetch failed] {
18:21:24.289 [META_GATEWAY_RETRY] client-0 attempt=2 network_error [TypeError: fetch failed] {
18:21:24.290 [META_GATEWAY_RETRY] client-0 attempt=2 network_error [TypeError: fetch failed] {
18:21:24.290 [META_GATEWAY_RETRY] client-0 attempt=2 network_error [TypeError: fetch failed] {
18:21:24.290 [META_GATEWAY_RETRY] client-0 attempt=2 network_error [TypeError: fetch failed] {
18:21:24.291 [META_GATEWAY_RETRY] client-0 attempt=2 network_error [TypeError: fetch failed] {
18:21:24.291 [META_GATEWAY_RETRY] client-0 attempt=2 network_error [TypeError: fetch failed] {
18:21:24.291 [META_GATEWAY_RETRY] client-0 attempt=2 network_error [TypeError: fetch failed] {
18:21:24.292 [META_GATEWAY_RETRY] client-0 attempt=2 network_error [TypeError: fetch failed] {
18:21:24.292 [META_GATEWAY_RETRY] client-0 attempt=2 network_error [TypeError: fetch failed] {
18:21:24.292 [META_GATEWAY_RETRY] client-0 attempt=2 network_error [TypeError: fetch failed] {
18:21:24.293 [META_GATEWAY_RETRY] client-0 attempt=2 network_error [TypeError: fetch failed] {
18:21:24.449 [META_GATEWAY_RETRY] client-0 attempt=2 network_error [TypeError: fetch failed] {
18:21:24.449 [META_GATEWAY_RETRY] client-0 attempt=2 network_error [TypeError: fetch failed] {
18:21:24.449 [META_GATEWAY_RETRY] client-0 attempt=2 network_error [TypeError: fetch failed] {
18:21:24.450 [META_GATEWAY_RETRY] client-0 attempt=2 network_error [TypeError: fetch failed] {
18:21:24.450 [META_GATEWAY_RETRY] client-0 attempt=2 network_error [TypeError: fetch failed] {
18:21:24.450 [META_GATEWAY_RETRY] client-0 attempt=2 network_error [TypeError: fetch failed] {
18:21:24.451 [META_GATEWAY_RETRY] client-0 attempt=2 network_error [TypeError: fetch failed] {
18:21:24.451 [META_GATEWAY_RETRY] client-0 attempt=2 network_error [TypeError: fetch failed] {
18:21:24.451 [META_GATEWAY_RETRY] client-0 attempt=2 network_error [TypeError: fetch failed] {
18:21:24.452 [META_GATEWAY_RETRY] client-0 attempt=2 network_error [TypeError: fetch failed] {
18:21:24.452 [META_GATEWAY_RETRY] client-0 attempt=2 network_error [TypeError: fetch failed] {
18:21:24.452 [META_GATEWAY_RETRY] client-0 attempt=2 network_error [TypeError: fetch failed] {
18:21:24.453 [META_GATEWAY_RETRY] client-0 attempt=2 network_error [TypeError: fetch failed] {
18:21:24.453 [META_GATEWAY_RETRY] client-0 attempt=2 network_error [TypeError: fetch failed] {
18:21:24.513 [META_GATEWAY_RETRY] client-0 attempt=2 network_error [TypeError: fetch failed] {
18:21:24.513 [META_GATEWAY_RETRY] client-0 attempt=2 network_error [TypeError: fetch failed] {
18:21:24.513 [META_GATEWAY_RETRY] client-0 attempt=2 network_error [TypeError: fetch failed] {
18:21:24.516 [META_GATEWAY_RETRY] client-0 attempt=2 network_error [TypeError: fetch failed] {
18:21:24.516 [META_GATEWAY_RETRY] client-0 attempt=2 network_error [TypeError: fetch failed] {
18:21:24.516 [META_GATEWAY_RETRY] client-0 attempt=2 network_error [TypeError: fetch failed] {
18:21:24.517 [META_GATEWAY_RETRY] client-0 attempt=2 network_error [TypeError: fetch failed] {
18:21:24.531 [META_GATEWAY_PENDING_CHECK_FAILED] client-0 [TypeError: fetch failed] {
18:21:24.532 [META_GATEWAY_PENDING_CHECK_FAILED] client-0 [TypeError: fetch failed] {
18:21:24.533 [META_GATEWAY_PENDING_CHECK_FAILED] client-0 [TypeError: fetch failed] {
18:21:24.534 [META_GATEWAY_RETRY] client-0 attempt=1 network_error [TypeError: fetch failed] {
18:21:24.535 [META_GATEWAY_RETRY] client-0 attempt=1 network_error [TypeError: fetch failed] {
18:21:24.535 [META_GATEWAY_RETRY] client-0 attempt=1 network_error [TypeError: fetch failed] {
18:21:24.632 [META_GATEWAY_RETRY] client-0 attempt=2 network_error [TypeError: fetch failed] {
18:21:24.633 [META_GATEWAY_RETRY] client-0 attempt=2 network_error [TypeError: fetch failed] {
18:21:24.633 [META_GATEWAY_RETRY] client-0 attempt=2 network_error [TypeError: fetch failed] {
18:21:24.634 [META_GATEWAY_RETRY] client-0 attempt=2 network_error [TypeError: fetch failed] {
18:21:24.634 [META_GATEWAY_RETRY] client-0 attempt=2 network_error [TypeError: fetch failed] {
18:21:24.634 [META_GATEWAY_RETRY] client-0 attempt=2 network_error [TypeError: fetch failed] {
18:21:24.636 [META_GATEWAY_RETRY] client-0 attempt=2 network_error [TypeError: fetch failed] {
18:21:24.637 [META_GATEWAY_RETRY] client-0 attempt=2 network_error [TypeError: fetch failed] {
18:21:24.666 [META_GATEWAY_RETRY] client-0 attempt=2 network_error [TypeError: fetch failed] {
18:21:25.049 [META_GATEWAY_RETRY] client-0 attempt=2 network_error [TypeError: fetch failed] {
18:21:25.049 [META_GATEWAY_RETRY] client-0 attempt=2 network_error [TypeError: fetch failed] {
18:21:25.050 [META_GATEWAY_RETRY] client-0 attempt=2 network_error [TypeError: fetch failed] {
18:21:25.728 [META_GATEWAY_FAILED] client-0 network_error [TypeError: fetch failed] {
18:21:25.740 [META_GATEWAY_INBOX_RETRY] t-ldmubkmx9f-1 attempt=1 [TypeError: fetch failed] {
18:21:25.762 [META_GATEWAY_FAILED] client-0 network_error [TypeError: fetch failed] {
18:21:25.768 [META_GATEWAY_INBOX_RETRY] t-ldmubkmx9f-25 attempt=1 [TypeError: fetch failed] {
18:21:25.798 [META_GATEWAY_FAILED] client-0 network_error [TypeError: fetch failed] {
18:21:25.799 [META_GATEWAY_FAILED] client-0 network_error [TypeError: fetch failed] {
18:21:25.799 [META_GATEWAY_FAILED] client-0 network_error [TypeError: fetch failed] {
18:21:25.800 [META_GATEWAY_FAILED] client-0 network_error [TypeError: fetch failed] {
18:21:25.801 [META_GATEWAY_FAILED] client-0 network_error [TypeError: fetch failed] {
18:21:25.801 [META_GATEWAY_FAILED] client-0 network_error [TypeError: fetch failed] {
18:21:25.802 [META_GATEWAY_FAILED] client-0 network_error [TypeError: fetch failed] {
18:21:25.802 [META_GATEWAY_FAILED] client-0 network_error [TypeError: fetch failed] {
18:21:25.802 [META_GATEWAY_FAILED] client-0 network_error [TypeError: fetch failed] {
18:21:25.803 [META_GATEWAY_FAILED] client-0 network_error [TypeError: fetch failed] {
18:21:25.809 [META_GATEWAY_FAILED] client-0 network_error [TypeError: fetch failed] {
18:21:25.810 [META_GATEWAY_FAILED] client-0 network_error [TypeError: fetch failed] {
18:21:25.811 [META_GATEWAY_FAILED] client-0 network_error [TypeError: fetch failed] {
18:21:25.811 [META_GATEWAY_FAILED] client-0 network_error [TypeError: fetch failed] {
18:21:25.811 [META_GATEWAY_FAILED] client-0 network_error [TypeError: fetch failed] {
18:21:25.821 [META_GATEWAY_INBOX_RETRY] t-ldmubkmx9f-16 attempt=1 [TypeError: fetch failed] {
18:21:25.821 [META_GATEWAY_INBOX_RETRY] t-ldmubkmx9f-13 attempt=1 [TypeError: fetch failed] {
18:21:25.821 [META_GATEWAY_INBOX_RETRY] t-ldmubkmx9f-10 attempt=1 [TypeError: fetch failed] {
18:21:25.822 [META_GATEWAY_INBOX_RETRY] t-ldmubkmx9f-26 attempt=1 [TypeError: fetch failed] {
18:21:25.822 [META_GATEWAY_INBOX_RETRY] t-ldmubkmx9f-0 attempt=1 [TypeError: fetch failed] {
18:21:25.822 [META_GATEWAY_INBOX_RETRY] t-ldmubkmx9f-22 attempt=1 [TypeError: fetch failed] {
18:21:25.822 [META_GATEWAY_INBOX_RETRY] t-ldmubkmx9f-23 attempt=1 [TypeError: fetch failed] {
18:21:25.822 [META_GATEWAY_INBOX_RETRY] t-ldmubkmx9f-12 attempt=1 [TypeError: fetch failed] {
18:21:25.823 [META_GATEWAY_INBOX_RETRY] t-ldmubkmx9f-14 attempt=1 [TypeError: fetch failed] {
18:21:25.824 [META_GATEWAY_INBOX_RETRY] t-ldmubkmx9f-20 attempt=1 [TypeError: fetch failed] {
18:21:25.829 [META_GATEWAY_INBOX_RETRY] t-ldmubkmx9f-21 attempt=1 [TypeError: fetch failed] {
18:21:25.829 [META_GATEWAY_INBOX_RETRY] t-ldmubkmx9f-2 attempt=1 [TypeError: fetch failed] {
18:21:25.829 [META_GATEWAY_INBOX_RETRY] t-ldmubkmx9f-11 attempt=1 [TypeError: fetch failed] {
18:21:25.829 [META_GATEWAY_INBOX_RETRY] t-ldmubkmx9f-24 attempt=1 [TypeError: fetch failed] {
18:21:25.829 [META_GATEWAY_INBOX_RETRY] t-ldmubkmx9f-15 attempt=1 [TypeError: fetch failed] {
18:21:25.968 [META_GATEWAY_FAILED] client-0 network_error [TypeError: fetch failed] {
18:21:25.968 [META_GATEWAY_FAILED] client-0 network_error [TypeError: fetch failed] {
18:21:25.969 [META_GATEWAY_FAILED] client-0 network_error [TypeError: fetch failed] {
18:21:25.969 [META_GATEWAY_FAILED] client-0 network_error [TypeError: fetch failed] {
18:21:25.970 [META_GATEWAY_FAILED] client-0 network_error [TypeError: fetch failed] {
18:21:25.970 [META_GATEWAY_FAILED] client-0 network_error [TypeError: fetch failed] {
18:21:25.971 [META_GATEWAY_FAILED] client-0 network_error [TypeError: fetch failed] {
18:21:25.971 [META_GATEWAY_FAILED] client-0 network_error [TypeError: fetch failed] {
18:21:25.972 [META_GATEWAY_FAILED] client-0 network_error [TypeError: fetch failed] {
18:21:25.972 [META_GATEWAY_FAILED] client-0 network_error [TypeError: fetch failed] {
18:21:25.973 [META_GATEWAY_FAILED] client-0 network_error [TypeError: fetch failed] {
18:21:25.974 [META_GATEWAY_FAILED] client-0 network_error [TypeError: fetch failed] {
18:21:25.974 [META_GATEWAY_FAILED] client-0 network_error [TypeError: fetch failed] {
18:21:25.978 [META_GATEWAY_FAILED] client-0 network_error [TypeError: fetch failed] {
18:21:25.997 [META_GATEWAY_INBOX_RETRY] t-ldmubkmx9f-33 attempt=1 [TypeError: fetch failed] {
18:21:25.997 [META_GATEWAY_INBOX_RETRY] t-ldmubkmx9f-32 attempt=1 [TypeError: fetch failed] {
18:21:25.997 [META_GATEWAY_INBOX_RETRY] t-ldmubkmx9f-35 attempt=1 [TypeError: fetch failed] {
18:21:25.997 [META_GATEWAY_INBOX_RETRY] t-ldmubkmx9f-30 attempt=1 [TypeError: fetch failed] {
18:21:25.997 [META_GATEWAY_INBOX_RETRY] t-ldmubkmx9f-40 attempt=1 [TypeError: fetch failed] {
18:21:25.997 [META_GATEWAY_INBOX_RETRY] t-ldmubkmx9f-36 attempt=1 [TypeError: fetch failed] {
18:21:25.998 [META_GATEWAY_INBOX_RETRY] t-ldmubkmx9f-41 attempt=1 [TypeError: fetch failed] {
18:21:25.998 [META_GATEWAY_INBOX_RETRY] t-ldmubkmx9f-34 attempt=1 [TypeError: fetch failed] {
18:21:25.998 [META_GATEWAY_INBOX_RETRY] t-ldmubkmx9f-44 attempt=1 [TypeError: fetch failed] {
18:21:25.998 [META_GATEWAY_INBOX_RETRY] t-ldmubkmx9f-31 attempt=1 [TypeError: fetch failed] {
18:21:26.002 [META_GATEWAY_INBOX_RETRY] t-ldmubkmx9f-46 attempt=1 [TypeError: fetch failed] {
18:21:26.003 [META_GATEWAY_INBOX_RETRY] t-ldmubkmx9f-42 attempt=1 [TypeError: fetch failed] {
18:21:26.003 [META_GATEWAY_INBOX_RETRY] t-ldmubkmx9f-45 attempt=1 [TypeError: fetch failed] {
18:21:26.003 [META_GATEWAY_INBOX_RETRY] t-ldmubkmx9f-43 attempt=1 [TypeError: fetch failed] {
18:21:26.026 [META_GATEWAY_FAILED] client-0 network_error [TypeError: fetch failed] {
18:21:26.027 [META_GATEWAY_FAILED] client-0 network_error [TypeError: fetch failed] {
18:21:26.027 [META_GATEWAY_FAILED] client-0 network_error [TypeError: fetch failed] {
18:21:26.028 [META_GATEWAY_FAILED] client-0 network_error [TypeError: fetch failed] {
18:21:26.028 [META_GATEWAY_FAILED] client-0 network_error [TypeError: fetch failed] {
18:21:26.029 [META_GATEWAY_FAILED] client-0 network_error [TypeError: fetch failed] {
18:21:26.045 [META_GATEWAY_FAILED] client-0 network_error [TypeError: fetch failed] {
18:21:26.055 [META_GATEWAY_INBOX_RETRY] t-ldmubkmx9f-51 attempt=1 [TypeError: fetch failed] {
18:21:26.055 [META_GATEWAY_INBOX_RETRY] t-ldmubkmx9f-53 attempt=1 [TypeError: fetch failed] {
18:21:26.055 [META_GATEWAY_INBOX_RETRY] t-ldmubkmx9f-54 attempt=1 [TypeError: fetch failed] {
18:21:26.055 [META_GATEWAY_INBOX_RETRY] t-ldmubkmx9f-50 attempt=1 [TypeError: fetch failed] {
18:21:26.056 [META_GATEWAY_INBOX_RETRY] t-ldmubkmx9f-56 attempt=1 [TypeError: fetch failed] {
18:21:26.056 [META_GATEWAY_INBOX_RETRY] t-ldmubkmx9f-52 attempt=1 [TypeError: fetch failed] {
18:21:26.056 [META_GATEWAY_INBOX_RETRY] t-ldmubkmx9f-55 attempt=1 [TypeError: fetch failed] {
18:21:26.142 [META_GATEWAY_PENDING_CHECK_FAILED] client-0 [TypeError: fetch failed] {
18:21:26.143 [META_GATEWAY_PENDING_CHECK_FAILED] client-0 [TypeError: fetch failed] {
18:21:26.144 [META_GATEWAY_PENDING_CHECK_FAILED] client-0 [TypeError: fetch failed] {
18:21:26.145 [META_GATEWAY_PENDING_CHECK_FAILED] client-0 [TypeError: fetch failed] {
18:21:26.146 [META_GATEWAY_PENDING_CHECK_FAILED] client-0 [TypeError: fetch failed] {
18:21:26.147 [META_GATEWAY_PENDING_CHECK_FAILED] client-0 [TypeError: fetch failed] {
18:21:26.148 [META_GATEWAY_PENDING_CHECK_FAILED] client-0 [TypeError: fetch failed] {
18:21:26.149 [META_GATEWAY_PENDING_CHECK_FAILED] client-0 [TypeError: fetch failed] {
18:21:26.150 [META_GATEWAY_PENDING_CHECK_FAILED] client-0 [TypeError: fetch failed] {
18:21:26.151 [META_GATEWAY_PENDING_CHECK_FAILED] client-0 [TypeError: fetch failed] {
18:21:26.152 [META_GATEWAY_PENDING_CHECK_FAILED] client-0 [TypeError: fetch failed] {
18:21:26.153 [META_GATEWAY_PENDING_CHECK_FAILED] client-0 [TypeError: fetch failed] {
18:21:26.154 [META_GATEWAY_PENDING_CHECK_FAILED] client-0 [TypeError: fetch failed] {
18:21:26.155 [META_GATEWAY_PENDING_CHECK_FAILED] client-0 [TypeError: fetch failed] {
18:21:26.156 [META_GATEWAY_PENDING_CHECK_FAILED] client-0 [TypeError: fetch failed] {
18:21:26.157 [META_GATEWAY_PENDING_CHECK_FAILED] client-0 [TypeError: fetch failed] {
18:21:26.158 [META_GATEWAY_PENDING_CHECK_FAILED] client-0 [TypeError: fetch failed] {
18:21:26.159 [META_GATEWAY_PENDING_CHECK_FAILED] client-0 [TypeError: fetch failed] {
18:21:26.160 [META_GATEWAY_PENDING_CHECK_FAILED] client-0 [TypeError: fetch failed] {
18:21:26.161 [META_GATEWAY_PENDING_CHECK_FAILED] client-0 [TypeError: fetch failed] {
18:21:26.162 [META_GATEWAY_FAILED] client-0 network_error [TypeError: fetch failed] {
18:21:26.162 [META_GATEWAY_FAILED] client-0 network_error [TypeError: fetch failed] {
18:21:26.163 [META_GATEWAY_FAILED] client-0 network_error [TypeError: fetch failed] {
18:21:26.163 [META_GATEWAY_FAILED] client-0 network_error [TypeError: fetch failed] {
18:21:26.164 [META_GATEWAY_FAILED] client-0 network_error [TypeError: fetch failed] {
18:21:26.164 [META_GATEWAY_FAILED] client-0 network_error [TypeError: fetch failed] {
18:21:26.165 [META_GATEWAY_FAILED] client-0 network_error [TypeError: fetch failed] {
18:21:26.165 [META_GATEWAY_FAILED] client-0 network_error [TypeError: fetch failed] {
18:21:26.167 [META_GATEWAY_RETRY] client-0 attempt=1 network_error [TypeError: fetch failed] {
18:21:26.167 [META_GATEWAY_CLEAR_PENDING_FAILED] client-0 [TypeError: fetch failed] {
18:21:26.168 [META_GATEWAY_RETRY] client-0 attempt=1 network_error [TypeError: fetch failed] {
18:21:26.168 [META_GATEWAY_RETRY] client-0 attempt=1 network_error [TypeError: fetch failed] {
18:21:26.168 [META_GATEWAY_RETRY] client-0 attempt=1 network_error [TypeError: fetch failed] {
18:21:26.169 [META_GATEWAY_RETRY] client-0 attempt=1 network_error [TypeError: fetch failed] {
18:21:26.169 [META_GATEWAY_RETRY] client-0 attempt=1 network_error [TypeError: fetch failed] {
18:21:26.170 [META_GATEWAY_RETRY] client-0 attempt=1 network_error [TypeError: fetch failed] {
18:21:26.170 [META_GATEWAY_RETRY] client-0 attempt=1 network_error [TypeError: fetch failed] {
18:21:26.170 [META_GATEWAY_CLEAR_PENDING_FAILED] client-0 [TypeError: fetch failed] {
18:21:26.171 [META_GATEWAY_RETRY] client-0 attempt=1 network_error [TypeError: fetch failed] {
18:21:26.171 [META_GATEWAY_CLEAR_PENDING_FAILED] client-0 [TypeError: fetch failed] {
18:21:26.172 [META_GATEWAY_CLEAR_PENDING_FAILED] client-0 [TypeError: fetch failed] {
18:21:26.172 [META_GATEWAY_RETRY] client-0 attempt=1 network_error [TypeError: fetch failed] {
18:21:26.172 [META_GATEWAY_CLEAR_PENDING_FAILED] client-0 [TypeError: fetch failed] {
18:21:26.173 [META_GATEWAY_RETRY] client-0 attempt=1 network_error [TypeError: fetch failed] {
18:21:26.173 [META_GATEWAY_RETRY] client-0 attempt=1 network_error [TypeError: fetch failed] {
18:21:26.173 [META_GATEWAY_CLEAR_PENDING_FAILED] client-0 [TypeError: fetch failed] {
18:21:26.174 [META_GATEWAY_RETRY] client-0 attempt=1 network_error [TypeError: fetch failed] {
18:21:26.174 [META_GATEWAY_CLEAR_PENDING_FAILED] client-0 [TypeError: fetch failed] {
18:21:26.176 [META_GATEWAY_FAILED] client-0 network_error [TypeError: fetch failed] {
18:21:26.191 [META_GATEWAY_INBOX_RETRY] t-ldmubkmx9f-61 attempt=1 [TypeError: fetch failed] {
18:21:26.192 [META_GATEWAY_INBOX_RETRY] t-ldmubkmx9f-4 attempt=1 [TypeError: fetch failed] {
18:21:26.192 [META_GATEWAY_INBOX_RETRY] t-ldmubkmx9f-63 attempt=1 [TypeError: fetch failed] {
18:21:26.192 [META_GATEWAY_INBOX_RETRY] t-ldmubkmx9f-78 attempt=1 [TypeError: fetch failed] {
18:21:26.193 [META_GATEWAY_INBOX_RETRY] t-ldmubkmx9f-66 attempt=1 [TypeError: fetch failed] {
18:21:26.193 [META_GATEWAY_INBOX_RETRY] t-ldmubkmx9f-60 attempt=1 [TypeError: fetch failed] {
18:21:26.193 [META_GATEWAY_INBOX_RETRY] t-ldmubkmx9f-64 attempt=1 [TypeError: fetch failed] {
18:21:26.193 [META_GATEWAY_INBOX_RETRY] t-ldmubkmx9f-62 attempt=1 [TypeError: fetch failed] {
18:21:26.193 [META_GATEWAY_INBOX_RETRY] t-ldmubkmx9f-65 attempt=1 [TypeError: fetch failed] {
18:21:26.274 [META_GATEWAY_PENDING_CHECK_FAILED] client-0 [TypeError: fetch failed] {
18:21:26.275 [META_GATEWAY_PENDING_CHECK_FAILED] client-0 [TypeError: fetch failed] {
18:21:26.276 [META_GATEWAY_PENDING_CHECK_FAILED] client-0 [TypeError: fetch failed] {
18:21:26.277 [META_GATEWAY_PENDING_CHECK_FAILED] client-0 [TypeError: fetch failed] {
18:21:26.278 [META_GATEWAY_PENDING_CHECK_FAILED] client-0 [TypeError: fetch failed] {
18:21:26.279 [META_GATEWAY_PENDING_CHECK_FAILED] client-0 [TypeError: fetch failed] {
18:21:26.281 [META_GATEWAY_PENDING_CHECK_FAILED] client-0 [TypeError: fetch failed] {
18:21:26.282 [META_GATEWAY_PENDING_CHECK_FAILED] client-0 [TypeError: fetch failed] {
18:21:26.283 [META_GATEWAY_PENDING_CHECK_FAILED] client-0 [TypeError: fetch failed] {
18:21:26.284 [META_GATEWAY_PENDING_CHECK_FAILED] client-0 [TypeError: fetch failed] {
18:21:26.285 [META_GATEWAY_PENDING_CHECK_FAILED] client-0 [TypeError: fetch failed] {
18:21:26.286 [META_GATEWAY_PENDING_CHECK_FAILED] client-0 [TypeError: fetch failed] {
18:21:26.288 [META_GATEWAY_PENDING_CHECK_FAILED] client-0 [TypeError: fetch failed] {
18:21:26.289 [META_GATEWAY_PENDING_CHECK_FAILED] client-0 [TypeError: fetch failed] {
18:21:26.290 [META_GATEWAY_PENDING_CHECK_FAILED] client-0 [TypeError: fetch failed] {
18:21:26.291 [META_GATEWAY_PENDING_CHECK_FAILED] client-0 [TypeError: fetch failed] {
18:21:26.292 [META_GATEWAY_PENDING_CHECK_FAILED] client-0 [TypeError: fetch failed] {
18:21:26.293 [META_GATEWAY_PENDING_CHECK_FAILED] client-0 [TypeError: fetch failed] {
18:21:26.295 [META_GATEWAY_RETRY] client-0 attempt=1 network_error [TypeError: fetch failed] {
18:21:26.296 [META_GATEWAY_CLEAR_PENDING_FAILED] client-0 [TypeError: fetch failed] {
18:21:26.297 [META_GATEWAY_RETRY] client-0 attempt=1 network_error [TypeError: fetch failed] {
18:21:26.297 [META_GATEWAY_RETRY] client-0 attempt=1 network_error [TypeError: fetch failed] {
18:21:26.297 [META_GATEWAY_RETRY] client-0 attempt=1 network_error [TypeError: fetch failed] {
18:21:26.298 [META_GATEWAY_RETRY] client-0 attempt=1 network_error [TypeError: fetch failed] {
18:21:26.298 [META_GATEWAY_RETRY] client-0 attempt=1 network_error [TypeError: fetch failed] {
18:21:26.299 [META_GATEWAY_RETRY] client-0 attempt=1 network_error [TypeError: fetch failed] {
18:21:26.299 [META_GATEWAY_CLEAR_PENDING_FAILED] client-0 [TypeError: fetch failed] {
18:21:26.300 [META_GATEWAY_RETRY] client-0 attempt=1 network_error [TypeError: fetch failed] {
18:21:26.300 [META_GATEWAY_RETRY] client-0 attempt=1 network_error [TypeError: fetch failed] {
18:21:26.301 [META_GATEWAY_RETRY] client-0 attempt=1 network_error [TypeError: fetch failed] {
18:21:26.301 [META_GATEWAY_RETRY] client-0 attempt=1 network_error [TypeError: fetch failed] {
18:21:26.301 [META_GATEWAY_CLEAR_PENDING_FAILED] client-0 [TypeError: fetch failed] {
18:21:26.302 [META_GATEWAY_RETRY] client-0 attempt=1 network_error [TypeError: fetch failed] {
18:21:26.302 [META_GATEWAY_RETRY] client-0 attempt=1 network_error [TypeError: fetch failed] {
18:21:26.303 [META_GATEWAY_CLEAR_PENDING_FAILED] client-0 [TypeError: fetch failed] {
18:21:26.303 [META_GATEWAY_CLEAR_PENDING_FAILED] client-0 [TypeError: fetch failed] {
18:21:26.314 [META_GATEWAY_INBOX_RETRY] t-ldmubkmx9f-79 attempt=1 [TypeError: fetch failed] {
18:21:26.314 [META_GATEWAY_INBOX_RETRY] t-ldmubkmx9f-89 attempt=1 [TypeError: fetch failed] {
18:21:26.315 [META_GATEWAY_INBOX_RETRY] t-ldmubkmx9f-88 attempt=1 [TypeError: fetch failed] {
18:21:26.315 [META_GATEWAY_INBOX_RETRY] t-ldmubkmx9f-77 attempt=1 [TypeError: fetch failed] {
18:21:26.330 [META_GATEWAY_INBOX_RETRY] t-ldmubkmx9f-87 attempt=1 [TypeError: fetch failed] {
18:21:26.331 [META_GATEWAY_INBOX_RETRY] t-ldmubkmx9f-97 attempt=1 [TypeError: fetch failed] {
18:21:26.331 [META_GATEWAY_INBOX_RETRY] t-ldmubkmx9f-70 attempt=1 [TypeError: fetch failed] {
18:21:26.331 [META_GATEWAY_INBOX_RETRY] t-ldmubkmx9f-98 attempt=1 [TypeError: fetch failed] {
18:21:26.331 [META_GATEWAY_INBOX_RETRY] t-ldmubkmx9f-7 attempt=1 [TypeError: fetch failed] {
18:21:26.350 [META_GATEWAY_PENDING_CHECK_FAILED] client-0 [TypeError: fetch failed] {
18:21:26.352 [META_GATEWAY_PENDING_CHECK_FAILED] client-0 [TypeError: fetch failed] {
18:21:26.353 [META_GATEWAY_PENDING_CHECK_FAILED] client-0 [TypeError: fetch failed] {
18:21:26.354 [META_GATEWAY_PENDING_CHECK_FAILED] client-0 [TypeError: fetch failed] {
18:21:26.355 [META_GATEWAY_PENDING_CHECK_FAILED] client-0 [TypeError: fetch failed] {
18:21:26.356 [META_GATEWAY_PENDING_CHECK_FAILED] client-0 [TypeError: fetch failed] {
18:21:26.356 [META_GATEWAY_PENDING_CHECK_FAILED] client-0 [TypeError: fetch failed] {
18:21:26.357 [META_GATEWAY_PENDING_CHECK_FAILED] client-0 [TypeError: fetch failed] {
18:21:26.358 [META_GATEWAY_PENDING_CHECK_FAILED] client-0 [TypeError: fetch failed] {
18:21:26.360 [META_GATEWAY_RETRY] client-0 attempt=1 network_error [TypeError: fetch failed] {
18:21:26.360 [META_GATEWAY_RETRY] client-0 attempt=1 network_error [TypeError: fetch failed] {
18:21:26.361 [META_GATEWAY_RETRY] client-0 attempt=1 network_error [TypeError: fetch failed] {
18:21:26.361 [META_GATEWAY_RETRY] client-0 attempt=1 network_error [TypeError: fetch failed] {
18:21:26.362 [META_GATEWAY_CLEAR_PENDING_FAILED] client-0 [TypeError: fetch failed] {
18:21:26.362 [META_GATEWAY_RETRY] client-0 attempt=1 network_error [TypeError: fetch failed] {
18:21:26.363 [META_GATEWAY_CLEAR_PENDING_FAILED] client-0 [TypeError: fetch failed] {
18:21:26.363 [META_GATEWAY_CLEAR_PENDING_FAILED] client-0 [TypeError: fetch failed] {