18:14:58.087 [client] EXIT code=null signal=SIGKILL
18:14:58.235 [META_GATEWAY_PENDING_CHECK_FAILED] client-0 [TypeError: fetch failed] {
18:14:58.235 [META_GATEWAY_PENDING_CHECK_FAILED] client-0 [TypeError: fetch failed] {
18:14:58.237 [META_GATEWAY_PENDING_CHECK_FAILED] client-0 [TypeError: fetch failed] {
18:14:58.239 [META_GATEWAY_PENDING_CHECK_FAILED] client-0 [TypeError: fetch failed] {
18:14:58.240 [META_GATEWAY_PENDING_CHECK_FAILED] client-0 [TypeError: fetch failed] {
18:14:58.241 [META_GATEWAY_PENDING_CHECK_FAILED] client-0 [TypeError: fetch failed] {
18:14:58.242 [META_GATEWAY_PENDING_CHECK_FAILED] client-0 [TypeError: fetch failed] {
18:14:58.243 [META_GATEWAY_PENDING_CHECK_FAILED] client-0 [TypeError: fetch failed] {
18:14:58.245 [META_GATEWAY_PENDING_CHECK_FAILED] client-0 [TypeError: fetch failed] {
18:14:58.246 [META_GATEWAY_PENDING_CHECK_FAILED] client-0 [TypeError: fetch failed] {
18:14:58.247 [META_GATEWAY_PENDING_CHECK_FAILED] client-0 [TypeError: fetch failed] {
18:14:58.248 [META_GATEWAY_PENDING_CHECK_FAILED] client-0 [TypeError: fetch failed] {
18:14:58.249 [META_GATEWAY_PENDING_CHECK_FAILED] client-0 [TypeError: fetch failed] {
18:14:58.250 [META_GATEWAY_PENDING_CHECK_FAILED] client-0 [TypeError: fetch failed] {
18:14:58.251 [META_GATEWAY_PENDING_CHECK_FAILED] client-0 [TypeError: fetch failed] {
18:14:58.252 [META_GATEWAY_PENDING_CHECK_FAILED] client-0 [TypeError: fetch failed] {
18:14:58.254 [META_GATEWAY_PENDING_CHECK_FAILED] client-0 [TypeError: fetch failed] {
18:14:58.255 [META_GATEWAY_PENDING_CHECK_FAILED] client-0 [TypeError: fetch failed] {
18:14:58.256 [META_GATEWAY_PENDING_CHECK_FAILED] client-0 [TypeError: fetch failed] {
18:14:58.257 [META_GATEWAY_PENDING_CHECK_FAILED] client-0 [TypeError: fetch failed] {
18:14:58.258 [META_GATEWAY_PENDING_CHECK_FAILED] client-0 [TypeError: fetch failed] {
18:14:58.259 [META_GATEWAY_PENDING_CHECK_FAILED] client-0 [TypeError: fetch failed] {
18:14:58.260 [META_GATEWAY_PENDING_CHECK_FAILED] client-0 [TypeError: fetch failed] {
18:14:58.261 [META_GATEWAY_PENDING_CHECK_FAILED] client-0 [TypeError: fetch failed] {
18:14:58.262 [META_GATEWAY_PENDING_CHECK_FAILED] client-0 [TypeError: fetch failed] {
18:14:58.263 [META_GATEWAY_PENDING_CHECK_FAILED] client-0 [TypeError: fetch failed] {
18:14:58.264 [META_GATEWAY_PENDING_CHECK_FAILED] client-0 [TypeError: fetch failed] {
18:14:58.265 [META_GATEWAY_PENDING_CHECK_FAILED] client-0 [TypeError: fetch failed] {
18:14:58.266 [META_GATEWAY_PENDING_CHECK_FAILED] client-0 [TypeError: fetch failed] {
18:14:58.274 [META_GATEWAY_PENDING_CHECK_FAILED] client-0 [TypeError: fetch failed] {
18:14:58.276 [META_GATEWAY_PENDING_CHECK_FAILED] client-0 [TypeError: fetch failed] {
18:14:58.279 [META_GATEWAY_PENDING_CHECK_FAILED] client-0 [TypeError: fetch failed] {
18:14:58.281 [META_GATEWAY_PENDING_CHECK_FAILED] client-0 [TypeError: fetch failed] {
18:14:58.284 [META_GATEWAY_PENDING_CHECK_FAILED] client-0 [TypeError: fetch failed] {
18:14:58.286 [META_GATEWAY_PENDING_CHECK_FAILED] client-0 [TypeError: fetch failed] {
18:14:58.289 [META_GATEWAY_PENDING_CHECK_FAILED] client-0 [TypeError: fetch failed] {
18:14:58.292 [META_GATEWAY_PENDING_CHECK_FAILED] client-0 [TypeError: fetch failed] {
18:14:58.295 [META_GATEWAY_PENDING_CHECK_FAILED] client-0 [TypeError: fetch failed] {
18:14:58.296 [META_GATEWAY_PENDING_CHECK_FAILED] client-0 [TypeError: fetch failed] {
18:14:58.297 [META_GATEWAY_PENDING_CHECK_FAILED] client-0 [TypeError: fetch failed] {
18:14:58.300 [META_GATEWAY_RETRY] client-0 attempt=1 network_error [TypeError: fetch failed] {
18:14:58.300 [META_GATEWAY_CLEAR_PENDING_FAILED] client-0 [TypeError: fetch failed] {
18:14:58.302 [META_GATEWAY_RETRY] client-0 attempt=1 network_error [TypeError: fetch failed] {
18:14:58.302 [META_GATEWAY_RETRY] client-0 attempt=1 network_error [TypeError: fetch failed] {
18:14:58.303 [META_GATEWAY_CLEAR_PENDING_FAILED] client-0 [TypeError: fetch failed] {
18:14:58.303 [META_GATEWAY_RETRY] client-0 attempt=1 network_error [TypeError: fetch failed] {
18:14:58.304 [META_GATEWAY_RETRY] client-0 attempt=1 network_error [TypeError: fetch failed] {
18:14:58.304 [META_GATEWAY_CLEAR_PENDING_FAILED] client-0 [TypeError: fetch failed] {
18:14:58.305 [META_GATEWAY_RETRY] client-0 attempt=1 network_error [TypeError: fetch failed] {
18:14:58.305 [META_GATEWAY_RETRY] client-0 attempt=1 network_error [TypeError: fetch failed] {
18:14:58.305 [META_GATEWAY_CLEAR_PENDING_FAILED] client-0 [TypeError: fetch failed] {
18:14:58.306 [META_GATEWAY_RETRY] client-0 attempt=1 network_error [TypeError: fetch failed] {
18:14:58.306 [META_GATEWAY_RETRY] client-0 attempt=1 network_error [TypeError: fetch failed] {
18:14:58.307 [META_GATEWAY_RETRY] client-0 attempt=1 network_error [TypeError: fetch failed] {
18:14:58.307 [META_GATEWAY_RETRY] client-0 attempt=1 network_error [TypeError: fetch failed] {
18:14:58.308 [META_GATEWAY_RETRY] client-0 attempt=1 network_error [TypeError: fetch failed] {
18:14:58.308 [META_GATEWAY_RETRY] client-0 attempt=1 network_error [TypeError: fetch failed] {
18:14:58.309 [META_GATEWAY_CLEAR_PENDING_FAILED] client-0 [TypeError: fetch failed] {
18:14:58.310 [META_GATEWAY_RETRY] client-0 attempt=1 network_error [TypeError: fetch failed] {
18:14:58.310 [META_GATEWAY_RETRY] client-0 attempt=1 network_error [TypeError: fetch failed] {
18:14:58.311 [META_GATEWAY_RETRY] client-0 attempt=1 network_error [TypeError: fetch failed] {
18:14:58.311 [META_GATEWAY_RETRY] client-0 attempt=1 network_error [TypeError: fetch failed] {
18:14:58.311 [META_GATEWAY_RETRY] client-0 attempt=1 network_error [TypeError: fetch failed] {
18:14:58.312 [META_GATEWAY_CLEAR_PENDING_FAILED] client-0 [TypeError: fetch failed] {
18:14:58.313 [META_GATEWAY_RETRY] client-0 attempt=1 network_error [TypeError: fetch failed] {
18:14:58.313 [META_GATEWAY_RETRY] client-0 attempt=1 network_error [TypeError: fetch failed] {
18:14:58.314 [META_GATEWAY_RETRY] client-0 attempt=1 network_error [TypeError: fetch failed] {
18:14:58.314 [META_GATEWAY_RETRY] client-0 attempt=1 network_error [TypeError: fetch failed] {
18:14:58.315 [META_GATEWAY_RETRY] client-0 attempt=1 network_error [TypeError: fetch failed] {
18:14:58.315 [META_GATEWAY_RETRY] client-0 attempt=1 network_error [TypeError: fetch failed] {
18:14:58.315 [META_GATEWAY_RETRY] client-0 attempt=1 network_error [TypeError: fetch failed] {
18:14:58.316 [META_GATEWAY_CLEAR_PENDING_FAILED] client-0 [TypeError: fetch failed] {
18:14:58.316 [META_GATEWAY_RETRY] client-0 attempt=1 network_error [TypeError: fetch failed] {
18:14:58.317 [META_GATEWAY_RETRY] client-0 attempt=1 network_error [TypeError: fetch failed] {
18:14:58.317 [META_GATEWAY_CLEAR_PENDING_FAILED] client-0 [TypeError: fetch failed] {
18:14:58.318 [META_GATEWAY_RETRY] client-0 attempt=1 network_error [TypeError: fetch failed] {
18:14:58.318 [META_GATEWAY_RETRY] client-0 attempt=1 network_error [TypeError: fetch failed] {
18:14:58.320 [META_GATEWAY_RETRY] client-0 attempt=1 network_error [TypeError: fetch failed] {
18:14:58.320 [META_GATEWAY_CLEAR_PENDING_FAILED] client-0 [TypeError: fetch failed] {
18:14:58.321 [META_GATEWAY_RETRY] client-0 attempt=1 network_error [TypeError: fetch failed] {
18:14:58.382 [META_GATEWAY_INBOX_RETRY] t-ldmubkeouw-29 attempt=1 [TypeError: fetch failed] {
18:14:58.382 [META_GATEWAY_INBOX_RETRY] t-ldmubkeouw-28 attempt=1 [TypeError: fetch failed] {
18:14:58.382 [META_GATEWAY_INBOX_RETRY] t-ldmubkeouw-27 attempt=1 [TypeError: fetch failed] {
18:14:58.383 [META_GATEWAY_INBOX_RETRY] t-ldmubkeouw-38 attempt=1 [TypeError: fetch failed] {
18:14:58.383 [META_GATEWAY_INBOX_RETRY] t-ldmubkeouw-18 attempt=1 [TypeError: fetch failed] {
18:14:58.383 [META_GATEWAY_INBOX_RETRY] t-ldmubkeouw-17 attempt=1 [TypeError: fetch failed] {
18:14:58.383 [META_GATEWAY_INBOX_RETRY] t-ldmubkeouw-39 attempt=1 [TypeError: fetch failed] {
18:14:58.383 [META_GATEWAY_INBOX_RETRY] t-ldmubkeouw-19 attempt=1 [TypeError: fetch failed] {
18:14:58.384 [META_GATEWAY_PENDING_CHECK_FAILED] client-0 [TypeError: fetch failed] {
18:14:58.385 [META_GATEWAY_PENDING_CHECK_FAILED] client-0 [TypeError: fetch failed] {
18:14:58.386 [META_GATEWAY_PENDING_CHECK_FAILED] client-0 [TypeError: fetch failed] {
18:14:58.387 [META_GATEWAY_PENDING_CHECK_FAILED] client-0 [TypeError: fetch failed] {
18:14:58.388 [META_GATEWAY_PENDING_CHECK_FAILED] client-0 [TypeError: fetch failed] {
18:14:58.399 [META_GATEWAY_PENDING_CHECK_FAILED] client-0 [TypeError: fetch failed] {
18:14:58.401 [META_GATEWAY_PENDING_CHECK_FAILED] client-0 [TypeError: fetch failed] {
18:14:58.403 [META_GATEWAY_PENDING_CHECK_FAILED] client-0 [TypeError: fetch failed] {
18:14:58.404 [META_GATEWAY_PENDING_CHECK_FAILED] client-0 [TypeError: fetch failed] {
18:14:58.405 [META_GATEWAY_PENDING_CHECK_FAILED] client-0 [TypeError: fetch failed] {
18:14:58.406 [META_GATEWAY_INBOX_RETRY] t-ldmubkeouw-37 attempt=1 [TypeError: fetch failed] {
18:14:58.407 [META_GATEWAY_CLEAR_PENDING_FAILED] client-0 [TypeError: fetch failed] {
18:14:58.408 [META_GATEWAY_RETRY] client-0 attempt=1 network_error [TypeError: fetch failed] {
18:14:58.408 [META_GATEWAY_RETRY] client-0 attempt=1 network_error [TypeError: fetch failed] {
18:14:58.408 [META_GATEWAY_CLEAR_PENDING_FAILED] client-0 [TypeError: fetch failed] {
18:14:58.409 [META_GATEWAY_RETRY] client-0 attempt=1 network_error [TypeError: fetch failed] {
18:14:58.409 [META_GATEWAY_RETRY] client-0 attempt=1 network_error [TypeError: fetch failed] {
18:14:58.410 [META_GATEWAY_RETRY] client-0 attempt=1 network_error [TypeError: fetch failed] {
18:14:58.410 [META_GATEWAY_CLEAR_PENDING_FAILED] client-0 [TypeError: fetch failed] {
18:14:58.411 [META_GATEWAY_RETRY] client-0 attempt=1 network_error [TypeError: fetch failed] {
18:14:58.411 [META_GATEWAY_RETRY] client-0 attempt=1 network_error [TypeError: fetch failed] {
18:14:58.417 [META_GATEWAY_INBOX_RETRY] t-ldmubkeouw-47 attempt=1 [TypeError: fetch failed] {
18:14:58.417 [META_GATEWAY_INBOX_RETRY] t-ldmubkeouw-49 attempt=1 [TypeError: fetch failed] {
18:14:58.417 [META_GATEWAY_INBOX_RETRY] t-ldmubkeouw-48 attempt=1 [TypeError: fetch failed] {
18:14:58.802 [META_GATEWAY_RETRY] client-0 attempt=2 network_error [TypeError: fetch failed] {
18:14:58.804 [META_GATEWAY_RETRY] client-0 attempt=2 network_error [TypeError: fetch failed] {
18:14:58.804 [META_GATEWAY_RETRY] client-0 attempt=2 network_error [TypeError: fetch failed] {
18:14:58.807 [META_GATEWAY_RETRY] client-0 attempt=2 network_error [TypeError: fetch failed] {
18:14:58.808 [META_GATEWAY_RETRY] client-0 attempt=2 network_error [TypeError: fetch failed] {
18:14:58.808 [META_GATEWAY_RETRY] client-0 attempt=2 network_error [TypeError: fetch failed] {
18:14:58.809 [META_GATEWAY_RETRY] client-0 attempt=2 network_error [TypeError: fetch failed] {
18:14:58.812 [META_GATEWAY_RETRY] client-0 attempt=2 network_error [TypeError: fetch failed] {
18:14:58.813 [META_GATEWAY_RETRY] client-0 attempt=2 network_error [TypeError: fetch failed] {
18:14:58.813 [META_GATEWAY_RETRY] client-0 attempt=2 network_error [TypeError: fetch failed] {
18:14:58.813 [META_GATEWAY_RETRY] client-0 attempt=2 network_error [TypeError: fetch failed] {
18:14:58.814 [META_GATEWAY_RETRY] client-0 attempt=2 network_error [TypeError: fetch failed] {
18:14:58.814 [META_GATEWAY_RETRY] client-0 attempt=2 network_error [TypeError: fetch failed] {
18:14:58.820 [META_GATEWAY_RETRY] client-0 attempt=2 network_error [TypeError: fetch failed] {
18:14:58.820 [META_GATEWAY_RETRY] client-0 attempt=2 network_error [TypeError: fetch failed] {
18:14:58.821 [META_GATEWAY_RETRY] client-0 attempt=2 network_error [TypeError: fetch failed] {
18:14:58.821 [META_GATEWAY_RETRY] client-0 attempt=2 network_error [TypeError: fetch failed] {
18:14:58.821 [META_GATEWAY_RETRY] client-0 attempt=2 network_error [TypeError: fetch failed] {
18:14:58.822 [META_GATEWAY_RETRY] client-0 attempt=2 network_error [TypeError: fetch failed] {
18:14:58.822 [META_GATEWAY_RETRY] client-0 attempt=2 network_error [TypeError: fetch failed] {
18:14:58.822 [META_GATEWAY_RETRY] client-0 attempt=2 network_error [TypeError: fetch failed] {
18:14:58.823 [META_GATEWAY_RETRY] client-0 attempt=2 network_error [TypeError: fetch failed] {
18:14:58.823 [META_GATEWAY_RETRY] client-0 attempt=2 network_error [TypeError: fetch failed] {
18:14:58.828 [META_GATEWAY_RETRY] client-0 attempt=2 network_error [TypeError: fetch failed] {
18:14:58.828 [META_GATEWAY_RETRY] client-0 attempt=2 network_error [TypeError: fetch failed] {
18:14:58.829 [META_GATEWAY_RETRY] client-0 attempt=2 network_error [TypeError: fetch failed] {
18:14:58.829 [META_GATEWAY_RETRY] client-0 attempt=2 network_error [TypeError: fetch failed] {
18:14:58.829 [META_GATEWAY_RETRY] client-0 attempt=2 network_error [TypeError: fetch failed] {
18:14:58.830 [META_GATEWAY_RETRY] client-0 attempt=2 network_error [TypeError: fetch failed] {
18:14:58.830 [META_GATEWAY_RETRY] client-0 attempt=2 network_error [TypeError: fetch failed] {
18:14:58.830 [META_GATEWAY_RETRY] client-0 attempt=2 network_error [TypeError: fetch failed] {
18:14:58.947 [META_GATEWAY_RETRY] client-0 attempt=2 network_error [TypeError: fetch failed] {
18:14:58.947 [META_GATEWAY_RETRY] client-0 attempt=2 network_error [TypeError: fetch failed] {
18:14:58.947 [META_GATEWAY_RETRY] client-0 attempt=2 network_error [TypeError: fetch failed] {
18:14:58.947 [META_GATEWAY_RETRY] client-0 attempt=2 network_error [TypeError: fetch failed] {
18:14:58.979 [META_GATEWAY_RETRY] client-0 attempt=2 network_error [TypeError: fetch failed] {
18:14:58.980 [META_GATEWAY_RETRY] client-0 attempt=2 network_error [TypeError: fetch failed] {
18:14:58.980 [META_GATEWAY_RETRY] client-0 attempt=2 network_error [TypeError: fetch failed] {
18:14:58.983 [META_GATEWAY_PENDING_CHECK_FAILED] client-0 [TypeError: fetch failed] {
18:14:58.984 [META_GATEWAY_PENDING_CHECK_FAILED] client-0 [TypeError: fetch failed] {
18:14:58.985 [META_GATEWAY_PENDING_CHECK_FAILED] client-0 [TypeError: fetch failed] {
18:14:58.986 [META_GATEWAY_PENDING_CHECK_FAILED] client-0 [TypeError: fetch failed] {
18:14:58.987 [META_GATEWAY_PENDING_CHECK_FAILED] client-0 [TypeError: fetch failed] {
18:14:58.988 [META_GATEWAY_PENDING_CHECK_FAILED] client-0 [TypeError: fetch failed] {
18:14:58.989 [META_GATEWAY_PENDING_CHECK_FAILED] client-0 [TypeError: fetch failed] {
18:14:58.990 [META_GATEWAY_PENDING_CHECK_FAILED] client-0 [TypeError: fetch failed] {
18:14:58.991 [META_GATEWAY_PENDING_CHECK_FAILED] client-0 [TypeError: fetch failed] {
18:14:58.992 [META_GATEWAY_PENDING_CHECK_FAILED] client-0 [TypeError: fetch failed] {
18:14:58.993 [META_GATEWAY_PENDING_CHECK_FAILED] client-0 [TypeError: fetch failed] {
18:14:58.994 [META_GATEWAY_PENDING_CHECK_FAILED] client-0 [TypeError: fetch failed] {
18:14:58.995 [META_GATEWAY_CLEAR_PENDING_FAILED] client-0 [TypeError: fetch failed] {
18:14:58.996 [META_GATEWAY_RETRY] client-0 attempt=1 network_error [TypeError: fetch failed] {
18:14:58.996 [META_GATEWAY_CLEAR_PENDING_FAILED] client-0 [TypeError: fetch failed] {
18:14:58.996 [META_GATEWAY_RETRY] client-0 attempt=1 network_error [TypeError: fetch failed] {
18:14:58.997 [META_GATEWAY_CLEAR_PENDING_FAILED] client-0 [TypeError: fetch failed] {
18:14:58.997 [META_GATEWAY_RETRY] client-0 attempt=1 network_error [TypeError: fetch failed] {
18:14:58.998 [META_GATEWAY_RETRY] client-0 attempt=1 network_error [TypeError: fetch failed] {
18:14:58.998 [META_GATEWAY_RETRY] client-0 attempt=1 network_error [TypeError: fetch failed] {
18:14:58.998 [META_GATEWAY_RETRY] client-0 attempt=1 network_error [TypeError: fetch failed] {
18:14:58.999 [META_GATEWAY_RETRY] client-0 attempt=1 network_error [TypeError: fetch failed] {
18:14:58.999 [META_GATEWAY_RETRY] client-0 attempt=1 network_error [TypeError: fetch failed] {
18:14:58.999 [META_GATEWAY_RETRY] client-0 attempt=1 network_error [TypeError: fetch failed] {
18:14:59.005 [META_GATEWAY_INBOX_RETRY] t-ldmubkeouw-58 attempt=1 [TypeError: fetch failed] {
18:14:59.005 [META_GATEWAY_INBOX_RETRY] t-ldmubkeouw-59 attempt=1 [TypeError: fetch failed] {
18:14:59.005 [META_GATEWAY_INBOX_RETRY] t-ldmubkeouw-57 attempt=1 [TypeError: fetch failed] {
18:14:59.419 [META_GATEWAY_PENDING_CHECK_FAILED] client-0 [TypeError: fetch failed] {
18:14:59.420 [META_GATEWAY_PENDING_CHECK_FAILED] client-0 [TypeError: fetch failed] {
18:14:59.421 [META_GATEWAY_PENDING_CHECK_FAILED] client-0 [TypeError: fetch failed] {
18:14:59.422 [META_GATEWAY_CLEAR_PENDING_FAILED] client-0 [TypeError: fetch failed] {
18:14:59.423 [META_GATEWAY_RETRY] client-0 attempt=1 network_error [TypeError: fetch failed] {
18:14:59.423 [META_GATEWAY_RETRY] client-0 attempt=1 network_error [TypeError: fetch failed] {
18:14:59.428 [META_GATEWAY_INBOX_RETRY] t-ldmubkeouw-67 attempt=1 [TypeError: fetch failed] {
18:14:59.510 [META_GATEWAY_RETRY] client-0 attempt=2 network_error [TypeError: fetch failed] {
18:14:59.510 [META_GATEWAY_RETRY] client-0 attempt=2 network_error [TypeError: fetch failed] {
18:14:59.510 [META_GATEWAY_RETRY] client-0 attempt=2 network_error [TypeError: fetch failed] {
18:14:59.510 [META_GATEWAY_RETRY] client-0 attempt=2 network_error [TypeError: fetch failed] {
18:14:59.511 [META_GATEWAY_RETRY] client-0 attempt=2 network_error [TypeError: fetch failed] {
18:14:59.511 [META_GATEWAY_RETRY] client-0 attempt=2 network_error [TypeError: fetch failed] {
18:14:59.512 [META_GATEWAY_RETRY] client-0 attempt=2 network_error [TypeError: fetch failed] {
18:14:59.512 [META_GATEWAY_RETRY] client-0 attempt=2 network_error [TypeError: fetch failed] {
18:14:59.513 [META_GATEWAY_RETRY] client-0 attempt=2 network_error [TypeError: fetch failed] {
18:14:59.928 [META_GATEWAY_RETRY] client-0 attempt=2 network_error [TypeError: fetch failed] {
18:14:59.929 [META_GATEWAY_RETRY] client-0 attempt=2 network_error [TypeError: fetch failed] {
18:14:59.929 [META_GATEWAY_PENDING_CHECK_FAILED] client-0 [TypeError: fetch failed] {
18:14:59.930 [META_GATEWAY_CLEAR_PENDING_FAILED] client-0 [TypeError: fetch failed] {
18:14:59.935 [META_GATEWAY_INBOX_RETRY] t-ldmubkeouw-68 attempt=1 [TypeError: fetch failed] {
18:15:00.306 [META_GATEWAY_FAILED] client-0 network_error [TypeError: fetch failed] {
18:15:00.308 [META_GATEWAY_FAILED] client-0 network_error [TypeError: fetch failed] {
18:15:00.309 [META_GATEWAY_FAILED] client-0 network_error [TypeError: fetch failed] {
18:15:00.312 [META_GATEWAY_FAILED] client-0 network_error [TypeError: fetch failed] {
18:15:00.313 [META_GATEWAY_FAILED] client-0 network_error [TypeError: fetch failed] {
18:15:00.313 [META_GATEWAY_FAILED] client-0 network_error [TypeError: fetch failed] {
18:15:00.314 [META_GATEWAY_FAILED] client-0 network_error [TypeError: fetch failed] {
18:15:00.320 [META_GATEWAY_FAILED] client-0 network_error [TypeError: fetch failed] {
18:15:00.320 [META_GATEWAY_FAILED] client-0 network_error [TypeError: fetch failed] {
18:15:00.321 [META_GATEWAY_FAILED] client-0 network_error [TypeError: fetch failed] {
18:15:00.321 [META_GATEWAY_FAILED] client-0 network_error [TypeError: fetch failed] {
18:15:00.322 [META_GATEWAY_FAILED] client-0 network_error [TypeError: fetch failed] {
18:15:00.322 [META_GATEWAY_FAILED] client-0 network_error [TypeError: fetch failed] {
18:15:00.329 [META_GATEWAY_FAILED] client-0 network_error [TypeError: fetch failed] {
18:15:00.330 [META_GATEWAY_FAILED] client-0 network_error [TypeError: fetch failed] {
18:15:00.330 [META_GATEWAY_FAILED] client-0 network_error [TypeError: fetch failed] {
18:15:00.330 [META_GATEWAY_FAILED] client-0 network_error [TypeError: fetch failed] {
18:15:00.331 [META_GATEWAY_FAILED] client-0 network_error [TypeError: fetch failed] {
18:15:00.331 [META_GATEWAY_FAILED] client-0 network_error [TypeError: fetch failed] {
18:15:00.331 [META_GATEWAY_FAILED] client-0 network_error [TypeError: fetch failed] {
18:15:00.332 [META_GATEWAY_FAILED] client-0 network_error [TypeError: fetch failed] {
18:15:00.340 [META_GATEWAY_FAILED] client-0 network_error [TypeError: fetch failed] {
18:15:00.340 [META_GATEWAY_FAILED] client-0 network_error [TypeError: fetch failed] {
18:15:00.341 [META_GATEWAY_FAILED] client-0 network_error [TypeError: fetch failed] {
18:15:00.341 [META_GATEWAY_FAILED] client-0 network_error [TypeError: fetch failed] {
18:15:00.342 [META_GATEWAY_FAILED] client-0 network_error [TypeError: fetch failed] {
18:15:00.342 [META_GATEWAY_FAILED] client-0 network_error [TypeError: fetch failed] {
18:15:00.342 [META_GATEWAY_FAILED] client-0 network_error [TypeError: fetch failed] {
18:15:00.343 [META_GATEWAY_FAILED] client-0 network_error [TypeError: fetch failed] {
18:15:00.343 [META_GATEWAY_FAILED] client-0 network_error [TypeError: fetch failed] {
18:15:00.344 [META_GATEWAY_FAILED] client-0 network_error [TypeError: fetch failed] {
18:15:00.346 [META_GATEWAY_INBOX_RETRY] t-ldmubkeouw-30 attempt=1 [TypeError: fetch failed] {
18:15:00.346 [META_GATEWAY_INBOX_RETRY] t-ldmubkeouw-35 attempt=1 [TypeError: fetch failed] {
18:15:00.346 [META_GATEWAY_INBOX_RETRY] t-ldmubkeouw-32 attempt=1 [TypeError: fetch failed] {
18:15:00.348 [META_GATEWAY_INBOX_RETRY] t-ldmubkeouw-24 attempt=1 [TypeError: fetch failed] {
18:15:00.348 [META_GATEWAY_INBOX_RETRY] t-ldmubkeouw-34 attempt=1 [TypeError: fetch failed] {
18:15:00.349 [META_GATEWAY_INBOX_RETRY] t-ldmubkeouw-31 attempt=1 [TypeError: fetch failed] {
18:15:00.351 [META_GATEWAY_INBOX_RETRY] t-ldmubkeouw-20 attempt=1 [TypeError: fetch failed] {
18:15:00.352 [META_GATEWAY_INBOX_RETRY] t-ldmubkeouw-15 attempt=1 [TypeError: fetch failed] {
18:15:00.354 [META_GATEWAY_INBOX_RETRY] t-ldmubkeouw-11 attempt=1 [TypeError: fetch failed] {
18:15:00.354 [META_GATEWAY_INBOX_RETRY] t-ldmubkeouw-2 attempt=1 [TypeError: fetch failed] {
18:15:00.357 [META_GATEWAY_INBOX_RETRY] t-ldmubkeouw-26 attempt=1 [TypeError: fetch failed] {
18:15:00.357 [META_GATEWAY_INBOX_RETRY] t-ldmubkeouw-21 attempt=1 [TypeError: fetch failed] {
18:15:00.358 [META_GATEWAY_INBOX_RETRY] t-ldmubkeouw-23 attempt=1 [TypeError: fetch failed] {
18:15:00.360 [META_GATEWAY_INBOX_RETRY] t-ldmubkeouw-14 attempt=1 [TypeError: fetch failed] {
18:15:00.361 [META_GATEWAY_INBOX_RETRY] t-ldmubkeouw-12 attempt=1 [TypeError: fetch failed] {
18:15:00.362 [META_GATEWAY_INBOX_RETRY] t-ldmubkeouw-25 attempt=1 [TypeError: fetch failed] {
18:15:00.362 [META_GATEWAY_INBOX_RETRY] t-ldmubkeouw-0 attempt=1 [TypeError: fetch failed] {
18:15:00.363 [META_GATEWAY_INBOX_RETRY] t-ldmubkeouw-22 attempt=1 [TypeError: fetch failed] {
18:15:00.365 [META_GATEWAY_INBOX_RETRY] t-ldmubkeouw-16 attempt=1 [TypeError: fetch failed] {
18:15:00.365 [META_GATEWAY_INBOX_RETRY] t-ldmubkeouw-13 attempt=1 [TypeError: fetch failed] {
18:15:00.367 [META_GATEWAY_INBOX_RETRY] t-ldmubkeouw-10 attempt=1 [TypeError: fetch failed] {
18:15:00.368 [META_GATEWAY_INBOX_RETRY] t-ldmubkeouw-1 attempt=1 [TypeError: fetch failed] {
18:15:00.369 [META_GATEWAY_INBOX_RETRY] t-ldmubkeouw-33 attempt=1 [TypeError: fetch failed] {
18:15:00.371 [META_GATEWAY_INBOX_RETRY] t-ldmubkeouw-43 attempt=1 [TypeError: fetch failed] {
18:15:00.371 [META_GATEWAY_INBOX_RETRY] t-ldmubkeouw-46 attempt=1 [TypeError: fetch failed] {
18:15:00.372 [META_GATEWAY_INBOX_RETRY] t-ldmubkeouw-40 attempt=1 [TypeError: fetch failed] {
18:15:00.372 [META_GATEWAY_INBOX_RETRY] t-ldmubkeouw-44 attempt=1 [TypeError: fetch failed] {
18:15:00.372 [META_GATEWAY_INBOX_RETRY] t-ldmubkeouw-42 attempt=1 [TypeError: fetch failed] {
18:15:00.373 [META_GATEWAY_INBOX_RETRY] t-ldmubkeouw-45 attempt=1 [TypeError: fetch failed] {
18:15:00.373 [META_GATEWAY_INBOX_RETRY] t-ldmubkeouw-41 attempt=1 [TypeError: fetch failed] {
18:15:00.374 [META_GATEWAY_INBOX_RETRY] t-ldmubkeouw-36 attempt=1 [TypeError: fetch failed] {
18:15:00.504 [META_GATEWAY_FAILED] client-0 network_error [TypeError: fetch failed] {
18:15:00.505 [META_GATEWAY_FAILED] client-0 network_error [TypeError: fetch failed] {
18:15:00.505 [META_GATEWAY_FAILED] client-0 network_error [TypeError: fetch failed] {
18:15:00.506 [META_GATEWAY_FAILED] client-0 network_error [TypeError: fetch failed] {
18:15:00.509 [META_GATEWAY_PENDING_CHECK_FAILED] client-0 [TypeError: fetch failed] {
18:15:00.510 [META_GATEWAY_PENDING_CHECK_FAILED] client-0 [TypeError: fetch failed] {
18:15:00.511 [META_GATEWAY_PENDING_CHECK_FAILED] client-0 [TypeError: fetch failed] {
18:15:00.512 [META_GATEWAY_PENDING_CHECK_FAILED] client-0 [TypeError: fetch failed] {
18:15:00.514 [META_GATEWAY_PENDING_CHECK_FAILED] client-0 [TypeError: fetch failed] {
18:15:00.515 [META_GATEWAY_PENDING_CHECK_FAILED] client-0 [TypeError: fetch failed] {
18:15:00.515 [META_GATEWAY_PENDING_CHECK_FAILED] client-0 [TypeError: fetch failed] {
18:15:00.517 [META_GATEWAY_PENDING_CHECK_FAILED] client-0 [TypeError: fetch failed] {
18:15:00.518 [META_GATEWAY_PENDING_CHECK_FAILED] client-0 [TypeError: fetch failed] {
18:15:00.519 [META_GATEWAY_PENDING_CHECK_FAILED] client-0 [TypeError: fetch failed] {
18:15:00.520 [META_GATEWAY_PENDING_CHECK_FAILED] client-0 [TypeError: fetch failed] {
18:15:00.521 [META_GATEWAY_PENDING_CHECK_FAILED] client-0 [TypeError: fetch failed] {
18:15:00.522 [META_GATEWAY_PENDING_CHECK_FAILED] client-0 [TypeError: fetch failed] {
18:15:00.523 [META_GATEWAY_PENDING_CHECK_FAILED] client-0 [TypeError: fetch failed] {
18:15:00.524 [META_GATEWAY_PENDING_CHECK_FAILED] client-0 [TypeError: fetch failed] {
18:15:00.525 [META_GATEWAY_PENDING_CHECK_FAILED] client-0 [TypeError: fetch failed] {
18:15:00.525 [META_GATEWAY_PENDING_CHECK_FAILED] client-0 [TypeError: fetch failed] {
18:15:00.526 [META_GATEWAY_PENDING_CHECK_FAILED] client-0 [TypeError: fetch failed] {
18:15:00.527 [META_GATEWAY_PENDING_CHECK_FAILED] client-0 [TypeError: fetch failed] {
18:15:00.528 [META_GATEWAY_PENDING_CHECK_FAILED] client-0 [TypeError: fetch failed] {
18:15:00.530 [META_GATEWAY_FAILED] client-0 network_error [TypeError: fetch failed] {
18:15:00.531 [META_GATEWAY_FAILED] client-0 network_error [TypeError: fetch failed] {
18:15:00.531 [META_GATEWAY_FAILED] client-0 network_error [TypeError: fetch failed] {
18:15:00.532 [META_GATEWAY_CLEAR_PENDING_FAILED] client-0 [TypeError: fetch failed] {
18:15:00.533 [META_GATEWAY_RETRY] client-0 attempt=1 network_error [TypeError: fetch failed] {
18:15:00.533 [META_GATEWAY_RETRY] client-0 attempt=1 network_error [TypeError: fetch failed] {
18:15:00.533 [META_GATEWAY_CLEAR_PENDING_FAILED] client-0 [TypeError: fetch failed] {
18:15:00.534 [META_GATEWAY_RETRY] client-0 attempt=1 network_error [TypeError: fetch failed] {
18:15:00.534 [META_GATEWAY_RETRY] client-0 attempt=1 network_error [TypeError: fetch failed] {
18:15:00.535 [META_GATEWAY_CLEAR_PENDING_FAILED] client-0 [TypeError: fetch failed] {
18:15:00.535 [META_GATEWAY_RETRY] client-0 attempt=1 network_error [TypeError: fetch failed] {
18:15:00.536 [META_GATEWAY_RETRY] client-0 attempt=1 network_error [TypeError: fetch failed] {
18:15:00.536 [META_GATEWAY_RETRY] client-0 attempt=1 network_error [TypeError: fetch failed] {
18:15:00.536 [META_GATEWAY_RETRY] client-0 attempt=1 network_error [TypeError: fetch failed] {
18:15:00.537 [META_GATEWAY_RETRY] client-0 attempt=1 network_error [TypeError: fetch failed] {
18:15:00.537 [META_GATEWAY_RETRY] client-0 attempt=1 network_error [TypeError: fetch failed] {
18:15:00.537 [META_GATEWAY_RETRY] client-0 attempt=1 network_error [TypeError: fetch failed] {
18:15:00.538 [META_GATEWAY_RETRY] client-0 attempt=1 network_error [TypeError: fetch failed] {
18:15:00.538 [META_GATEWAY_CLEAR_PENDING_FAILED] client-0 [TypeError: fetch failed] {
18:15:00.538 [META_GATEWAY_RETRY] client-0 attempt=1 network_error [TypeError: fetch failed] {
18:15:00.539 [META_GATEWAY_CLEAR_PENDING_FAILED] client-0 [TypeError: fetch failed] {
18:15:00.539 [META_GATEWAY_CLEAR_PENDING_FAILED] client-0 [TypeError: fetch failed] {
18:15:00.539 [META_GATEWAY_CLEAR_PENDING_FAILED] client-0 [TypeError: fetch failed] {
18:15:00.554 [META_GATEWAY_INBOX_RETRY] t-ldmubkeouw-52 attempt=1 [TypeError: fetch failed] {
18:15:00.554 [META_GATEWAY_INBOX_RETRY] t-ldmubkeouw-69 attempt=1 [TypeError: fetch failed] {
18:15:00.554 [META_GATEWAY_INBOX_RETRY] t-ldmubkeouw-55 attempt=1 [TypeError: fetch failed] {
18:15:00.555 [META_GATEWAY_INBOX_RETRY] t-ldmubkeouw-56 attempt=1 [TypeError: fetch failed] {
18:15:00.555 [META_GATEWAY_INBOX_RETRY] t-ldmubkeouw-78 attempt=1 [TypeError: fetch failed] {
18:15:00.578 [META_GATEWAY_INBOX_RETRY] t-ldmubkeouw-54 attempt=1 [TypeError: fetch failed] {
18:15:00.578 [META_GATEWAY_INBOX_RETRY] t-ldmubkeouw-50 attempt=1 [TypeError: fetch failed] {
18:15:00.578 [META_GATEWAY_INBOX_RETRY] t-ldmubkeouw-51 attempt=1 [TypeError: fetch failed] {
18:15:00.578 [META_GATEWAY_INBOX_RETRY] t-ldmubkeouw-53 attempt=1 [TypeError: fetch failed] {
18:15:00.620 [META_GATEWAY_PENDING_CHECK_FAILED] client-0 [TypeError: fetch failed] {
18:15:00.622 [META_GATEWAY_PENDING_CHECK_FAILED] client-0 [TypeError: fetch failed] {
18:15:00.623 [META_GATEWAY_PENDING_CHECK_FAILED] client-0 [TypeError: fetch failed] {
18:15:00.624 [META_GATEWAY_PENDING_CHECK_FAILED] client-0 [TypeError: fetch failed] {
18:15:00.624 [META_GATEWAY_PENDING_CHECK_FAILED] client-0 [TypeError: fetch failed] {
18:15:00.625 [META_GATEWAY_PENDING_CHECK_FAILED] client-0 [TypeError: fetch failed] {
18:15:00.626 [META_GATEWAY_PENDING_CHECK_FAILED] client-0 [TypeError: fetch failed] {
18:15:00.627 [META_GATEWAY_PENDING_CHECK_FAILED] client-0 [TypeError: fetch failed] {
18:15:00.628 [META_GATEWAY_PENDING_CHECK_FAILED] client-0 [TypeError: fetch failed] {
18:15:00.629 [META_GATEWAY_PENDING_CHECK_FAILED] client-0 [TypeError: fetch failed] {
18:15:00.630 [META_GATEWAY_PENDING_CHECK_FAILED] client-0 [TypeError: fetch failed] {
18:15:00.631 [META_GATEWAY_PENDING_CHECK_FAILED] client-0 [TypeError: fetch failed] {
18:15:00.633 [META_GATEWAY_RETRY] client-0 attempt=1 network_error [TypeError: fetch failed] {
18:15:00.634 [META_GATEWAY_CLEAR_PENDING_FAILED] client-0 [TypeError: fetch failed] {
18:15:00.634 [META_GATEWAY_CLEAR_PENDING_FAILED] client-0 [TypeError: fetch failed] {
18:15:00.635 [META_GATEWAY_CLEAR_PENDING_FAILED] client-0 [TypeError: fetch failed] {
18:15:00.635 [META_GATEWAY_CLEAR_PENDING_FAILED] client-0 [TypeError: fetch failed] {
18:15:00.636 [META_GATEWAY_RETRY] client-0 attempt=1 network_error [TypeError: fetch failed] {
18:15:00.636 [META_GATEWAY_RETRY] client-0 attempt=1 network_error [TypeError: fetch failed] {
18:15:00.637 [META_GATEWAY_RETRY] client-0 attempt=1 network_error [TypeError: fetch failed] {
18:15:00.637 [META_GATEWAY_RETRY] client-0 attempt=1 network_error [TypeError: fetch failed] {
18:15:00.637 [META_GATEWAY_RETRY] client-0 attempt=1 network_error [TypeError: fetch failed] {
18:15:00.638 [META_GATEWAY_RETRY] client-0 attempt=1 network_error [TypeError: fetch failed] {
18:15:00.638 [META_GATEWAY_RETRY] client-0 attempt=1 network_error [TypeError: fetch failed] {
18:15:00.641 [META_GATEWAY_INBOX_RETRY] t-ldmubkeouw-79 attempt=1 [TypeError: fetch failed] {
18:15:00.642 [META_GATEWAY_INBOX_RETRY] t-ldmubkeouw-7 attempt=1 [TypeError: fetch failed] {
18:15:00.642 [META_GATEWAY_INBOX_RETRY] t-ldmubkeouw-8 attempt=1 [TypeError: fetch failed] {
18:15:00.643 [META_GATEWAY_INBOX_RETRY] t-ldmubkeouw-77 attempt=1 [TypeError: fetch failed] {
18:15:00.643 [META_GATEWAY_INBOX_RETRY] t-ldmubkeouw-9 attempt=1 [TypeError: fetch failed] {
18:15:00.669 [META_GATEWAY_INBOX_RETRY] t-ldmubkeouw-88 attempt=1 [TypeError: fetch failed] {
18:15:00.669 [META_GATEWAY_INBOX_RETRY] t-ldmubkeouw-98 attempt=1 [TypeError: fetch failed] {
18:15:00.669 [META_GATEWAY_INBOX_RETRY] t-ldmubkeouw-87 attempt=1 [TypeError: fetch failed] {
18:15:00.670 [META_GATEWAY_INBOX_RETRY] t-ldmubkeouw-89 attempt=1 [TypeError: fetch failed] {
18:15:00.670 [META_GATEWAY_PENDING_CHECK_FAILED] client-0 [TypeError: fetch failed] {
18:15:00.671 [META_GATEWAY_PENDING_CHECK_FAILED] client-0 [TypeError: fetch failed] {
18:15:00.672 [META_GATEWAY_PENDING_CHECK_FAILED] client-0 [TypeError: fetch failed] {
18:15:00.673 [META_GATEWAY_PENDING_CHECK_FAILED] client-0 [TypeError: fetch failed] {
18:15:00.673 [META_GATEWAY_PENDING_CHECK_FAILED] client-0 [TypeError: fetch failed] {
18:15:00.675 [META_GATEWAY_CLEAR_PENDING_FAILED] client-0 [TypeError: fetch failed] {
18:15:00.676 [META_GATEWAY_CLEAR_PENDING_FAILED] client-0 [TypeError: fetch failed] {
18:15:00.676 [META_GATEWAY_RETRY] client-0 attempt=1 network_error [TypeError: fetch failed] {
18:15:00.676 [META_GATEWAY_RETRY] client-0 attempt=1 network_error [TypeError: fetch failed] {
18:15:00.677 [META_GATEWAY_RETRY] client-0 attempt=1 network_error [TypeError: fetch failed] {
18:15:00.682 [META_GATEWAY_INBOX_RETRY] t-ldmubkeouw-97 attempt=1 [TypeError: fetch failed] {
18:15:00.682 [META_GATEWAY_INBOX_RETRY] t-ldmubkeouw-99 attempt=1 [TypeError: fetch failed] {
18:15:00.716 [META_GATEWAY_PENDING_CHECK_FAILED] client-0 [TypeError: fetch failed] {
18:15:00.717 [META_GATEWAY_PENDING_CHECK_FAILED] client-0 [TypeError: fetch failed] {
18:15:00.717 [META_GATEWAY_PENDING_CHECK_FAILED] client-0 [TypeError: fetch failed] {
18:15:00.718 [META_GATEWAY_PENDING_CHECK_FAILED] client-0 [TypeError: fetch failed] {
18:15:00.719 [META_GATEWAY_PENDING_CHECK_FAILED] client-0 [TypeError: fetch failed] {
18:15:00.720 [META_GATEWAY_PENDING_CHECK_FAILED] client-0 [TypeError: fetch failed] {
18:15:00.721 [META_GATEWAY_PENDING_CHECK_FAILED] client-0 [TypeError: fetch failed] {
18:15:00.722 [META_GATEWAY_PENDING_CHECK_FAILED] client-0 [TypeError: fetch failed] {
18:15:00.723 [META_GATEWAY_PENDING_CHECK_FAILED] client-0 [TypeError: fetch failed] {
18:15:00.724 [META_GATEWAY_RETRY] client-0 attempt=1 network_error [TypeError: fetch failed] {
18:15:00.724 [META_GATEWAY_CLEAR_PENDING_FAILED] client-0 [TypeError: fetch failed] {
18:15:00.725 [META_GATEWAY_CLEAR_PENDING_FAILED] client-0 [TypeError: fetch failed] {
18:15:00.726 [META_GATEWAY_RETRY] client-0 attempt=1 network_error [TypeError: fetch failed] {
18:15:00.726 [META_GATEWAY_CLEAR_PENDING_FAILED] client-0 [TypeError: fetch failed] {
18:15:00.727 [META_GATEWAY_RETRY] client-0 attempt=1 network_error [TypeError: fetch failed] {
18:15:00.727 [META_GATEWAY_RETRY] client-0 attempt=1 network_error [TypeError: fetch failed] {
18:15:00.728 [META_GATEWAY_RETRY] client-0 attempt=1 network_error [TypeError: fetch failed] {
18:15:00.728 [META_GATEWAY_RETRY] client-0 attempt=1 network_error [TypeError: fetch failed] {
18:15:00.751 [META_GATEWAY_INBOX_RETRY] t-ldmubkeouw-108 attempt=1 [TypeError: fetch failed] {
18:15:00.751 [META_GATEWAY_INBOX_RETRY] t-ldmubkeouw-109 attempt=1 [TypeError: fetch failed] {
18:15:00.769 [META_GATEWAY_INBOX_RETRY] t-ldmubkeouw-107 attempt=1 [TypeError: fetch failed] {
18:15:00.770 [META_GATEWAY_PENDING_CHECK_FAILED] client-0 [TypeError: fetch failed] {
18:15:00.771 [META_GATEWAY_PENDING_CHECK_FAILED] client-0 [TypeError: fetch failed] {
18:15:00.772 [META_GATEWAY_PENDING_CHECK_FAILED] client-0 [TypeError: fetch failed] {
18:15:00.774 [META_GATEWAY_PENDING_CHECK_FAILED] client-0 [TypeError: fetch failed] {
18:15:00.775 [META_GATEWAY_PENDING_CHECK_FAILED] client-0 [TypeError: fetch failed] {
18:15:00.776 [META_GATEWAY_PENDING_CHECK_FAILED] client-0 [TypeError: fetch failed] {
18:15:00.777 [META_GATEWAY_RETRY] client-0 attempt=1 network_error [TypeError: fetch failed] {
18:15:00.778 [META_GATEWAY_CLEAR_PENDING_FAILED] client-0 [TypeError: fetch failed] {
18:15:00.779 [META_GATEWAY_RETRY] client-0 attempt=1 network_error [TypeError: fetch failed] {
18:15:00.779 [META_GATEWAY_RETRY] client-0 attempt=1 network_error [TypeError: fetch failed] {
18:15:00.779 [META_GATEWAY_RETRY] client-0 attempt=1 network_error [TypeError: fetch failed] {
18:15:00.780 [META_GATEWAY_RETRY] client-0 attempt=1 network_error [TypeError: fetch failed] {
18:15:00.786 [META_GATEWAY_INBOX_RETRY] t-ldmubkeouw-117 attempt=1 [TypeError: fetch failed] {
18:15:00.942 [META_GATEWAY_PENDING_CHECK_FAILED] client-0 [TypeError: fetch failed] {
18:15:00.943 [META_GATEWAY_PENDING_CHECK_FAILED] client-0 [TypeError: fetch failed] {
18:15:00.944 [META_GATEWAY_PENDING_CHECK_FAILED] client-0 [TypeError: fetch failed] {
18:15:00.945 [META_GATEWAY_PENDING_CHECK_FAILED] client-0 [TypeError: fetch failed] {