18:18:09.301 [client] EXIT code=null signal=SIGKILL
18:18:09.488 [META_GATEWAY_PENDING_CHECK_FAILED] client-0 [TypeError: fetch failed] {
18:18:09.491 [META_GATEWAY_PENDING_CHECK_FAILED] client-0 [TypeError: fetch failed] {
18:18:09.494 [META_GATEWAY_PENDING_CHECK_FAILED] client-0 [TypeError: fetch failed] {
18:18:09.497 [META_GATEWAY_PENDING_CHECK_FAILED] client-0 [TypeError: fetch failed] {
18:18:09.500 [META_GATEWAY_PENDING_CHECK_FAILED] client-0 [TypeError: fetch failed] {
18:18:09.503 [META_GATEWAY_PENDING_CHECK_FAILED] client-0 [TypeError: fetch failed] {
18:18:09.505 [META_GATEWAY_PENDING_CHECK_FAILED] client-0 [TypeError: fetch failed] {
18:18:09.508 [META_GATEWAY_PENDING_CHECK_FAILED] client-0 [TypeError: fetch failed] {
18:18:09.510 [META_GATEWAY_PENDING_CHECK_FAILED] client-0 [TypeError: fetch failed] {
18:18:09.513 [META_GATEWAY_PENDING_CHECK_FAILED] client-0 [TypeError: fetch failed] {
18:18:09.516 [META_GATEWAY_PENDING_CHECK_FAILED] client-0 [TypeError: fetch failed] {
18:18:09.517 [META_GATEWAY_PENDING_CHECK_FAILED] client-0 [TypeError: fetch failed] {
18:18:09.518 [META_GATEWAY_PENDING_CHECK_FAILED] client-0 [TypeError: fetch failed] {
18:18:09.519 [META_GATEWAY_PENDING_CHECK_FAILED] client-0 [TypeError: fetch failed] {
18:18:09.521 [META_GATEWAY_PENDING_CHECK_FAILED] client-0 [TypeError: fetch failed] {
18:18:09.522 [META_GATEWAY_PENDING_CHECK_FAILED] client-0 [TypeError: fetch failed] {
18:18:09.523 [META_GATEWAY_PENDING_CHECK_FAILED] client-0 [TypeError: fetch failed] {
18:18:09.524 [META_GATEWAY_PENDING_CHECK_FAILED] client-0 [TypeError: fetch failed] {
18:18:09.524 [META_GATEWAY_PENDING_CHECK_FAILED] client-0 [TypeError: fetch failed] {
18:18:09.526 [META_GATEWAY_PENDING_CHECK_FAILED] client-0 [TypeError: fetch failed] {
18:18:09.527 [META_GATEWAY_PENDING_CHECK_FAILED] client-0 [TypeError: fetch failed] {
18:18:09.528 [META_GATEWAY_PENDING_CHECK_FAILED] client-0 [TypeError: fetch failed] {
18:18:09.529 [META_GATEWAY_PENDING_CHECK_FAILED] client-0 [TypeError: fetch failed] {
18:18:09.530 [META_GATEWAY_PENDING_CHECK_FAILED] client-0 [TypeError: fetch failed] {
18:18:09.531 [META_GATEWAY_PENDING_CHECK_FAILED] client-0 [TypeError: fetch failed] {
18:18:09.532 [META_GATEWAY_PENDING_CHECK_FAILED] client-0 [TypeError: fetch failed] {
18:18:09.533 [META_GATEWAY_PENDING_CHECK_FAILED] client-0 [TypeError: fetch failed] {
18:18:09.534 [META_GATEWAY_PENDING_CHECK_FAILED] client-0 [TypeError: fetch failed] {
18:18:09.535 [META_GATEWAY_PENDING_CHECK_FAILED] client-0 [TypeError: fetch failed] {
18:18:09.536 [META_GATEWAY_PENDING_CHECK_FAILED] client-0 [TypeError: fetch failed] {
18:18:09.537 [META_GATEWAY_PENDING_CHECK_FAILED] client-0 [TypeError: fetch failed] {
18:18:09.538 [META_GATEWAY_PENDING_CHECK_FAILED] client-0 [TypeError: fetch failed] {
18:18:09.541 [META_GATEWAY_PENDING_CHECK_FAILED] client-0 [TypeError: fetch failed] {
18:18:09.544 [META_GATEWAY_PENDING_CHECK_FAILED] client-0 [TypeError: fetch failed] {
18:18:09.547 [META_GATEWAY_PENDING_CHECK_FAILED] client-0 [TypeError: fetch failed] {
18:18:09.549 [META_GATEWAY_PENDING_CHECK_FAILED] client-0 [TypeError: fetch failed] {
18:18:09.552 [META_GATEWAY_PENDING_CHECK_FAILED] client-0 [TypeError: fetch failed] {
18:18:09.554 [META_GATEWAY_PENDING_CHECK_FAILED] client-0 [TypeError: fetch failed] {
18:18:09.557 [META_GATEWAY_PENDING_CHECK_FAILED] client-0 [TypeError: fetch failed] {
18:18:09.560 [META_GATEWAY_PENDING_CHECK_FAILED] client-0 [TypeError: fetch failed] {
18:18:09.564 [META_GATEWAY_RETRY] client-0 attempt=1 network_error [TypeError: fetch failed] {
18:18:09.565 [META_GATEWAY_RETRY] client-0 attempt=1 network_error [TypeError: fetch failed] {
18:18:09.566 [META_GATEWAY_RETRY] client-0 attempt=1 network_error [TypeError: fetch failed] {
18:18:09.567 [META_GATEWAY_RETRY] client-0 attempt=1 network_error [TypeError: fetch failed] {
18:18:09.567 [META_GATEWAY_CLEAR_PENDING_FAILED] client-0 [TypeError: fetch failed] {
18:18:09.569 [META_GATEWAY_RETRY] client-0 attempt=1 network_error [TypeError: fetch failed] {
18:18:09.569 [META_GATEWAY_CLEAR_PENDING_FAILED] client-0 [TypeError: fetch failed] {
18:18:09.570 [META_GATEWAY_RETRY] client-0 attempt=1 network_error [TypeError: fetch failed] {
18:18:09.570 [META_GATEWAY_RETRY] client-0 attempt=1 network_error [TypeError: fetch failed] {
18:18:09.571 [META_GATEWAY_RETRY] client-0 attempt=1 network_error [TypeError: fetch failed] {
18:18:09.571 [META_GATEWAY_CLEAR_PENDING_FAILED] client-0 [TypeError: fetch failed] {
18:18:09.572 [META_GATEWAY_RETRY] client-0 attempt=1 network_error [TypeError: fetch failed] {
18:18:09.572 [META_GATEWAY_RETRY] client-0 attempt=1 network_error [TypeError: fetch failed] {
18:18:09.573 [META_GATEWAY_CLEAR_PENDING_FAILED] client-0 [TypeError: fetch failed] {
18:18:09.573 [META_GATEWAY_RETRY] client-0 attempt=1 network_error [TypeError: fetch failed] {
18:18:09.574 [META_GATEWAY_RETRY] client-0 attempt=1 network_error [TypeError: fetch failed] {
18:18:09.574 [META_GATEWAY_RETRY] client-0 attempt=1 network_error [TypeError: fetch failed] {
18:18:09.575 [META_GATEWAY_CLEAR_PENDING_FAILED] client-0 [TypeError: fetch failed] {
18:18:09.575 [META_GATEWAY_RETRY] client-0 attempt=1 network_error [TypeError: fetch failed] {
18:18:09.575 [META_GATEWAY_RETRY] client-0 attempt=1 network_error [TypeError: fetch failed] {
18:18:09.576 [META_GATEWAY_CLEAR_PENDING_FAILED] client-0 [TypeError: fetch failed] {
18:18:09.577 [META_GATEWAY_RETRY] client-0 attempt=1 network_error [TypeError: fetch failed] {
18:18:09.577 [META_GATEWAY_RETRY] client-0 attempt=1 network_error [TypeError: fetch failed] {
18:18:09.577 [META_GATEWAY_RETRY] client-0 attempt=1 network_error [TypeError: fetch failed] {
18:18:09.578 [META_GATEWAY_RETRY] client-0 attempt=1 network_error [TypeError: fetch failed] {
18:18:09.578 [META_GATEWAY_RETRY] client-0 attempt=1 network_error [TypeError: fetch failed] {
18:18:09.578 [META_GATEWAY_CLEAR_PENDING_FAILED] client-0 [TypeError: fetch failed] {
18:18:09.579 [META_GATEWAY_RETRY] client-0 attempt=1 network_error [TypeError: fetch failed] {
18:18:09.580 [META_GATEWAY_RETRY] client-0 attempt=1 network_error [TypeError: fetch failed] {
18:18:09.580 [META_GATEWAY_RETRY] client-0 attempt=1 network_error [TypeError: fetch failed] {
18:18:09.581 [META_GATEWAY_RETRY] client-0 attempt=1 network_error [TypeError: fetch failed] {
18:18:09.581 [META_GATEWAY_RETRY] client-0 attempt=1 network_error [TypeError: fetch failed] {
18:18:09.582 [META_GATEWAY_RETRY] client-0 attempt=1 network_error [TypeError: fetch failed] {
18:18:09.582 [META_GATEWAY_RETRY] client-0 attempt=1 network_error [TypeError: fetch failed] {
18:18:09.583 [META_GATEWAY_CLEAR_PENDING_FAILED] client-0 [TypeError: fetch failed] {
18:18:09.583 [META_GATEWAY_RETRY] client-0 attempt=1 network_error [TypeError: fetch failed] {
18:18:09.584 [META_GATEWAY_RETRY] client-0 attempt=1 network_error [TypeError: fetch failed] {
18:18:09.584 [META_GATEWAY_CLEAR_PENDING_FAILED] client-0 [TypeError: fetch failed] {
18:18:09.585 [META_GATEWAY_RETRY] client-0 attempt=1 network_error [TypeError: fetch failed] {
18:18:09.585 [META_GATEWAY_RETRY] client-0 attempt=1 network_error [TypeError: fetch failed] {
18:18:09.625 [META_GATEWAY_INBOX_RETRY] t-ldmubkisas-38 attempt=1 [TypeError: fetch failed] {
18:18:09.625 [META_GATEWAY_INBOX_RETRY] t-ldmubkisas-18 attempt=1 [TypeError: fetch failed] {
18:18:09.625 [META_GATEWAY_INBOX_RETRY] t-ldmubkisas-19 attempt=1 [TypeError: fetch failed] {
18:18:09.625 [META_GATEWAY_INBOX_RETRY] t-ldmubkisas-17 attempt=1 [TypeError: fetch failed] {
18:18:09.625 [META_GATEWAY_INBOX_RETRY] t-ldmubkisas-27 attempt=1 [TypeError: fetch failed] {
18:18:09.625 [META_GATEWAY_INBOX_RETRY] t-ldmubkisas-28 attempt=1 [TypeError: fetch failed] {
18:18:09.626 [META_GATEWAY_INBOX_RETRY] t-ldmubkisas-37 attempt=1 [TypeError: fetch failed] {
18:18:09.626 [META_GATEWAY_INBOX_RETRY] t-ldmubkisas-39 attempt=1 [TypeError: fetch failed] {
18:18:09.626 [META_GATEWAY_INBOX_RETRY] t-ldmubkisas-29 attempt=1 [TypeError: fetch failed] {
18:18:09.651 [META_GATEWAY_PENDING_CHECK_FAILED] client-0 [TypeError: fetch failed] {
18:18:09.653 [META_GATEWAY_PENDING_CHECK_FAILED] client-0 [TypeError: fetch failed] {
18:18:09.654 [META_GATEWAY_PENDING_CHECK_FAILED] client-0 [TypeError: fetch failed] {
18:18:09.655 [META_GATEWAY_PENDING_CHECK_FAILED] client-0 [TypeError: fetch failed] {
18:18:09.656 [META_GATEWAY_PENDING_CHECK_FAILED] client-0 [TypeError: fetch failed] {
18:18:09.666 [META_GATEWAY_PENDING_CHECK_FAILED] client-0 [TypeError: fetch failed] {
18:18:09.667 [META_GATEWAY_PENDING_CHECK_FAILED] client-0 [TypeError: fetch failed] {
18:18:09.669 [META_GATEWAY_PENDING_CHECK_FAILED] client-0 [TypeError: fetch failed] {
18:18:09.670 [META_GATEWAY_PENDING_CHECK_FAILED] client-0 [TypeError: fetch failed] {
18:18:09.670 [META_GATEWAY_PENDING_CHECK_FAILED] client-0 [TypeError: fetch failed] {
18:18:09.672 [META_GATEWAY_CLEAR_PENDING_FAILED] client-0 [TypeError: fetch failed] {
18:18:09.672 [META_GATEWAY_RETRY] client-0 attempt=1 network_error [TypeError: fetch failed] {
18:18:09.673 [META_GATEWAY_RETRY] client-0 attempt=1 network_error [TypeError: fetch failed] {
18:18:09.673 [META_GATEWAY_CLEAR_PENDING_FAILED] client-0 [TypeError: fetch failed] {
18:18:09.674 [META_GATEWAY_RETRY] client-0 attempt=1 network_error [TypeError: fetch failed] {
18:18:09.674 [META_GATEWAY_RETRY] client-0 attempt=1 network_error [TypeError: fetch failed] {
18:18:09.674 [META_GATEWAY_CLEAR_PENDING_FAILED] client-0 [TypeError: fetch failed] {
18:18:09.675 [META_GATEWAY_RETRY] client-0 attempt=1 network_error [TypeError: fetch failed] {
18:18:09.675 [META_GATEWAY_RETRY] client-0 attempt=1 network_error [TypeError: fetch failed] {
18:18:09.675 [META_GATEWAY_RETRY] client-0 attempt=1 network_error [TypeError: fetch failed] {
18:18:09.681 [META_GATEWAY_INBOX_RETRY] t-ldmubkisas-48 attempt=1 [TypeError: fetch failed] {
18:18:09.681 [META_GATEWAY_INBOX_RETRY] t-ldmubkisas-47 attempt=1 [TypeError: fetch failed] {
18:18:09.681 [META_GATEWAY_INBOX_RETRY] t-ldmubkisas-49 attempt=1 [TypeError: fetch failed] {
18:18:10.083 [META_GATEWAY_RETRY] client-0 attempt=2 network_error [TypeError: fetch failed] {
18:18:10.084 [META_GATEWAY_RETRY] client-0 attempt=2 network_error [TypeError: fetch failed] {
18:18:10.084 [META_GATEWAY_RETRY] client-0 attempt=2 network_error [TypeError: fetch failed] {
18:18:10.084 [META_GATEWAY_RETRY] client-0 attempt=2 network_error [TypeError: fetch failed] {
18:18:10.085 [META_GATEWAY_RETRY] client-0 attempt=2 network_error [TypeError: fetch failed] {
18:18:10.085 [META_GATEWAY_RETRY] client-0 attempt=2 network_error [TypeError: fetch failed] {
18:18:10.085 [META_GATEWAY_RETRY] client-0 attempt=2 network_error [TypeError: fetch failed] {
18:18:10.086 [META_GATEWAY_RETRY] client-0 attempt=2 network_error [TypeError: fetch failed] {
18:18:10.086 [META_GATEWAY_RETRY] client-0 attempt=2 network_error [TypeError: fetch failed] {
18:18:10.086 [META_GATEWAY_RETRY] client-0 attempt=2 network_error [TypeError: fetch failed] {
18:18:10.087 [META_GATEWAY_RETRY] client-0 attempt=2 network_error [TypeError: fetch failed] {
18:18:10.087 [META_GATEWAY_RETRY] client-0 attempt=2 network_error [TypeError: fetch failed] {
18:18:10.087 [META_GATEWAY_RETRY] client-0 attempt=2 network_error [TypeError: fetch failed] {
18:18:10.099 [META_GATEWAY_RETRY] client-0 attempt=2 network_error [TypeError: fetch failed] {
18:18:10.099 [META_GATEWAY_RETRY] client-0 attempt=2 network_error [TypeError: fetch failed] {
18:18:10.100 [META_GATEWAY_RETRY] client-0 attempt=2 network_error [TypeError: fetch failed] {
18:18:10.100 [META_GATEWAY_RETRY] client-0 attempt=2 network_error [TypeError: fetch failed] {
18:18:10.100 [META_GATEWAY_RETRY] client-0 attempt=2 network_error [TypeError: fetch failed] {
18:18:10.101 [META_GATEWAY_RETRY] client-0 attempt=2 network_error [TypeError: fetch failed] {
18:18:10.101 [META_GATEWAY_RETRY] client-0 attempt=2 network_error [TypeError: fetch failed] {
18:18:10.101 [META_GATEWAY_RETRY] client-0 attempt=2 network_error [TypeError: fetch failed] {
18:18:10.102 [META_GATEWAY_RETRY] client-0 attempt=2 network_error [TypeError: fetch failed] {
18:18:10.102 [META_GATEWAY_RETRY] client-0 attempt=2 network_error [TypeError: fetch failed] {
18:18:10.102 [META_GATEWAY_RETRY] client-0 attempt=2 network_error [TypeError: fetch failed] {
18:18:10.103 [META_GATEWAY_RETRY] client-0 attempt=2 network_error [TypeError: fetch failed] {
18:18:10.103 [META_GATEWAY_RETRY] client-0 attempt=2 network_error [TypeError: fetch failed] {
18:18:10.103 [META_GATEWAY_RETRY] client-0 attempt=2 network_error [TypeError: fetch failed] {
18:18:10.104 [META_GATEWAY_RETRY] client-0 attempt=2 network_error [TypeError: fetch failed] {
18:18:10.104 [META_GATEWAY_RETRY] client-0 attempt=2 network_error [TypeError: fetch failed] {
18:18:10.104 [META_GATEWAY_RETRY] client-0 attempt=2 network_error [TypeError: fetch failed] {
18:18:10.105 [META_GATEWAY_RETRY] client-0 attempt=2 network_error [TypeError: fetch failed] {
18:18:10.191 [META_GATEWAY_PENDING_CHECK_FAILED] client-0 [TypeError: fetch failed] {
18:18:10.192 [META_GATEWAY_PENDING_CHECK_FAILED] client-0 [TypeError: fetch failed] {
18:18:10.194 [META_GATEWAY_PENDING_CHECK_FAILED] client-0 [TypeError: fetch failed] {
18:18:10.195 [META_GATEWAY_PENDING_CHECK_FAILED] client-0 [TypeError: fetch failed] {
18:18:10.195 [META_GATEWAY_PENDING_CHECK_FAILED] client-0 [TypeError: fetch failed] {
18:18:10.196 [META_GATEWAY_PENDING_CHECK_FAILED] client-0 [TypeError: fetch failed] {
18:18:10.197 [META_GATEWAY_PENDING_CHECK_FAILED] client-0 [TypeError: fetch failed] {
18:18:10.198 [META_GATEWAY_PENDING_CHECK_FAILED] client-0 [TypeError: fetch failed] {
18:18:10.199 [META_GATEWAY_PENDING_CHECK_FAILED] client-0 [TypeError: fetch failed] {
18:18:10.200 [META_GATEWAY_PENDING_CHECK_FAILED] client-0 [TypeError: fetch failed] {
18:18:10.201 [META_GATEWAY_PENDING_CHECK_FAILED] client-0 [TypeError: fetch failed] {
18:18:10.202 [META_GATEWAY_PENDING_CHECK_FAILED] client-0 [TypeError: fetch failed] {
18:18:10.203 [META_GATEWAY_RETRY] client-0 attempt=2 network_error [TypeError: fetch failed] {
18:18:10.203 [META_GATEWAY_RETRY] client-0 attempt=2 network_error [TypeError: fetch failed] {
18:18:10.204 [META_GATEWAY_RETRY] client-0 attempt=2 network_error [TypeError: fetch failed] {
18:18:10.204 [META_GATEWAY_RETRY] client-0 attempt=2 network_error [TypeError: fetch failed] {
18:18:10.204 [META_GATEWAY_RETRY] client-0 attempt=2 network_error [TypeError: fetch failed] {
18:18:10.205 [META_GATEWAY_RETRY] client-0 attempt=2 network_error [TypeError: fetch failed] {
18:18:10.205 [META_GATEWAY_RETRY] client-0 attempt=2 network_error [TypeError: fetch failed] {
18:18:10.206 [META_GATEWAY_CLEAR_PENDING_FAILED] client-0 [TypeError: fetch failed] {
18:18:10.206 [META_GATEWAY_RETRY] client-0 attempt=1 network_error [TypeError: fetch failed] {
18:18:10.207 [META_GATEWAY_RETRY] client-0 attempt=1 network_error [TypeError: fetch failed] {
18:18:10.207 [META_GATEWAY_CLEAR_PENDING_FAILED] client-0 [TypeError: fetch failed] {
18:18:10.208 [META_GATEWAY_CLEAR_PENDING_FAILED] client-0 [TypeError: fetch failed] {
18:18:10.208 [META_GATEWAY_RETRY] client-0 attempt=1 network_error [TypeError: fetch failed] {
18:18:10.208 [META_GATEWAY_RETRY] client-0 attempt=1 network_error [TypeError: fetch failed] {
18:18:10.209 [META_GATEWAY_RETRY] client-0 attempt=1 network_error [TypeError: fetch failed] {
18:18:10.209 [META_GATEWAY_RETRY] client-0 attempt=1 network_error [TypeError: fetch failed] {
18:18:10.209 [META_GATEWAY_RETRY] client-0 attempt=1 network_error [TypeError: fetch failed] {
18:18:10.210 [META_GATEWAY_RETRY] client-0 attempt=1 network_error [TypeError: fetch failed] {
18:18:10.210 [META_GATEWAY_CLEAR_PENDING_FAILED] client-0 [TypeError: fetch failed] {
18:18:10.216 [META_GATEWAY_INBOX_RETRY] t-ldmubkisas-7 attempt=1 [TypeError: fetch failed] {
18:18:10.216 [META_GATEWAY_INBOX_RETRY] t-ldmubkisas-58 attempt=1 [TypeError: fetch failed] {
18:18:10.216 [META_GATEWAY_INBOX_RETRY] t-ldmubkisas-59 attempt=1 [TypeError: fetch failed] {
18:18:10.216 [META_GATEWAY_INBOX_RETRY] t-ldmubkisas-57 attempt=1 [TypeError: fetch failed] {
18:18:10.638 [META_GATEWAY_PENDING_CHECK_FAILED] client-0 [TypeError: fetch failed] {
18:18:10.640 [META_GATEWAY_PENDING_CHECK_FAILED] client-0 [TypeError: fetch failed] {
18:18:10.641 [META_GATEWAY_PENDING_CHECK_FAILED] client-0 [TypeError: fetch failed] {
18:18:10.642 [META_GATEWAY_PENDING_CHECK_FAILED] client-0 [TypeError: fetch failed] {
18:18:10.643 [META_GATEWAY_CLEAR_PENDING_FAILED] client-0 [TypeError: fetch failed] {
18:18:10.644 [META_GATEWAY_RETRY] client-0 attempt=1 network_error [TypeError: fetch failed] {
18:18:10.644 [META_GATEWAY_RETRY] client-0 attempt=1 network_error [TypeError: fetch failed] {
18:18:10.645 [META_GATEWAY_RETRY] client-0 attempt=1 network_error [TypeError: fetch failed] {
18:18:10.650 [META_GATEWAY_INBOX_RETRY] t-ldmubkisas-67 attempt=1 [TypeError: fetch failed] {
18:18:10.724 [META_GATEWAY_RETRY] client-0 attempt=2 network_error [TypeError: fetch failed] {
18:18:10.724 [META_GATEWAY_RETRY] client-0 attempt=2 network_error [TypeError: fetch failed] {
18:18:10.724 [META_GATEWAY_RETRY] client-0 attempt=2 network_error [TypeError: fetch failed] {
18:18:10.724 [META_GATEWAY_RETRY] client-0 attempt=2 network_error [TypeError: fetch failed] {
18:18:10.725 [META_GATEWAY_RETRY] client-0 attempt=2 network_error [TypeError: fetch failed] {
18:18:10.725 [META_GATEWAY_RETRY] client-0 attempt=2 network_error [TypeError: fetch failed] {
18:18:10.725 [META_GATEWAY_RETRY] client-0 attempt=2 network_error [TypeError: fetch failed] {
18:18:10.726 [META_GATEWAY_RETRY] client-0 attempt=2 network_error [TypeError: fetch failed] {
18:18:11.147 [META_GATEWAY_PENDING_CHECK_FAILED] client-0 [TypeError: fetch failed] {
18:18:11.149 [META_GATEWAY_RETRY] client-0 attempt=2 network_error [TypeError: fetch failed] {
18:18:11.149 [META_GATEWAY_RETRY] client-0 attempt=2 network_error [TypeError: fetch failed] {
18:18:11.150 [META_GATEWAY_CLEAR_PENDING_FAILED] client-0 [TypeError: fetch failed] {
18:18:11.151 [META_GATEWAY_RETRY] client-0 attempt=2 network_error [TypeError: fetch failed] {
18:18:11.156 [META_GATEWAY_INBOX_RETRY] t-ldmubkisas-68 attempt=1 [TypeError: fetch failed] {
18:18:11.602 [META_GATEWAY_FAILED] client-0 network_error [TypeError: fetch failed] {
18:18:11.602 [META_GATEWAY_FAILED] client-0 network_error [TypeError: fetch failed] {
18:18:11.603 [META_GATEWAY_FAILED] client-0 network_error [TypeError: fetch failed] {
18:18:11.603 [META_GATEWAY_FAILED] client-0 network_error [TypeError: fetch failed] {
18:18:11.604 [META_GATEWAY_FAILED] client-0 network_error [TypeError: fetch failed] {
18:18:11.604 [META_GATEWAY_FAILED] client-0 network_error [TypeError: fetch failed] {
18:18:11.605 [META_GATEWAY_FAILED] client-0 network_error [TypeError: fetch failed] {
18:18:11.605 [META_GATEWAY_FAILED] client-0 network_error [TypeError: fetch failed] {
18:18:11.606 [META_GATEWAY_FAILED] client-0 network_error [TypeError: fetch failed] {
18:18:11.607 [META_GATEWAY_FAILED] client-0 network_error [TypeError: fetch failed] {
18:18:11.607 [META_GATEWAY_FAILED] client-0 network_error [TypeError: fetch failed] {
18:18:11.608 [META_GATEWAY_FAILED] client-0 network_error [TypeError: fetch failed] {
18:18:11.608 [META_GATEWAY_FAILED] client-0 network_error [TypeError: fetch failed] {
18:18:11.619 [META_GATEWAY_FAILED] client-0 network_error [TypeError: fetch failed] {
18:18:11.620 [META_GATEWAY_FAILED] client-0 network_error [TypeError: fetch failed] {
18:18:11.620 [META_GATEWAY_FAILED] client-0 network_error [TypeError: fetch failed] {
18:18:11.620 [META_GATEWAY_FAILED] client-0 network_error [TypeError: fetch failed] {
18:18:11.621 [META_GATEWAY_FAILED] client-0 network_error [TypeError: fetch failed] {
18:18:11.621 [META_GATEWAY_FAILED] client-0 network_error [TypeError: fetch failed] {
18:18:11.621 [META_GATEWAY_FAILED] client-0 network_error [TypeError: fetch failed] {
18:18:11.622 [META_GATEWAY_FAILED] client-0 network_error [TypeError: fetch failed] {
18:18:11.622 [META_GATEWAY_FAILED] client-0 network_error [TypeError: fetch failed] {
18:18:11.622 [META_GATEWAY_FAILED] client-0 network_error [TypeError: fetch failed] {
18:18:11.623 [META_GATEWAY_FAILED] client-0 network_error [TypeError: fetch failed] {
18:18:11.623 [META_GATEWAY_FAILED] client-0 network_error [TypeError: fetch failed] {
18:18:11.623 [META_GATEWAY_FAILED] client-0 network_error [TypeError: fetch failed] {
18:18:11.624 [META_GATEWAY_FAILED] client-0 network_error [TypeError: fetch failed] {
18:18:11.624 [META_GATEWAY_FAILED] client-0 network_error [TypeError: fetch failed] {
18:18:11.625 [META_GATEWAY_FAILED] client-0 network_error [TypeError: fetch failed] {
18:18:11.625 [META_GATEWAY_FAILED] client-0 network_error [TypeError: fetch failed] {
18:18:11.625 [META_GATEWAY_FAILED] client-0 network_error [TypeError: fetch failed] {
18:18:11.638 [META_GATEWAY_INBOX_RETRY] t-ldmubkisas-34 attempt=1 [TypeError: fetch failed] {
18:18:11.638 [META_GATEWAY_INBOX_RETRY] t-ldmubkisas-33 attempt=1 [TypeError: fetch failed] {
18:18:11.639 [META_GATEWAY_INBOX_RETRY] t-ldmubkisas-31 attempt=1 [TypeError: fetch failed] {
18:18:11.639 [META_GATEWAY_INBOX_RETRY] t-ldmubkisas-30 attempt=1 [TypeError: fetch failed] {
18:18:11.639 [META_GATEWAY_INBOX_RETRY] t-ldmubkisas-32 attempt=1 [TypeError: fetch failed] {
18:18:11.639 [META_GATEWAY_INBOX_RETRY] t-ldmubkisas-26 attempt=1 [TypeError: fetch failed] {
18:18:11.642 [META_GATEWAY_INBOX_RETRY] t-ldmubkisas-24 attempt=1 [TypeError: fetch failed] {
18:18:11.642 [META_GATEWAY_INBOX_RETRY] t-ldmubkisas-35 attempt=1 [TypeError: fetch failed] {
18:18:11.642 [META_GATEWAY_INBOX_RETRY] t-ldmubkisas-36 attempt=1 [TypeError: fetch failed] {
18:18:11.642 [META_GATEWAY_INBOX_RETRY] t-ldmubkisas-21 attempt=1 [TypeError: fetch failed] {
18:18:11.653 [META_GATEWAY_INBOX_RETRY] t-ldmubkisas-14 attempt=1 [TypeError: fetch failed] {
18:18:11.653 [META_GATEWAY_INBOX_RETRY] t-ldmubkisas-23 attempt=1 [TypeError: fetch failed] {
18:18:11.654 [META_GATEWAY_INBOX_RETRY] t-ldmubkisas-11 attempt=1 [TypeError: fetch failed] {
18:18:11.654 [META_GATEWAY_INBOX_RETRY] t-ldmubkisas-20 attempt=1 [TypeError: fetch failed] {
18:18:11.654 [META_GATEWAY_INBOX_RETRY] t-ldmubkisas-1 attempt=1 [TypeError: fetch failed] {
18:18:11.654 [META_GATEWAY_INBOX_RETRY] t-ldmubkisas-2 attempt=1 [TypeError: fetch failed] {
18:18:11.654 [META_GATEWAY_INBOX_RETRY] t-ldmubkisas-15 attempt=1 [TypeError: fetch failed] {
18:18:11.655 [META_GATEWAY_INBOX_RETRY] t-ldmubkisas-12 attempt=1 [TypeError: fetch failed] {
18:18:11.657 [META_GATEWAY_INBOX_RETRY] t-ldmubkisas-25 attempt=1 [TypeError: fetch failed] {
18:18:11.659 [META_GATEWAY_INBOX_RETRY] t-ldmubkisas-22 attempt=1 [TypeError: fetch failed] {
18:18:11.665 [META_GATEWAY_INBOX_RETRY] t-ldmubkisas-16 attempt=1 [TypeError: fetch failed] {
18:18:11.665 [META_GATEWAY_INBOX_RETRY] t-ldmubkisas-40 attempt=1 [TypeError: fetch failed] {
18:18:11.666 [META_GATEWAY_INBOX_RETRY] t-ldmubkisas-0 attempt=1 [TypeError: fetch failed] {
18:18:11.666 [META_GATEWAY_INBOX_RETRY] t-ldmubkisas-10 attempt=1 [TypeError: fetch failed] {
18:18:11.666 [META_GATEWAY_INBOX_RETRY] t-ldmubkisas-43 attempt=1 [TypeError: fetch failed] {
18:18:11.666 [META_GATEWAY_INBOX_RETRY] t-ldmubkisas-46 attempt=1 [TypeError: fetch failed] {
18:18:11.667 [META_GATEWAY_INBOX_RETRY] t-ldmubkisas-13 attempt=1 [TypeError: fetch failed] {
18:18:11.667 [META_GATEWAY_INBOX_RETRY] t-ldmubkisas-41 attempt=1 [TypeError: fetch failed] {
18:18:11.668 [META_GATEWAY_INBOX_RETRY] t-ldmubkisas-44 attempt=1 [TypeError: fetch failed] {
18:18:11.668 [META_GATEWAY_INBOX_RETRY] t-ldmubkisas-42 attempt=1 [TypeError: fetch failed] {
18:18:11.670 [META_GATEWAY_INBOX_RETRY] t-ldmubkisas-45 attempt=1 [TypeError: fetch failed] {
18:18:11.678 [META_GATEWAY_PENDING_CHECK_FAILED] client-0 [TypeError: fetch failed] {
18:18:11.680 [META_GATEWAY_CLEAR_PENDING_FAILED] client-0 [TypeError: fetch failed] {
18:18:11.686 [META_GATEWAY_INBOX_RETRY] t-ldmubkisas-69 attempt=1 [TypeError: fetch failed] {
18:18:11.777 [META_GATEWAY_FAILED] client-0 network_error [TypeError: fetch failed] {
18:18:11.777 [META_GATEWAY_FAILED] client-0 network_error [TypeError: fetch failed] {
18:18:11.778 [META_GATEWAY_FAILED] client-0 network_error [TypeError: fetch failed] {
18:18:11.778 [META_GATEWAY_FAILED] client-0 network_error [TypeError: fetch failed] {
18:18:11.779 [META_GATEWAY_FAILED] client-0 network_error [TypeError: fetch failed] {
18:18:11.779 [META_GATEWAY_FAILED] client-0 network_error [TypeError: fetch failed] {
18:18:11.780 [META_GATEWAY_FAILED] client-0 network_error [TypeError: fetch failed] {
18:18:11.781 [META_GATEWAY_PENDING_CHECK_FAILED] client-0 [TypeError: fetch failed] {
18:18:11.783 [META_GATEWAY_PENDING_CHECK_FAILED] client-0 [TypeError: fetch failed] {
18:18:11.784 [META_GATEWAY_PENDING_CHECK_FAILED] client-0 [TypeError: fetch failed] {
18:18:11.786 [META_GATEWAY_PENDING_CHECK_FAILED] client-0 [TypeError: fetch failed] {
18:18:11.787 [META_GATEWAY_PENDING_CHECK_FAILED] client-0 [TypeError: fetch failed] {
18:18:11.788 [META_GATEWAY_PENDING_CHECK_FAILED] client-0 [TypeError: fetch failed] {
18:18:11.789 [META_GATEWAY_PENDING_CHECK_FAILED] client-0 [TypeError: fetch failed] {
18:18:11.790 [META_GATEWAY_PENDING_CHECK_FAILED] client-0 [TypeError: fetch failed] {
18:18:11.791 [META_GATEWAY_PENDING_CHECK_FAILED] client-0 [TypeError: fetch failed] {
18:18:11.792 [META_GATEWAY_PENDING_CHECK_FAILED] client-0 [TypeError: fetch failed] {
18:18:11.794 [META_GATEWAY_PENDING_CHECK_FAILED] client-0 [TypeError: fetch failed] {
18:18:11.795 [META_GATEWAY_PENDING_CHECK_FAILED] client-0 [TypeError: fetch failed] {
18:18:11.796 [META_GATEWAY_PENDING_CHECK_FAILED] client-0 [TypeError: fetch failed] {
18:18:11.797 [META_GATEWAY_PENDING_CHECK_FAILED] client-0 [TypeError: fetch failed] {
18:18:11.798 [META_GATEWAY_PENDING_CHECK_FAILED] client-0 [TypeError: fetch failed] {
18:18:11.799 [META_GATEWAY_PENDING_CHECK_FAILED] client-0 [TypeError: fetch failed] {
18:18:11.800 [META_GATEWAY_PENDING_CHECK_FAILED] client-0 [TypeError: fetch failed] {
18:18:11.801 [META_GATEWAY_PENDING_CHECK_FAILED] client-0 [TypeError: fetch failed] {
18:18:11.802 [META_GATEWAY_PENDING_CHECK_FAILED] client-0 [TypeError: fetch failed] {
18:18:11.803 [META_GATEWAY_PENDING_CHECK_FAILED] client-0 [TypeError: fetch failed] {
18:18:11.805 [META_GATEWAY_RETRY] client-0 attempt=1 network_error [TypeError: fetch failed] {
18:18:11.806 [META_GATEWAY_RETRY] client-0 attempt=1 network_error [TypeError: fetch failed] {
18:18:11.806 [META_GATEWAY_CLEAR_PENDING_FAILED] client-0 [TypeError: fetch failed] {
18:18:11.807 [META_GATEWAY_CLEAR_PENDING_FAILED] client-0 [TypeError: fetch failed] {
18:18:11.807 [META_GATEWAY_RETRY] client-0 attempt=1 network_error [TypeError: fetch failed] {
18:18:11.808 [META_GATEWAY_RETRY] client-0 attempt=1 network_error [TypeError: fetch failed] {
18:18:11.808 [META_GATEWAY_RETRY] client-0 attempt=1 network_error [TypeError: fetch failed] {
18:18:11.808 [META_GATEWAY_RETRY] client-0 attempt=1 network_error [TypeError: fetch failed] {
18:18:11.809 [META_GATEWAY_RETRY] client-0 attempt=1 network_error [TypeError: fetch failed] {
18:18:11.809 [META_GATEWAY_RETRY] client-0 attempt=1 network_error [TypeError: fetch failed] {
18:18:11.810 [META_GATEWAY_CLEAR_PENDING_FAILED] client-0 [TypeError: fetch failed] {
18:18:11.810 [META_GATEWAY_RETRY] client-0 attempt=1 network_error [TypeError: fetch failed] {
18:18:11.810 [META_GATEWAY_RETRY] client-0 attempt=1 network_error [TypeError: fetch failed] {
18:18:11.811 [META_GATEWAY_RETRY] client-0 attempt=1 network_error [TypeError: fetch failed] {
18:18:11.811 [META_GATEWAY_RETRY] client-0 attempt=1 network_error [TypeError: fetch failed] {
18:18:11.811 [META_GATEWAY_CLEAR_PENDING_FAILED] client-0 [TypeError: fetch failed] {
18:18:11.812 [META_GATEWAY_RETRY] client-0 attempt=1 network_error [TypeError: fetch failed] {
18:18:11.812 [META_GATEWAY_CLEAR_PENDING_FAILED] client-0 [TypeError: fetch failed] {
18:18:11.812 [META_GATEWAY_RETRY] client-0 attempt=1 network_error [TypeError: fetch failed] {
18:18:11.813 [META_GATEWAY_CLEAR_PENDING_FAILED] client-0 [TypeError: fetch failed] {
18:18:11.822 [META_GATEWAY_INBOX_RETRY] t-ldmubkisas-55 attempt=1 [TypeError: fetch failed] {
18:18:11.823 [META_GATEWAY_INBOX_RETRY] t-ldmubkisas-52 attempt=1 [TypeError: fetch failed] {
18:18:11.823 [META_GATEWAY_INBOX_RETRY] t-ldmubkisas-50 attempt=1 [TypeError: fetch failed] {
18:18:11.823 [META_GATEWAY_INBOX_RETRY] t-ldmubkisas-53 attempt=1 [TypeError: fetch failed] {
18:18:11.823 [META_GATEWAY_INBOX_RETRY] t-ldmubkisas-51 attempt=1 [TypeError: fetch failed] {
18:18:11.847 [META_GATEWAY_INBOX_RETRY] t-ldmubkisas-54 attempt=1 [TypeError: fetch failed] {
18:18:11.848 [META_GATEWAY_INBOX_RETRY] t-ldmubkisas-3 attempt=1 [TypeError: fetch failed] {
18:18:11.885 [META_GATEWAY_INBOX_RETRY] t-ldmubkisas-77 attempt=1 [TypeError: fetch failed] {
18:18:11.886 [META_GATEWAY_INBOX_RETRY] t-ldmubkisas-78 attempt=1 [TypeError: fetch failed] {
18:18:11.886 [META_GATEWAY_PENDING_CHECK_FAILED] client-0 [TypeError: fetch failed] {
18:18:11.888 [META_GATEWAY_PENDING_CHECK_FAILED] client-0 [TypeError: fetch failed] {
18:18:11.889 [META_GATEWAY_PENDING_CHECK_FAILED] client-0 [TypeError: fetch failed] {
18:18:11.890 [META_GATEWAY_PENDING_CHECK_FAILED] client-0 [TypeError: fetch failed] {
18:18:11.891 [META_GATEWAY_PENDING_CHECK_FAILED] client-0 [TypeError: fetch failed] {
18:18:11.892 [META_GATEWAY_PENDING_CHECK_FAILED] client-0 [TypeError: fetch failed] {
18:18:11.893 [META_GATEWAY_PENDING_CHECK_FAILED] client-0 [TypeError: fetch failed] {
18:18:11.895 [META_GATEWAY_PENDING_CHECK_FAILED] client-0 [TypeError: fetch failed] {
18:18:11.895 [META_GATEWAY_PENDING_CHECK_FAILED] client-0 [TypeError: fetch failed] {
18:18:11.896 [META_GATEWAY_PENDING_CHECK_FAILED] client-0 [TypeError: fetch failed] {
18:18:11.897 [META_GATEWAY_PENDING_CHECK_FAILED] client-0 [TypeError: fetch failed] {
18:18:11.898 [META_GATEWAY_PENDING_CHECK_FAILED] client-0 [TypeError: fetch failed] {
18:18:11.901 [META_GATEWAY_RETRY] client-0 attempt=1 network_error [TypeError: fetch failed] {
18:18:11.901 [META_GATEWAY_RETRY] client-0 attempt=1 network_error [TypeError: fetch failed] {
18:18:11.901 [META_GATEWAY_RETRY] client-0 attempt=1 network_error [TypeError: fetch failed] {
18:18:11.902 [META_GATEWAY_CLEAR_PENDING_FAILED] client-0 [TypeError: fetch failed] {
18:18:11.903 [META_GATEWAY_CLEAR_PENDING_FAILED] client-0 [TypeError: fetch failed] {
18:18:11.903 [META_GATEWAY_RETRY] client-0 attempt=1 network_error [TypeError: fetch failed] {
18:18:11.904 [META_GATEWAY_RETRY] client-0 attempt=1 network_error [TypeError: fetch failed] {
18:18:11.904 [META_GATEWAY_CLEAR_PENDING_FAILED] client-0 [TypeError: fetch failed] {
18:18:11.905 [META_GATEWAY_CLEAR_PENDING_FAILED] client-0 [TypeError: fetch failed] {
18:18:11.905 [META_GATEWAY_CLEAR_PENDING_FAILED] client-0 [TypeError: fetch failed] {
18:18:11.906 [META_GATEWAY_RETRY] client-0 attempt=1 network_error [TypeError: fetch failed] {
18:18:11.906 [META_GATEWAY_RETRY] client-0 attempt=1 network_error [TypeError: fetch failed] {
18:18:11.909 [META_GATEWAY_INBOX_RETRY] t-ldmubkisas-79 attempt=1 [TypeError: fetch failed] {
18:18:11.911 [META_GATEWAY_INBOX_RETRY] t-ldmubkisas-8 attempt=1 [TypeError: fetch failed] {
18:18:11.911 [META_GATEWAY_INBOX_RETRY] t-ldmubkisas-9 attempt=1 [TypeError: fetch failed] {
18:18:11.911 [META_GATEWAY_INBOX_RETRY] t-ldmubkisas-87 attempt=1 [TypeError: fetch failed] {
18:18:11.938 [META_GATEWAY_INBOX_RETRY] t-ldmubkisas-89 attempt=1 [TypeError: fetch failed] {
18:18:11.938 [META_GATEWAY_INBOX_RETRY] t-ldmubkisas-88 attempt=1 [TypeError: fetch failed] {
18:18:11.938 [META_GATEWAY_INBOX_RETRY] t-ldmubkisas-99 attempt=1 [TypeError: fetch failed] {
18:18:11.938 [META_GATEWAY_INBOX_RETRY] t-ldmubkisas-97 attempt=1 [TypeError: fetch failed] {
18:18:11.938 [META_GATEWAY_INBOX_RETRY] t-ldmubkisas-98 attempt=1 [TypeError: fetch failed] {
18:18:11.939 [META_GATEWAY_PENDING_CHECK_FAILED] client-0 [TypeError: fetch failed] {
18:18:11.940 [META_GATEWAY_PENDING_CHECK_FAILED] client-0 [TypeError: fetch failed] {
18:18:11.941 [META_GATEWAY_PENDING_CHECK_FAILED] client-0 [TypeError: fetch failed] {
18:18:11.942 [META_GATEWAY_PENDING_CHECK_FAILED] client-0 [TypeError: fetch failed] {
18:18:11.943 [META_GATEWAY_PENDING_CHECK_FAILED] client-0 [TypeError: fetch failed] {
18:18:11.944 [META_GATEWAY_RETRY] client-0 attempt=1 network_error [TypeError: fetch failed] {
18:18:11.945 [META_GATEWAY_RETRY] client-0 attempt=1 network_error [TypeError: fetch failed] {
18:18:11.945 [META_GATEWAY_RETRY] client-0 attempt=1 network_error [TypeError: fetch failed] {
18:18:11.945 [META_GATEWAY_RETRY] client-0 attempt=1 network_error [TypeError: fetch failed] {
18:18:11.946 [META_GATEWAY_RETRY] client-0 attempt=1 network_error [TypeError: fetch failed] {
18:18:11.981 [META_GATEWAY_PENDING_CHECK_FAILED] client-0 [TypeError: fetch failed] {
18:18:11.982 [META_GATEWAY_PENDING_CHECK_FAILED] client-0 [TypeError: fetch failed] {
18:18:11.983 [META_GATEWAY_PENDING_CHECK_FAILED] client-0 [TypeError: fetch failed] {
18:18:11.984 [META_GATEWAY_PENDING_CHECK_FAILED] client-0 [TypeError: fetch failed] {
18:18:11.984 [META_GATEWAY_PENDING_CHECK_FAILED] client-0 [TypeError: fetch failed] {
18:18:11.985 [META_GATEWAY_PENDING_CHECK_FAILED] client-0 [TypeError: fetch failed] {
18:18:11.986 [META_GATEWAY_PENDING_CHECK_FAILED] client-0 [TypeError: fetch failed] {
18:18:11.987 [META_GATEWAY_PENDING_CHECK_FAILED] client-0 [TypeError: fetch failed] {
18:18:11.989 [META_GATEWAY_CLEAR_PENDING_FAILED] client-0 [TypeError: fetch failed] {
18:18:11.989 [META_GATEWAY_RETRY] client-0 attempt=1 network_error [TypeError: fetch failed] {
18:18:11.990 [META_GATEWAY_RETRY] client-0 attempt=1 network_error [TypeError: fetch failed] {
18:18:11.990 [META_GATEWAY_RETRY] client-0 attempt=1 network_error [TypeError: fetch failed] {
18:18:11.990 [META_GATEWAY_RETRY] client-0 attempt=1 network_error [TypeError: fetch failed] {
18:18:11.991 [META_GATEWAY_CLEAR_PENDING_FAILED] client-0 [TypeError: fetch failed] {
18:18:11.991 [META_GATEWAY_RETRY] client-0 attempt=1 network_error [TypeError: fetch failed] {
18:18:11.992 [META_GATEWAY_CLEAR_PENDING_FAILED] client-0 [TypeError: fetch failed] {
18:18:11.998 [META_GATEWAY_INBOX_RETRY] t-ldmubkisas-109 attempt=1 [TypeError: fetch failed] {
18:18:11.998 [META_GATEWAY_INBOX_RETRY] t-ldmubkisas-108 attempt=1 [TypeError: fetch failed] {
18:18:11.999 [META_GATEWAY_INBOX_RETRY] t-ldmubkisas-107 attempt=1 [TypeError: fetch failed] {
18:18:12.026 [META_GATEWAY_PENDING_CHECK_FAILED] client-0 [TypeError: fetch failed] {
18:18:12.026 [META_GATEWAY_PENDING_CHECK_FAILED] client-0 [TypeError: fetch failed] {
18:18:12.026 [META_GATEWAY_PENDING_CHECK_FAILED] client-0 [TypeError: fetch failed] {
18:18:12.027 [META_GATEWAY_PENDING_CHECK_FAILED] client-0 [TypeError: fetch failed] {
18:18:12.027 [META_GATEWAY_PENDING_CHECK_FAILED] client-0 [TypeError: fetch failed] {
18:18:12.060 [META_GATEWAY_PENDING_CHECK_FAILED] client-0 [TypeError: fetch failed] {
18:18:12.060 [META_GATEWAY_PENDING_CHECK_FAILED] client-0 [TypeError: fetch failed] {
18:18:12.061 [META_GATEWAY_PENDING_CHECK_FAILED] client-0 [TypeError: fetch failed] {
18:18:12.083 [META_GATEWAY_RETRY] client-0 attempt=1 network_error [TypeError: fetch failed] {
18:18:12.086 [META_GATEWAY_RETRY] client-0 attempt=1 network_error [TypeError: fetch failed] {
18:18:12.086 [META_GATEWAY_RETRY] client-0 attempt=1 network_error [TypeError: fetch failed] {
18:18:12.087 [META_GATEWAY_RETRY] client-0 attempt=1 network_error [TypeError: fetch failed] {
18:18:12.087 [META_GATEWAY_CLEAR_PENDING_FAILED] client-0 [TypeError: fetch failed] {
18:18:12.092 [META_GATEWAY_RETRY] client-0 attempt=1 network_error [TypeError: fetch failed] {
18:18:12.093 [META_GATEWAY_CLEAR_PENDING_FAILED] client-0 [TypeError: fetch failed] {