PASS         test-silent-data-loss-fixes.js 51843ms
PASS         test-outbox-durability.js 189ms
PASS         test-outbox-ordering.js 329ms
PASS         test-outbox-claim.js 347ms
PASS         test-file-delivery-order.js 2706ms
PASS         test-meta-campaign-routing.js 96ms
PASS         test-meta-switch-inflight.js 260ms
PASS         test-meta-cancellation-boundary.js 3458ms
FAIL         test-meta-mixed-rollout-routing.js 4961ms
PASS         test-meta-gateway-reliability.js 122ms
PASS         test-meta-gateway-lookup-failure-isolation.js 8448ms
PASS         test-meta-gateway-inbox.js 184ms
PASS         test-meta-routes-cache.js 102ms
PASS         test-inbox-sender-concurrency.js 2795ms
PASS         test-meta-webhook-signature.js 353ms
PASS         test-meta-media-cache.js 160ms
PASS         test-meta-contact-payload.js 127ms
PASS         test-meta-typing-indicator.js 131ms
PASS         test-meta-trigger-age-window.js 138ms
PASS         test-meta-speed-and-list-presentation.js 172ms
PASS         test-message-delays.js 373ms
PASS         test-flow-concurrency.js 5334ms
PASS         test-flow-recovery.js 1526ms
PASS         test-decision-pending-registration-order.js 3216ms
PASS         test-conversation-state-flow-rehydration.js 60115ms
PASS         test-conversation-state-atomic-write.js 151ms
PASS         test-campaign-delete-conversations.js 3378ms
PASS         test-campaign-data-reset.js 152ms
PASS         test-service-bot-flow.js 3595ms
PASS         test-service-bot-ui.js 95ms
PASS         test-group-join-flow.js 179ms
PASS         test-referral-ranking.js 491ms
PASS         test-email-capture.js 2687ms
PASS         test-email-export.js 3231ms
PASS         test-whatsapp-link-normalization.js 98ms
PASS         test-postgres-delta.js 1071ms
PASS         test-postgres-row-snapshot.js 4006ms
PASS         test-postgres-no-lost-writes.js 469ms
PASS         test-postgres-transactions.js 3007ms
PASS         test-postgres-dirty-tables.js 235ms
PASS         test-flush-scoped-wait.js 6233ms
PASS         test-migration-safety.js 1590ms
PASS         test-graceful-shutdown.js 6026ms
PASS         test-provider-health.js 2871ms
PASS         test-client-disable.js 112ms
PASS         test-system-alerts.js 3300ms
PASS         test-dokploy-provisioner-postgres.js 85ms
PASS         test-redeploy-existing-client.js 91ms
PASS         test-bulk-redeploy-status.js 126ms
BLOCKED      test-backup-tool.js 2317ms
PASS         test-outbox-fairness.js 3023ms
PASS         test-outbox-classification.js 4464ms
PASS         test-outbox-pool.js 5612ms
PASS         test-meta-timeouts.js 6474ms
PASS         test-outbox-uncertain-postgres.js 3260ms
PASS         test-outbox-attempt-id.js 4616ms
PASS         test-outbox-attempts-postgres.js 1425ms
PASS         test-meta-status-forwarding.js 13136ms
PASS         test-meta-status-postgres.js 846ms
PASS         test-service-bot-outbox.js 314ms
PASS         test-delivery-recovery.js 14322ms
PASS         test-delivery-recovery-postgres.js 2236ms
PASS         test-early-status-journal.js 187ms
{"total":63,"pass":61,"flakyTeardown":0,"fail":1,"blocked":1,"skipMarker":0}
