PASS         test-silent-data-loss-fixes.js 52710ms
PASS         test-outbox-durability.js 133ms
PASS         test-outbox-ordering.js 263ms
PASS         test-outbox-claim.js 305ms
PASS         test-file-delivery-order.js 2597ms
PASS         test-meta-campaign-routing.js 55ms
PASS         test-meta-switch-inflight.js 143ms
PASS         test-meta-cancellation-boundary.js 2032ms
PASS         test-meta-mixed-rollout-routing.js 2206ms
PASS         test-meta-gateway-reliability.js 104ms
PASS         test-meta-gateway-lookup-failure-isolation.js 7226ms
PASS         test-meta-gateway-inbox.js 87ms
PASS         test-meta-routes-cache.js 51ms
PASS         test-inbox-sender-concurrency.js 2028ms
PASS         test-meta-webhook-signature.js 217ms
PASS         test-meta-media-cache.js 82ms
PASS         test-meta-contact-payload.js 72ms
PASS         test-meta-typing-indicator.js 68ms
PASS         test-meta-trigger-age-window.js 87ms
PASS         test-meta-speed-and-list-presentation.js 104ms
PASS         test-message-delays.js 291ms
PASS         test-flow-concurrency.js 4989ms
PASS         test-flow-recovery.js 1340ms
PASS         test-decision-pending-registration-order.js 3133ms
PASS         test-conversation-state-flow-rehydration.js 60062ms
PASS         test-conversation-state-atomic-write.js 83ms
PASS         test-campaign-delete-conversations.js 2071ms
PASS         test-campaign-data-reset.js 73ms
PASS         test-service-bot-flow.js 1911ms
PASS         test-service-bot-ui.js 58ms
PASS         test-group-join-flow.js 110ms
PASS         test-referral-ranking.js 286ms
PASS         test-email-capture.js 2583ms
PASS         test-email-export.js 1951ms
PASS         test-whatsapp-link-normalization.js 57ms
PASS         test-postgres-delta.js 610ms
PASS         test-postgres-row-snapshot.js 2781ms
PASS         test-postgres-no-lost-writes.js 414ms
PASS         test-postgres-transactions.js 2453ms
PASS         test-postgres-dirty-tables.js 156ms
PASS         test-flush-scoped-wait.js 4410ms
PASS         test-migration-safety.js 898ms
PASS         test-graceful-shutdown.js 5522ms
PASS         test-provider-health.js 1605ms
PASS         test-client-disable.js 74ms
PASS         test-system-alerts.js 2139ms
PASS         test-dokploy-provisioner-postgres.js 54ms
PASS         test-redeploy-existing-client.js 54ms
PASS         test-bulk-redeploy-status.js 96ms
BLOCKED      test-backup-tool.js 1573ms
PASS         test-outbox-fairness.js 3248ms
PASS         test-outbox-classification.js 4248ms
PASS         test-outbox-pool.js 4651ms
PASS         test-meta-timeouts.js 6384ms
PASS         test-outbox-uncertain-postgres.js 2354ms
PASS         test-outbox-attempt-id.js 4304ms
PASS         test-outbox-attempts-postgres.js 920ms
PASS         test-meta-status-forwarding.js 12266ms
PASS         test-meta-status-postgres.js 571ms
PASS         test-service-bot-outbox.js 199ms
PASS         test-delivery-recovery.js 14006ms
PASS         test-delivery-recovery-postgres.js 1564ms
PASS         test-early-status-journal.js 138ms
{"total":63,"pass":62,"flakyTeardown":0,"fail":0,"blocked":1,"skipMarker":0}
