PASS         test-silent-data-loss-fixes.js 54351ms
PASS         test-outbox-durability.js 259ms
PASS         test-outbox-ordering.js 384ms
PASS         test-outbox-claim.js 388ms
PASS         test-file-delivery-order.js 2786ms
PASS         test-meta-campaign-routing.js 124ms
PASS         test-meta-switch-inflight.js 352ms
PASS         test-meta-cancellation-boundary.js 4423ms
PASS         test-meta-mixed-rollout-routing.js 4834ms
PASS         test-meta-gateway-reliability.js 168ms
PASS         test-meta-gateway-lookup-failure-isolation.js 9826ms
PASS         test-meta-gateway-inbox.js 302ms
PASS         test-meta-routes-cache.js 129ms
PASS         test-inbox-sender-concurrency.js 3487ms
PASS         test-meta-webhook-signature.js 492ms
PASS         test-meta-media-cache.js 185ms
PASS         test-meta-contact-payload.js 163ms
PASS         test-meta-typing-indicator.js 166ms
PASS         test-meta-trigger-age-window.js 222ms
PASS         test-meta-speed-and-list-presentation.js 254ms
PASS         test-message-delays.js 447ms
PASS         test-flow-concurrency.js 5772ms
PASS         test-flow-recovery.js 1747ms
PASS         test-decision-pending-registration-order.js 3272ms
PASS         test-conversation-state-flow-rehydration.js 60156ms
PASS         test-conversation-state-atomic-write.js 211ms
PASS         test-campaign-delete-conversations.js 4682ms
PASS         test-campaign-data-reset.js 183ms
PASS         test-service-bot-flow.js 4264ms
PASS         test-service-bot-ui.js 133ms
PASS         test-group-join-flow.js 333ms
PASS         test-referral-ranking.js 705ms
PASS         test-email-capture.js 2808ms
PASS         test-email-export.js 4581ms
PASS         test-whatsapp-link-normalization.js 121ms
PASS         test-postgres-delta.js 1482ms
PASS         test-postgres-row-snapshot.js 5160ms
PASS         test-postgres-no-lost-writes.js 912ms
PASS         test-postgres-transactions.js 3802ms
PASS         test-postgres-dirty-tables.js 345ms
PASS         test-flush-scoped-wait.js 7845ms
PASS         test-migration-safety.js 2192ms
PASS         test-graceful-shutdown.js 6737ms
PASS         test-provider-health.js 4036ms
PASS         test-client-disable.js 154ms
PASS         test-system-alerts.js 4764ms
PASS         test-dokploy-provisioner-postgres.js 122ms
PASS         test-redeploy-existing-client.js 130ms
PASS         test-bulk-redeploy-status.js 165ms
BLOCKED      test-backup-tool.js 3312ms
PASS         test-outbox-fairness.js 3440ms
PASS         test-outbox-classification.js 4637ms
PASS         test-outbox-pool.js 6508ms
PASS         test-meta-timeouts.js 6557ms
PASS         test-outbox-uncertain-postgres.js 3863ms
FAIL         test-outbox-attempt-id.js 4847ms
PASS         test-outbox-attempts-postgres.js 1965ms
{"total":57,"pass":55,"flakyTeardown":0,"fail":1,"blocked":1,"skipMarker":0}
