PASS         test-silent-data-loss-fixes.js 51886ms
PASS         test-outbox-durability.js 201ms
PASS         test-outbox-ordering.js 325ms
PASS         test-outbox-claim.js 332ms
PASS         test-file-delivery-order.js 2678ms
PASS         test-meta-campaign-routing.js 91ms
PASS         test-meta-switch-inflight.js 229ms
PASS         test-meta-cancellation-boundary.js 3205ms
PASS         test-meta-mixed-rollout-routing.js 3527ms
PASS         test-meta-gateway-reliability.js 131ms
PASS         test-meta-gateway-lookup-failure-isolation.js 8339ms
PASS         test-meta-gateway-inbox.js 160ms
PASS         test-meta-routes-cache.js 89ms
PASS         test-inbox-sender-concurrency.js 2746ms
PASS         test-meta-webhook-signature.js 352ms
PASS         test-meta-media-cache.js 144ms
PASS         test-meta-contact-payload.js 126ms
PASS         test-meta-typing-indicator.js 112ms
PASS         test-meta-trigger-age-window.js 135ms
PASS         test-meta-speed-and-list-presentation.js 169ms
PASS         test-message-delays.js 374ms
PASS         test-flow-concurrency.js 5278ms
PASS         test-flow-recovery.js 1533ms
PASS         test-decision-pending-registration-order.js 3219ms
PASS         test-conversation-state-flow-rehydration.js 60110ms
PASS         test-conversation-state-atomic-write.js 150ms
PASS         test-campaign-delete-conversations.js 3353ms
PASS         test-campaign-data-reset.js 125ms
PASS         test-service-bot-flow.js 2973ms
PASS         test-service-bot-ui.js 94ms
PASS         test-group-join-flow.js 177ms
PASS         test-referral-ranking.js 457ms
PASS         test-email-capture.js 2659ms
PASS-FLAKY   test-email-export.js 6610ms
PASS         test-whatsapp-link-normalization.js 87ms
PASS         test-postgres-delta.js 1005ms
PASS         test-postgres-row-snapshot.js 3857ms
PASS         test-postgres-no-lost-writes.js 522ms
PASS         test-postgres-transactions.js 2674ms
PASS         test-postgres-dirty-tables.js 169ms
PASS         test-flush-scoped-wait.js 6097ms
PASS         test-migration-safety.js 1505ms
PASS         test-graceful-shutdown.js 6065ms
PASS         test-provider-health.js 2888ms
PASS         test-client-disable.js 108ms
PASS         test-system-alerts.js 3307ms
PASS         test-dokploy-provisioner-postgres.js 88ms
PASS         test-redeploy-existing-client.js 86ms
PASS         test-bulk-redeploy-status.js 130ms
BLOCKED      test-backup-tool.js 2395ms
PASS         test-outbox-fairness.js 3621ms
PASS         test-outbox-classification.js 4461ms
PASS         test-outbox-pool.js 5579ms
PASS         test-meta-timeouts.js 6465ms
PASS         test-outbox-uncertain-postgres.js 3113ms
{"total":55,"pass":54,"flakyTeardown":1,"fail":0,"blocked":1,"skipMarker":0}
