PASS         test-silent-data-loss-fixes.js 53928ms
PASS         test-outbox-durability.js 252ms
PASS         test-outbox-ordering.js 386ms
PASS         test-outbox-claim.js 412ms
PASS         test-file-delivery-order.js 2813ms
PASS         test-meta-campaign-routing.js 123ms
PASS         test-meta-switch-inflight.js 342ms
PASS         test-meta-cancellation-boundary.js 4484ms
PASS         test-meta-mixed-rollout-routing.js 4881ms
PASS         test-meta-gateway-reliability.js 163ms
PASS         test-meta-gateway-lookup-failure-isolation.js 9779ms
PASS         test-meta-gateway-inbox.js 216ms
PASS         test-meta-routes-cache.js 124ms
PASS         test-inbox-sender-concurrency.js 3566ms
PASS         test-meta-webhook-signature.js 483ms
PASS         test-meta-media-cache.js 192ms
PASS         test-meta-contact-payload.js 162ms
PASS         test-meta-typing-indicator.js 175ms
PASS         test-meta-trigger-age-window.js 232ms
PASS         test-meta-speed-and-list-presentation.js 247ms
PASS         test-message-delays.js 452ms
PASS         test-flow-concurrency.js 5583ms
PASS         test-flow-recovery.js 1750ms
PASS         test-decision-pending-registration-order.js 3280ms
PASS         test-conversation-state-flow-rehydration.js 60158ms
PASS         test-conversation-state-atomic-write.js 223ms
PASS         test-campaign-delete-conversations.js 4558ms
PASS         test-campaign-data-reset.js 192ms
PASS         test-service-bot-flow.js 4173ms
PASS         test-service-bot-ui.js 129ms
PASS         test-group-join-flow.js 260ms
PASS         test-referral-ranking.js 671ms
PASS         test-email-capture.js 2795ms
PASS         test-email-export.js 4509ms
PASS         test-whatsapp-link-normalization.js 117ms
PASS         test-postgres-delta.js 1464ms
PASS         test-postgres-row-snapshot.js 5072ms
PASS         test-postgres-no-lost-writes.js 907ms
PASS         test-postgres-transactions.js 3742ms
PASS         test-postgres-dirty-tables.js 334ms
PASS         test-flush-scoped-wait.js 7452ms
PASS         test-migration-safety.js 2064ms
PASS         test-graceful-shutdown.js 6725ms
PASS         test-provider-health.js 4079ms
PASS         test-client-disable.js 155ms
PASS         test-system-alerts.js 4705ms
PASS         test-dokploy-provisioner-postgres.js 132ms
PASS         test-redeploy-existing-client.js 125ms
PASS         test-bulk-redeploy-status.js 166ms
BLOCKED      test-backup-tool.js 3294ms
PASS         test-outbox-fairness.js 3487ms
PASS         test-outbox-classification.js 4650ms
PASS         test-outbox-pool.js 6566ms
PASS         test-meta-timeouts.js 6549ms
PASS         test-outbox-uncertain-postgres.js 3796ms
PASS         test-outbox-attempt-id.js 4831ms
PASS         test-outbox-attempts-postgres.js 1957ms
{"total":57,"pass":56,"flakyTeardown":0,"fail":0,"blocked":1,"skipMarker":0}
