PASS         test-silent-data-loss-fixes.js 51791ms
PASS         test-outbox-durability.js 187ms
PASS         test-outbox-ordering.js 321ms
PASS         test-outbox-claim.js 344ms
PASS         test-file-delivery-order.js 2676ms
PASS         test-meta-campaign-routing.js 96ms
PASS         test-meta-switch-inflight.js 261ms
PASS         test-meta-cancellation-boundary.js 3284ms
PASS-FLAKY   test-meta-mixed-rollout-routing.js 8340ms
PASS         test-meta-gateway-reliability.js 148ms
PASS         test-meta-gateway-lookup-failure-isolation.js 7845ms
PASS         test-meta-gateway-inbox.js 156ms
PASS         test-meta-routes-cache.js 90ms
PASS         test-inbox-sender-concurrency.js 2776ms
PASS         test-meta-webhook-signature.js 343ms
PASS         test-meta-media-cache.js 140ms
PASS         test-meta-contact-payload.js 116ms
PASS         test-meta-typing-indicator.js 109ms
PASS         test-meta-trigger-age-window.js 148ms
PASS         test-meta-speed-and-list-presentation.js 173ms
PASS         test-message-delays.js 379ms
PASS         test-flow-concurrency.js 5312ms
PASS         test-flow-recovery.js 1551ms
PASS         test-decision-pending-registration-order.js 3194ms
TIMEOUT/ERROR test-conversation-state-flow-rehydration.js 8363681ms
PASS         test-conversation-state-atomic-write.js 715ms
PASS         test-campaign-delete-conversations.js 5356ms
PASS         test-campaign-data-reset.js 104ms
TIMEOUT/ERROR test-service-bot-flow.js 8612740ms
PASS         test-service-bot-ui.js 1039ms
PASS         test-group-join-flow.js 549ms
PASS         test-referral-ranking.js 1333ms
PASS         test-email-capture.js 3157ms
PASS         test-email-export.js 7375ms
PASS         test-whatsapp-link-normalization.js 71ms
PASS         test-postgres-delta.js 1551ms
PASS         test-postgres-row-snapshot.js 4277ms
PASS         test-postgres-no-lost-writes.js 764ms
PASS         test-postgres-transactions.js 3826ms
PASS         test-postgres-dirty-tables.js 246ms
PASS         test-flush-scoped-wait.js 5184ms
PASS         test-migration-safety.js 978ms
PASS         test-graceful-shutdown.js 5749ms
PASS         test-provider-health.js 1662ms
PASS         test-client-disable.js 77ms
PASS         test-system-alerts.js 2412ms
PASS         test-dokploy-provisioner-postgres.js 62ms
PASS         test-redeploy-existing-client.js 57ms
PASS         test-bulk-redeploy-status.js 96ms
BLOCKED      test-backup-tool.js 1673ms
PASS         test-outbox-fairness.js 3070ms
PASS         test-outbox-classification.js 4469ms
PASS         test-outbox-pool.js 5468ms
PASS         test-meta-timeouts.js 6443ms
PASS         test-outbox-uncertain-postgres.js 4321ms
PASS         test-outbox-attempt-id.js 4655ms
PASS         test-outbox-attempts-postgres.js 959ms
PASS         test-meta-status-forwarding.js 12980ms
PASS         test-meta-status-postgres.js 455ms
PASS         test-service-bot-outbox.js 178ms
PASS         test-delivery-recovery.js 13975ms
PASS         test-delivery-recovery-postgres.js 1830ms
PASS         test-early-status-journal.js 219ms
{"total":63,"pass":60,"flakyTeardown":1,"fail":2,"blocked":1,"skipMarker":0}
