PASS         test-silent-data-loss-fixes.js 55660ms
PASS         test-outbox-durability.js 198ms
PASS         test-outbox-ordering.js 324ms
PASS         test-outbox-claim.js 353ms
PASS         test-file-delivery-order.js 2745ms
PASS         test-meta-campaign-routing.js 97ms
PASS         test-meta-switch-inflight.js 259ms
PASS         test-meta-cancellation-boundary.js 3261ms
PASS         test-meta-mixed-rollout-routing.js 3545ms
PASS         test-meta-gateway-reliability.js 144ms
PASS         test-meta-gateway-lookup-failure-isolation.js 8495ms
PASS         test-meta-gateway-inbox.js 157ms
PASS         test-meta-routes-cache.js 96ms
PASS         test-inbox-sender-concurrency.js 2841ms
PASS         test-meta-webhook-signature.js 347ms
PASS         test-meta-media-cache.js 140ms
PASS         test-meta-contact-payload.js 129ms
PASS         test-meta-typing-indicator.js 132ms
PASS         test-meta-trigger-age-window.js 138ms
PASS         test-meta-speed-and-list-presentation.js 167ms
PASS         test-message-delays.js 374ms
PASS         test-flow-concurrency.js 5261ms
PASS         test-flow-recovery.js 1546ms
PASS         test-decision-pending-registration-order.js 3204ms
PASS         test-conversation-state-flow-rehydration.js 60116ms
PASS         test-conversation-state-atomic-write.js 189ms
PASS         test-campaign-delete-conversations.js 3764ms
PASS         test-campaign-data-reset.js 121ms
PASS         test-service-bot-flow.js 3272ms
PASS         test-service-bot-ui.js 102ms
PASS         test-group-join-flow.js 181ms
PASS         test-referral-ranking.js 482ms
PASS         test-email-capture.js 2680ms
PASS         test-email-export.js 3552ms
PASS         test-whatsapp-link-normalization.js 105ms
PASS         test-postgres-delta.js 1177ms
PASS         test-postgres-row-snapshot.js 3698ms
PASS         test-postgres-no-lost-writes.js 478ms
PASS         test-postgres-transactions.js 2867ms
PASS         test-postgres-dirty-tables.js 226ms
PASS         test-flush-scoped-wait.js 6095ms
PASS         test-migration-safety.js 1643ms
PASS         test-graceful-shutdown.js 6031ms
PASS         test-provider-health.js 2862ms
PASS         test-client-disable.js 108ms
PASS         test-system-alerts.js 3285ms
PASS         test-dokploy-provisioner-postgres.js 93ms
PASS         test-redeploy-existing-client.js 87ms
PASS         test-bulk-redeploy-status.js 134ms
BLOCKED      test-backup-tool.js 2466ms
PASS         test-outbox-fairness.js 3319ms
PASS         test-outbox-classification.js 4378ms
PASS         test-outbox-pool.js 5617ms
PASS         test-meta-timeouts.js 6461ms
PASS         test-outbox-uncertain-postgres.js 3102ms
{"total":55,"pass":54,"flakyTeardown":0,"fail":0,"blocked":1,"skipMarker":0}
