PASS         test-silent-data-loss-fixes.js 56019ms
PASS         test-outbox-durability.js 190ms
PASS         test-outbox-ordering.js 326ms
PASS         test-outbox-claim.js 355ms
PASS         test-file-delivery-order.js 2747ms
PASS         test-meta-campaign-routing.js 99ms
PASS         test-meta-switch-inflight.js 265ms
PASS         test-meta-cancellation-boundary.js 3306ms
PASS         test-meta-mixed-rollout-routing.js 3617ms
PASS         test-meta-gateway-reliability.js 139ms
PASS         test-meta-gateway-lookup-failure-isolation.js 8510ms
PASS         test-meta-gateway-inbox.js 152ms
PASS         test-meta-routes-cache.js 96ms
PASS         test-inbox-sender-concurrency.js 2769ms
PASS         test-meta-webhook-signature.js 341ms
PASS         test-meta-media-cache.js 134ms
PASS         test-meta-contact-payload.js 102ms
PASS         test-meta-typing-indicator.js 104ms
PASS         test-meta-trigger-age-window.js 116ms
PASS         test-meta-speed-and-list-presentation.js 129ms
PASS         test-message-delays.js 333ms
PASS         test-flow-concurrency.js 5231ms
PASS         test-flow-recovery.js 1581ms
PASS         test-decision-pending-registration-order.js 3216ms
PASS         test-conversation-state-flow-rehydration.js 60112ms
PASS         test-conversation-state-atomic-write.js 161ms
PASS         test-campaign-delete-conversations.js 3441ms
PASS         test-campaign-data-reset.js 150ms
PASS         test-service-bot-flow.js 3317ms
PASS         test-service-bot-ui.js 94ms
PASS         test-group-join-flow.js 180ms
PASS         test-referral-ranking.js 486ms
PASS         test-email-capture.js 2710ms
PASS         test-email-export.js 3398ms
PASS         test-whatsapp-link-normalization.js 90ms
PASS         test-postgres-delta.js 1168ms
PASS         test-postgres-row-snapshot.js 3784ms
PASS         test-postgres-no-lost-writes.js 572ms
PASS         test-postgres-transactions.js 2769ms
PASS         test-postgres-dirty-tables.js 242ms
PASS         test-flush-scoped-wait.js 6413ms
PASS         test-migration-safety.js 1688ms
PASS         test-graceful-shutdown.js 6154ms
PASS         test-provider-health.js 2876ms
PASS         test-client-disable.js 119ms
PASS         test-system-alerts.js 3445ms
PASS         test-dokploy-provisioner-postgres.js 106ms
PASS         test-redeploy-existing-client.js 106ms
PASS         test-bulk-redeploy-status.js 131ms
BLOCKED      test-backup-tool.js 2353ms
PASS         test-outbox-fairness.js 3232ms
PASS         test-outbox-classification.js 4494ms
PASS         test-outbox-pool.js 5604ms
PASS         test-meta-timeouts.js 6472ms
PASS         test-outbox-uncertain-postgres.js 3167ms
PASS         test-outbox-attempt-id.js 4631ms
PASS         test-outbox-attempts-postgres.js 1690ms
FAIL         test-meta-status-forwarding.js 13146ms
PASS         test-meta-status-postgres.js 881ms
PASS         test-service-bot-outbox.js 332ms
PASS         test-delivery-recovery.js 14477ms
PASS         test-delivery-recovery-postgres.js 2243ms
PASS         test-early-status-journal.js 187ms
{"total":63,"pass":61,"flakyTeardown":0,"fail":1,"blocked":1,"skipMarker":0}
