PASS         test-silent-data-loss-fixes.js 49585ms
PASS         test-outbox-durability.js 137ms
PASS         test-outbox-ordering.js 253ms
PASS         test-outbox-claim.js 303ms
PASS         test-file-delivery-order.js 2595ms
PASS         test-meta-campaign-routing.js 56ms
PASS         test-meta-switch-inflight.js 134ms
PASS         test-meta-cancellation-boundary.js 1995ms
PASS         test-meta-mixed-rollout-routing.js 2156ms
PASS         test-meta-gateway-reliability.js 94ms
PASS         test-meta-gateway-lookup-failure-isolation.js 7102ms
PASS         test-meta-gateway-inbox.js 86ms
PASS         test-meta-routes-cache.js 51ms
PASS         test-inbox-sender-concurrency.js 2089ms
PASS         test-meta-webhook-signature.js 199ms
PASS         test-meta-media-cache.js 81ms
PASS         test-meta-contact-payload.js 70ms
PASS         test-meta-typing-indicator.js 71ms
PASS         test-meta-trigger-age-window.js 84ms
PASS         test-meta-speed-and-list-presentation.js 106ms
PASS         test-message-delays.js 284ms
PASS         test-flow-concurrency.js 4982ms
PASS         test-flow-recovery.js 1316ms
PASS         test-decision-pending-registration-order.js 3119ms
PASS         test-conversation-state-flow-rehydration.js 60058ms
PASS         test-conversation-state-atomic-write.js 77ms
PASS         test-campaign-delete-conversations.js 2077ms
PASS         test-campaign-data-reset.js 74ms
PASS         test-service-bot-flow.js 1786ms
PASS         test-service-bot-ui.js 57ms
PASS         test-group-join-flow.js 100ms
TIMEOUT/ERROR test-referral-ranking.js 240006ms
PASS         test-email-capture.js 2581ms
FAIL         test-email-export.js 2175ms
PASS         test-whatsapp-link-normalization.js 57ms
PASS         test-postgres-delta.js 669ms
PASS         test-postgres-row-snapshot.js 3096ms
PASS         test-postgres-no-lost-writes.js 391ms
PASS         test-postgres-transactions.js 2415ms
PASS         test-postgres-dirty-tables.js 132ms
PASS         test-flush-scoped-wait.js 4344ms
PASS         test-migration-safety.js 888ms
PASS         test-graceful-shutdown.js 5565ms
PASS         test-provider-health.js 1633ms
PASS         test-client-disable.js 73ms
PASS         test-system-alerts.js 2027ms
PASS         test-dokploy-provisioner-postgres.js 54ms
PASS         test-redeploy-existing-client.js 54ms
PASS         test-bulk-redeploy-status.js 96ms
BLOCKED      test-backup-tool.js 1585ms
{"total":50,"pass":47,"fail":2,"blocked":1,"skipMarker":0}
