PASS         test-silent-data-loss-fixes.js 51835ms
PASS         test-outbox-durability.js 192ms
PASS         test-outbox-ordering.js 326ms
PASS         test-outbox-claim.js 350ms
PASS         test-file-delivery-order.js 2707ms
PASS         test-meta-campaign-routing.js 99ms
PASS         test-meta-switch-inflight.js 263ms
PASS         test-meta-cancellation-boundary.js 3257ms
PASS         test-meta-mixed-rollout-routing.js 3516ms
PASS         test-meta-gateway-reliability.js 141ms
PASS         test-meta-gateway-lookup-failure-isolation.js 8739ms
PASS         test-meta-gateway-inbox.js 156ms
PASS         test-meta-routes-cache.js 88ms
PASS         test-inbox-sender-concurrency.js 2803ms
PASS         test-meta-webhook-signature.js 378ms
PASS         test-meta-media-cache.js 144ms
PASS         test-meta-contact-payload.js 115ms
PASS         test-meta-typing-indicator.js 113ms
PASS         test-meta-trigger-age-window.js 146ms
PASS         test-meta-speed-and-list-presentation.js 184ms
PASS         test-message-delays.js 369ms
PASS         test-flow-concurrency.js 5288ms
PASS         test-flow-recovery.js 1566ms
PASS         test-decision-pending-registration-order.js 3218ms
PASS         test-conversation-state-flow-rehydration.js 60116ms
PASS         test-conversation-state-atomic-write.js 154ms
PASS         test-campaign-delete-conversations.js 3498ms
PASS         test-campaign-data-reset.js 131ms
PASS         test-service-bot-flow.js 3240ms
PASS         test-service-bot-ui.js 92ms
PASS         test-group-join-flow.js 186ms
PASS         test-referral-ranking.js 468ms
PASS         test-email-capture.js 2680ms
PASS         test-email-export.js 3416ms
PASS         test-whatsapp-link-normalization.js 85ms
PASS         test-postgres-delta.js 1148ms
PASS         test-postgres-row-snapshot.js 3782ms
PASS         test-postgres-no-lost-writes.js 440ms
PASS         test-postgres-transactions.js 2979ms
FAIL         test-postgres-dirty-tables.js 174ms
PASS         test-flush-scoped-wait.js 6094ms
PASS         test-migration-safety.js 1635ms
PASS         test-graceful-shutdown.js 6047ms
PASS         test-provider-health.js 3107ms
PASS         test-client-disable.js 120ms
PASS         test-system-alerts.js 3374ms
PASS         test-dokploy-provisioner-postgres.js 88ms
PASS         test-redeploy-existing-client.js 89ms
PASS         test-bulk-redeploy-status.js 126ms
BLOCKED      test-backup-tool.js 2486ms
PASS         test-outbox-fairness.js 3287ms
PASS         test-outbox-classification.js 4489ms
PASS         test-outbox-pool.js 5597ms
PASS         test-meta-timeouts.js 6467ms
PASS         test-outbox-uncertain-postgres.js 3142ms
PASS         test-outbox-attempt-id.js 4664ms
PASS         test-outbox-attempts-postgres.js 1409ms
PASS         test-meta-status-forwarding.js 13306ms
PASS         test-meta-status-postgres.js 914ms
PASS         test-service-bot-outbox.js 309ms
PASS         test-delivery-recovery.js 14382ms
PASS         test-delivery-recovery-postgres.js 2273ms
PASS         test-early-status-journal.js 176ms
{"total":63,"pass":61,"flakyTeardown":0,"fail":1,"blocked":1,"skipMarker":0}
