PASS         test-silent-data-loss-fixes.js 53921ms
PASS         test-outbox-durability.js 253ms
PASS         test-outbox-ordering.js 394ms
PASS         test-outbox-claim.js 425ms
PASS         test-file-delivery-order.js 2840ms
PASS         test-meta-campaign-routing.js 122ms
PASS         test-meta-switch-inflight.js 346ms
PASS         test-meta-cancellation-boundary.js 4545ms
PASS         test-meta-mixed-rollout-routing.js 4830ms
PASS         test-meta-gateway-reliability.js 184ms
PASS         test-meta-gateway-lookup-failure-isolation.js 9788ms
PASS         test-meta-gateway-inbox.js 224ms
PASS         test-meta-routes-cache.js 125ms
PASS         test-inbox-sender-concurrency.js 3530ms
PASS         test-meta-webhook-signature.js 483ms
PASS         test-meta-media-cache.js 186ms
PASS         test-meta-contact-payload.js 163ms
PASS         test-meta-typing-indicator.js 163ms
PASS         test-meta-trigger-age-window.js 220ms
PASS         test-meta-speed-and-list-presentation.js 248ms
PASS         test-message-delays.js 469ms
PASS         test-flow-concurrency.js 5558ms
PASS         test-flow-recovery.js 1754ms
PASS         test-decision-pending-registration-order.js 3276ms
PASS         test-conversation-state-flow-rehydration.js 60161ms
PASS         test-conversation-state-atomic-write.js 216ms
PASS         test-campaign-delete-conversations.js 4680ms
PASS         test-campaign-data-reset.js 189ms
PASS         test-service-bot-flow.js 4774ms
PASS         test-service-bot-ui.js 127ms
PASS         test-group-join-flow.js 250ms
PASS         test-referral-ranking.js 662ms
PASS         test-email-capture.js 2793ms
PASS         test-email-export.js 4576ms
PASS         test-whatsapp-link-normalization.js 127ms
PASS         test-postgres-delta.js 1437ms
PASS         test-postgres-row-snapshot.js 5203ms
PASS         test-postgres-no-lost-writes.js 894ms
PASS         test-postgres-transactions.js 3826ms
PASS         test-postgres-dirty-tables.js 321ms
PASS         test-flush-scoped-wait.js 7731ms
PASS         test-migration-safety.js 2082ms
PASS         test-graceful-shutdown.js 6696ms
PASS         test-provider-health.js 4063ms
PASS         test-client-disable.js 153ms
PASS         test-system-alerts.js 4709ms
PASS         test-dokploy-provisioner-postgres.js 141ms
PASS         test-redeploy-existing-client.js 125ms
PASS         test-bulk-redeploy-status.js 168ms
BLOCKED      test-backup-tool.js 3319ms
PASS         test-outbox-fairness.js 3353ms
PASS         test-outbox-classification.js 4638ms
PASS         test-outbox-pool.js 6724ms
PASS         test-meta-timeouts.js 6574ms
PASS         test-outbox-uncertain-postgres.js 4061ms
PASS         test-outbox-attempt-id.js 4741ms
PASS         test-outbox-attempts-postgres.js 1716ms
PASS         test-meta-status-forwarding.js 15177ms
PASS         test-meta-status-postgres.js 948ms
PASS         test-service-bot-outbox.js 356ms
{"total":60,"pass":59,"flakyTeardown":0,"fail":0,"blocked":1,"skipMarker":0}
